Archive member included because of file (symbol)

C:\Renesas\e2studio\GNURXV~1.03-\rx-elf\rx-elf\lib\no-fpu-libs\big-endian-data\liboptc.a(ldiv.o)
                              ./Sources/Inertia/General/CstmFuncLib.o (ldiv)
C:\Renesas\e2studio\GNURXV~1.03-\rx-elf\rx-elf\lib\no-fpu-libs\big-endian-data\liboptc.a(memcmp.o)
                              ./Sources/PlatformLibrary/LIB_Reset/LIB_Reset.o (memcmp)
C:\Renesas\e2studio\GNURXV~1.03-\rx-elf\lib\gcc\rx-elf\4.7-GNURX_v12.03\no-fpu-libs\big-endian-data\libgcc.a(_fixunssfsi.o)
                              ./Sources/ProductModules/PM_EnergyMeterSw/PM_EnergyMeterSw.o (__fixunssfsi)
C:\Renesas\e2studio\GNURXV~1.03-\rx-elf\lib\gcc\rx-elf\4.7-GNURX_v12.03\no-fpu-libs\big-endian-data\libgcc.a(_addsub_sf.o)
                              C:\Renesas\e2studio\GNURXV~1.03-\rx-elf\lib\gcc\rx-elf\4.7-GNURX_v12.03\no-fpu-libs\big-endian-data\libgcc.a(_fixunssfsi.o) (__subsf3)
C:\Renesas\e2studio\GNURXV~1.03-\rx-elf\lib\gcc\rx-elf\4.7-GNURX_v12.03\no-fpu-libs\big-endian-data\libgcc.a(_div_sf.o)
                              ./Sources/ProductModules/PM_EnergyMeterSw/PM_EnergyMeterSw.o (__divsf3)
C:\Renesas\e2studio\GNURXV~1.03-\rx-elf\lib\gcc\rx-elf\4.7-GNURX_v12.03\no-fpu-libs\big-endian-data\libgcc.a(_gt_sf.o)
                              ./Sources/Drivers/OCLVD/OCLVD_drv.o (__gtsf2)
C:\Renesas\e2studio\GNURXV~1.03-\rx-elf\lib\gcc\rx-elf\4.7-GNURX_v12.03\no-fpu-libs\big-endian-data\libgcc.a(_ge_sf.o)
                              C:\Renesas\e2studio\GNURXV~1.03-\rx-elf\lib\gcc\rx-elf\4.7-GNURX_v12.03\no-fpu-libs\big-endian-data\libgcc.a(_fixunssfsi.o) (__gesf2)
C:\Renesas\e2studio\GNURXV~1.03-\rx-elf\lib\gcc\rx-elf\4.7-GNURX_v12.03\no-fpu-libs\big-endian-data\libgcc.a(_si_to_sf.o)
                              ./Sources/Drivers/OCLVD/OCLVD_drv.o (__floatsisf)
C:\Renesas\e2studio\GNURXV~1.03-\rx-elf\lib\gcc\rx-elf\4.7-GNURX_v12.03\no-fpu-libs\big-endian-data\libgcc.a(_sf_to_si.o)
                              C:\Renesas\e2studio\GNURXV~1.03-\rx-elf\lib\gcc\rx-elf\4.7-GNURX_v12.03\no-fpu-libs\big-endian-data\libgcc.a(_fixunssfsi.o) (__fixsfsi)
C:\Renesas\e2studio\GNURXV~1.03-\rx-elf\lib\gcc\rx-elf\4.7-GNURX_v12.03\no-fpu-libs\big-endian-data\libgcc.a(_thenan_sf.o)
                              C:\Renesas\e2studio\GNURXV~1.03-\rx-elf\lib\gcc\rx-elf\4.7-GNURX_v12.03\no-fpu-libs\big-endian-data\libgcc.a(_addsub_sf.o) (__thenan_sf)
C:\Renesas\e2studio\GNURXV~1.03-\rx-elf\lib\gcc\rx-elf\4.7-GNURX_v12.03\no-fpu-libs\big-endian-data\libgcc.a(_usi_to_sf.o)
                              ./Sources/ProductModules/PM_EnergyMeterSw/PM_EnergyMeterSw.o (__floatunsisf)
C:\Renesas\e2studio\GNURXV~1.03-\rx-elf\lib\gcc\rx-elf\4.7-GNURX_v12.03\no-fpu-libs\big-endian-data\libgcc.a(_clzsi2.o)
                              C:\Renesas\e2studio\GNURXV~1.03-\rx-elf\lib\gcc\rx-elf\4.7-GNURX_v12.03\no-fpu-libs\big-endian-data\libgcc.a(_si_to_sf.o) (__clzsi2)
C:\Renesas\e2studio\GNURXV~1.03-\rx-elf\lib\gcc\rx-elf\4.7-GNURX_v12.03\no-fpu-libs\big-endian-data\libgcc.a(_pack_sf.o)
                              C:\Renesas\e2studio\GNURXV~1.03-\rx-elf\lib\gcc\rx-elf\4.7-GNURX_v12.03\no-fpu-libs\big-endian-data\libgcc.a(_addsub_sf.o) (__pack_f)
C:\Renesas\e2studio\GNURXV~1.03-\rx-elf\lib\gcc\rx-elf\4.7-GNURX_v12.03\no-fpu-libs\big-endian-data\libgcc.a(_unpack_sf.o)
                              C:\Renesas\e2studio\GNURXV~1.03-\rx-elf\lib\gcc\rx-elf\4.7-GNURX_v12.03\no-fpu-libs\big-endian-data\libgcc.a(_addsub_sf.o) (__unpack_f)
C:\Renesas\e2studio\GNURXV~1.03-\rx-elf\lib\gcc\rx-elf\4.7-GNURX_v12.03\no-fpu-libs\big-endian-data\libgcc.a(_fpcmp_parts_sf.o)
                              C:\Renesas\e2studio\GNURXV~1.03-\rx-elf\lib\gcc\rx-elf\4.7-GNURX_v12.03\no-fpu-libs\big-endian-data\libgcc.a(_gt_sf.o) (__fpcmp_parts_f)
C:\Renesas\e2studio\GNURXV~1.03-\rx-elf\lib\gcc\rx-elf\4.7-GNURX_v12.03\no-fpu-libs\big-endian-data\libgcc.a(_clz.o)
                              C:\Renesas\e2studio\GNURXV~1.03-\rx-elf\lib\gcc\rx-elf\4.7-GNURX_v12.03\no-fpu-libs\big-endian-data\libgcc.a(_clzsi2.o) (__clz_tab)
C:\Workspace\FW_Platform2_5\trunk\OS\EmbOS\RX200_GNU\V388\Lib\libosBS_X000006_v3_88_GNU1301OsNoRR.a(RTOS.o)
                              ./Sources/HAL/RN_RX200/EmbOS/RTOSInit_RX200.o (OS_SwitchFromInt)
C:\Workspace\FW_Platform2_5\trunk\OS\EmbOS\RX200_GNU\V388\Lib\libosBS_X000006_v3_88_GNU1301OsNoRR.a(OS_Cleaner.o)
                              ./Sources/PlatformLibrary/LIB_Reset/LIB_Reset.o (OS_Clean)
C:\Workspace\FW_Platform2_5\trunk\OS\EmbOS\RX200_GNU\V388\Lib\libosBS_X000006_v3_88_GNU1301OsNoRR.a(OS_Alarms.o)
                              ./Sources/Main/EmbOS/Main_AnalogInputs.o (OS_CreateAlarm_)
C:\Workspace\FW_Platform2_5\trunk\OS\EmbOS\RX200_GNU\V388\Lib\libosBS_X000006_v3_88_GNU1301OsNoRR.a(OSTiming.o)
                              ./Sources/Main/EmbOS/tools/Tools_Period.o (OS_Timing_Start)
C:\Workspace\FW_Platform2_5\trunk\OS\EmbOS\RX200_GNU\V388\Lib\libosBS_X000006_v3_88_GNU1301OsNoRR.a(OSRSEM.o)
[...]
Memory Configuration

Name             Origin             Length             Attributes
RAM              0x00000000         0x00004000
DATA_BCK         0x00100000         0x00000400
DATA_WBOX        0x00100400         0x00000100
DATA_RODATA      0x00100500         0x00001a00
DATA_CLONE       0x00101f00         0x00000100
ROM_SETTING      0xfffe0000         0x00004000
ROM              0xfffe4000         0x0001c000
*default*        0x00000000         0xffffffff

Linker script and memory map

LOAD ./Sources/ProductModules/PM_SwTimersCounters/SwTimersCounters.o
LOAD ./Sources/ProductModules/PM_SWalarms/PM_SWalarms.o
LOAD ./Sources/ProductModules/PM_ProfileLoadsPartialization/PM_ProfileLoadsPartialization.o
LOAD ./Sources/ProductModules/PM_Library/LIB_UTilities.o
LOAD ./Sources/ProductModules/PM_FreqFeedbacks/PM_FrequencyFeedbacks.o
LOAD ./Sources/ProductModules/PM_EnergyMeterSw/PM_EnergyMeterSw.o
LOAD ./Sources/ProductModules/PM_EnergyMeterSw/PM_EnergyMeterSwTable.o
LOAD ./Sources/ProductModules/PM_DigitalOutputMulti/DigitalOutputMulti.o
LOAD ./Sources/ProductModules/PM_Consistency/PM_Consistency.o
LOAD ./Sources/ProductModules/PM_BusCOMM/BCP_BusCommMng.o
LOAD ./Sources/ProductModules/PM_BusCOMM/BCP_PlatformProtocol.o
LOAD ./Sources/ProductModules/PM_AnalogFeedbacks/PM_AnalogFeedback.o
LOAD ./Sources/PlatformLibrary/LIB_notify/notify.o
LOAD ./Sources/PlatformLibrary/LIB_ZeroCrossing/LIB_ZeroCrossing.o
LOAD ./Sources/PlatformLibrary/LIB_ZcLoads/ZcLoads.o
LOAD ./Sources/PlatformLibrary/LIB_Setting/LIB_Setting.o
LOAD ./Sources/PlatformLibrary/LIB_SecurityCheck/LIB_ClassBCheck.o
LOAD ./Sources/PlatformLibrary/LIB_SecurityCheck/LIB_ClassBVar.o
LOAD ./Sources/PlatformLibrary/LIB_SecurityCheck/LIB_ClassBVarBck.o
LOAD ./Sources/PlatformLibrary/LIB_SecurityCheck/LIB_ProductSafety.o
LOAD ./Sources/PlatformLibrary/LIB_SecurityCheck/LIB_TaskMonitoring.o
LOAD ./Sources/PlatformLibrary/LIB_Reset/LIB_Reset.o
LOAD ./Sources/PlatformLibrary/LIB_IOManager/ExternalOutputManager.o
LOAD ./Sources/PlatformLibrary/LIB_IOManager/IOSharing.o
LOAD ./Sources/PlatformLibrary/LIB_IOManager/InputManager.o
LOAD ./Sources/PlatformLibrary/LIB_IOManager/LoadsRequest.o
LOAD ./Sources/PlatformLibrary/LIB_IOManager/OutputManager.o
LOAD ./Sources/PlatformLibrary/LIB_GridVoltage/LIB_GridVoltage.o
LOAD ./Sources/PlatformLibrary/LIB_Generic/LIB_Generic.o
LOAD ./Sources/PlatformLibrary/LIB_Generic/LIB_crc.o
LOAD ./Sources/PlatformLibrary/LIB_Feedbacks/Feedbacks.o
LOAD ./Sources/PlatformLibrary/LIB_Error/LIB_Error.o
LOAD ./Sources/PlatformLibrary/LIB_DigitalIO/DigitalInputs.o
LOAD ./Sources/PlatformLibrary/LIB_DigitalIO/DigitalOutputs.o
LOAD ./Sources/PlatformLibrary/LIB_BackUp/LIB_BackUp.o
LOAD ./Sources/PlatformLibrary/LIB_BackUp/LIB_BackUp_low.o
LOAD ./Sources/PlatformLibrary/LIB_Analog/Analog.o
LOAD ./Sources/Main/EmbOS/tools/Tools_Period.o
LOAD ./Sources/Main/EmbOS/tools/Tools_StackUsageMonitor.o
LOAD ./Sources/Main/EmbOS/tools/Tools_TimeTrigger.o
LOAD ./Sources/Main/EmbOS/tools/Tools_TimingMeasure.o
LOAD ./Sources/Main/EmbOS/Services/ActivityList/Main_ActivityList.o
LOAD ./Sources/Main/EmbOS/Backup.o
LOAD ./Sources/Main/EmbOS/Main_AnalogInputs.o
LOAD ./Sources/Main/EmbOS/Main_Application.o
LOAD ./Sources/Main/EmbOS/Main_Backup.o
LOAD ./Sources/Main/EmbOS/Main_Dispatcher.o
LOAD ./Sources/Main/EmbOS/Main_Feedbacks.o
LOAD ./Sources/Main/EmbOS/Main_Init.o
LOAD ./Sources/Main/EmbOS/Main_MeasureLIVE.o
LOAD ./Sources/Main/EmbOS/Main_Outputs.o
LOAD ./Sources/Main/EmbOS/Main_Sequencer.o
LOAD ./Sources/Main/EmbOS/RemoteLoadsControl.o
LOAD ./Sources/Inertia/UserInterface/DW_Regulations.o
LOAD ./Sources/Inertia/Modules/7LiterManager.o
LOAD ./Sources/Inertia/Modules/ActivateAlgorithm.o
LOAD ./Sources/Inertia/Modules/AlternateControl.o
LOAD ./Sources/Inertia/Modules/Drain.o
LOAD ./Sources/Inertia/Modules/Heat.o
LOAD ./Sources/Inertia/Modules/Load.o
LOAD ./Sources/Inertia/Modules/LoadRestore.o
LOAD ./Sources/Inertia/Modules/LoadsControl.o
LOAD ./Sources/Inertia/Modules/Maintain.o
LOAD ./Sources/Inertia/Modules/PumpControl.o
LOAD ./Sources/Inertia/Modules/Regenerate.o
LOAD ./Sources/Inertia/Modules/SetAlarm.o
LOAD ./Sources/Inertia/Modules/SetProfile.o
LOAD ./Sources/Inertia/Modules/SparklingAid.o
LOAD ./Sources/Inertia/General/APP_callback.o
LOAD ./Sources/Inertia/General/BackupAddress.o
LOAD ./Sources/Inertia/General/CstmFuncLib.o
LOAD ./Sources/Inertia/General/CstmGlobal.o
LOAD ./Sources/Inertia/General/callback.o
LOAD ./Sources/Inertia/Control/DW_Hound.o
LOAD ./Sources/Inertia/Control/DW_Safety.o
LOAD ./Sources/Inertia/Control/DW_Statistics.o
LOAD ./Sources/Inertia/Control/DW_SuperVisor.o
LOAD ./Sources/Inertia/Control/HighLevel_IO_Manager.o
LOAD ./Sources/HAL/RN_RX200/RN_RX200_hal.o
LOAD ./Sources/HAL/RN_RX200/RN_RX200_hal_Flash.o
LOAD ./Sources/HAL/RN_RX200/McuModule/ISR_TMR.o
LOAD ./Sources/HAL/RN_RX200/IEC60335_B_libs/src/Voltage/voltage.o
LOAD ./Sources/HAL/RN_RX200/IEC60335_B_libs/src/Temperature/temperature.o
LOAD ./Sources/HAL/RN_RX200/IEC60335_B_libs/src/ROM/CRC_Verify.o
LOAD ./Sources/HAL/RN_RX200/IEC60335_B_libs/src/ROM/crc.o
LOAD ./Sources/HAL/RN_RX200/IEC60335_B_libs/src/RAM/ramtest_march_HW.o
LOAD ./Sources/HAL/RN_RX200/IEC60335_B_libs/src/RAM/ramtest_march_c.o
LOAD ./Sources/HAL/RN_RX200/IEC60335_B_libs/src/RAM/ramtest_march_x_wom.o
LOAD ./Sources/HAL/RN_RX200/IEC60335_B_libs/src/RAM/ramtest_stack.o
LOAD ./Sources/HAL/RN_RX200/IEC60335_B_libs/src/POE/POE.o
LOAD ./Sources/HAL/RN_RX200/IEC60335_B_libs/src/IWDT/iwdt.o
LOAD ./Sources/HAL/RN_RX200/IEC60335_B_libs/src/IEC60335_RN_adapter.o
LOAD ./Sources/HAL/RN_RX200/IEC60335_B_libs/src/Clock/clock_monitor.o
LOAD ./Sources/HAL/RN_RX200/IEC60335_B_libs/src/CPU/cpu_test.o
LOAD ./Sources/HAL/RN_RX200/IEC60335_B_libs/src/CPU/cpu_test_coupling.o
LOAD ./Sources/HAL/RN_RX200/IEC60335_B_libs/src/ADC12/test_adc12.o
LOAD ./Sources/HAL/RN_RX200/EmbOS/RTOSInit_RX200.o
LOAD ./Sources/HAL/RN_RX200/EmbOS/interrupt_handlers.o
LOAD ./Sources/HAL/RN_RX200/EmbOS/reset_program.o
LOAD ./Sources/HAL/RN_RX200/EmbOS/vector_table.o
LOAD ./Sources/Drivers/SWDMA/SWDMA_drv.o
LOAD ./Sources/Drivers/SWCRC/SWCRC_drv.o
LOAD ./Sources/Drivers/OCWDT/OCWDT_drv.o
LOAD ./Sources/Drivers/OCUART/OCUART_drv.o
LOAD ./Sources/Drivers/OCTPM/OCTPM_drv.o
LOAD ./Sources/Drivers/OCSPI/OCSPI_drv.o
LOAD ./Sources/Drivers/OCRTC/OCRTC_drv.o
LOAD ./Sources/Drivers/OCRST/OCRST_drv.o
LOAD ./Sources/Drivers/OCLVD/OCLVD_drv.o
LOAD ./Sources/Drivers/OCIRQ/OCIRQ_drv.o
LOAD ./Sources/Drivers/OCI2C/OCI2C_drv.o
LOAD ./Sources/Drivers/OCFLS/OCFLS_drv.o
LOAD ./Sources/Drivers/OCDMA/OCDMA_drv.o
LOAD ./Sources/Drivers/OCDIO/OCDIO_drv.o
LOAD ./Sources/Drivers/OCCRC/OCCRC_drv.o
LOAD ./Sources/Drivers/OCCLK/OCCLK_drv.o
LOAD ./Sources/Drivers/OCADC/OCADC_drv.o
LOAD ./Sources/CFG_DishWasher/CFG_Inertia/BusCommPltf_cfg.o
LOAD ./Sources/CFG_DishWasher/CFG_Inertia/Config.o
LOAD ./Sources/CFG_DishWasher/CFG_Inertia/Data.o
LOAD ./Sources/CFG_DishWasher/CFG_Inertia/Loads_cfg.o
LOAD ./Sources/CFG_DishWasher/CFG_Inertia/OS_Error.o
LOAD ./Sources/CFG_DishWasher/CFG_Inertia/ProductSafety_Cfg.o
LOAD ./Sources/Application_Platform/APP_ActivateAlgorithm.o
LOAD ./Sources/Application_Platform/APP_Fault.o
LOAD ./Sources/Application_Platform/APP_FuncLib.o
LOAD ./Sources/Application_Platform/APP_Global.o
LOAD ./Sources/Application_Platform/APP_Interpreter.o
LOAD ./Sources/Application_Platform/APP_JumpIf.o
LOAD ./Sources/Application_Platform/APP_Loader.o
LOAD ./Sources/Application_Platform/APP_SetState.o
LOAD ./Sources/Application_Platform/APP_StandBy.o

.backup_stat    0x00100000      0x400
                0x00100000                __backup_stat_start = .
 *(.backup_stat)
 .backup_stat   0x00100000      0x400 ./Sources/CFG_DishWasher/CFG_Inertia/Data.o
                0x00100000                BackupAndStatistics
                0x00100400                __backup_stat_end = .

.wbox           0x00100400      0x100
                0x00100400                __wbox_start = .
 *(.wbox)
 .wbox          0x00100400      0x100 ./Sources/CFG_DishWasher/CFG_Inertia/Data.o
                0x00100400                WBOXData
                0x00100500                __wbox_end = .

.MDATA          0x00100500        0x0
                0x00100500                _FlashCheck2 = .
                0x00100500                _mdata = .
                0x00100574                _endmdata = (. + (_edata - _data))

.rodata         0x00100574     0x1070
 *(.rodata)
 *(.rodata.*)
 .rodata.PM_FrequencyFeedbacks_TOnFilter
                0x00100574        0x8 ./Sources/ProductModules/PM_FreqFeedbacks/PM_FrequencyFeedbacks.o
 .rodata.PM_FrequencyFeedbacks_PeriodFilter
                0x0010057c        0x8 ./Sources/ProductModules/PM_FreqFeedbacks/PM_FrequencyFeedbacks.o
 .rodata.PM_Consistency_Manager
                0x00100584       0x98 ./Sources/ProductModules/PM_Consistency/PM_Consistency.o
 .rodata.PP_SlaveNotification
                0x0010061c       0x1c ./Sources/ProductModules/PM_BusCOMM/BCP_PlatformProtocol.o
 .rodata.ZcHalfPeriodRangeUsec
                0x00100638        0xc ./Sources/PlatformLibrary/LIB_ZeroCrossing/LIB_ZeroCrossing.o
 .rodata.InitCheck
                0x00100644       0x18 ./Sources/PlatformLibrary/LIB_SecurityCheck/LIB_ClassBCheck.o
 .rodata.CheckTasksMaxTimeout
                0x0010065c        0x5 ./Sources/PlatformLibrary/LIB_SecurityCheck/LIB_TaskMonitoring.o
 *fill*         0x00100661        0x3 00
 .rodata.__lib_reset_manager
                0x00100664       0x24 ./Sources/PlatformLibrary/LIB_Reset/LIB_Reset.o
 .rodata.KeyInfo
                0x00100688       0x24 ./Sources/PlatformLibrary/LIB_Reset/LIB_Reset.o
 .rodata.KeyRomInfo_1
                0x001006ac       0x5d ./Sources/PlatformLibrary/LIB_Reset/LIB_Reset.o
 .rodata.KeyRomInfo_2
                0x00100709       0x6a ./Sources/PlatformLibrary/LIB_Reset/LIB_Reset.o
 *fill*         0x00100773        0x1 00
 .rodata.IOM_External_CommandBufferTable
                0x00100774        0xc ./Sources/PlatformLibrary/LIB_IOManager/ExternalOutputManager.o
                0x00100774                IOM_External_CommandBufferTable
 .rodata.LIB_IOM_InputInitialization
                0x00100780       0x38 ./Sources/PlatformLibrary/LIB_IOManager/InputManager.o
 .rodata.str1.1
                0x001007b8       0x11 ./Sources/Main/EmbOS/Main_AnalogInputs.o
 .rodata.str1.1
                0x001007c9       0x1c ./Sources/Main/EmbOS/Main_Application.o
 .rodata.str1.1
                0x001007e5        0xb ./Sources/Main/EmbOS/Main_Backup.o
 .rodata.str1.1
                0x001007f0        0xd ./Sources/Main/EmbOS/Main_Feedbacks.o
 .rodata.str1.1
                0x001007fd       0x10 ./Sources/Main/EmbOS/Main_Init.o
 .rodata.str1.1
                0x0010080d        0xe ./Sources/Main/EmbOS/Main_Sequencer.o
 .rodata.AppBackupDimTab
                0x0010081b       0x26 ./Sources/Inertia/General/BackupAddress.o
                0x0010081b                AppBackupDimTab
 *fill*         0x00100841        0x3 00
 .rodata.AppBackupAddrTab
                0x00100844       0x9c ./Sources/Inertia/General/BackupAddress.o
                0x00100844                AppBackupAddrTab
 .rodata.InitLookupTablePointers
                0x001008e0      0x134 ./Sources/Inertia/General/CstmGlobal.o
                0x001008e0                InitLookupTablePointers
 .rodata.LookupTableDataSizes
                0x00100a14       0x4c ./Sources/Inertia/General/CstmGlobal.o
                0x00100a14                LookupTableDataSizes
 .rodata.SWTC_CountersTable
                0x00100a60        0x8 ./Sources/Inertia/General/CstmGlobal.o
                0x00100a60                SWTC_CountersTable
 .rodata.SWTC_CounterConfigurationTable
                0x00100a68        0x8 ./Sources/Inertia/General/CstmGlobal.o
                0x00100a68                SWTC_CounterConfigurationTable
 .rodata.SWTC_PrescalerTable
                0x00100a70        0x6 ./Sources/Inertia/General/CstmGlobal.o
                0x00100a70                SWTC_PrescalerTable
 *fill*         0x00100a76        0x2 00
 .rodata.GetInternalHWClearSourceValue
                0x00100a78       0x14 ./Sources/HAL/RN_RX200/RN_RX200_hal.o
 .rodata.DIO_DigitalFilterEnable
                0x00100a8c       0x18 ./Sources/HAL/RN_RX200/RN_RX200_hal.o
 .rodata.DIO_DigitalFilterClkFrequencySet
                0x00100aa4       0x18 ./Sources/HAL/RN_RX200/RN_RX200_hal.o
 .rodata.MapClearResourceValue
                0x00100abc       0x14 ./Sources/HAL/RN_RX200/RN_RX200_hal.o
 .rodata.MapClearResourceId
                0x00100ad0       0x1c ./Sources/HAL/RN_RX200/RN_RX200_hal.o
 .rodata.TMR_CheckClearSourceIdFailed
                0x00100aec       0x14 ./Sources/HAL/RN_RX200/RN_RX200_hal.o
 .rodata.TMR_GetClearSourceCh
                0x00100b00       0x14 ./Sources/HAL/RN_RX200/RN_RX200_hal.o
 .rodata.TMR_SetPrescaler
                0x00100b14       0x14 ./Sources/HAL/RN_RX200/RN_RX200_hal.o
 .rodata.TMR_GetPrescalerDiv
                0x00100b28       0x14 ./Sources/HAL/RN_RX200/RN_RX200_hal.o
 .rodata.TMR_SetPrescalerDfltValue
                0x00100b3c       0x14 ./Sources/HAL/RN_RX200/RN_RX200_hal.o
 .rodata.TMR_SetModulo
                0x00100b50       0x28 ./Sources/HAL/RN_RX200/RN_RX200_hal.o
 .rodata.TMR_EnableTI
                0x00100b78       0x14 ./Sources/HAL/RN_RX200/RN_RX200_hal.o
 .rodata.TMR_DisableTI
                0x00100b8c       0x14 ./Sources/HAL/RN_RX200/RN_RX200_hal.o
 .rodata.TMR_ClearTOF
                0x00100ba0       0x14 ./Sources/HAL/RN_RX200/RN_RX200_hal.o
 .rodata.TMR_GetTOF
                0x00100bb4       0x14 ./Sources/HAL/RN_RX200/RN_RX200_hal.o
 .rodata.TMR_SetChannelInputChapture
                0x00100bc8       0x60 ./Sources/HAL/RN_RX200/RN_RX200_hal.o
 .rodata.TMR_ClearChannelPulses
                0x00100c28       0x60 ./Sources/HAL/RN_RX200/RN_RX200_hal.o
 .rodata.TMR_EnableCHI
                0x00100c88       0x60 ./Sources/HAL/RN_RX200/RN_RX200_hal.o
 .rodata.TMR_DisableCHI
                0x00100ce8       0x60 ./Sources/HAL/RN_RX200/RN_RX200_hal.o
 .rodata.TMR_GetModulo
                0x00100d48       0x68 ./Sources/HAL/RN_RX200/RN_RX200_hal.o
 .rodata.TMR_SetCounterDfltValue
                0x00100db0       0x14 ./Sources/HAL/RN_RX200/RN_RX200_hal.o
 .rodata.TMR_GetCounter
                0x00100dc4       0x14 ./Sources/HAL/RN_RX200/RN_RX200_hal.o
 .rodata.TMR_SetChannelOutputMode
                0x00100dd8       0x60 ./Sources/HAL/RN_RX200/RN_RX200_hal.o
 .rodata.IRQ_Init
                0x00100e38       0x28 ./Sources/HAL/RN_RX200/RN_RX200_hal.o
 .rodata.IRQ_DeInit
                0x00100e60       0x18 ./Sources/HAL/RN_RX200/RN_RX200_hal.o
 .rodata.IRQ_pinIsHigh
                0x00100e78       0x28 ./Sources/HAL/RN_RX200/RN_RX200_hal.o
 .rodata.ADC_ConfigurePinAsChannel
                0x00100ea0       0x38 ./Sources/HAL/RN_RX200/RN_RX200_hal.o
 .rodata.ADC_GetConvertedValueOnChannel
                0x00100ed8       0x38 ./Sources/HAL/RN_RX200/RN_RX200_hal.o
 .rodata.prescalerDivMap
                0x00100f10       0x20 ./Sources/HAL/RN_RX200/RN_RX200_hal.o
                0x00100f10                prescalerDivMap
 .rodata.ChTGRAAddr
                0x00100f30       0x64 ./Sources/HAL/RN_RX200/RN_RX200_hal.o
                0x00100f30                ChTGRAAddr
 .rodata.ChModeRegAddr
                0x00100f94       0x64 ./Sources/HAL/RN_RX200/RN_RX200_hal.o
                0x00100f94                ChModeRegAddr
 .rodata.NoiseFilterPinMap
                0x00100ff8      0x148 ./Sources/HAL/RN_RX200/RN_RX200_hal.o
 .rodata.CSWTCH.65
                0x00101140        0x4 ./Sources/HAL/RN_RX200/RN_RX200_hal.o
 .rodata.CSWTCH.67
                0x00101144        0x2 ./Sources/HAL/RN_RX200/RN_RX200_hal.o
 .rodata.CSWTCH.69
                0x00101146        0x2 ./Sources/HAL/RN_RX200/RN_RX200_hal.o
 .rodata.CSWTCH.71
                0x00101148        0x4 ./Sources/HAL/RN_RX200/RN_RX200_hal.o
 .rodata.CSWTCH.73
                0x0010114c        0x4 ./Sources/HAL/RN_RX200/RN_RX200_hal.o
 .rodata.ADCMap
                0x00101150       0x40 ./Sources/HAL/RN_RX200/RN_RX200_hal.o
 .rodata.OCFLS_BlankCheckEraseVerifyAsync
                0x00101190       0x14 ./Sources/Drivers/OCFLS/OCFLS_drv.o
 .rodata.str1.1
                0x001011a4       0x2c ./Sources/CFG_DishWasher/CFG_Inertia/BusCommPltf_cfg.o
 .rodata.BCP_ChannelTable
                0x001011d0       0x38 ./Sources/CFG_DishWasher/CFG_Inertia/BusCommPltf_cfg.o
                0x001011d0                BCP_ChannelTable
 .rodata.WRRemapTable
                0x00101208        0x8 ./Sources/CFG_DishWasher/CFG_Inertia/BusCommPltf_cfg.o
 .rodata.RFRemapTable
                0x00101210       0x20 ./Sources/CFG_DishWasher/CFG_Inertia/BusCommPltf_cfg.o
 .rodata.ProtocolReadingAccessTable
                0x00101230       0x18 ./Sources/CFG_DishWasher/CFG_Inertia/BusCommPltf_cfg.o
 .rodata.ProtocolErasingAccessTable
                0x00101248       0x10 ./Sources/CFG_DishWasher/CFG_Inertia/BusCommPltf_cfg.o
 .rodata.ProtocolWritingAccessTable
                0x00101258       0x18 ./Sources/CFG_DishWasher/CFG_Inertia/BusCommPltf_cfg.o
 .rodata.PltBackupDimTab
                0x00101270        0x1 ./Sources/CFG_DishWasher/CFG_Inertia/Config.o
                0x00101270                PltBackupDimTab
 *fill*         0x00101271        0x3 00
 .rodata.PltBackupAddrTab
                0x00101274        0x8 ./Sources/CFG_DishWasher/CFG_Inertia/Config.o
                0x00101274                PltBackupAddrTab
 .rodata.RamAreaTestTable
                0x0010127c       0x3c ./Sources/CFG_DishWasher/CFG_Inertia/Config.o
                0x0010127c                RamAreaTestTable
 .rodata.HwCntr4_cfg
                0x001012b8       0x10 ./Sources/CFG_DishWasher/CFG_Inertia/Config.o
                0x001012b8                HwCntr4_cfg
 .rodata.HwCntr3_cfg
                0x001012c8       0x10 ./Sources/CFG_DishWasher/CFG_Inertia/Config.o
                0x001012c8                HwCntr3_cfg
 .rodata.HwCntr1_cfg
                0x001012d8       0x10 ./Sources/CFG_DishWasher/CFG_Inertia/Config.o
                0x001012d8                HwCntr1_cfg
 .rodata.ZcHwCntr_cfg
                0x001012e8       0x10 ./Sources/CFG_DishWasher/CFG_Inertia/Config.o
                0x001012e8                ZcHwCntr_cfg
 .rodata.TmrChToPinMap
                0x001012f8       0x48 ./Sources/CFG_DishWasher/CFG_Inertia/Config.o
                0x001012f8                TmrChToPinMap
 .rodata.TmrChMap
                0x00101340       0x12 ./Sources/CFG_DishWasher/CFG_Inertia/Config.o
                0x00101340                TmrChMap
 *fill*         0x00101352        0x2 00
 .rodata.ModuleIOmap
                0x00101354      0x160 ./Sources/CFG_DishWasher/CFG_Inertia/Config.o
                0x00101354                ModuleIOmap
 .rodata.TmrCntMap
                0x001014b4        0x5 ./Sources/CFG_DishWasher/CFG_Inertia/Config.o
                0x001014b4                TmrCntMap
 .rodata.FlashMapEraseForbidden
                0x001014b9        0x3 ./Sources/CFG_DishWasher/CFG_Inertia/Config.o
                0x001014b9                FlashMapEraseForbidden
 .rodata.FlashMap
                0x001014bc       0x18 ./Sources/CFG_DishWasher/CFG_Inertia/Config.o
                0x001014bc                FlashMap
 *(C_1)
 *(C_2)
 *(C)
 C              0x001014d4       0x10 C:\Renesas\e2studio\GNURXV~1.03-\rx-elf\lib\gcc\rx-elf\4.7-GNURX_v12.03\no-fpu-libs\big-endian-data\libgcc.a(_thenan_sf.o)
                0x001014d4                __thenan_sf
 C              0x001014e4      0x100 C:\Renesas\e2studio\GNURXV~1.03-\rx-elf\lib\gcc\rx-elf\4.7-GNURX_v12.03\no-fpu-libs\big-endian-data\libgcc.a(_clz.o)
                0x001014e4                __clz_tab
                0x001015e4                _erodata = .
                0x001015e3                _FlashCheck2_End = (. - 0x1)

.setting        0xfffe0000     0x4000
 *(.setting)
 .setting       0xfffe0000     0x4000 ./Sources/CFG_DishWasher/CFG_Inertia/Data.o
                0xfffe0000                Eeprom

.pdm            0xfffe4000        0xa
                0xfffe4000                __PDM_START__ = .
 *(.pdm)
 .pdm           0xfffe4000        0xa ./Sources/CFG_DishWasher/CFG_Inertia/Data.o
                0xfffe4000                PDMData
                0xfffe400a                __PDM_END__ = .

.ProgramCheckCode
 *(.ProgramCheckCode)

.text           0xfffe4010     0xd824
                0xfffe4010                _FlashCheck1 = .
                0xfffe4010                __text_start = .
 *(.PCTEST_TESTFUNCTION)
 .PCTEST_TESTFUNCTION
                0xfffe4010       0x1c ./Sources/HAL/RN_RX200/IEC60335_B_libs/src/CPU/cpu_test.o
 *(.text.*)
 .text.SWTC_PrescalerManager
                0xfffe402c       0x60 ./Sources/ProductModules/PM_SwTimersCounters/SwTimersCounters.o
 .text.SWTC_InitManager
                0xfffe408c       0x1c ./Sources/ProductModules/PM_SwTimersCounters/SwTimersCounters.o
                0xfffe408c                SWTC_InitManager
 *fill*         0xfffe40a8        0x0 00
 .text.SWTC_InitTables
                0xfffe40a8       0x3e ./Sources/ProductModules/PM_SwTimersCounters/SwTimersCounters.o
                0xfffe40a8                SWTC_InitTables
 .text.SWTC_Manager
                0xfffe40e6       0x4e ./Sources/ProductModules/PM_SwTimersCounters/SwTimersCounters.o
                0xfffe40e6                SWTC_Manager
 .text.SWTC_SetSValueAndRun
                0xfffe4134       0x3e ./Sources/ProductModules/PM_SwTimersCounters/SwTimersCounters.o
                0xfffe4134                SWTC_SetSValueAndRun
 .text.PM_SWalarmsConvNsecInTicks
                0xfffe4172       0x14 ./Sources/ProductModules/PM_SWalarms/PM_SWalarms.o
                0xfffe4172                PM_SWalarmsConvNsecInTicks
 .text.PM_SWalarmsSet
                0xfffe4186       0x68 ./Sources/ProductModules/PM_SWalarms/PM_SWalarms.o
                0xfffe4186                PM_SWalarmsSet
 .text.PM_SWalarmsCheck
                0xfffe41ee       0x6a ./Sources/ProductModules/PM_SWalarms/PM_SWalarms.o
                0xfffe41ee                PM_SWalarmsCheck
 .text.PM_SWalarms_IsAlarmExpired
                0xfffe4258       0x1e ./Sources/ProductModules/PM_SWalarms/PM_SWalarms.o
                0xfffe4258                PM_SWalarms_IsAlarmExpired
 .text.DIM_Scheduler
                0xfffe4276      0x13a ./Sources/ProductModules/PM_ProfileLoadsPartialization/PM_ProfileLoadsPartialization.o
                0xfffe4276                DIM_Scheduler
 .text.PLP_OCU_Event
                0xfffe43b0      0x100 ./Sources/ProductModules/PM_ProfileLoadsPartialization/PM_ProfileLoadsPartialization.o
 .text.Init_PLP_DrvResources
                0xfffe44b0       0x20 ./Sources/ProductModules/PM_ProfileLoadsPartialization/PM_ProfileLoadsPartialization.o
 .text.PM_PLP_InsertLoad
                0xfffe44d0       0x1f ./Sources/ProductModules/PM_ProfileLoadsPartialization/PM_ProfileLoadsPartialization.o
                0xfffe44d0                PM_PLP_InsertLoad
 .text.PM_PLP_Init
                0xfffe44ef       0x52 ./Sources/ProductModules/PM_ProfileLoadsPartialization/PM_ProfileLoadsPartialization.o
                0xfffe44ef                PM_PLP_Init
 *fill*         0xfffe4541        0x1 00
 .text.PM_PLP_LoadsToDrive
                0xfffe4542       0x34 ./Sources/ProductModules/PM_ProfileLoadsPartialization/PM_ProfileLoadsPartialization.o
                0xfffe4542                PM_PLP_LoadsToDrive
 .text.PM_PLP_Init_OnWarmReset
                0xfffe4576       0x2e ./Sources/ProductModules/PM_ProfileLoadsPartialization/PM_ProfileLoadsPartialization.o
                0xfffe4576                PM_PLP_Init_OnWarmReset
 .text.ExtendedBasicLoader.part.0
                0xfffe45a4       0x8a ./Sources/ProductModules/PM_Library/LIB_UTilities.o
 .text.LIB_MemcpyFromLast
                0xfffe462e       0x1c ./Sources/ProductModules/PM_Library/LIB_UTilities.o
                0xfffe462e                LIB_MemcpyFromLast
 .text.GetDefaultSettingStartAddress
                0xfffe464a        0x6 ./Sources/ProductModules/PM_Library/LIB_UTilities.o
                0xfffe464a                GetDefaultSettingStartAddress
 .text.BasicLoader
                0xfffe4650       0x1d ./Sources/ProductModules/PM_Library/LIB_UTilities.o
                0xfffe4650                BasicLoader
 *fill*         0xfffe466d        0x1 00
 .text.LIB_ChkComputation
                0xfffe466e       0x18 ./Sources/ProductModules/PM_Library/LIB_UTilities.o
                0xfffe466e                LIB_ChkComputation
 .text.PM_FrequencyFeedbacks_GetIndexByPosition
                0xfffe4686       0x3c ./Sources/ProductModules/PM_FreqFeedbacks/PM_FrequencyFeedbacks.o
 .text.PM_FrequencyFeedbacks_PWDCallback
                0xfffe46c2       0xc8 ./Sources/ProductModules/PM_FreqFeedbacks/PM_FrequencyFeedbacks.o
 .text.PM_FrequencyFeedbacks_RestartFeedback
                0xfffe478a       0x42 ./Sources/ProductModules/PM_FreqFeedbacks/PM_FrequencyFeedbacks.o
 .text.PM_FrequencyFeedbacks_Init
                0xfffe47cc       0x44 ./Sources/ProductModules/PM_FreqFeedbacks/PM_FrequencyFeedbacks.o
                0xfffe47cc                PM_FrequencyFeedbacks_Init
 .text.PM_FrequencyFeedbacks_Configure
                0xfffe4810      0x102 ./Sources/ProductModules/PM_FreqFeedbacks/PM_FrequencyFeedbacks.o
                0xfffe4810                PM_FrequencyFeedbacks_Configure
 .text.PM_FrequencyFeedbacks_ResetAllFeedbacks
                0xfffe4912       0x20 ./Sources/ProductModules/PM_FreqFeedbacks/PM_FrequencyFeedbacks.o
                0xfffe4912                PM_FrequencyFeedbacks_ResetAllFeedbacks
 .text.PM_FrequencyFeedbacks_RestartFeedbackByPosition
                0xfffe4932       0x92 ./Sources/ProductModules/PM_FreqFeedbacks/PM_FrequencyFeedbacks.o
                0xfffe4932                PM_FrequencyFeedbacks_RestartFeedbackByPosition
 .text.PM_FrequencyFeedbacks_GetReadyByPosition
                0xfffe49c4       0x24 ./Sources/ProductModules/PM_FreqFeedbacks/PM_FrequencyFeedbacks.o
                0xfffe49c4                PM_FrequencyFeedbacks_GetReadyByPosition
 .text.PM_FrequencyFeedbacks_GetValueByPosition
                0xfffe49e8       0x22 ./Sources/ProductModules/PM_FreqFeedbacks/PM_FrequencyFeedbacks.o
                0xfffe49e8                PM_FrequencyFeedbacks_GetValueByPosition
 .text.PM_FrequencyFeedbacks_Manager
                0xfffe4a0a      0x1e6 ./Sources/ProductModules/PM_FreqFeedbacks/PM_FrequencyFeedbacks.o
                0xfffe4a0a                PM_FrequencyFeedbacks_Manager
 .text.VoltAvgMeasuresUpdate.constprop.0
                0xfffe4bf0       0x4e ./Sources/ProductModules/PM_EnergyMeterSw/PM_EnergyMeterSw.o
 .text.PowerMeter_InitConfig
                0xfffe4c3e       0x1f ./Sources/ProductModules/PM_EnergyMeterSw/PM_EnergyMeterSw.o
                0xfffe4c3e                PowerMeter_InitConfig
 .text.PowerMeter_InitSw
                0xfffe4c5d       0x42 ./Sources/ProductModules/PM_EnergyMeterSw/PM_EnergyMeterSw.o
                0xfffe4c5d                PowerMeter_InitSw
 *fill*         0xfffe4c9f        0x1 00
 .text.PowerMeter_LoadRegister
                0xfffe4ca0      0x12e ./Sources/ProductModules/PM_EnergyMeterSw/PM_EnergyMeterSw.o
                0xfffe4ca0                PowerMeter_LoadRegister
 .text.PowerMeter_SetInstant_V
                0xfffe4dce       0x66 ./Sources/ProductModules/PM_EnergyMeterSw/PM_EnergyMeterSw.o
                0xfffe4dce                PowerMeter_SetInstant_V
 .text.PowerMeter_GetInstant_P
                0xfffe4e34        0xb ./Sources/ProductModules/PM_EnergyMeterSw/PM_EnergyMeterSw.o
                0xfffe4e34                PowerMeter_GetInstant_P
 .text.PowerMeter_GetAvgSinceStart_E_Wh
                0xfffe4e3f        0xb ./Sources/ProductModules/PM_EnergyMeterSw/PM_EnergyMeterSw.o
                0xfffe4e3f                PowerMeter_GetAvgSinceStart_E_Wh
 .text.PowerMeter_Accum
                0xfffe4e4a      0x238 ./Sources/ProductModules/PM_EnergyMeterSw/PM_EnergyMeterSw.o
                0xfffe4e4a                PowerMeter_Accum
 .text.EM_LoadRegister
                0xfffe5082       0x8e ./Sources/ProductModules/PM_EnergyMeterSw/PM_EnergyMeterSw.o
                0xfffe5082                EM_LoadRegister
 .text.EM_LoadConfigRead
                0xfffe5110       0x5e ./Sources/ProductModules/PM_EnergyMeterSw/PM_EnergyMeterSw.o
                0xfffe5110                EM_LoadConfigRead
 .text.TableInit
                0xfffe516e       0x34 ./Sources/ProductModules/PM_EnergyMeterSw/PM_EnergyMeterSwTable.o
                0xfffe516e                TableInit
 .text.CurveInit
                0xfffe51a2        0xa ./Sources/ProductModules/PM_EnergyMeterSw/PM_EnergyMeterSwTable.o
                0xfffe51a2                CurveInit
 *fill*         0xfffe51ac        0x0 00
 .text.CurveSet
                0xfffe51ac       0x1c ./Sources/ProductModules/PM_EnergyMeterSw/PM_EnergyMeterSwTable.o
                0xfffe51ac                CurveSet
 .text.TableFindYCurves
                0xfffe51c8       0x8e ./Sources/ProductModules/PM_EnergyMeterSw/PM_EnergyMeterSwTable.o
                0xfffe51c8                TableFindYCurves
 .text.PointInit
                0xfffe5256        0xa ./Sources/ProductModules/PM_EnergyMeterSw/PM_EnergyMeterSwTable.o
                0xfffe5256                PointInit
 .text.LineInit
                0xfffe5260       0x14 ./Sources/ProductModules/PM_EnergyMeterSw/PM_EnergyMeterSwTable.o
                0xfffe5260                LineInit
 *fill*         0xfffe5274        0x0 00
 .text.CurveYFindPoints
                0xfffe5274       0x76 ./Sources/ProductModules/PM_EnergyMeterSw/PM_EnergyMeterSwTable.o
                0xfffe5274                CurveYFindPoints
 .text.CalcoloPuntoSuRetta
                0xfffe52ea       0x46 ./Sources/ProductModules/PM_EnergyMeterSw/PM_EnergyMeterSwTable.o
                0xfffe52ea                CalcoloPuntoSuRetta
 .text.TableCalibSingola
                0xfffe5330       0x54 ./Sources/ProductModules/PM_EnergyMeterSw/PM_EnergyMeterSwTable.o
                0xfffe5330                TableCalibSingola
 .text.TableCalibDoppia_PuntoRetta
                0xfffe5384       0x60 ./Sources/ProductModules/PM_EnergyMeterSw/PM_EnergyMeterSwTable.o
                0xfffe5384                TableCalibDoppia_PuntoRetta
 .text.TableCalibDoppia_Rette
                0xfffe53e4       0x62 ./Sources/ProductModules/PM_EnergyMeterSw/PM_EnergyMeterSwTable.o
                0xfffe53e4                TableCalibDoppia_Rette
 .text.TableCalibDoppia
                0xfffe5446       0xc8 ./Sources/ProductModules/PM_EnergyMeterSw/PM_EnergyMeterSwTable.o
                0xfffe5446                TableCalibDoppia
 .text.TablePower
                0xfffe550e       0x68 ./Sources/ProductModules/PM_EnergyMeterSw/PM_EnergyMeterSwTable.o
                0xfffe550e                TablePower
 .text.PM_DigDelayedMulti_InitSync
                0xfffe5576        0x8 ./Sources/ProductModules/PM_DigitalOutputMulti/DigitalOutputMulti.o
                0xfffe5576                PM_DigDelayedMulti_InitSync
 .text.DigDelayedMulti_Init
                0xfffe557e       0x2a ./Sources/ProductModules/PM_DigitalOutputMulti/DigitalOutputMulti.o
                0xfffe557e                DigDelayedMulti_Init
 .text.DigOutMultiSetLoad
                0xfffe55a8       0x20 ./Sources/ProductModules/PM_DigitalOutputMulti/DigitalOutputMulti.o
                0xfffe55a8                DigOutMultiSetLoad
 .text.DigOutMul3PSetLoad
                0xfffe55c8       0x27 ./Sources/ProductModules/PM_DigitalOutputMulti/DigitalOutputMulti.o
                0xfffe55c8                DigOutMul3PSetLoad
 *fill*         0xfffe55ef        0x1 00
 .text.DigDelayedMultiSetLoad
                0xfffe55f0       0x3a ./Sources/ProductModules/PM_DigitalOutputMulti/DigitalOutputMulti.o
                0xfffe55f0                DigDelayedMultiSetLoad
 .text.DigDelayedMulti_Manager
                0xfffe562a       0x62 ./Sources/ProductModules/PM_DigitalOutputMulti/DigitalOutputMulti.o
                0xfffe562a                DigDelayedMulti_Manager
 .text.PM_Consistency_Init
                0xfffe568c       0x18 ./Sources/ProductModules/PM_Consistency/PM_Consistency.o
                0xfffe568c                PM_Consistency_Init
 .text.PM_Consistency_Manager
                0xfffe56a4      0x1fc ./Sources/ProductModules/PM_Consistency/PM_Consistency.o
                0xfffe56a4                PM_Consistency_Manager
 .text.PM_Consistency_LoadChangedStatus
                0xfffe58a0       0x6a ./Sources/ProductModules/PM_Consistency/PM_Consistency.o
                0xfffe58a0                PM_Consistency_LoadChangedStatus
 .text.BCM_CountersUpdater
                0xfffe590a       0x1d ./Sources/ProductModules/PM_BusCOMM/BCP_BusCommMng.o
                0xfffe590a                BCM_CountersUpdater
 *fill*         0xfffe5927        0x1 00
 .text.BCP_BusMonitor
                0xfffe5928       0x5c ./Sources/ProductModules/PM_BusCOMM/BCP_BusCommMng.o
                0xfffe5928                BCP_BusMonitor
 .text.CP_SlaveManager__Read_ApplData
                0xfffe5984       0x2a ./Sources/ProductModules/PM_BusCOMM/BCP_BusCommMng.o
                0xfffe5984                CP_SlaveManager__Read_ApplData
 .text.CP_SlaveManager__Write_ApplData
                0xfffe59ae       0x2a ./Sources/ProductModules/PM_BusCOMM/BCP_BusCommMng.o
                0xfffe59ae                CP_SlaveManager__Write_ApplData
 .text.PP_MappingGetOffset
                0xfffe59d8       0x38 ./Sources/ProductModules/PM_BusCOMM/BCP_BusCommMng.o
                0xfffe59d8                PP_MappingGetOffset
 .text.PP_IsAccessAllowed
                0xfffe5a10       0x36 ./Sources/ProductModules/PM_BusCOMM/BCP_BusCommMng.o
                0xfffe5a10                PP_IsAccessAllowed
 .text.PP_MappingGetPPAddr
                0xfffe5a46       0x38 ./Sources/ProductModules/PM_BusCOMM/BCP_BusCommMng.o
                0xfffe5a46                PP_MappingGetPPAddr
 .text.PP_SlaveFragmentBuilder
                0xfffe5a7e      0x10e ./Sources/ProductModules/PM_BusCOMM/BCP_PlatformProtocol.o
 .text.PP_SlaveReceiveData.isra.0
                0xfffe5b8c       0x46 ./Sources/ProductModules/PM_BusCOMM/BCP_PlatformProtocol.o
 *fill*         0xfffe5bd2        0x0 00
 .text.PP_IsSlaveStateRxOK
                0xfffe5bd2       0x96 ./Sources/ProductModules/PM_BusCOMM/BCP_PlatformProtocol.o
                0xfffe5bd2                PP_IsSlaveStateRxOK
 .text.PP_SlaveStartResponse
                0xfffe5c68       0x40 ./Sources/ProductModules/PM_BusCOMM/BCP_PlatformProtocol.o
                0xfffe5c68                PP_SlaveStartResponse
 .text.PP_SlaveNotification
                0xfffe5ca8      0x118 ./Sources/ProductModules/PM_BusCOMM/BCP_PlatformProtocol.o
                0xfffe5ca8                PP_SlaveNotification
 .text.PP_SlaveResponseBuilder
                0xfffe5dc0       0xd8 ./Sources/ProductModules/PM_BusCOMM/BCP_PlatformProtocol.o
                0xfffe5dc0                PP_SlaveResponseBuilder
 .text.PM_AnalogFeedback_Init
                0xfffe5e98       0x48 ./Sources/ProductModules/PM_AnalogFeedbacks/PM_AnalogFeedback.o
                0xfffe5e98                PM_AnalogFeedback_Init
 .text.PM_AnalogFeedback_Setup
                0xfffe5ee0       0x4a ./Sources/ProductModules/PM_AnalogFeedbacks/PM_AnalogFeedback.o
                0xfffe5ee0                PM_AnalogFeedback_Setup
 .text.PM_AnalogFeedbackManager
                0xfffe5f2a       0xb2 ./Sources/ProductModules/PM_AnalogFeedbacks/PM_AnalogFeedback.o
                0xfffe5f2a                PM_AnalogFeedbackManager
 .text.PM_AnalogFeedbackIsReady
                0xfffe5fdc       0x10 ./Sources/ProductModules/PM_AnalogFeedbacks/PM_AnalogFeedback.o
                0xfffe5fdc                PM_AnalogFeedbackIsReady
 .text.PM_AnalogFeedbackGetValue
                0xfffe5fec        0x9 ./Sources/ProductModules/PM_AnalogFeedbacks/PM_AnalogFeedback.o
                0xfffe5fec                PM_AnalogFeedbackGetValue
 .text.PM_AnalogFeedbackResetMeasure
                0xfffe5ff5       0x25 ./Sources/ProductModules/PM_AnalogFeedbacks/PM_AnalogFeedback.o
                0xfffe5ff5                PM_AnalogFeedbackResetMeasure
 .text.LIB_ZC_InitSync
                0xfffe601a       0x2e ./Sources/PlatformLibrary/LIB_ZeroCrossing/LIB_ZeroCrossing.o
                0xfffe601a                LIB_ZC_InitSync
 .text.LIB_ZC_SyncCompleted
                0xfffe6048        0xd ./Sources/PlatformLibrary/LIB_ZeroCrossing/LIB_ZeroCrossing.o
                0xfffe6048                LIB_ZC_SyncCompleted
 .text.LIB_ZC_ResetSyncPhase
                0xfffe6055       0x15 ./Sources/PlatformLibrary/LIB_ZeroCrossing/LIB_ZeroCrossing.o
                0xfffe6055                LIB_ZC_ResetSyncPhase
 .text.LIB_ZC_GetNominalFrequency
                0xfffe606a        0x8 ./Sources/PlatformLibrary/LIB_ZeroCrossing/LIB_ZeroCrossing.o
                0xfffe606a                LIB_ZC_GetNominalFrequency
 *fill*         0xfffe6072        0x0 00
 .text.LIB_ZC_GetNominalHalfWave
                0xfffe6072       0x1c ./Sources/PlatformLibrary/LIB_ZeroCrossing/LIB_ZeroCrossing.o
                0xfffe6072                LIB_ZC_GetNominalHalfWave
 .text.LIB_ZC_SetLineVoltageParams
                0xfffe608e        0xa ./Sources/PlatformLibrary/LIB_ZeroCrossing/LIB_ZeroCrossing.o
                0xfffe608e                LIB_ZC_SetLineVoltageParams
 .text.LIB_ZC_IsOnGood
                0xfffe6098        0x8 ./Sources/PlatformLibrary/LIB_ZeroCrossing/LIB_ZeroCrossing.o
                0xfffe6098                LIB_ZC_IsOnGood
 .text.LIB_ZC_CheckIfZC_Is_Good
                0xfffe60a0      0x11c ./Sources/PlatformLibrary/LIB_ZeroCrossing/LIB_ZeroCrossing.o
                0xfffe60a0                LIB_ZC_CheckIfZC_Is_Good
 .text.goodZCSignal
                0xfffe61bc        0x8 ./Sources/PlatformLibrary/LIB_ZeroCrossing/LIB_ZeroCrossing.o
                0xfffe61bc                goodZCSignal
 .text.getZCStability
                0xfffe61c4        0x8 ./Sources/PlatformLibrary/LIB_ZeroCrossing/LIB_ZeroCrossing.o
                0xfffe61c4                getZCStability
 .text.SetgoodZCSignalTo
                0xfffe61cc        0x8 ./Sources/PlatformLibrary/LIB_ZeroCrossing/LIB_ZeroCrossing.o
                0xfffe61cc                SetgoodZCSignalTo
 .text.IsZCSyncOngoing
                0xfffe61d4        0xd ./Sources/PlatformLibrary/LIB_ZeroCrossing/LIB_ZeroCrossing.o
                0xfffe61d4                IsZCSyncOngoing
 .text.LIB_ZC_GetHalfWaveLengthPos
                0xfffe61e1        0x8 ./Sources/PlatformLibrary/LIB_ZeroCrossing/LIB_ZeroCrossing.o
                0xfffe61e1                LIB_ZC_GetHalfWaveLengthPos
 .text.LIB_ZC_GetHalfWaveLengthNeg
                0xfffe61e9        0x7 ./Sources/PlatformLibrary/LIB_ZeroCrossing/LIB_ZeroCrossing.o
                0xfffe61e9                LIB_ZC_GetHalfWaveLengthNeg
 .text.LIB_ZC_GetSemiPeriod
                0xfffe61f0       0x18 ./Sources/PlatformLibrary/LIB_ZeroCrossing/LIB_ZeroCrossing.o
                0xfffe61f0                LIB_ZC_GetSemiPeriod
 .text.OnZc_EdgeValidated
                0xfffe6208       0x27 ./Sources/PlatformLibrary/LIB_ZeroCrossing/LIB_ZeroCrossing.o
                0xfffe6208                OnZc_EdgeValidated
 *fill*         0xfffe622f        0x1 00
 .text.callbackIRQ_Event
                0xfffe6230      0x1b8 ./Sources/PlatformLibrary/LIB_ZeroCrossing/LIB_ZeroCrossing.o
                0xfffe6230                callbackIRQ_Event
 .text.Get_ZCSysTime
                0xfffe63e8        0x8 ./Sources/PlatformLibrary/LIB_ZeroCrossing/LIB_ZeroCrossing.o
                0xfffe63e8                Get_ZCSysTime
 *fill*         0xfffe63f0        0x0 00
 .text.LIB_SettingBIST_StartSync
                0xfffe63f0       0x3c ./Sources/PlatformLibrary/LIB_Setting/LIB_Setting.o
                0xfffe63f0                LIB_SettingBIST_StartSync
 .text.LIB_SettingBIST_StepSync
                0xfffe642c        0xa ./Sources/PlatformLibrary/LIB_Setting/LIB_Setting.o
                0xfffe642c                LIB_SettingBIST_StepSync
 .text.LIB_SettingBIST_EndSync
                0xfffe6436       0x29 ./Sources/PlatformLibrary/LIB_Setting/LIB_Setting.o
                0xfffe6436                LIB_SettingBIST_EndSync
 *fill*         0xfffe645f        0x1 00
 .text.LIB_SettingPOST_Sync
                0xfffe6460       0x34 ./Sources/PlatformLibrary/LIB_Setting/LIB_Setting.o
                0xfffe6460                LIB_SettingPOST_Sync
 .text.CheckRAM_Manager
                0xfffe6494      0x12a ./Sources/PlatformLibrary/LIB_SecurityCheck/LIB_ClassBCheck.o
 .text.RegCheck
                0xfffe65be        0xc ./Sources/PlatformLibrary/LIB_SecurityCheck/LIB_ClassBCheck.o
                0xfffe65be                RegCheck
 .text.LIB_ClassB_Keywords_BIST
                0xfffe65ca        0xa ./Sources/PlatformLibrary/LIB_SecurityCheck/LIB_ClassBCheck.o
                0xfffe65ca                LIB_ClassB_Keywords_BIST
 .text.LIB_ClassB_RAM_BIST
                0xfffe65d4       0x11 ./Sources/PlatformLibrary/LIB_SecurityCheck/LIB_ClassBCheck.o
                0xfffe65d4                LIB_ClassB_RAM_BIST
 .text.LIB_ClassB_WDTCheckInit
                0xfffe65e5        0xd ./Sources/PlatformLibrary/LIB_SecurityCheck/LIB_ClassBCheck.o
                0xfffe65e5                LIB_ClassB_WDTCheckInit
 *fill*         0xfffe65f2        0x0 00
 .text.InitCheck
                0xfffe65f2       0xb4 ./Sources/PlatformLibrary/LIB_SecurityCheck/LIB_ClassBCheck.o
                0xfffe65f2                InitCheck
 .text.InitMemoryCheck
                0xfffe66a6       0x44 ./Sources/PlatformLibrary/LIB_SecurityCheck/LIB_ClassBCheck.o
                0xfffe66a6                InitMemoryCheck
 .text.ADC_CheckInit
                0xfffe66ea        0x8 ./Sources/PlatformLibrary/LIB_SecurityCheck/LIB_ClassBCheck.o
                0xfffe66ea                ADC_CheckInit
 .text.ADC_Check
                0xfffe66f2       0x2b ./Sources/PlatformLibrary/LIB_SecurityCheck/LIB_ClassBCheck.o
                0xfffe66f2                ADC_Check
 .text.LIB_TaskMonitorInit
                0xfffe671d       0x12 ./Sources/PlatformLibrary/LIB_SecurityCheck/LIB_TaskMonitoring.o
                0xfffe671d                LIB_TaskMonitorInit
 *fill*         0xfffe672f        0x1 00
 .text.LIB_TaskMonitor
                0xfffe6730       0x62 ./Sources/PlatformLibrary/LIB_SecurityCheck/LIB_TaskMonitoring.o
                0xfffe6730                LIB_TaskMonitor
 .text.LIB_TaskMonitoringConfig
                0xfffe6792       0x2f ./Sources/PlatformLibrary/LIB_SecurityCheck/LIB_TaskMonitoring.o
                0xfffe6792                LIB_TaskMonitoringConfig
 .text.LIB_TaskStartActivity
                0xfffe67c1       0x2d ./Sources/PlatformLibrary/LIB_SecurityCheck/LIB_TaskMonitoring.o
                0xfffe67c1                LIB_TaskStartActivity
 .text.LIB_TaskEndActivity
                0xfffe67ee       0x2a ./Sources/PlatformLibrary/LIB_SecurityCheck/LIB_TaskMonitoring.o
                0xfffe67ee                LIB_TaskEndActivity
 .text.LIB_SetTask
                0xfffe6818       0x1b ./Sources/PlatformLibrary/LIB_SecurityCheck/LIB_TaskMonitoring.o
                0xfffe6818                LIB_SetTask
 *fill*         0xfffe6833        0x1 00
 .text.LIB_IRQMonitor_Enter
                0xfffe6834       0x1e ./Sources/PlatformLibrary/LIB_SecurityCheck/LIB_TaskMonitoring.o
                0xfffe6834                LIB_IRQMonitor_Enter
 .text.LIB_IRQMonitor_Exit
                0xfffe6852        0xd ./Sources/PlatformLibrary/LIB_SecurityCheck/LIB_TaskMonitoring.o
                0xfffe6852                LIB_IRQMonitor_Exit
 .text.LIB_IRQMonitor_Init
                0xfffe685f       0x14 ./Sources/PlatformLibrary/LIB_SecurityCheck/LIB_TaskMonitoring.o
                0xfffe685f                LIB_IRQMonitor_Init
 *fill*         0xfffe6873        0x1 00
 .text.LIB_IRQMonitor
                0xfffe6874       0x8c ./Sources/PlatformLibrary/LIB_SecurityCheck/LIB_TaskMonitoring.o
                0xfffe6874                LIB_IRQMonitor
 .text.Set_NewSystemMode
                0xfffe6900       0x30 ./Sources/PlatformLibrary/LIB_Reset/LIB_Reset.o
 .text.__initialize_hardware
                0xfffe6930       0x2e ./Sources/PlatformLibrary/LIB_Reset/LIB_Reset.o
                0xfffe6930                __initialize_hardware
 .text.LIB_CheckKeywordsRam
                0xfffe695e       0x28 ./Sources/PlatformLibrary/LIB_Reset/LIB_Reset.o
                0xfffe695e                LIB_CheckKeywordsRam
 .text.LIB_SetKeywordsRam
                0xfffe6986       0x18 ./Sources/PlatformLibrary/LIB_Reset/LIB_Reset.o
                0xfffe6986                LIB_SetKeywordsRam
 .text.LIB_KeywordsRamCorruption
                0xfffe699e       0x1a ./Sources/PlatformLibrary/LIB_Reset/LIB_Reset.o
                0xfffe699e                LIB_KeywordsRamCorruption
 .text.__lib_reset_manager
                0xfffe69b8      0x120 ./Sources/PlatformLibrary/LIB_Reset/LIB_Reset.o
                0xfffe69b8                __lib_reset_manager
 .text.LIB_Reset_ForceColdReset
                0xfffe6ad8       0x13 ./Sources/PlatformLibrary/LIB_Reset/LIB_Reset.o
                0xfffe6ad8                LIB_Reset_ForceColdReset
 .text.LIB_Reset_GetIsColdReset
                0xfffe6aeb        0xb ./Sources/PlatformLibrary/LIB_Reset/LIB_Reset.o
                0xfffe6aeb                LIB_Reset_GetIsColdReset
 .text.LIB_Reset_GetSystemMode
                0xfffe6af6        0x7 ./Sources/PlatformLibrary/LIB_Reset/LIB_Reset.o
                0xfffe6af6                LIB_Reset_GetSystemMode
 .text.LIB_Reset_GetSystemSubMode
                0xfffe6afd        0x7 ./Sources/PlatformLibrary/LIB_Reset/LIB_Reset.o
                0xfffe6afd                LIB_Reset_GetSystemSubMode
 .text.LIB_Reset_GetNewSystemMode
                0xfffe6b04        0x7 ./Sources/PlatformLibrary/LIB_Reset/LIB_Reset.o
                0xfffe6b04                LIB_Reset_GetNewSystemMode
 .text.LIB_Reset_SetNewSystemMode
                0xfffe6b0b        0x7 ./Sources/PlatformLibrary/LIB_Reset/LIB_Reset.o
                0xfffe6b0b                LIB_Reset_SetNewSystemMode
 .text.LIB_Reset_IsColdReset
                0xfffe6b12       0x11 ./Sources/PlatformLibrary/LIB_Reset/LIB_Reset.o
                0xfffe6b12                LIB_Reset_IsColdReset
 .text.LIB_Reset_SetTimedRequest
                0xfffe6b23        0xd ./Sources/PlatformLibrary/LIB_Reset/LIB_Reset.o
                0xfffe6b23                LIB_Reset_SetTimedRequest
 .text.LIB_Reset_ChkTimedRequest
                0xfffe6b30       0x1e ./Sources/PlatformLibrary/LIB_Reset/LIB_Reset.o
                0xfffe6b30                LIB_Reset_ChkTimedRequest
 .text.LIB_Reset_SetResetTimeout
                0xfffe6b4e        0x8 ./Sources/PlatformLibrary/LIB_Reset/LIB_Reset.o
                0xfffe6b4e                LIB_Reset_SetResetTimeout
 .text.LIB_Reset_IsTimeToReset
                0xfffe6b56        0x9 ./Sources/PlatformLibrary/LIB_Reset/LIB_Reset.o
                0xfffe6b56                LIB_Reset_IsTimeToReset
 .text.LIB_Reset_IsTimeoutSet
                0xfffe6b5f        0xe ./Sources/PlatformLibrary/LIB_Reset/LIB_Reset.o
                0xfffe6b5f                LIB_Reset_IsTimeoutSet
 .text.LIB_Reset_EnterRemoteControl
                0xfffe6b6d       0x17 ./Sources/PlatformLibrary/LIB_Reset/LIB_Reset.o
                0xfffe6b6d                LIB_Reset_EnterRemoteControl
 .text.LIB_Reset_GetResetTimeout
                0xfffe6b84        0xf ./Sources/PlatformLibrary/LIB_Reset/LIB_Reset.o
                0xfffe6b84                LIB_Reset_GetResetTimeout
 *fill*         0xfffe6b93        0x1 00
 .text.LIB_IOM_External_SetCommand
                0xfffe6b94       0x62 ./Sources/PlatformLibrary/LIB_IOManager/ExternalOutputManager.o
                0xfffe6b94                LIB_IOM_External_SetCommand
 .text.LIB_IOM_External_SetReadRamRequest
                0xfffe6bf6       0x5e ./Sources/PlatformLibrary/LIB_IOManager/ExternalOutputManager.o
                0xfffe6bf6                LIB_IOM_External_SetReadRamRequest
 .text.LIB_IOM_External_SetWriteRamRequest
                0xfffe6c54       0x62 ./Sources/PlatformLibrary/LIB_IOManager/ExternalOutputManager.o
                0xfffe6c54                LIB_IOM_External_SetWriteRamRequest
 .text.LIB_IOM_External_SetExtraRequest
                0xfffe6cb6       0x5e ./Sources/PlatformLibrary/LIB_IOManager/ExternalOutputManager.o
                0xfffe6cb6                LIB_IOM_External_SetExtraRequest
 .text.LIB_IOM_External_GetCommandBuffer
                0xfffe6d14      0x108 ./Sources/PlatformLibrary/LIB_IOManager/ExternalOutputManager.o
                0xfffe6d14                LIB_IOM_External_GetCommandBuffer
 .text.LIB_IOM_External_GetLoadStatus
                0xfffe6e1c       0x18 ./Sources/PlatformLibrary/LIB_IOManager/ExternalOutputManager.o
                0xfffe6e1c                LIB_IOM_External_GetLoadStatus
 .text.LIB_IOM_External_ProcessInfoPacketData
                0xfffe6e34       0xc0 ./Sources/PlatformLibrary/LIB_IOManager/ExternalOutputManager.o
                0xfffe6e34                LIB_IOM_External_ProcessInfoPacketData
 .text.LIB_IOM_Set_IODir_ActiveSense
                0xfffe6ef4       0x28 ./Sources/PlatformLibrary/LIB_IOManager/IOSharing.o
                0xfffe6ef4                LIB_IOM_Set_IODir_ActiveSense
 .text.LIB_IOM_Get_IODir_ActiveSense
                0xfffe6f1c       0x1e ./Sources/PlatformLibrary/LIB_IOManager/IOSharing.o
                0xfffe6f1c                LIB_IOM_Get_IODir_ActiveSense
 .text.LIB_IOM_IO_Manager_Init
                0xfffe6f3a        0xb ./Sources/PlatformLibrary/LIB_IOManager/IOSharing.o
                0xfffe6f3a                LIB_IOM_IO_Manager_Init
 *fill*         0xfffe6f45        0x1 00
 .text.LIB_IOM_InputInitialization
                0xfffe6f46      0x166 ./Sources/PlatformLibrary/LIB_IOManager/InputManager.o
                0xfffe6f46                LIB_IOM_InputInitialization
 .text.LIB_IOM_FindLoad
                0xfffe70ac       0x36 ./Sources/PlatformLibrary/LIB_IOManager/OutputManager.o
                0xfffe70ac                LIB_IOM_FindLoad
 .text.LIB_IOM_GetPilotType
                0xfffe70e2        0xe ./Sources/PlatformLibrary/LIB_IOManager/OutputManager.o
                0xfffe70e2                LIB_IOM_GetPilotType
 .text.LIB_IOM_SetLoad
                0xfffe70f0       0xe8 ./Sources/PlatformLibrary/LIB_IOManager/OutputManager.o
                0xfffe70f0                LIB_IOM_SetLoad
 .text.LIB_IOM_GIOM_SetLoad
                0xfffe71d8       0x82 ./Sources/PlatformLibrary/LIB_IOManager/OutputManager.o
                0xfffe71d8                LIB_IOM_GIOM_SetLoad
 .text.LIB_IOM_OutputInitialization
                0xfffe725a      0x16e ./Sources/PlatformLibrary/LIB_IOManager/OutputManager.o
                0xfffe725a                LIB_IOM_OutputInitialization
 .text.LIB_IOM_GetLoadStatus
                0xfffe73c8       0x14 ./Sources/PlatformLibrary/LIB_IOManager/OutputManager.o
                0xfffe73c8                LIB_IOM_GetLoadStatus
 .text.LIB_IOM_NumberOfLoads
                0xfffe73dc       0x1e ./Sources/PlatformLibrary/LIB_IOManager/OutputManager.o
                0xfffe73dc                LIB_IOM_NumberOfLoads
 .text.LIB_IOM_SetAllLoadsOff
                0xfffe73fa       0x40 ./Sources/PlatformLibrary/LIB_IOManager/OutputManager.o
                0xfffe73fa                LIB_IOM_SetAllLoadsOff
 .text.LIB_GV_getRMS_Vac
                0xfffe743a       0x12 ./Sources/PlatformLibrary/LIB_GridVoltage/LIB_GridVoltage.o
                0xfffe743a                LIB_GV_getRMS_Vac
 .text.LIB_GV_InitNominalGridVoltageMeasure
                0xfffe744c       0x24 ./Sources/PlatformLibrary/LIB_GridVoltage/LIB_GridVoltage.o
                0xfffe744c                LIB_GV_InitNominalGridVoltageMeasure
 *fill*         0xfffe7470        0x0 00
 .text.LIB_GV_CheckNominalVoltage
                0xfffe7470       0x8c ./Sources/PlatformLibrary/LIB_GridVoltage/LIB_GridVoltage.o
                0xfffe7470                LIB_GV_CheckNominalVoltage
 .text.LIB_crc_partial_calculate
                0xfffe74fc        0x3 ./Sources/PlatformLibrary/LIB_Generic/LIB_crc.o
                0xfffe74fc                LIB_crc_partial_calculate
 .text.LIB_FDB_FeedbackInitMeasure
                0xfffe74ff       0x26 ./Sources/PlatformLibrary/LIB_Feedbacks/Feedbacks.o
                0xfffe74ff                LIB_FDB_FeedbackInitMeasure
 .text.LIB_FDB_InitSync
                0xfffe7525       0x1b ./Sources/PlatformLibrary/LIB_Feedbacks/Feedbacks.o
                0xfffe7525                LIB_FDB_InitSync
 .text.LIB_FDB_GetFeedbackVal
                0xfffe7540        0x9 ./Sources/PlatformLibrary/LIB_Feedbacks/Feedbacks.o
                0xfffe7540                LIB_FDB_GetFeedbackVal
 .text.LIB_FDB_IsFeedbackReady
                0xfffe7549        0xf ./Sources/PlatformLibrary/LIB_Feedbacks/Feedbacks.o
                0xfffe7549                LIB_FDB_IsFeedbackReady
 .text.LIB_FDB_RegisterFeedback
                0xfffe7558       0x3a ./Sources/PlatformLibrary/LIB_Feedbacks/Feedbacks.o
                0xfffe7558                LIB_FDB_RegisterFeedback
 *fill*         0xfffe7592        0x0 00
 .text.LIB_FDB_Manager
                0xfffe7592       0xf4 ./Sources/PlatformLibrary/LIB_Feedbacks/Feedbacks.o
                0xfffe7592                LIB_FDB_Manager
 .text.LIB_Error_Warning_Handler
                0xfffe7686        0x6 ./Sources/PlatformLibrary/LIB_Error/LIB_Error.o
                0xfffe7686                LIB_Error_Warning_Handler
 *fill*         0xfffe768c        0x0 00
 .text.LIB_Error_Fatal_Handler
                0xfffe768c       0x28 ./Sources/PlatformLibrary/LIB_Error/LIB_Error.o
                0xfffe768c                LIB_Error_Fatal_Handler
 .text.LIB_DIO_InitDigInputs
                0xfffe76b4       0x31 ./Sources/PlatformLibrary/LIB_DigitalIO/DigitalInputs.o
                0xfffe76b4                LIB_DIO_InitDigInputs
 *fill*         0xfffe76e5        0x1 00
 .text.LIB_DIO_InsertDigInput
                0xfffe76e6       0x46 ./Sources/PlatformLibrary/LIB_DigitalIO/DigitalInputs.o
                0xfffe76e6                LIB_DIO_InsertDigInput
 .text.LIB_DIO_GET_INPUT
                0xfffe772c       0x14 ./Sources/PlatformLibrary/LIB_DigitalIO/DigitalInputs.o
                0xfffe772c                LIB_DIO_GET_INPUT
 *fill*         0xfffe7740        0x0 00
 .text.LIB_DIO_GET_INPUT_F
                0xfffe7740       0x2a ./Sources/PlatformLibrary/LIB_DigitalIO/DigitalInputs.o
                0xfffe7740                LIB_DIO_GET_INPUT_F
 .text.LIB_DIO_DigInputManager
                0xfffe776a       0xc0 ./Sources/PlatformLibrary/LIB_DigitalIO/DigitalInputs.o
                0xfffe776a                LIB_DIO_DigInputManager
 .text.LIB_DIO_AreDigInputsReady
                0xfffe782a       0x28 ./Sources/PlatformLibrary/LIB_DigitalIO/DigitalInputs.o
                0xfffe782a                LIB_DIO_AreDigInputsReady
 .text.LIB_DIO_IsDigitalReady
                0xfffe7852       0x16 ./Sources/PlatformLibrary/LIB_DigitalIO/DigitalInputs.o
                0xfffe7852                LIB_DIO_IsDigitalReady
 *fill*         0xfffe7868        0x0 00
 .text.LIB_DIO_SET_LOAD
                0xfffe7868       0x36 ./Sources/PlatformLibrary/LIB_DigitalIO/DigitalOutputs.o
                0xfffe7868                LIB_DIO_SET_LOAD
 .text.LIB_Backup_CheckIfIsTimeToBackup
                0xfffe789e       0x24 ./Sources/PlatformLibrary/LIB_BackUp/LIB_BackUp.o
                0xfffe789e                LIB_Backup_CheckIfIsTimeToBackup
 .text.LIB_Backup_ForceBackup
                0xfffe78c2       0x2b ./Sources/PlatformLibrary/LIB_BackUp/LIB_BackUp.o
                0xfffe78c2                LIB_Backup_ForceBackup
 *fill*         0xfffe78ed        0x1 00
 .text.LIB_Backup_RestoreManager
                0xfffe78ee       0x16 ./Sources/PlatformLibrary/LIB_BackUp/LIB_BackUp.o
                0xfffe78ee                LIB_Backup_RestoreManager
 .text.LIB_Backup_RefCheck
                0xfffe7904       0xb4 ./Sources/PlatformLibrary/LIB_BackUp/LIB_BackUp.o
                0xfffe7904                LIB_Backup_RefCheck
 .text.Task_Backup
                0xfffe79b8       0x64 ./Sources/PlatformLibrary/LIB_BackUp/LIB_BackUp.o
                0xfffe79b8                Task_Backup
 .text.LIB_Backup_SetBackupControlMonitor
                0xfffe7a1c        0x7 ./Sources/PlatformLibrary/LIB_BackUp/LIB_BackUp.o
                0xfffe7a1c                LIB_Backup_SetBackupControlMonitor
 .text.LIB_Backup_GetBackupControlMonitor
                0xfffe7a23        0x7 ./Sources/PlatformLibrary/LIB_BackUp/LIB_BackUp.o
                0xfffe7a23                LIB_Backup_GetBackupControlMonitor
 .text.LIB_Backup_SetBackupSource
                0xfffe7a2a        0x8 ./Sources/PlatformLibrary/LIB_BackUp/LIB_BackUp.o
                0xfffe7a2a                LIB_Backup_SetBackupSource
 .text.LIB_Backup_ResetBackupSource
                0xfffe7a32        0x8 ./Sources/PlatformLibrary/LIB_BackUp/LIB_BackUp.o
                0xfffe7a32                LIB_Backup_ResetBackupSource
 .text.LIB_BackupBlockSave
                0xfffe7a3a       0x26 ./Sources/PlatformLibrary/LIB_BackUp/LIB_BackUp_low.o
 .text.LIB_Backup_GetBackupLen
                0xfffe7a60       0x42 ./Sources/PlatformLibrary/LIB_BackUp/LIB_BackUp_low.o
                0xfffe7a60                LIB_Backup_GetBackupLen
 .text.LIB_Backup_InvalidateBackupArea
                0xfffe7aa2       0x1e ./Sources/PlatformLibrary/LIB_BackUp/LIB_BackUp_low.o
                0xfffe7aa2                LIB_Backup_InvalidateBackupArea
 .text.LIB_Backup_DataSave
                0xfffe7ac0      0x132 ./Sources/PlatformLibrary/LIB_BackUp/LIB_BackUp_low.o
                0xfffe7ac0                LIB_Backup_DataSave
 .text.LIB_Backup_DataRestore
                0xfffe7bf2       0x86 ./Sources/PlatformLibrary/LIB_BackUp/LIB_BackUp_low.o
                0xfffe7bf2                LIB_Backup_DataRestore
 .text.LIB_Backup_ChecksumVerify
                0xfffe7c78       0x32 ./Sources/PlatformLibrary/LIB_BackUp/LIB_BackUp_low.o
                0xfffe7c78                LIB_Backup_ChecksumVerify
 .text.LIB_ADC_InitSync
                0xfffe7caa       0x46 ./Sources/PlatformLibrary/LIB_Analog/Analog.o
                0xfffe7caa                LIB_ADC_InitSync
 *fill*         0xfffe7cf0        0x0 00
 .text.LIB_ADC_RegisterADchannel
                0xfffe7cf0       0x54 ./Sources/PlatformLibrary/LIB_Analog/Analog.o
                0xfffe7cf0                LIB_ADC_RegisterADchannel
 .text.LIB_ADC_UnregisterAllADch
                0xfffe7d44        0x8 ./Sources/PlatformLibrary/LIB_Analog/Analog.o
                0xfffe7d44                LIB_ADC_UnregisterAllADch
 *fill*         0xfffe7d4c        0x0 00
 .text.LIB_ADC_AreAnalogInputsReady
                0xfffe7d4c       0x54 ./Sources/PlatformLibrary/LIB_Analog/Analog.o
                0xfffe7d4c                LIB_ADC_AreAnalogInputsReady
 .text.LIB_ADC_IsAnalogReady
                0xfffe7da0       0x18 ./Sources/PlatformLibrary/LIB_Analog/Analog.o
                0xfffe7da0                LIB_ADC_IsAnalogReady
 .text.LIB_ADC_GetAnalogValue
                0xfffe7db8        0xa ./Sources/PlatformLibrary/LIB_Analog/Analog.o
                0xfffe7db8                LIB_ADC_GetAnalogValue
 *fill*         0xfffe7dc2        0x0 00
 .text.LIB_ADC_AnalogChRamPos
                0xfffe7dc2       0x22 ./Sources/PlatformLibrary/LIB_Analog/Analog.o
                0xfffe7dc2                LIB_ADC_AnalogChRamPos
 .text.LIB_ADC_ADChVsAnalogInputParamIndex
                0xfffe7de4       0x22 ./Sources/PlatformLibrary/LIB_Analog/Analog.o
                0xfffe7de4                LIB_ADC_ADChVsAnalogInputParamIndex
 .text.LIB_ADC_IsNoAutoMeasureReady
                0xfffe7e06       0x1b ./Sources/PlatformLibrary/LIB_Analog/Analog.o
                0xfffe7e06                LIB_ADC_IsNoAutoMeasureReady
 .text.LIB_ADC_ResetAnalogMeasure
                0xfffe7e21       0x15 ./Sources/PlatformLibrary/LIB_Analog/Analog.o
                0xfffe7e21                LIB_ADC_ResetAnalogMeasure
 *fill*         0xfffe7e36        0x0 00
 .text.LIB_ADC_InitMeasureForCh
                0xfffe7e36       0x36 ./Sources/PlatformLibrary/LIB_Analog/Analog.o
                0xfffe7e36                LIB_ADC_InitMeasureForCh
 .text.LIB_ADC_AvgFilter
                0xfffe7e6c       0xce ./Sources/PlatformLibrary/LIB_Analog/Analog.o
 .text.LIB_ADC_Conv_F
                0xfffe7f3a       0xde ./Sources/PlatformLibrary/LIB_Analog/Analog.o
                0xfffe7f3a                LIB_ADC_Conv_F
 .text.LIB_ADC_Manager
                0xfffe8018       0x6c ./Sources/PlatformLibrary/LIB_Analog/Analog.o
                0xfffe8018                LIB_ADC_Manager
 .text.LIB_ADC_CheckRef
                0xfffe8084       0x6e ./Sources/PlatformLibrary/LIB_Analog/Analog.o
                0xfffe8084                LIB_ADC_CheckRef
 .text.LIB_ADC_Is_Ref_Good
                0xfffe80f2        0x7 ./Sources/PlatformLibrary/LIB_Analog/Analog.o
                0xfffe80f2                LIB_ADC_Is_Ref_Good
 *fill*         0xfffe80f9        0x1 00
 .text.LIB_ADC_VLineMeasure
                0xfffe80fa       0x68 ./Sources/PlatformLibrary/LIB_Analog/Analog.o
                0xfffe80fa                LIB_ADC_VLineMeasure
 .text.Tools_CreateTimeTrigger
                0xfffe8162       0x13 ./Sources/Main/EmbOS/tools/Tools_TimeTrigger.o
                0xfffe8162                Tools_CreateTimeTrigger
 *fill*         0xfffe8175        0x1 00
 .text.Tools_IsTriggered
                0xfffe8176       0x24 ./Sources/Main/EmbOS/tools/Tools_TimeTrigger.o
                0xfffe8176                Tools_IsTriggered
 .text.Tools_SetTimeout
                0xfffe819a       0x10 ./Sources/Main/EmbOS/tools/Tools_TimeTrigger.o
                0xfffe819a                Tools_SetTimeout
 .text.Tools_DisableTimeout
                0xfffe81aa        0x4 ./Sources/Main/EmbOS/tools/Tools_TimeTrigger.o
                0xfffe81aa                Tools_DisableTimeout
 .text.Tools_IsTimeoutDisabled
                0xfffe81ae        0x8 ./Sources/Main/EmbOS/tools/Tools_TimeTrigger.o
                0xfffe81ae                Tools_IsTimeoutDisabled
 .text.Tools_IsTimeoutExpired
                0xfffe81b6       0x22 ./Sources/Main/EmbOS/tools/Tools_TimeTrigger.o
                0xfffe81b6                Tools_IsTimeoutExpired
 .text.Tools_CreateTimingMeasure
                0xfffe81d8       0x1b ./Sources/Main/EmbOS/tools/Tools_TimingMeasure.o
                0xfffe81d8                Tools_CreateTimingMeasure
 .text.Tools_TimingSetRef
                0xfffe81f3        0x4 ./Sources/Main/EmbOS/tools/Tools_TimingMeasure.o
                0xfffe81f3                Tools_TimingSetRef
 .text.Tools_GetTiming
                0xfffe81f7       0x13 ./Sources/Main/EmbOS/tools/Tools_TimingMeasure.o
                0xfffe81f7                Tools_GetTiming
 .text.Tools_CreateTimingStats
                0xfffe820a        0xd ./Sources/Main/EmbOS/tools/Tools_TimingMeasure.o
                0xfffe820a                Tools_CreateTimingStats
 *fill*         0xfffe8217        0x1 00
 .text.Tools_ProcessValue
                0xfffe8218       0x18 ./Sources/Main/EmbOS/tools/Tools_TimingMeasure.o
                0xfffe8218                Tools_ProcessValue
 .text.Main_ActivityList_Init
                0xfffe8230        0x7 ./Sources/Main/EmbOS/Services/ActivityList/Main_ActivityList.o
                0xfffe8230                Main_ActivityList_Init
 *fill*         0xfffe8237        0x1 00
 .text.Main_CreateActivity
                0xfffe8238       0x1a ./Sources/Main/EmbOS/Services/ActivityList/Main_ActivityList.o
                0xfffe8238                Main_CreateActivity
 .text.Main_ActivityProcess
                0xfffe8252       0x28 ./Sources/Main/EmbOS/Services/ActivityList/Main_ActivityList.o
                0xfffe8252                Main_ActivityProcess
 .text.Backup_SystemBackup
                0xfffe827a       0x52 ./Sources/Main/EmbOS/Backup.o
                0xfffe827a                Backup_SystemBackup
 .text.DoRestoreSystem
                0xfffe82cc        0x3 ./Sources/Main/EmbOS/Backup.o
                0xfffe82cc                DoRestoreSystem
 *fill*         0xfffe82cf        0x1 00
 .text.Main_AnalogInputsTask
                0xfffe82d0       0x36 ./Sources/Main/EmbOS/Main_AnalogInputs.o
 .text.Main_AnalogInit
                0xfffe8306       0x3a ./Sources/Main/EmbOS/Main_AnalogInputs.o
                0xfffe8306                Main_AnalogInit
 .text.Main_AnalogRefMonitor
                0xfffe8340       0x12 ./Sources/Main/EmbOS/Main_AnalogInputs.o
                0xfffe8340                Main_AnalogRefMonitor
 .text.Main_Analog_IsRefOk
                0xfffe8352        0x8 ./Sources/Main/EmbOS/Main_AnalogInputs.o
                0xfffe8352                Main_Analog_IsRefOk
 .text.Main_ActivateAnalogInputs
                0xfffe835a       0x16 ./Sources/Main/EmbOS/Main_AnalogInputs.o
                0xfffe835a                Main_ActivateAnalogInputs
 .text.AlmAnalogCallback
                0xfffe8370        0x2 ./Sources/Main/EmbOS/Main_AnalogInputs.o
 *fill*         0xfffe8372        0x0 00
 .text.Main_ScheduleAnalogMeasure
                0xfffe8372       0x60 ./Sources/Main/EmbOS/Main_AnalogInputs.o
                0xfffe8372                Main_ScheduleAnalogMeasure
 .text.Main_ApplicationPeriodicAsynTask
                0xfffe83d2       0x5e ./Sources/Main/EmbOS/Main_Application.o
 .text.Main_ApplicationInit
                0xfffe8430       0x22 ./Sources/Main/EmbOS/Main_Application.o
                0xfffe8430                Main_ApplicationInit
 .text.Main_BackupTask
                0xfffe8452       0x2e ./Sources/Main/EmbOS/Main_Backup.o
 .text.Main_BackupInit
                0xfffe8480       0x22 ./Sources/Main/EmbOS/Main_Backup.o
                0xfffe8480                Main_BackupInit
 .text.Main_ActivateBackup
                0xfffe84a2       0x16 ./Sources/Main/EmbOS/Main_Backup.o
                0xfffe84a2                Main_ActivateBackup
 *fill*         0xfffe84b8        0x0 00
 .text.Main_Backup_DoRestore
                0xfffe84b8       0x30 ./Sources/Main/EmbOS/Main_Backup.o
                0xfffe84b8                Main_Backup_DoRestore
 .text.AlmFeedbacksCallback
                0xfffe84e8       0x16 ./Sources/Main/EmbOS/Main_Feedbacks.o
 *fill*         0xfffe84fe        0x0 00
 .text.Main_FeedbacksTask
                0xfffe84fe       0x44 ./Sources/Main/EmbOS/Main_Feedbacks.o
 .text.Main_FeedbacksInit
                0xfffe8542       0x41 ./Sources/Main/EmbOS/Main_Feedbacks.o
                0xfffe8542                Main_FeedbacksInit
 .text.Main_ActivateFeedbacks_AsyncRead
                0xfffe8583       0x65 ./Sources/Main/EmbOS/Main_Feedbacks.o
                0xfffe8583                Main_ActivateFeedbacks_AsyncRead
 *fill*         0xfffe85e8        0x0 00
 .text.Main_ScheduleFeedbacks
                0xfffe85e8       0x60 ./Sources/Main/EmbOS/Main_Feedbacks.o
                0xfffe85e8                Main_ScheduleFeedbacks
 .text.Main_SupervisorTask
                0xfffe8648       0xce ./Sources/Main/EmbOS/Main_Init.o
 .text.startup.main
                0xfffe8716       0x58 ./Sources/Main/EmbOS/Main_Init.o
                0xfffe8716                main
 .text.Main_ZcSyncMonitor
                0xfffe876e       0x12 ./Sources/Main/EmbOS/Main_Init.o
                0xfffe876e                Main_ZcSyncMonitor
 .text.Main_IsRestoreCompleted
                0xfffe8780       0x10 ./Sources/Main/EmbOS/Main_Init.o
                0xfffe8780                Main_IsRestoreCompleted
 .text.Main_CompleteRestore
                0xfffe8790        0x8 ./Sources/Main/EmbOS/Main_Init.o
                0xfffe8790                Main_CompleteRestore
 *fill*         0xfffe8798        0x0 00
 .text.Main_LiveMeasure
                0xfffe8798       0x50 ./Sources/Main/EmbOS/Main_MeasureLIVE.o
                0xfffe8798                Main_LiveMeasure
 .text.Main_LiveInit
                0xfffe87e8       0x14 ./Sources/Main/EmbOS/Main_MeasureLIVE.o
                0xfffe87e8                Main_LiveInit
 .text.Main_MeasureLive_SetSequencerProfile
                0xfffe87fc        0x8 ./Sources/Main/EmbOS/Main_MeasureLIVE.o
                0xfffe87fc                Main_MeasureLive_SetSequencerProfile
 .text.Main_SequencerCallback
                0xfffe8804       0x1b ./Sources/Main/EmbOS/Main_Sequencer.o
 .text.AlmSequencerCallback
                0xfffe881f       0x16 ./Sources/Main/EmbOS/Main_Sequencer.o
 *fill*         0xfffe8835        0x1 00
 .text.Main_SequencerTask
                0xfffe8836       0x56 ./Sources/Main/EmbOS/Main_Sequencer.o
 .text.Main_SequencerInit
                0xfffe888c       0x56 ./Sources/Main/EmbOS/Main_Sequencer.o
                0xfffe888c                Main_SequencerInit
 .text.Main_PeriodicScheduleSequencer
                0xfffe88e2       0xa4 ./Sources/Main/EmbOS/Main_Sequencer.o
                0xfffe88e2                Main_PeriodicScheduleSequencer
 .text.Main_AddSequencerActivity
                0xfffe8986       0x17 ./Sources/Main/EmbOS/Main_Sequencer.o
                0xfffe8986                Main_AddSequencerActivity
 .text.Main_GetSequencerLength
                0xfffe899d        0x3 ./Sources/Main/EmbOS/Main_Sequencer.o
                0xfffe899d                Main_GetSequencerLength
 .text.Main_GetSequencerMiddleEvent
                0xfffe89a0        0x3 ./Sources/Main/EmbOS/Main_Sequencer.o
                0xfffe89a0                Main_GetSequencerMiddleEvent
 .text.Main_RemoteLoadsControl_Init
                0xfffe89a3       0x1b ./Sources/Main/EmbOS/RemoteLoadsControl.o
                0xfffe89a3                Main_RemoteLoadsControl_Init
 .text.Main_RemoteLoadsControl_PutCommand
                0xfffe89be       0x60 ./Sources/Main/EmbOS/RemoteLoadsControl.o
                0xfffe89be                Main_RemoteLoadsControl_PutCommand
 .text.Main_RemoteLoadsControl_GetCommand
                0xfffe8a1e       0x36 ./Sources/Main/EmbOS/RemoteLoadsControl.o
                0xfffe8a1e                Main_RemoteLoadsControl_GetCommand
 .text.Main_RemoteLoadsControl_ProcessCommand
                0xfffe8a54       0x4e ./Sources/Main/EmbOS/RemoteLoadsControl.o
                0xfffe8a54                Main_RemoteLoadsControl_ProcessCommand
 .text.Main_RemoteLoadsControl_PurgeCommand
                0xfffe8aa2        0x8 ./Sources/Main/EmbOS/RemoteLoadsControl.o
                0xfffe8aa2                Main_RemoteLoadsControl_PurgeCommand
 .text.Init_IdentTablePointers
                0xfffe8aaa       0x27 ./Sources/Inertia/General/CstmGlobal.o
                0xfffe8aaa                Init_IdentTablePointers
 *fill*         0xfffe8ad1        0x1 00
 .text.Init_LookupTablePointers
                0xfffe8ad2       0x20 ./Sources/Inertia/General/CstmGlobal.o
                0xfffe8ad2                Init_LookupTablePointers
 .text.CBF_SetAllLoaddOff
                0xfffe8af2        0x3 ./Sources/Inertia/General/callback.o
                0xfffe8af2                CBF_SetAllLoaddOff
 .text.CBF_GIOM_LoadPilot
                0xfffe8af5        0x3 ./Sources/Inertia/General/callback.o
                0xfffe8af5                CBF_GIOM_LoadPilot
 .text.CALLBACK_Main_WarmReset
                0xfffe8af8        0x1 ./Sources/Inertia/General/callback.o
                0xfffe8af8                CALLBACK_Main_WarmReset
 .text.CALLBACK_Main_ColdReset_BeforeRestore
                0xfffe8af9        0x1 ./Sources/Inertia/General/callback.o
                0xfffe8af9                CALLBACK_Main_ColdReset_BeforeRestore
 .text.CALLBACK_Main_ColdReset_OnRestoredData
                0xfffe8afa        0x1 ./Sources/Inertia/General/callback.o
                0xfffe8afa                CALLBACK_Main_ColdReset_OnRestoredData
 .text.CALLBACK_Main_ColdReset_OnNotRestoredData
                0xfffe8afb        0x1 ./Sources/Inertia/General/callback.o
                0xfffe8afb                CALLBACK_Main_ColdReset_OnNotRestoredData
 .text.CALLBACK_Main_ColdReset_AfterRestore
                0xfffe8afc        0x1 ./Sources/Inertia/General/callback.o
                0xfffe8afc                CALLBACK_Main_ColdReset_AfterRestore
 .text.CALLBACK_Main_BackupAreaInvalidationRequired
                0xfffe8afd        0x3 ./Sources/Inertia/General/callback.o
                0xfffe8afd                CALLBACK_Main_BackupAreaInvalidationRequired
 .text.CALLBACK_Main_StartUp
                0xfffe8b00        0x7 ./Sources/Inertia/General/callback.o
                0xfffe8b00                CALLBACK_Main_StartUp
 .text.CALLBACK_Main_ApplicationTask_Ctrl
                0xfffe8b07        0xf ./Sources/Inertia/General/callback.o
                0xfffe8b07                CALLBACK_Main_ApplicationTask_Ctrl
 .text.CALLBACK_RemoteLoadsControl_BeforeProcess
                0xfffe8b16        0x1 ./Sources/Inertia/General/callback.o
                0xfffe8b16                CALLBACK_RemoteLoadsControl_BeforeProcess
 .text.CALLBACK_RemoteLoadsControl_AfterProcess
                0xfffe8b17        0x1 ./Sources/Inertia/General/callback.o
                0xfffe8b17                CALLBACK_RemoteLoadsControl_AfterProcess
 .text.CALLBACK_Main_ApplicationTask_Body
                0xfffe8b18        0x1 ./Sources/Inertia/General/callback.o
                0xfffe8b18                CALLBACK_Main_ApplicationTask_Body
 .text.CALLBACK_Main_GP
                0xfffe8b19        0x7 ./Sources/Inertia/General/callback.o
                0xfffe8b19                CALLBACK_Main_GP
 *fill*         0xfffe8b20        0x0 00
 .text.CALLBACK_Main_InitTask
                0xfffe8b20       0x5e ./Sources/Inertia/General/callback.o
                0xfffe8b20                CALLBACK_Main_InitTask
 .text.CALLBACK_Protocol_SubModeManage
                0xfffe8b7e        0x3 ./Sources/Inertia/General/callback.o
                0xfffe8b7e                CALLBACK_Protocol_SubModeManage
 .text.CBF_Task_Protocol_SetSpecialModeManager
                0xfffe8b81        0x1 ./Sources/Inertia/General/callback.o
                0xfffe8b81                CBF_Task_Protocol_SetSpecialModeManager
 .text.CALLBACK_Protocol_UIRemoteControlManage
                0xfffe8b82        0x1 ./Sources/Inertia/General/callback.o
                0xfffe8b82                CALLBACK_Protocol_UIRemoteControlManage
 .text.CBF_notifyBackupAlarm
                0xfffe8b83        0x8 ./Sources/Inertia/General/callback.o
                0xfffe8b83                CBF_notifyBackupAlarm
 .text.CBF_OnReadStatusCompleted
                0xfffe8b8b        0xd ./Sources/Inertia/General/callback.o
                0xfffe8b8b                CBF_OnReadStatusCompleted
 .text.CBF_OnReadRegulations
                0xfffe8b98        0xc ./Sources/Inertia/General/callback.o
                0xfffe8b98                CBF_OnReadRegulations
 .text.CBF_OnReadRegulationsCompleted
                0xfffe8ba4        0xd ./Sources/Inertia/General/callback.o
                0xfffe8ba4                CBF_OnReadRegulationsCompleted
 .text.CBF_OnWriteRegulations
                0xfffe8bb1        0xc ./Sources/Inertia/General/callback.o
                0xfffe8bb1                CBF_OnWriteRegulations
 .text.CBF_IOManager_IOVal_Ctrl
                0xfffe8bbd        0x3 ./Sources/Inertia/General/callback.o
                0xfffe8bbd                CBF_IOManager_IOVal_Ctrl
 .text.CBF_AnalogInputIntManager_Polling
                0xfffe8bc0        0x1 ./Sources/Inertia/General/callback.o
                0xfffe8bc0                CBF_AnalogInputIntManager_Polling
 *fill*         0xfffe8bc1        0x1 00
 .text.GetInternalHWClearSourceValue
                0xfffe8bc2       0x58 ./Sources/HAL/RN_RX200/RN_RX200_hal.o
 .text.WDT_Enabled
                0xfffe8c1a        0x3 ./Sources/HAL/RN_RX200/RN_RX200_hal.o
                0xfffe8c1a                WDT_Enabled
 .text.WDT_Refresh
                0xfffe8c1d        0xc ./Sources/HAL/RN_RX200/RN_RX200_hal.o
                0xfffe8c1d                WDT_Refresh
 .text.WDT_TimeoutExpired
                0xfffe8c29        0xd ./Sources/HAL/RN_RX200/RN_RX200_hal.o
                0xfffe8c29                WDT_TimeoutExpired
 .text.WDT_UntimelyResetOccurred
                0xfffe8c36        0xb ./Sources/HAL/RN_RX200/RN_RX200_hal.o
                0xfffe8c36                WDT_UntimelyResetOccurred
 .text.WDT_ClearTimeoutExpired
                0xfffe8c41        0xe ./Sources/HAL/RN_RX200/RN_RX200_hal.o
                0xfffe8c41                WDT_ClearTimeoutExpired
 .text.WDT_ClearUntimelyResetOccurred
                0xfffe8c4f        0xe ./Sources/HAL/RN_RX200/RN_RX200_hal.o
                0xfffe8c4f                WDT_ClearUntimelyResetOccurred
 .text.WDT_AllowUpdate
                0xfffe8c5d        0x3 ./Sources/HAL/RN_RX200/RN_RX200_hal.o
                0xfffe8c5d                WDT_AllowUpdate
 .text.WDT_IsWindowOpen
                0xfffe8c60       0x14 ./Sources/HAL/RN_RX200/RN_RX200_hal.o
                0xfffe8c60                WDT_IsWindowOpen
 .text.WDT_IsRunning
                0xfffe8c74       0x10 ./Sources/HAL/RN_RX200/RN_RX200_hal.o
                0xfffe8c74                WDT_IsRunning
 .text.WDT_InitSync
                0xfffe8c84       0x2c ./Sources/HAL/RN_RX200/RN_RX200_hal.o
                0xfffe8c84                WDT_InitSync
 .text.WDT_StartSync
                0xfffe8cb0        0x3 ./Sources/HAL/RN_RX200/RN_RX200_hal.o
                0xfffe8cb0                WDT_StartSync
 .text.SYS_GetResetSrcVal
                0xfffe8cb3       0x2d ./Sources/HAL/RN_RX200/RN_RX200_hal.o
                0xfffe8cb3                SYS_GetResetSrcVal
 .text.SYS_PowerOnReset
                0xfffe8ce0        0x3 ./Sources/HAL/RN_RX200/RN_RX200_hal.o
                0xfffe8ce0                SYS_PowerOnReset
 .text.SYS_WatchdogReset
                0xfffe8ce3        0x5 ./Sources/HAL/RN_RX200/RN_RX200_hal.o
                0xfffe8ce3                SYS_WatchdogReset
 .text.SYS_ExternalPinReset
                0xfffe8ce8        0x6 ./Sources/HAL/RN_RX200/RN_RX200_hal.o
                0xfffe8ce8                SYS_ExternalPinReset
 .text.SYS_LossOfClockReset
                0xfffe8cee        0x3 ./Sources/HAL/RN_RX200/RN_RX200_hal.o
                0xfffe8cee                SYS_LossOfClockReset
 .text.SYS_IllegalOpcodeReset
                0xfffe8cf1        0x3 ./Sources/HAL/RN_RX200/RN_RX200_hal.o
                0xfffe8cf1                SYS_IllegalOpcodeReset
 .text.SYS_LowVoltageReset
                0xfffe8cf4        0x5 ./Sources/HAL/RN_RX200/RN_RX200_hal.o
                0xfffe8cf4                SYS_LowVoltageReset
 .text.SYS_DebuggerReset
                0xfffe8cf9        0x3 ./Sources/HAL/RN_RX200/RN_RX200_hal.o
                0xfffe8cf9                SYS_DebuggerReset
 .text.SYS_IllegalAddressReset
                0xfffe8cfc        0x3 ./Sources/HAL/RN_RX200/RN_RX200_hal.o
                0xfffe8cfc                SYS_IllegalAddressReset
 .text.SYS_UserReset
                0xfffe8cff        0x5 ./Sources/HAL/RN_RX200/RN_RX200_hal.o
                0xfffe8cff                SYS_UserReset
 *fill*         0xfffe8d04        0x0 00
 .text.CLK_SetInternalClockSync
                0xfffe8d04       0x50 ./Sources/HAL/RN_RX200/RN_RX200_hal.o
                0xfffe8d04                CLK_SetInternalClockSync
 .text.DeInitGPIO
                0xfffe8d54       0x71 ./Sources/HAL/RN_RX200/RN_RX200_hal.o
                0xfffe8d54                DeInitGPIO
 .text.DIO_IsNotDummyIO
                0xfffe8dc5       0x10 ./Sources/HAL/RN_RX200/RN_RX200_hal.o
                0xfffe8dc5                DIO_IsNotDummyIO
 *fill*         0xfffe8dd5        0x1 00
 .text.DIO_CheckDigitalFilterPin
                0xfffe8dd6       0x2e ./Sources/HAL/RN_RX200/RN_RX200_hal.o
                0xfffe8dd6                DIO_CheckDigitalFilterPin
 .text.DIO_IsDigitalFilterAvailable
                0xfffe8e04        0xc ./Sources/HAL/RN_RX200/RN_RX200_hal.o
                0xfffe8e04                DIO_IsDigitalFilterAvailable
 *fill*         0xfffe8e10        0x0 00
 .text.DIO_DigitalFilterEnable
                0xfffe8e10      0x18c ./Sources/HAL/RN_RX200/RN_RX200_hal.o
                0xfffe8e10                DIO_DigitalFilterEnable
 .text.DIO_DigitalFilterClkFrequencySet
                0xfffe8f9c      0x18a ./Sources/HAL/RN_RX200/RN_RX200_hal.o
                0xfffe8f9c                DIO_DigitalFilterClkFrequencySet
 .text.MapClearResourceValue
                0xfffe9126       0x2c ./Sources/HAL/RN_RX200/RN_RX200_hal.o
                0xfffe9126                MapClearResourceValue
 .text.MapClearResourceId
                0xfffe9152       0x2c ./Sources/HAL/RN_RX200/RN_RX200_hal.o
                0xfffe9152                MapClearResourceId
 .text.TMR_GetClearSourceId
                0xfffe917e        0x5 ./Sources/HAL/RN_RX200/RN_RX200_hal.o
                0xfffe917e                TMR_GetClearSourceId
 *fill*         0xfffe9183        0x1 00
 .text.TMR_CheckClearSourceIdFailed
                0xfffe9184       0x26 ./Sources/HAL/RN_RX200/RN_RX200_hal.o
                0xfffe9184                TMR_CheckClearSourceIdFailed
 .text.TMR_GetClearSourceCh
                0xfffe91aa       0x56 ./Sources/HAL/RN_RX200/RN_RX200_hal.o
                0xfffe91aa                TMR_GetClearSourceCh
 .text.TMR_ClockGate
                0xfffe9200       0x32 ./Sources/HAL/RN_RX200/RN_RX200_hal.o
                0xfffe9200                TMR_ClockGate
 .text.TMR_SetPrescaler
                0xfffe9232       0x6d ./Sources/HAL/RN_RX200/RN_RX200_hal.o
                0xfffe9232                TMR_SetPrescaler
 *fill*         0xfffe929f        0x1 00
 .text.TMR_GetPrescalerDiv
                0xfffe92a0       0x54 ./Sources/HAL/RN_RX200/RN_RX200_hal.o
                0xfffe92a0                TMR_GetPrescalerDiv
 .text.TMR_GetTickResolution
                0xfffe92f4       0x16 ./Sources/HAL/RN_RX200/RN_RX200_hal.o
                0xfffe92f4                TMR_GetTickResolution
 .text.TMR_SetPrescalerDfltValue
                0xfffe930a       0x61 ./Sources/HAL/RN_RX200/RN_RX200_hal.o
                0xfffe930a                TMR_SetPrescalerDfltValue
 .text.TMR_SetCountDir
                0xfffe936b        0xc ./Sources/HAL/RN_RX200/RN_RX200_hal.o
                0xfffe936b                TMR_SetCountDir
 .text.TMR_SetCountDirDfltValue
                0xfffe9377        0x1 ./Sources/HAL/RN_RX200/RN_RX200_hal.o
                0xfffe9377                TMR_SetCountDirDfltValue
 *fill*         0xfffe9378        0x0 00
 .text.TMR_SetModulo
                0xfffe9378      0x1b0 ./Sources/HAL/RN_RX200/RN_RX200_hal.o
                0xfffe9378                TMR_SetModulo
 .text.TMR_StopClockSource
                0xfffe9528       0x30 ./Sources/HAL/RN_RX200/RN_RX200_hal.o
                0xfffe9528                TMR_StopClockSource
 .text.TMR_EnableTI
                0xfffe9558      0x1bc ./Sources/HAL/RN_RX200/RN_RX200_hal.o
                0xfffe9558                TMR_EnableTI
 .text.TMR_DisableTI
                0xfffe9714      0x118 ./Sources/HAL/RN_RX200/RN_RX200_hal.o
                0xfffe9714                TMR_DisableTI
 .text.TMR_ClearTOF
                0xfffe982c       0x4e ./Sources/HAL/RN_RX200/RN_RX200_hal.o
                0xfffe982c                TMR_ClearTOF
 .text.TMR_GetTOF
                0xfffe987a       0x5a ./Sources/HAL/RN_RX200/RN_RX200_hal.o
                0xfffe987a                TMR_GetTOF
 .text.TMR_SetChannelInputChapture
                0xfffe98d4      0x14a ./Sources/HAL/RN_RX200/RN_RX200_hal.o
                0xfffe98d4                TMR_SetChannelInputChapture
 .text.TMR_SetChannelOutputCompare
                0xfffe9a1e       0x28 ./Sources/HAL/RN_RX200/RN_RX200_hal.o
                0xfffe9a1e                TMR_SetChannelOutputCompare
 .text.TMR_SetTimeOn
                0xfffe9a46       0x16 ./Sources/HAL/RN_RX200/RN_RX200_hal.o
                0xfffe9a46                TMR_SetTimeOn
 *fill*         0xfffe9a5c        0x0 00
 .text.TMR_GetChValue
                0xfffe9a5c       0x22 ./Sources/HAL/RN_RX200/RN_RX200_hal.o
                0xfffe9a5c                TMR_GetChValue
 .text.TMR_ClearChannelPulses
                0xfffe9a7e       0x96 ./Sources/HAL/RN_RX200/RN_RX200_hal.o
                0xfffe9a7e                TMR_ClearChannelPulses
 .text.TMR_SetChannelEdgeMode
                0xfffe9b14       0x5a ./Sources/HAL/RN_RX200/RN_RX200_hal.o
                0xfffe9b14                TMR_SetChannelEdgeMode
 .text.TMR_EnableCHI
                0xfffe9b6e      0x2a6 ./Sources/HAL/RN_RX200/RN_RX200_hal.o
                0xfffe9b6e                TMR_EnableCHI
 .text.TMR_DisableCHI
                0xfffe9e14      0x270 ./Sources/HAL/RN_RX200/RN_RX200_hal.o
                0xfffe9e14                TMR_DisableCHI
 .text.TMR_ClearCHF
                0xfffea084       0x20 ./Sources/HAL/RN_RX200/RN_RX200_hal.o
                0xfffea084                TMR_ClearCHF
 .text.TMR_SetThreshold1
                0xfffea0a4        0x3 ./Sources/HAL/RN_RX200/RN_RX200_hal.o
                0xfffea0a4                TMR_SetThreshold1
 .text.TMR_SetModuloDfltValue
                0xfffea0a7        0x8 ./Sources/HAL/RN_RX200/RN_RX200_hal.o
                0xfffea0a7                TMR_SetModuloDfltValue
 *fill*         0xfffea0af        0x1 00
 .text.TMR_GetModulo
                0xfffea0b0      0x118 ./Sources/HAL/RN_RX200/RN_RX200_hal.o
                0xfffea0b0                TMR_GetModulo
 .text.TMR_SetCounterDfltValue
                0xfffea1c8       0x48 ./Sources/HAL/RN_RX200/RN_RX200_hal.o
                0xfffea1c8                TMR_SetCounterDfltValue
 .text.TMR_GetCounter
                0xfffea210       0x4e ./Sources/HAL/RN_RX200/RN_RX200_hal.o
                0xfffea210                TMR_GetCounter
 .text.OutputCompareModeUnsupported
                0xfffea25e       0x17 ./Sources/HAL/RN_RX200/RN_RX200_hal.o
                0xfffea25e                OutputCompareModeUnsupported
 *fill*         0xfffea275        0x1 00
 .text.TMR_SetClockSource
                0xfffea276       0x26 ./Sources/HAL/RN_RX200/RN_RX200_hal.o
                0xfffea276                TMR_SetClockSource
 .text.TMR_SetChannelOutputMode
                0xfffea29c      0x1fa ./Sources/HAL/RN_RX200/RN_RX200_hal.o
                0xfffea29c                TMR_SetChannelOutputMode
 .text.TMR_DeInitChannel
                0xfffea496       0x36 ./Sources/HAL/RN_RX200/RN_RX200_hal.o
                0xfffea496                TMR_DeInitChannel
 .text.TMR_GetDelta
                0xfffea4cc       0x28 ./Sources/HAL/RN_RX200/RN_RX200_hal.o
                0xfffea4cc                TMR_GetDelta
 .text.IRQ_Init
                0xfffea4f4      0x246 ./Sources/HAL/RN_RX200/RN_RX200_hal.o
                0xfffea4f4                IRQ_Init
 .text.IRQ_SetEdge
                0xfffea73a       0xa8 ./Sources/HAL/RN_RX200/RN_RX200_hal.o
                0xfffea73a                IRQ_SetEdge
 .text.IRQ_IntEnable
                0xfffea7e2       0xbe ./Sources/HAL/RN_RX200/RN_RX200_hal.o
                0xfffea7e2                IRQ_IntEnable
 .text.IRQ_DeInit
                0xfffea8a0      0x198 ./Sources/HAL/RN_RX200/RN_RX200_hal.o
                0xfffea8a0                IRQ_DeInit
 .text.IRQ_Acknowledge
                0xfffeaa38       0x66 ./Sources/HAL/RN_RX200/RN_RX200_hal.o
                0xfffeaa38                IRQ_Acknowledge
 .text.IRQ_GetEdge
                0xfffeaa9e       0x74 ./Sources/HAL/RN_RX200/RN_RX200_hal.o
                0xfffeaa9e                IRQ_GetEdge
 .text.IRQ_pinIsHigh
                0xfffeab12       0x7c ./Sources/HAL/RN_RX200/RN_RX200_hal.o
                0xfffeab12                IRQ_pinIsHigh
 .text.ADC_ConfigurePinAsChannel
                0xfffeab8e       0xfe ./Sources/HAL/RN_RX200/RN_RX200_hal.o
                0xfffeab8e                ADC_ConfigurePinAsChannel
 .text.ADC_GetChannel
                0xfffeac8c       0x30 ./Sources/HAL/RN_RX200/RN_RX200_hal.o
                0xfffeac8c                ADC_GetChannel
 .text.ADC_StartConvertionOnChannel
                0xfffeacbc       0x66 ./Sources/HAL/RN_RX200/RN_RX200_hal.o
                0xfffeacbc                ADC_StartConvertionOnChannel
 .text.ADC_Init
                0xfffead22       0x2e ./Sources/HAL/RN_RX200/RN_RX200_hal.o
                0xfffead22                ADC_Init
 .text.ADC_DeInit
                0xfffead50       0x1d ./Sources/HAL/RN_RX200/RN_RX200_hal.o
                0xfffead50                ADC_DeInit
 *fill*         0xfffead6d        0x1 00
 .text.ADC_GetConvertedValueOnChannel
                0xfffead6e       0x68 ./Sources/HAL/RN_RX200/RN_RX200_hal.o
                0xfffead6e                ADC_GetConvertedValueOnChannel
 .text.get_block_addresses
                0xfffeadd6       0x18 ./Sources/HAL/RN_RX200/RN_RX200_hal_Flash.o
                0xfffeadd6                get_block_addresses
 .text._Flash_Init
                0xfffeadee       0x8a ./Sources/HAL/RN_RX200/RN_RX200_hal_Flash.o
                0xfffeadee                _Flash_Init
 .text.R_FlashDataAreaBlankCheck
                0xfffeae78      0x136 ./Sources/HAL/RN_RX200/RN_RX200_hal_Flash.o
                0xfffeae78                R_FlashDataAreaBlankCheck
 .text.FLS_Init
                0xfffeafae       0x16 ./Sources/HAL/RN_RX200/RN_RX200_hal_Flash.o
                0xfffeafae                FLS_Init
 *fill*         0xfffeafc4        0x0 00
 .text.FLS_Erase
                0xfffeafc4       0x56 ./Sources/HAL/RN_RX200/RN_RX200_hal_Flash.o
                0xfffeafc4                FLS_Erase
 .text.FLS_CheckErrors
                0xfffeb01a       0x6a ./Sources/HAL/RN_RX200/RN_RX200_hal_Flash.o
                0xfffeb01a                FLS_CheckErrors
 .text.FLS_InitRegsForErasing
                0xfffeb084        0x1 ./Sources/HAL/RN_RX200/RN_RX200_hal_Flash.o
                0xfffeb084                FLS_InitRegsForErasing
 *fill*         0xfffeb085        0x1 00
 .text.BlankCheckDataFlash
                0xfffeb086       0x9c ./Sources/HAL/RN_RX200/RN_RX200_hal_Flash.o
                0xfffeb086                BlankCheckDataFlash
 .text.cloneSector
                0xfffeb122       0x52 ./Sources/HAL/RN_RX200/RN_RX200_hal_Flash.o
                0xfffeb122                cloneSector
 .text.FLS_BlankCheck
                0xfffeb174       0x44 ./Sources/HAL/RN_RX200/RN_RX200_hal_Flash.o
                0xfffeb174                FLS_BlankCheck
 .text.FLS_DataFlashClone
                0xfffeb1b8       0xaa ./Sources/HAL/RN_RX200/RN_RX200_hal_Flash.o
                0xfffeb1b8                FLS_DataFlashClone
 .text.FLS_ProgrammingData
                0xfffeb262       0xf2 ./Sources/HAL/RN_RX200/RN_RX200_hal_Flash.o
                0xfffeb262                FLS_ProgrammingData
 .text.FLS_Programming
                0xfffeb354       0xfa ./Sources/HAL/RN_RX200/RN_RX200_hal_Flash.o
                0xfffeb354                FLS_Programming
 .text.TMR0_ISR
                0xfffeb44e       0x18 ./Sources/HAL/RN_RX200/McuModule/ISR_TMR.o
                0xfffeb44e                TMR0_ISR
 .text.MTU0_TGIC0_ExceptionHandler
                0xfffeb466        0x2 ./Sources/HAL/RN_RX200/McuModule/ISR_TMR.o
                0xfffeb466                MTU0_TGIC0_ExceptionHandler
 *fill*         0xfffeb468        0x0 00
 .text.TMR1_ISR
                0xfffeb468       0x1a ./Sources/HAL/RN_RX200/McuModule/ISR_TMR.o
                0xfffeb468                TMR1_ISR
 .text.MTU2_TGIA2_ExceptionHandler
                0xfffeb482        0x2 ./Sources/HAL/RN_RX200/McuModule/ISR_TMR.o
                0xfffeb482                MTU2_TGIA2_ExceptionHandler
 *fill*         0xfffeb484        0x0 00
 .text.TMR2_ISR
                0xfffeb484       0x1a ./Sources/HAL/RN_RX200/McuModule/ISR_TMR.o
                0xfffeb484                TMR2_ISR
 .text.MTU3_TGIA3_ExceptionHandler
                0xfffeb49e        0x2 ./Sources/HAL/RN_RX200/McuModule/ISR_TMR.o
                0xfffeb49e                MTU3_TGIA3_ExceptionHandler
 *fill*         0xfffeb4a0        0x0 00
 .text.TMR3_ISR
                0xfffeb4a0       0x18 ./Sources/HAL/RN_RX200/McuModule/ISR_TMR.o
                0xfffeb4a0                TMR3_ISR
 .text.MTU0_TGIA0_ExceptionHandler
                0xfffeb4b8        0x2 ./Sources/HAL/RN_RX200/McuModule/ISR_TMR.o
                0xfffeb4b8                MTU0_TGIA0_ExceptionHandler
 *fill*         0xfffeb4ba        0x0 00
 .text.TMR4_ISR
                0xfffeb4ba       0x1a ./Sources/HAL/RN_RX200/McuModule/ISR_TMR.o
                0xfffeb4ba                TMR4_ISR
 .text.MTU1_TGIA1_ExceptionHandler
                0xfffeb4d4        0x2 ./Sources/HAL/RN_RX200/McuModule/ISR_TMR.o
                0xfffeb4d4                MTU1_TGIA1_ExceptionHandler
 *fill*         0xfffeb4d6        0x0 00
 .text.TMR5_ISR
                0xfffeb4d6       0x1a ./Sources/HAL/RN_RX200/McuModule/ISR_TMR.o
                0xfffeb4d6                TMR5_ISR
 .text.MTU3_TGIC3_ExceptionHandler
                0xfffeb4f0        0x2 ./Sources/HAL/RN_RX200/McuModule/ISR_TMR.o
                0xfffeb4f0                MTU3_TGIC3_ExceptionHandler
 *fill*         0xfffeb4f2        0x0 00
 .text.TMR6_ISR
                0xfffeb4f2       0x1a ./Sources/HAL/RN_RX200/McuModule/ISR_TMR.o
                0xfffeb4f2                TMR6_ISR
 .text.MTU4_TGIC4_ExceptionHandler
                0xfffeb50c        0x2 ./Sources/HAL/RN_RX200/McuModule/ISR_TMR.o
                0xfffeb50c                MTU4_TGIC4_ExceptionHandler
 *fill*         0xfffeb50e        0x0 00
 .text.TMR7_ISR
                0xfffeb50e       0x1a ./Sources/HAL/RN_RX200/McuModule/ISR_TMR.o
                0xfffeb50e                TMR7_ISR
 .text.MTU4_TGIA4_ExceptionHandler
                0xfffeb528        0x2 ./Sources/HAL/RN_RX200/McuModule/ISR_TMR.o
                0xfffeb528                MTU4_TGIA4_ExceptionHandler
 .text.TCIV0_ISR
                0xfffeb52a       0x15 ./Sources/HAL/RN_RX200/McuModule/ISR_TMR.o
                0xfffeb52a                TCIV0_ISR
 .text.CNT0_OVF_ExceptionHandler