   1                             		.file	"OS_Error.c"
   2                             		.section P,"ax"
   3                             	.Ltext0:
   4                             		.section	.text.OS_Error,"ax",@progbits
   5                             		.global	_OS_Error
   7                             	_OS_Error:
   8                             	.LFB0:
   9                             		.file 1 "C:/Workspace/FW_Platform2_5/trunk/CFG_DishWasher/CFG_Inertia/OS_Error.c"
   1:C:/Workspace/FW_Platform2_5/trunk/CFG_DishWasher/CFG_Inertia\OS_Error.c **** /*********************************************************************
   2:C:/Workspace/FW_Platform2_5/trunk/CFG_DishWasher/CFG_Inertia\OS_Error.c **** *               SEGGER MICROCONTROLLER GmbH & Co KG                  *
   3:C:/Workspace/FW_Platform2_5/trunk/CFG_DishWasher/CFG_Inertia\OS_Error.c **** *       Solutions for real time microcontroller applications         *
   4:C:/Workspace/FW_Platform2_5/trunk/CFG_DishWasher/CFG_Inertia\OS_Error.c **** **********************************************************************
   5:C:/Workspace/FW_Platform2_5/trunk/CFG_DishWasher/CFG_Inertia\OS_Error.c **** *                                                                    *
   6:C:/Workspace/FW_Platform2_5/trunk/CFG_DishWasher/CFG_Inertia\OS_Error.c **** *       (c) 1995 - 2010  SEGGER Microcontroller GmbH & Co KG         *
   7:C:/Workspace/FW_Platform2_5/trunk/CFG_DishWasher/CFG_Inertia\OS_Error.c **** *                                                                    *
   8:C:/Workspace/FW_Platform2_5/trunk/CFG_DishWasher/CFG_Inertia\OS_Error.c **** *       www.segger.com     Support: support@segger.com               *
   9:C:/Workspace/FW_Platform2_5/trunk/CFG_DishWasher/CFG_Inertia\OS_Error.c **** *                                                                    *
  10:C:/Workspace/FW_Platform2_5/trunk/CFG_DishWasher/CFG_Inertia\OS_Error.c **** **********************************************************************
  11:C:/Workspace/FW_Platform2_5/trunk/CFG_DishWasher/CFG_Inertia\OS_Error.c **** *                                                                    *
  12:C:/Workspace/FW_Platform2_5/trunk/CFG_DishWasher/CFG_Inertia\OS_Error.c **** *       embOS * Real time operating system for microcontrollers      *
  13:C:/Workspace/FW_Platform2_5/trunk/CFG_DishWasher/CFG_Inertia\OS_Error.c **** *                                                                    *
  14:C:/Workspace/FW_Platform2_5/trunk/CFG_DishWasher/CFG_Inertia\OS_Error.c **** *                                                                    *
  15:C:/Workspace/FW_Platform2_5/trunk/CFG_DishWasher/CFG_Inertia\OS_Error.c **** *       Please note:                                                 *
  16:C:/Workspace/FW_Platform2_5/trunk/CFG_DishWasher/CFG_Inertia\OS_Error.c **** *                                                                    *
  17:C:/Workspace/FW_Platform2_5/trunk/CFG_DishWasher/CFG_Inertia\OS_Error.c **** *       Knowledge of this file may under no circumstances            *
  18:C:/Workspace/FW_Platform2_5/trunk/CFG_DishWasher/CFG_Inertia\OS_Error.c **** *       be used to write a similar product or a real-time            *
  19:C:/Workspace/FW_Platform2_5/trunk/CFG_DishWasher/CFG_Inertia\OS_Error.c **** *       operating system for in-house use.                           *
  20:C:/Workspace/FW_Platform2_5/trunk/CFG_DishWasher/CFG_Inertia\OS_Error.c **** *                                                                    *
  21:C:/Workspace/FW_Platform2_5/trunk/CFG_DishWasher/CFG_Inertia\OS_Error.c **** *       Thank you for your fairness !                                *
  22:C:/Workspace/FW_Platform2_5/trunk/CFG_DishWasher/CFG_Inertia\OS_Error.c **** *                                                                    *
  23:C:/Workspace/FW_Platform2_5/trunk/CFG_DishWasher/CFG_Inertia\OS_Error.c **** **********************************************************************
  24:C:/Workspace/FW_Platform2_5/trunk/CFG_DishWasher/CFG_Inertia\OS_Error.c **** *                                                                    *
  25:C:/Workspace/FW_Platform2_5/trunk/CFG_DishWasher/CFG_Inertia\OS_Error.c **** *       OS version: 3.82p                                            *
  26:C:/Workspace/FW_Platform2_5/trunk/CFG_DishWasher/CFG_Inertia\OS_Error.c **** *                                                                    *
  27:C:/Workspace/FW_Platform2_5/trunk/CFG_DishWasher/CFG_Inertia\OS_Error.c **** **********************************************************************
  28:C:/Workspace/FW_Platform2_5/trunk/CFG_DishWasher/CFG_Inertia\OS_Error.c **** 
  29:C:/Workspace/FW_Platform2_5/trunk/CFG_DishWasher/CFG_Inertia\OS_Error.c **** ----------------------------------------------------------------------
  30:C:/Workspace/FW_Platform2_5/trunk/CFG_DishWasher/CFG_Inertia\OS_Error.c **** File    : OS_Error.c
  31:C:/Workspace/FW_Platform2_5/trunk/CFG_DishWasher/CFG_Inertia\OS_Error.c **** Purpose : OS error handler. Not required in "R" (release) builds
  32:C:/Workspace/FW_Platform2_5/trunk/CFG_DishWasher/CFG_Inertia\OS_Error.c ****           Feel free to modify this file acc. to your target system.
  33:C:/Workspace/FW_Platform2_5/trunk/CFG_DishWasher/CFG_Inertia\OS_Error.c **** --------  END-OF-HEADER  ---------------------------------------------
  34:C:/Workspace/FW_Platform2_5/trunk/CFG_DishWasher/CFG_Inertia\OS_Error.c **** */
  35:C:/Workspace/FW_Platform2_5/trunk/CFG_DishWasher/CFG_Inertia\OS_Error.c **** 
  36:C:/Workspace/FW_Platform2_5/trunk/CFG_DishWasher/CFG_Inertia\OS_Error.c **** #define MODULE_BODY_OS_ERROR
  37:C:/Workspace/FW_Platform2_5/trunk/CFG_DishWasher/CFG_Inertia\OS_Error.c **** #include "OS_Config.h"
  38:C:/Workspace/FW_Platform2_5/trunk/CFG_DishWasher/CFG_Inertia\OS_Error.c **** #include "Tools.h"
  39:C:/Workspace/FW_Platform2_5/trunk/CFG_DishWasher/CFG_Inertia\OS_Error.c **** #include "LIB_Error.h"
  40:C:/Workspace/FW_Platform2_5/trunk/CFG_DishWasher/CFG_Inertia\OS_Error.c **** 
  41:C:/Workspace/FW_Platform2_5/trunk/CFG_DishWasher/CFG_Inertia\OS_Error.c **** /*********************************************************************
  42:C:/Workspace/FW_Platform2_5/trunk/CFG_DishWasher/CFG_Inertia\OS_Error.c **** *
  43:C:/Workspace/FW_Platform2_5/trunk/CFG_DishWasher/CFG_Inertia\OS_Error.c **** *       Global functions
  44:C:/Workspace/FW_Platform2_5/trunk/CFG_DishWasher/CFG_Inertia\OS_Error.c **** *
  45:C:/Workspace/FW_Platform2_5/trunk/CFG_DishWasher/CFG_Inertia\OS_Error.c **** **********************************************************************
  46:C:/Workspace/FW_Platform2_5/trunk/CFG_DishWasher/CFG_Inertia\OS_Error.c **** */
  47:C:/Workspace/FW_Platform2_5/trunk/CFG_DishWasher/CFG_Inertia\OS_Error.c **** 
  48:C:/Workspace/FW_Platform2_5/trunk/CFG_DishWasher/CFG_Inertia\OS_Error.c **** /*********************************************************************
  49:C:/Workspace/FW_Platform2_5/trunk/CFG_DishWasher/CFG_Inertia\OS_Error.c **** *
  50:C:/Workspace/FW_Platform2_5/trunk/CFG_DishWasher/CFG_Inertia\OS_Error.c **** *       (OS_Error)
  51:C:/Workspace/FW_Platform2_5/trunk/CFG_DishWasher/CFG_Inertia\OS_Error.c **** *
  52:C:/Workspace/FW_Platform2_5/trunk/CFG_DishWasher/CFG_Inertia\OS_Error.c **** **********************************************************************
  53:C:/Workspace/FW_Platform2_5/trunk/CFG_DishWasher/CFG_Inertia\OS_Error.c **** 
  54:C:/Workspace/FW_Platform2_5/trunk/CFG_DishWasher/CFG_Inertia\OS_Error.c ****  Run-time error reaction
  55:C:/Workspace/FW_Platform2_5/trunk/CFG_DishWasher/CFG_Inertia\OS_Error.c **** 
  56:C:/Workspace/FW_Platform2_5/trunk/CFG_DishWasher/CFG_Inertia\OS_Error.c ****  When this happens, a fatal error has occured and the kernel
  57:C:/Workspace/FW_Platform2_5/trunk/CFG_DishWasher/CFG_Inertia\OS_Error.c ****  can not continue. In linux, the equivalent would be a
  58:C:/Workspace/FW_Platform2_5/trunk/CFG_DishWasher/CFG_Inertia\OS_Error.c ****  "kernel panic"
  59:C:/Workspace/FW_Platform2_5/trunk/CFG_DishWasher/CFG_Inertia\OS_Error.c **** 
  60:C:/Workspace/FW_Platform2_5/trunk/CFG_DishWasher/CFG_Inertia\OS_Error.c ****  This routine can be modified to suit your needs ...
  61:C:/Workspace/FW_Platform2_5/trunk/CFG_DishWasher/CFG_Inertia\OS_Error.c ****  E.g. a red LED could light up. When using an
  62:C:/Workspace/FW_Platform2_5/trunk/CFG_DishWasher/CFG_Inertia\OS_Error.c ****  emulator, you may set a breakpoint here.
  63:C:/Workspace/FW_Platform2_5/trunk/CFG_DishWasher/CFG_Inertia\OS_Error.c ****  In the release builds of the library (R), this routine is not required
  64:C:/Workspace/FW_Platform2_5/trunk/CFG_DishWasher/CFG_Inertia\OS_Error.c ****  (as no checks are performed).
  65:C:/Workspace/FW_Platform2_5/trunk/CFG_DishWasher/CFG_Inertia\OS_Error.c ****  In the stack check builds (S/SP), only error 120 may occur.
  66:C:/Workspace/FW_Platform2_5/trunk/CFG_DishWasher/CFG_Inertia\OS_Error.c ****  In the debug builds(D/DP), all of the listed errors may occur.
  67:C:/Workspace/FW_Platform2_5/trunk/CFG_DishWasher/CFG_Inertia\OS_Error.c **** 
  68:C:/Workspace/FW_Platform2_5/trunk/CFG_DishWasher/CFG_Inertia\OS_Error.c ****  The following are the current errorcodes:
  69:C:/Workspace/FW_Platform2_5/trunk/CFG_DishWasher/CFG_Inertia\OS_Error.c ****  (Please refer to the documentation for more info)
  70:C:/Workspace/FW_Platform2_5/trunk/CFG_DishWasher/CFG_Inertia\OS_Error.c **** 
  71:C:/Workspace/FW_Platform2_5/trunk/CFG_DishWasher/CFG_Inertia\OS_Error.c **** *** Port 100..119 ********************************
  72:C:/Workspace/FW_Platform2_5/trunk/CFG_DishWasher/CFG_Inertia\OS_Error.c **** OS_ERR_ISR_INDEX                      (100 = 0x64)
  73:C:/Workspace/FW_Platform2_5/trunk/CFG_DishWasher/CFG_Inertia\OS_Error.c **** OS_ERR_ISR_VECTOR                     (101 = 0x65)
  74:C:/Workspace/FW_Platform2_5/trunk/CFG_DishWasher/CFG_Inertia\OS_Error.c **** OS_ERR_ISR_PRIO                       (102 = 0x66)
  75:C:/Workspace/FW_Platform2_5/trunk/CFG_DishWasher/CFG_Inertia\OS_Error.c **** OS_ERR_WRONG_STACK                    (103 = 0x67)
  76:C:/Workspace/FW_Platform2_5/trunk/CFG_DishWasher/CFG_Inertia\OS_Error.c **** OS_ERR_ISR_NO_HANDLER                 (104 = 0x68)  *** No interrupt handler was defined for this i
  77:C:/Workspace/FW_Platform2_5/trunk/CFG_DishWasher/CFG_Inertia\OS_Error.c **** 
  78:C:/Workspace/FW_Platform2_5/trunk/CFG_DishWasher/CFG_Inertia\OS_Error.c **** *** OS generic ***********************************
  79:C:/Workspace/FW_Platform2_5/trunk/CFG_DishWasher/CFG_Inertia\OS_Error.c **** 
  80:C:/Workspace/FW_Platform2_5/trunk/CFG_DishWasher/CFG_Inertia\OS_Error.c **** OS_ERR_TIMESLICE                      (117 = 0x75)  *** A timeslice value of 0 (illegal) was set.
  81:C:/Workspace/FW_Platform2_5/trunk/CFG_DishWasher/CFG_Inertia\OS_Error.c **** OS_ERR_INTERNAL                       (118 = 0x76)  *** OS_ChangeTask called without RegionCnt set 
  82:C:/Workspace/FW_Platform2_5/trunk/CFG_DishWasher/CFG_Inertia\OS_Error.c **** OS_ERR_IDLE_RETURNS                   (119 = 0x77)  *** Idle loop should not return
  83:C:/Workspace/FW_Platform2_5/trunk/CFG_DishWasher/CFG_Inertia\OS_Error.c **** 
  84:C:/Workspace/FW_Platform2_5/trunk/CFG_DishWasher/CFG_Inertia\OS_Error.c **** *** Stack overflow ******************************
  85:C:/Workspace/FW_Platform2_5/trunk/CFG_DishWasher/CFG_Inertia\OS_Error.c **** OS_ERR_STACK                          (120 = 0x78)  *** Stack overflow or invalid stack
  86:C:/Workspace/FW_Platform2_5/trunk/CFG_DishWasher/CFG_Inertia\OS_Error.c **** 
  87:C:/Workspace/FW_Platform2_5/trunk/CFG_DishWasher/CFG_Inertia\OS_Error.c **** *** Counting semaphore overflow ******************
  88:C:/Workspace/FW_Platform2_5/trunk/CFG_DishWasher/CFG_Inertia\OS_Error.c **** OS_ERR_CSEMA_OVERFLOW                 (121 = 0x79)
  89:C:/Workspace/FW_Platform2_5/trunk/CFG_DishWasher/CFG_Inertia\OS_Error.c **** 
  90:C:/Workspace/FW_Platform2_5/trunk/CFG_DishWasher/CFG_Inertia\OS_Error.c **** *** Power handling module ************************
  91:C:/Workspace/FW_Platform2_5/trunk/CFG_DishWasher/CFG_Inertia\OS_Error.c **** OS_ERR_POWER_OVER                     (122 = 0x7A)
  92:C:/Workspace/FW_Platform2_5/trunk/CFG_DishWasher/CFG_Inertia\OS_Error.c **** OS_ERR_POWER_UNDER                    (123 = 0x7B)
  93:C:/Workspace/FW_Platform2_5/trunk/CFG_DishWasher/CFG_Inertia\OS_Error.c **** OS_ERR_POWER_INDEX                    (124 = 0x7C)
  94:C:/Workspace/FW_Platform2_5/trunk/CFG_DishWasher/CFG_Inertia\OS_Error.c **** 
  95:C:/Workspace/FW_Platform2_5/trunk/CFG_DishWasher/CFG_Inertia\OS_Error.c **** *** System/interrupt stack ***********************
  96:C:/Workspace/FW_Platform2_5/trunk/CFG_DishWasher/CFG_Inertia\OS_Error.c **** OS_ERR_SYS_STACK                      (125 = 0x7D) *** embOS system stack overflow
  97:C:/Workspace/FW_Platform2_5/trunk/CFG_DishWasher/CFG_Inertia\OS_Error.c **** OS_ERR_INT_STACK                      (126 = 0x7E) *** Interrupt stack overflow
  98:C:/Workspace/FW_Platform2_5/trunk/CFG_DishWasher/CFG_Inertia\OS_Error.c **** 
  99:C:/Workspace/FW_Platform2_5/trunk/CFG_DishWasher/CFG_Inertia\OS_Error.c **** *** Invalid or non-initialized data structures ***
 100:C:/Workspace/FW_Platform2_5/trunk/CFG_DishWasher/CFG_Inertia\OS_Error.c **** OS_ERR_INV_TASK                       (128 = 0x80)
 101:C:/Workspace/FW_Platform2_5/trunk/CFG_DishWasher/CFG_Inertia\OS_Error.c **** OS_ERR_INV_TIMER                      (129 = 0x81)
 102:C:/Workspace/FW_Platform2_5/trunk/CFG_DishWasher/CFG_Inertia\OS_Error.c **** OS_ERR_INV_MAILBOX                    (130 = 0x82)
 103:C:/Workspace/FW_Platform2_5/trunk/CFG_DishWasher/CFG_Inertia\OS_Error.c **** OS_ERR_INV_CSEMA                      (132 = 0x84)
 104:C:/Workspace/FW_Platform2_5/trunk/CFG_DishWasher/CFG_Inertia\OS_Error.c **** OS_ERR_INV_RSEMA                      (133 = 0x85)
 105:C:/Workspace/FW_Platform2_5/trunk/CFG_DishWasher/CFG_Inertia\OS_Error.c **** 
 106:C:/Workspace/FW_Platform2_5/trunk/CFG_DishWasher/CFG_Inertia\OS_Error.c **** *** Using GetMail1, PutMail1, GetMailCond1 or PutMailCond1
 107:C:/Workspace/FW_Platform2_5/trunk/CFG_DishWasher/CFG_Inertia\OS_Error.c **** *** on a non-1 byte mailbox  *********************
 108:C:/Workspace/FW_Platform2_5/trunk/CFG_DishWasher/CFG_Inertia\OS_Error.c **** OS_ERR_MAILBOX_NOT1                   (135 = 0x87)
 109:C:/Workspace/FW_Platform2_5/trunk/CFG_DishWasher/CFG_Inertia\OS_Error.c **** 
 110:C:/Workspace/FW_Platform2_5/trunk/CFG_DishWasher/CFG_Inertia\OS_Error.c **** *** Waitable objects deleted with waiting tasks or occupied by task ***
 111:C:/Workspace/FW_Platform2_5/trunk/CFG_DishWasher/CFG_Inertia\OS_Error.c **** OS_ERR_MAILBOX_DELETE                 (136 = 0x88)
 112:C:/Workspace/FW_Platform2_5/trunk/CFG_DishWasher/CFG_Inertia\OS_Error.c **** OS_ERR_CSEMA_DELETE                   (137 = 0x89)
 113:C:/Workspace/FW_Platform2_5/trunk/CFG_DishWasher/CFG_Inertia\OS_Error.c **** OS_ERR_RSEMA_DELETE                   (138 = 0x8A)
 114:C:/Workspace/FW_Platform2_5/trunk/CFG_DishWasher/CFG_Inertia\OS_Error.c **** 
 115:C:/Workspace/FW_Platform2_5/trunk/CFG_DishWasher/CFG_Inertia\OS_Error.c **** *** Internal errors, please contact SEGGER Microcontrollersysteme ***
 116:C:/Workspace/FW_Platform2_5/trunk/CFG_DishWasher/CFG_Inertia\OS_Error.c **** OS_ERR_MAILBOX_NOT_IN_LIST            (140 = 0x8C)
 117:C:/Workspace/FW_Platform2_5/trunk/CFG_DishWasher/CFG_Inertia\OS_Error.c **** OS_ERR_TASKLIST_CORRUPT               (142 = 0x8E)
 118:C:/Workspace/FW_Platform2_5/trunk/CFG_DishWasher/CFG_Inertia\OS_Error.c **** 
 119:C:/Workspace/FW_Platform2_5/trunk/CFG_DishWasher/CFG_Inertia\OS_Error.c **** *** Queue errors *********************************
 120:C:/Workspace/FW_Platform2_5/trunk/CFG_DishWasher/CFG_Inertia\OS_Error.c **** OS_ERR_QUEUE_INUSE                    (143 = 0x8F)
 121:C:/Workspace/FW_Platform2_5/trunk/CFG_DishWasher/CFG_Inertia\OS_Error.c **** OS_ERR_QUEUE_NOT_INUSE                (144 = 0x90)
 122:C:/Workspace/FW_Platform2_5/trunk/CFG_DishWasher/CFG_Inertia\OS_Error.c **** OS_ERR_QUEUE_INVALID                  (145 = 0x91)
 123:C:/Workspace/FW_Platform2_5/trunk/CFG_DishWasher/CFG_Inertia\OS_Error.c **** OS_ERR_QUEUE_DELETE                   (146 = 0x92)
 124:C:/Workspace/FW_Platform2_5/trunk/CFG_DishWasher/CFG_Inertia\OS_Error.c **** 
 125:C:/Workspace/FW_Platform2_5/trunk/CFG_DishWasher/CFG_Inertia\OS_Error.c **** *** Not matching routine calls or macro usage ****
 126:C:/Workspace/FW_Platform2_5/trunk/CFG_DishWasher/CFG_Inertia\OS_Error.c **** OS_ERR_UNUSE_BEFORE_USE               (150 = 0x96)
 127:C:/Workspace/FW_Platform2_5/trunk/CFG_DishWasher/CFG_Inertia\OS_Error.c **** OS_ERR_LEAVEREGION_BEFORE_ENTERREGION (151 = 0x97)
 128:C:/Workspace/FW_Platform2_5/trunk/CFG_DishWasher/CFG_Inertia\OS_Error.c **** OS_ERR_LEAVEINT                       (152 = 0x98)
 129:C:/Workspace/FW_Platform2_5/trunk/CFG_DishWasher/CFG_Inertia\OS_Error.c **** OS_ERR_DICNT                          (153 = 0x99)
 130:C:/Workspace/FW_Platform2_5/trunk/CFG_DishWasher/CFG_Inertia\OS_Error.c **** OS_ERR_INTERRUPT_DISABLED             (154 = 0x9A)
 131:C:/Workspace/FW_Platform2_5/trunk/CFG_DishWasher/CFG_Inertia\OS_Error.c **** OS_ERR_TASK_ENDS_WITHOUT_TERMINATE    (155 = 0x9B)
 132:C:/Workspace/FW_Platform2_5/trunk/CFG_DishWasher/CFG_Inertia\OS_Error.c **** OS_ERR_RESOURCE_OWNER                 (156 = 0x9C)
 133:C:/Workspace/FW_Platform2_5/trunk/CFG_DishWasher/CFG_Inertia\OS_Error.c **** 
 134:C:/Workspace/FW_Platform2_5/trunk/CFG_DishWasher/CFG_Inertia\OS_Error.c **** *** Not a legal system call during interrupt *****
 135:C:/Workspace/FW_Platform2_5/trunk/CFG_DishWasher/CFG_Inertia\OS_Error.c **** OS_ERR_ILLEGAL_IN_ISR                 (160 = 0xA0)
 136:C:/Workspace/FW_Platform2_5/trunk/CFG_DishWasher/CFG_Inertia\OS_Error.c **** 
 137:C:/Workspace/FW_Platform2_5/trunk/CFG_DishWasher/CFG_Inertia\OS_Error.c **** *** Not a legal system call during timer *********
 138:C:/Workspace/FW_Platform2_5/trunk/CFG_DishWasher/CFG_Inertia\OS_Error.c **** OS_ERR_ILLEGAL_IN_TIMER               (161 = 0xA1)
 139:C:/Workspace/FW_Platform2_5/trunk/CFG_DishWasher/CFG_Inertia\OS_Error.c **** 
 140:C:/Workspace/FW_Platform2_5/trunk/CFG_DishWasher/CFG_Inertia\OS_Error.c **** *** Not a legal system call outside interrupt ****
 141:C:/Workspace/FW_Platform2_5/trunk/CFG_DishWasher/CFG_Inertia\OS_Error.c **** OS_ERR_ILLEGAL_OUT_ISR                (162 = 0xA2)
 142:C:/Workspace/FW_Platform2_5/trunk/CFG_DishWasher/CFG_Inertia\OS_Error.c **** 
 143:C:/Workspace/FW_Platform2_5/trunk/CFG_DishWasher/CFG_Inertia\OS_Error.c **** *** Illegal states or function calls *************
 144:C:/Workspace/FW_Platform2_5/trunk/CFG_DishWasher/CFG_Inertia\OS_Error.c **** OS_ERR_NOT_IN_ISR                     (163 = 0xA3)  *** OS_EnterInterrupt() has been called, but CP
 145:C:/Workspace/FW_Platform2_5/trunk/CFG_DishWasher/CFG_Inertia\OS_Error.c **** OS_ERR_IN_ISR                         (164 = 0xA4)  *** OS_EnterInterrupt() has not been called, bu
 146:C:/Workspace/FW_Platform2_5/trunk/CFG_DishWasher/CFG_Inertia\OS_Error.c **** 
 147:C:/Workspace/FW_Platform2_5/trunk/CFG_DishWasher/CFG_Inertia\OS_Error.c **** OS_ERR_INIT_NOT_CALLED                (165 = 0xA5)  *** OS_InitKern() was not called
 148:C:/Workspace/FW_Platform2_5/trunk/CFG_DishWasher/CFG_Inertia\OS_Error.c **** 
 149:C:/Workspace/FW_Platform2_5/trunk/CFG_DishWasher/CFG_Inertia\OS_Error.c **** OS_ERR_CPU_STATE_ISR_ILLEGAL          (166 = 0xA6)  *** OS-function called from ISR with high prior
 150:C:/Workspace/FW_Platform2_5/trunk/CFG_DishWasher/CFG_Inertia\OS_Error.c **** OS_ERR_CPU_STATE_ILLEGAL              (167 = 0xA7)  *** CPU runs in illegal mode
 151:C:/Workspace/FW_Platform2_5/trunk/CFG_DishWasher/CFG_Inertia\OS_Error.c **** OS_ERR_CPU_STATE_UNKNOWN              (168 = 0xA8)  *** CPU runs in unknown mode or mode could not 
 152:C:/Workspace/FW_Platform2_5/trunk/CFG_DishWasher/CFG_Inertia\OS_Error.c **** 
 153:C:/Workspace/FW_Platform2_5/trunk/CFG_DishWasher/CFG_Inertia\OS_Error.c **** *** Double used data structures **
 154:C:/Workspace/FW_Platform2_5/trunk/CFG_DishWasher/CFG_Inertia\OS_Error.c **** OS_ERR_2USE_TASK                      (170 = 0xAA)
 155:C:/Workspace/FW_Platform2_5/trunk/CFG_DishWasher/CFG_Inertia\OS_Error.c **** OS_ERR_2USE_TIMER                     (171 = 0xAB)
 156:C:/Workspace/FW_Platform2_5/trunk/CFG_DishWasher/CFG_Inertia\OS_Error.c **** OS_ERR_2USE_MAILBOX                   (172 = 0xAC)
 157:C:/Workspace/FW_Platform2_5/trunk/CFG_DishWasher/CFG_Inertia\OS_Error.c **** OS_ERR_2USE_BSEMA                     (173 = 0xAD)
 158:C:/Workspace/FW_Platform2_5/trunk/CFG_DishWasher/CFG_Inertia\OS_Error.c **** OS_ERR_2USE_CSEMA                     (174 = 0xAE)
 159:C:/Workspace/FW_Platform2_5/trunk/CFG_DishWasher/CFG_Inertia\OS_Error.c **** OS_ERR_2USE_RSEMA                     (175 = 0xAF)
 160:C:/Workspace/FW_Platform2_5/trunk/CFG_DishWasher/CFG_Inertia\OS_Error.c **** OS_ERR_2USE_MEMF                      (176 = 0xB0)
 161:C:/Workspace/FW_Platform2_5/trunk/CFG_DishWasher/CFG_Inertia\OS_Error.c **** 
 162:C:/Workspace/FW_Platform2_5/trunk/CFG_DishWasher/CFG_Inertia\OS_Error.c **** *** Communication errors (OSCOM) **
 163:C:/Workspace/FW_Platform2_5/trunk/CFG_DishWasher/CFG_Inertia\OS_Error.c **** OS_ERR_NESTED_RX_INT                  (180 = 0xB4)
 164:C:/Workspace/FW_Platform2_5/trunk/CFG_DishWasher/CFG_Inertia\OS_Error.c **** 
 165:C:/Workspace/FW_Platform2_5/trunk/CFG_DishWasher/CFG_Inertia\OS_Error.c **** *** Fixed block memory pool  ***
 166:C:/Workspace/FW_Platform2_5/trunk/CFG_DishWasher/CFG_Inertia\OS_Error.c **** OS_ERR_MEMF_INV                       (190 = 0xBE)
 167:C:/Workspace/FW_Platform2_5/trunk/CFG_DishWasher/CFG_Inertia\OS_Error.c **** OS_ERR_MEMF_INV_PTR                   (191 = 0xBF)
 168:C:/Workspace/FW_Platform2_5/trunk/CFG_DishWasher/CFG_Inertia\OS_Error.c **** OS_ERR_MEMF_PTR_FREE                  (192 = 0xC0)
 169:C:/Workspace/FW_Platform2_5/trunk/CFG_DishWasher/CFG_Inertia\OS_Error.c **** OS_ERR_MEMF_RELEASE                   (193 = 0xC1)
 170:C:/Workspace/FW_Platform2_5/trunk/CFG_DishWasher/CFG_Inertia\OS_Error.c **** OS_ERR_MEMF_POOLADDR                  (194 = 0xC2)
 171:C:/Workspace/FW_Platform2_5/trunk/CFG_DishWasher/CFG_Inertia\OS_Error.c **** OS_ERR_MEMF_BLOCKSIZE                 (195 = 0xC3)
 172:C:/Workspace/FW_Platform2_5/trunk/CFG_DishWasher/CFG_Inertia\OS_Error.c **** 
 173:C:/Workspace/FW_Platform2_5/trunk/CFG_DishWasher/CFG_Inertia\OS_Error.c **** *** Task suspend / resume errors ***
 174:C:/Workspace/FW_Platform2_5/trunk/CFG_DishWasher/CFG_Inertia\OS_Error.c **** OS_ERR_SUSPEND_TOO_OFTEN              (200 = 0xC8)
 175:C:/Workspace/FW_Platform2_5/trunk/CFG_DishWasher/CFG_Inertia\OS_Error.c **** OS_ERR_RESUME_BEFORE_SUSPEND          (201 = 0xC9)
 176:C:/Workspace/FW_Platform2_5/trunk/CFG_DishWasher/CFG_Inertia\OS_Error.c **** 
 177:C:/Workspace/FW_Platform2_5/trunk/CFG_DishWasher/CFG_Inertia\OS_Error.c **** *** Other task related errors ***
 178:C:/Workspace/FW_Platform2_5/trunk/CFG_DishWasher/CFG_Inertia\OS_Error.c **** OS_ERR_TASK_PRIORITY                  (202 = 0xCA)
 179:C:/Workspace/FW_Platform2_5/trunk/CFG_DishWasher/CFG_Inertia\OS_Error.c **** 
 180:C:/Workspace/FW_Platform2_5/trunk/CFG_DishWasher/CFG_Inertia\OS_Error.c **** *** Event object ***
 181:C:/Workspace/FW_Platform2_5/trunk/CFG_DishWasher/CFG_Inertia\OS_Error.c **** OS_ERR_EVENT_INVALID                  (210 = 0xD2)
 182:C:/Workspace/FW_Platform2_5/trunk/CFG_DishWasher/CFG_Inertia\OS_Error.c **** OS_ERR_2USE_EVENTOBJ                  (211 = 0xD3)
 183:C:/Workspace/FW_Platform2_5/trunk/CFG_DishWasher/CFG_Inertia\OS_Error.c **** OS_ERR_EVENT_DELETE                   (212 = 0xD4)
 184:C:/Workspace/FW_Platform2_5/trunk/CFG_DishWasher/CFG_Inertia\OS_Error.c **** 
 185:C:/Workspace/FW_Platform2_5/trunk/CFG_DishWasher/CFG_Inertia\OS_Error.c **** *** Cache related ***
 186:C:/Workspace/FW_Platform2_5/trunk/CFG_DishWasher/CFG_Inertia\OS_Error.c **** OS_ERR_NON_ALIGNED_INVALIDATE         (230 = 0xE6)  *** Cache invalidation needs to be cache line a
 187:C:/Workspace/FW_Platform2_5/trunk/CFG_DishWasher/CFG_Inertia\OS_Error.c **** 
 188:C:/Workspace/FW_Platform2_5/trunk/CFG_DishWasher/CFG_Inertia\OS_Error.c **** *** embOS special build, or internal
 189:C:/Workspace/FW_Platform2_5/trunk/CFG_DishWasher/CFG_Inertia\OS_Error.c **** OS_ERR_TRIAL_LIMIT                    (254 = 0xFE)
 190:C:/Workspace/FW_Platform2_5/trunk/CFG_DishWasher/CFG_Inertia\OS_Error.c **** 
 191:C:/Workspace/FW_Platform2_5/trunk/CFG_DishWasher/CFG_Inertia\OS_Error.c **** */
 192:C:/Workspace/FW_Platform2_5/trunk/CFG_DishWasher/CFG_Inertia\OS_Error.c **** int OS_ErrorCode=0;
 193:C:/Workspace/FW_Platform2_5/trunk/CFG_DishWasher/CFG_Inertia\OS_Error.c **** void OS_Error(int ErrCode) {
  10                             		.loc 1 193 0
  11                             	.LVL0:
  12 0000 6E 7A                   		pushm	r7-r10
  13                             	.LCFI0:
 194:C:/Workspace/FW_Platform2_5/trunk/CFG_DishWasher/CFG_Inertia\OS_Error.c ****   OS_EnterRegion();     /* Avoid further task switches            */
 195:C:/Workspace/FW_Platform2_5/trunk/CFG_DishWasher/CFG_Inertia\OS_Error.c ****   OS_DICnt = 0;         /* Allow interrupts so we can communicate */
  14                             		.loc 1 195 0
  15 0002 FB 72 00 00 00 00       		mov.L	#_OS_Global, r7
 193:C:/Workspace/FW_Platform2_5/trunk/CFG_DishWasher/CFG_Inertia\OS_Error.c **** void OS_Error(int ErrCode) {
  16                             		.loc 1 193 0
  17 0008 EF 1A                   		mov.L	r1, r10
 194:C:/Workspace/FW_Platform2_5/trunk/CFG_DishWasher/CFG_Inertia\OS_Error.c ****   OS_EnterRegion();     /* Avoid further task switches            */
  18                             		.loc 1 194 0
  19 000a 05 00 00 00             		bsr	_OS_EnterRegionFunc
  20                             	.LVL1:
  21                             		.loc 1 195 0
  22 000e 3C 71 00                		mov.B	#0, 1[r7]
 196:C:/Workspace/FW_Platform2_5/trunk/CFG_DishWasher/CFG_Inertia\OS_Error.c ****   OS_EI();
  23                             		.loc 1 196 0
  24 0011 05 00 00 00             		bsr	_OS_EnableInterrupt
  25                             	.LVL2:
 197:C:/Workspace/FW_Platform2_5/trunk/CFG_DishWasher/CFG_Inertia\OS_Error.c ****   OS_ErrorCode = ErrCode;
  26                             		.loc 1 197 0
  27 0015 FB 72 00 00 00 00       		mov.L	#_OS_ErrorCode, r7
 198:C:/Workspace/FW_Platform2_5/trunk/CFG_DishWasher/CFG_Inertia\OS_Error.c ****   Tools_ProcessOSErrorStack(OS_ErrorCode);
 199:C:/Workspace/FW_Platform2_5/trunk/CFG_DishWasher/CFG_Inertia\OS_Error.c **** 
 200:C:/Workspace/FW_Platform2_5/trunk/CFG_DishWasher/CFG_Inertia\OS_Error.c ****   PLT_ERROR_FATAL(PLT_ERROR_OS_1);
  28                             		.loc 1 200 0
  29 001b 75 41 31                		mov.L	#49, r1
 197:C:/Workspace/FW_Platform2_5/trunk/CFG_DishWasher/CFG_Inertia\OS_Error.c ****   OS_ErrorCode = ErrCode;
  30                             		.loc 1 197 0
  31 001e E3 7A                   		mov.L	r10, [r7]
  32                             		.loc 1 200 0
  33 0020 05 00 00 00             		bsr	_LIB_Error_Fatal_Handler
  34                             	.LVL3:
 201:C:/Workspace/FW_Platform2_5/trunk/CFG_DishWasher/CFG_Inertia\OS_Error.c **** 
 202:C:/Workspace/FW_Platform2_5/trunk/CFG_DishWasher/CFG_Inertia\OS_Error.c ****   while (OS_ErrorCode) {
  35                             		.loc 1 202 0
  36 0024 EC 77                   		mov.L	[r7], r7
  37 0026 61 07                   		cmp	#0, r7
  38 0028 20 04                   		beq	.L3
  39                             		.balign 2,3,3
  40                             	.L4:
  41 002a 2E 00                   		bra	.L4
  42                             	.L3:
 203:C:/Workspace/FW_Platform2_5/trunk/CFG_DishWasher/CFG_Inertia\OS_Error.c ****   }
 204:C:/Workspace/FW_Platform2_5/trunk/CFG_DishWasher/CFG_Inertia\OS_Error.c **** }
  43                             		.loc 1 204 0
  44 002c 3F 7A 04                		rtsd	#16, r7-r10
  45                             	.LFE0:
  47 002f 03                      		.section	.text.OS_X_Error,"ax",@progbits
  48                             		.global	_OS_X_Error
  50                             	_OS_X_Error:
  51                             	.LFB1:
 205:C:/Workspace/FW_Platform2_5/trunk/CFG_DishWasher/CFG_Inertia\OS_Error.c **** 
 206:C:/Workspace/FW_Platform2_5/trunk/CFG_DishWasher/CFG_Inertia\OS_Error.c **** 
 207:C:/Workspace/FW_Platform2_5/trunk/CFG_DishWasher/CFG_Inertia\OS_Error.c **** 
 208:C:/Workspace/FW_Platform2_5/trunk/CFG_DishWasher/CFG_Inertia\OS_Error.c **** 
 209:C:/Workspace/FW_Platform2_5/trunk/CFG_DishWasher/CFG_Inertia\OS_Error.c **** /*
 210:C:/Workspace/FW_Platform2_5/trunk/CFG_DishWasher/CFG_Inertia\OS_Error.c ****  When this happens, error has occured.
 211:C:/Workspace/FW_Platform2_5/trunk/CFG_DishWasher/CFG_Inertia\OS_Error.c **** 
 212:C:/Workspace/FW_Platform2_5/trunk/CFG_DishWasher/CFG_Inertia\OS_Error.c ****  This routine can be modified to suit your needs ...
 213:C:/Workspace/FW_Platform2_5/trunk/CFG_DishWasher/CFG_Inertia\OS_Error.c ****  E.g. -a red LED could light up. 
 214:C:/Workspace/FW_Platform2_5/trunk/CFG_DishWasher/CFG_Inertia\OS_Error.c ****       -When using an  emulator, you may set a breakpoint here.
 215:C:/Workspace/FW_Platform2_5/trunk/CFG_DishWasher/CFG_Inertia\OS_Error.c ****       -filter on args may be applied.
 216:C:/Workspace/FW_Platform2_5/trunk/CFG_DishWasher/CFG_Inertia\OS_Error.c ****       
 217:C:/Workspace/FW_Platform2_5/trunk/CFG_DishWasher/CFG_Inertia\OS_Error.c ****  In the release builds of the library (R), this routine is not required
 218:C:/Workspace/FW_Platform2_5/trunk/CFG_DishWasher/CFG_Inertia\OS_Error.c ****  (as no checks are performed).
 219:C:/Workspace/FW_Platform2_5/trunk/CFG_DishWasher/CFG_Inertia\OS_Error.c ****  
 220:C:/Workspace/FW_Platform2_5/trunk/CFG_DishWasher/CFG_Inertia\OS_Error.c ****  In the debug builds(D/DP), all of the listed errors may occur.
 221:C:/Workspace/FW_Platform2_5/trunk/CFG_DishWasher/CFG_Inertia\OS_Error.c **** 
 222:C:/Workspace/FW_Platform2_5/trunk/CFG_DishWasher/CFG_Inertia\OS_Error.c ****  
 223:C:/Workspace/FW_Platform2_5/trunk/CFG_DishWasher/CFG_Inertia\OS_Error.c ****  
 224:C:/Workspace/FW_Platform2_5/trunk/CFG_DishWasher/CFG_Inertia\OS_Error.c ****  1- Alarms
 225:C:/Workspace/FW_Platform2_5/trunk/CFG_DishWasher/CFG_Inertia\OS_Error.c ****  
 226:C:/Workspace/FW_Platform2_5/trunk/CFG_DishWasher/CFG_Inertia\OS_Error.c **** #define OS_ALARM_SERVICE_ID_START                             0
 227:C:/Workspace/FW_Platform2_5/trunk/CFG_DishWasher/CFG_Inertia\OS_Error.c **** #define OS_ALARM_ERROR_ID_START                               0
 228:C:/Workspace/FW_Platform2_5/trunk/CFG_DishWasher/CFG_Inertia\OS_Error.c **** 
 229:C:/Workspace/FW_Platform2_5/trunk/CFG_DishWasher/CFG_Inertia\OS_Error.c ****     1.1 The following are the current services ID:
 230:C:/Workspace/FW_Platform2_5/trunk/CFG_DishWasher/CFG_Inertia\OS_Error.c **** #define OS_StartAlarm_ServiceId                               (OS_ALARM_SERVICE_ID_START + 1)
 231:C:/Workspace/FW_Platform2_5/trunk/CFG_DishWasher/CFG_Inertia\OS_Error.c **** #define OS_SetAlarmActivationsCount_ServiceId                 (OS_ALARM_SERVICE_ID_START + 2)
 232:C:/Workspace/FW_Platform2_5/trunk/CFG_DishWasher/CFG_Inertia\OS_Error.c **** #define OS_SetAlarmOffset_ServiceId                           (OS_ALARM_SERVICE_ID_START + 3)
 233:C:/Workspace/FW_Platform2_5/trunk/CFG_DishWasher/CFG_Inertia\OS_Error.c **** #define OS_SetAlarmPeriod_ServiceId                           (OS_ALARM_SERVICE_ID_START + 4)
 234:C:/Workspace/FW_Platform2_5/trunk/CFG_DishWasher/CFG_Inertia\OS_Error.c **** 
 235:C:/Workspace/FW_Platform2_5/trunk/CFG_DishWasher/CFG_Inertia\OS_Error.c ****     1.2 The following are the current errorcodes:
 236:C:/Workspace/FW_Platform2_5/trunk/CFG_DishWasher/CFG_Inertia\OS_Error.c **** #define OS_AlarmActive_ErrorId                                (OS_ALARM_ERROR_ID_START + 1)
 237:C:/Workspace/FW_Platform2_5/trunk/CFG_DishWasher/CFG_Inertia\OS_Error.c ****  
 238:C:/Workspace/FW_Platform2_5/trunk/CFG_DishWasher/CFG_Inertia\OS_Error.c **** */
 239:C:/Workspace/FW_Platform2_5/trunk/CFG_DishWasher/CFG_Inertia\OS_Error.c **** unsigned char OS_X_Status=0;
 240:C:/Workspace/FW_Platform2_5/trunk/CFG_DishWasher/CFG_Inertia\OS_Error.c **** void OS_X_Error(unsigned char ErrCode, unsigned char ServiceId) {
  52                             		.loc 1 240 0
  53                             	.LVL4:
  54 0000 7E A7                   		push.l	r7
  55                             	.LCFI1:
  56                             		.loc 1 240 0
  57 0002 CF 17                   		mov.B	r1, r7
 241:C:/Workspace/FW_Platform2_5/trunk/CFG_DishWasher/CFG_Inertia\OS_Error.c **** 
 242:C:/Workspace/FW_Platform2_5/trunk/CFG_DishWasher/CFG_Inertia\OS_Error.c ****   (void) ServiceId;
 243:C:/Workspace/FW_Platform2_5/trunk/CFG_DishWasher/CFG_Inertia\OS_Error.c ****   
 244:C:/Workspace/FW_Platform2_5/trunk/CFG_DishWasher/CFG_Inertia\OS_Error.c ****   OS_EnterRegion();     /* Avoid further task switches            */
  58                             		.loc 1 244 0
  59 0004 05 00 00 00             		bsr	_OS_EnterRegionFunc
  60                             	.LVL5:
 245:C:/Workspace/FW_Platform2_5/trunk/CFG_DishWasher/CFG_Inertia\OS_Error.c ****   OS_DICnt = 0;         /* Allow interrupts so we can communicate */
  61                             		.loc 1 245 0
  62 0008 FB E2 00 00 00 00       		mov.L	#_OS_Global, r14
  63 000e F9 E4 01 00             		mov.B	#0, 1[r14]
 246:C:/Workspace/FW_Platform2_5/trunk/CFG_DishWasher/CFG_Inertia\OS_Error.c ****   OS_EI();
  64                             		.loc 1 246 0
  65 0012 05 00 00 00             		bsr	_OS_EnableInterrupt
  66                             	.LVL6:
 247:C:/Workspace/FW_Platform2_5/trunk/CFG_DishWasher/CFG_Inertia\OS_Error.c ****   OS_X_Status = (OS_U8) ErrCode;
  67                             		.loc 1 247 0
  68 0016 FB E2 00 00 00 00       		mov.L	#_OS_X_Status, r14
  69 001c C3 E7                   		mov.B	r7, [r14]
 248:C:/Workspace/FW_Platform2_5/trunk/CFG_DishWasher/CFG_Inertia\OS_Error.c ****   while (OS_X_Status){
  70                             		.loc 1 248 0
  71 001e 5B 77                   		movu.B	r7, r7
  72                             	.LVL7:
  73 0020 61 07                   		cmp	#0, r7
  74 0022 20 04                   		beq	.L8
  75                             		.balign 2,3,3
  76                             	.L9:
  77 0024 2E 00                   		bra	.L9
  78                             	.L8:
 249:C:/Workspace/FW_Platform2_5/trunk/CFG_DishWasher/CFG_Inertia\OS_Error.c ****   }
 250:C:/Workspace/FW_Platform2_5/trunk/CFG_DishWasher/CFG_Inertia\OS_Error.c **** }
  79                             		.loc 1 250 0
  80 0026 3F 77 01                		rtsd	#4, r7-r7
  81                             	.LFE1:
  83                             		.global	_OS_X_Status
  84 0029 03                      		.section	.bss.OS_X_Status,"aw",@nobits
  87                             	_OS_X_Status:
  88 0000 00                      		.zero	1
  89                             		.global	_OS_ErrorCode
  90                             		.section	.bss.OS_ErrorCode,"aw",@nobits
  91                             		.balign 4
  94                             	_OS_ErrorCode:
  95 0000 00 00 00 00             		.zero	4
 148                             	.Letext0:
 149                             		.file 2 "C:\\Workspace\\FW_Platform2_5\\trunk\\OS\\EmbOS\\RX200_GNU\\V388\\Inc/RTOS.h"
 150                             		.file 3 "C:\\Workspace\\FW_Platform2_5\\trunk\\PlatformLibrary\\LIB_Error/LIB_Error.h"
