   1                             		.file	"APP_FuncLib.c"
   2                             		.section P,"ax"
   3                             	.Ltext0:
   4                             		.section	.text.Set_SmallCounter,"ax",@progbits
   5                             		.global	_Set_SmallCounter
   7                             	_Set_SmallCounter:
   8                             	.LFB0:
   9                             		.file 1 "C:/Workspace/FW_Inertia/branch_indesit/Application_Platform/APP_FuncLib.c"
   1:C:/Workspace/FW_Inertia/branch_indesit/Application_Platform\APP_FuncLib.c **** /**
   2:C:/Workspace/FW_Inertia/branch_indesit/Application_Platform\APP_FuncLib.c **** \defgroup	APP_FuncLib Modulo Application Platform Library Functions
   3:C:/Workspace/FW_Inertia/branch_indesit/Application_Platform\APP_FuncLib.c **** \ingroup	ApplPlatform
   4:C:/Workspace/FW_Inertia/branch_indesit/Application_Platform\APP_FuncLib.c **** 
   5:C:/Workspace/FW_Inertia/branch_indesit/Application_Platform\APP_FuncLib.c **** Il modulo e' una libreria di macro e funzioni generiche condivise da
   6:C:/Workspace/FW_Inertia/branch_indesit/Application_Platform\APP_FuncLib.c **** tutte le applicazioni.
   7:C:/Workspace/FW_Inertia/branch_indesit/Application_Platform\APP_FuncLib.c **** */
   8:C:/Workspace/FW_Inertia/branch_indesit/Application_Platform\APP_FuncLib.c **** 
   9:C:/Workspace/FW_Inertia/branch_indesit/Application_Platform\APP_FuncLib.c **** /**
  10:C:/Workspace/FW_Inertia/branch_indesit/Application_Platform\APP_FuncLib.c **** Source file del modulo Application Platform Library Functions
  11:C:/Workspace/FW_Inertia/branch_indesit/Application_Platform\APP_FuncLib.c **** 
  12:C:/Workspace/FW_Inertia/branch_indesit/Application_Platform\APP_FuncLib.c **** \file		APP_FuncLib.c
  13:C:/Workspace/FW_Inertia/branch_indesit/Application_Platform\APP_FuncLib.c **** \ingroup	APP_FuncLib
  14:C:/Workspace/FW_Inertia/branch_indesit/Application_Platform\APP_FuncLib.c **** \date		08/07/2009
  15:C:/Workspace/FW_Inertia/branch_indesit/Application_Platform\APP_FuncLib.c **** \version	01.00.00
  16:C:/Workspace/FW_Inertia/branch_indesit/Application_Platform\APP_FuncLib.c **** \author		Marco Quintini
  17:C:/Workspace/FW_Inertia/branch_indesit/Application_Platform\APP_FuncLib.c **** 
  18:C:/Workspace/FW_Inertia/branch_indesit/Application_Platform\APP_FuncLib.c **** \par		History
  19:C:/Workspace/FW_Inertia/branch_indesit/Application_Platform\APP_FuncLib.c **** 
  20:C:/Workspace/FW_Inertia/branch_indesit/Application_Platform\APP_FuncLib.c **** \par		PCLint
  21:C:/Workspace/FW_Inertia/branch_indesit/Application_Platform\APP_FuncLib.c **** 			Report 08/07/2009: 0 Errors, 0 Warnings, 0 Info
  22:C:/Workspace/FW_Inertia/branch_indesit/Application_Platform\APP_FuncLib.c **** 
  23:C:/Workspace/FW_Inertia/branch_indesit/Application_Platform\APP_FuncLib.c **** */
  24:C:/Workspace/FW_Inertia/branch_indesit/Application_Platform\APP_FuncLib.c **** 
  25:C:/Workspace/FW_Inertia/branch_indesit/Application_Platform\APP_FuncLib.c **** /*
  26:C:/Workspace/FW_Inertia/branch_indesit/Application_Platform\APP_FuncLib.c **** Copyright (c) 2004-2007, Indesit Company, EDT.
  27:C:/Workspace/FW_Inertia/branch_indesit/Application_Platform\APP_FuncLib.c **** Tutti i diritti sono riservati. All rights reserved.
  28:C:/Workspace/FW_Inertia/branch_indesit/Application_Platform\APP_FuncLib.c **** */
  29:C:/Workspace/FW_Inertia/branch_indesit/Application_Platform\APP_FuncLib.c **** 
  30:C:/Workspace/FW_Inertia/branch_indesit/Application_Platform\APP_FuncLib.c **** /* ******** */
  31:C:/Workspace/FW_Inertia/branch_indesit/Application_Platform\APP_FuncLib.c **** /* Includes */
  32:C:/Workspace/FW_Inertia/branch_indesit/Application_Platform\APP_FuncLib.c **** /* ******** */
  33:C:/Workspace/FW_Inertia/branch_indesit/Application_Platform\APP_FuncLib.c **** #include "CstmHeaders.h"
  34:C:/Workspace/FW_Inertia/branch_indesit/Application_Platform\APP_FuncLib.c **** 
  35:C:/Workspace/FW_Inertia/branch_indesit/Application_Platform\APP_FuncLib.c **** /* ****************** */
  36:C:/Workspace/FW_Inertia/branch_indesit/Application_Platform\APP_FuncLib.c **** /* Defines and Macros */
  37:C:/Workspace/FW_Inertia/branch_indesit/Application_Platform\APP_FuncLib.c **** /* ****************** */
  38:C:/Workspace/FW_Inertia/branch_indesit/Application_Platform\APP_FuncLib.c **** 
  39:C:/Workspace/FW_Inertia/branch_indesit/Application_Platform\APP_FuncLib.c **** /* *************************** */
  40:C:/Workspace/FW_Inertia/branch_indesit/Application_Platform\APP_FuncLib.c **** /* Typedef, Structs and Unions */
  41:C:/Workspace/FW_Inertia/branch_indesit/Application_Platform\APP_FuncLib.c **** /* *************************** */
  42:C:/Workspace/FW_Inertia/branch_indesit/Application_Platform\APP_FuncLib.c **** 
  43:C:/Workspace/FW_Inertia/branch_indesit/Application_Platform\APP_FuncLib.c **** /* **************************** */
  44:C:/Workspace/FW_Inertia/branch_indesit/Application_Platform\APP_FuncLib.c **** /* Prototype of local functions */
  45:C:/Workspace/FW_Inertia/branch_indesit/Application_Platform\APP_FuncLib.c **** /* **************************** */
  46:C:/Workspace/FW_Inertia/branch_indesit/Application_Platform\APP_FuncLib.c **** 
  47:C:/Workspace/FW_Inertia/branch_indesit/Application_Platform\APP_FuncLib.c **** /* ****************** */
  48:C:/Workspace/FW_Inertia/branch_indesit/Application_Platform\APP_FuncLib.c **** /* Exported variables */
  49:C:/Workspace/FW_Inertia/branch_indesit/Application_Platform\APP_FuncLib.c **** /* ****************** */
  50:C:/Workspace/FW_Inertia/branch_indesit/Application_Platform\APP_FuncLib.c **** 
  51:C:/Workspace/FW_Inertia/branch_indesit/Application_Platform\APP_FuncLib.c **** /* **************** */
  52:C:/Workspace/FW_Inertia/branch_indesit/Application_Platform\APP_FuncLib.c **** /* Global variables */
  53:C:/Workspace/FW_Inertia/branch_indesit/Application_Platform\APP_FuncLib.c **** /* **************** */
  54:C:/Workspace/FW_Inertia/branch_indesit/Application_Platform\APP_FuncLib.c **** 
  55:C:/Workspace/FW_Inertia/branch_indesit/Application_Platform\APP_FuncLib.c **** /* ***************** */
  56:C:/Workspace/FW_Inertia/branch_indesit/Application_Platform\APP_FuncLib.c **** /* Exported function */
  57:C:/Workspace/FW_Inertia/branch_indesit/Application_Platform\APP_FuncLib.c **** /* ***************** */
  58:C:/Workspace/FW_Inertia/branch_indesit/Application_Platform\APP_FuncLib.c **** #if (SW_TIMER_NORM_MODE	== FALSE) 
  59:C:/Workspace/FW_Inertia/branch_indesit/Application_Platform\APP_FuncLib.c **** /**
  60:C:/Workspace/FW_Inertia/branch_indesit/Application_Platform\APP_FuncLib.c **** Configura il contatore SMALL specificato in ingresso senza abilitare la partenza
  61:C:/Workspace/FW_Inertia/branch_indesit/Application_Platform\APP_FuncLib.c **** 
  62:C:/Workspace/FW_Inertia/branch_indesit/Application_Platform\APP_FuncLib.c **** \param [in]		idCounter e' l'indice al contatore che si vuole impostare
  63:C:/Workspace/FW_Inertia/branch_indesit/Application_Platform\APP_FuncLib.c **** \param [in]		prescalerValue e' la base tempi del contatore
  64:C:/Workspace/FW_Inertia/branch_indesit/Application_Platform\APP_FuncLib.c **** \param [in]		value e' il valore di inizializzazione del contatore ti tipo SMALL
  65:C:/Workspace/FW_Inertia/branch_indesit/Application_Platform\APP_FuncLib.c **** 
  66:C:/Workspace/FW_Inertia/branch_indesit/Application_Platform\APP_FuncLib.c **** \return		 none
  67:C:/Workspace/FW_Inertia/branch_indesit/Application_Platform\APP_FuncLib.c **** 
  68:C:/Workspace/FW_Inertia/branch_indesit/Application_Platform\APP_FuncLib.c **** \retval			none
  69:C:/Workspace/FW_Inertia/branch_indesit/Application_Platform\APP_FuncLib.c **** 
  70:C:/Workspace/FW_Inertia/branch_indesit/Application_Platform\APP_FuncLib.c **** \warning		none		
  71:C:/Workspace/FW_Inertia/branch_indesit/Application_Platform\APP_FuncLib.c **** 
  72:C:/Workspace/FW_Inertia/branch_indesit/Application_Platform\APP_FuncLib.c **** \author			Marco Quintini
  73:C:/Workspace/FW_Inertia/branch_indesit/Application_Platform\APP_FuncLib.c **** \date			01/08/2011
  74:C:/Workspace/FW_Inertia/branch_indesit/Application_Platform\APP_FuncLib.c **** \version		1.0.0
  75:C:/Workspace/FW_Inertia/branch_indesit/Application_Platform\APP_FuncLib.c **** 
  76:C:/Workspace/FW_Inertia/branch_indesit/Application_Platform\APP_FuncLib.c **** \bug			none
  77:C:/Workspace/FW_Inertia/branch_indesit/Application_Platform\APP_FuncLib.c **** 
  78:C:/Workspace/FW_Inertia/branch_indesit/Application_Platform\APP_FuncLib.c **** \todo			nothing
  79:C:/Workspace/FW_Inertia/branch_indesit/Application_Platform\APP_FuncLib.c ****    
  80:C:/Workspace/FW_Inertia/branch_indesit/Application_Platform\APP_FuncLib.c **** \note			none
  81:C:/Workspace/FW_Inertia/branch_indesit/Application_Platform\APP_FuncLib.c **** */
  82:C:/Workspace/FW_Inertia/branch_indesit/Application_Platform\APP_FuncLib.c **** void Set_SmallCounter(SWTC_CountersType idCounter, SWTC_PrescalerType prescalerValue, SWTC_SCounter
  83:C:/Workspace/FW_Inertia/branch_indesit/Application_Platform\APP_FuncLib.c **** {	
  10                             		.loc 1 83 0
  11                             	.LVL0:
  12 0000 6E 7A                   		pushm	r7-r10
  13                             	.LCFI0:
  14 0002 CF 17                   		mov.B	r1, r7
  15 0004 CF 3A                   		mov.B	r3, r10
  84:C:/Workspace/FW_Inertia/branch_indesit/Application_Platform\APP_FuncLib.c **** 	/* Configura il PRESCALER */
  85:C:/Workspace/FW_Inertia/branch_indesit/Application_Platform\APP_FuncLib.c **** 	SWTC_SetPrescaler (idCounter, prescalerValue);
  16                             		.loc 1 85 0
  17 0006 05 00 00 00             		bsr	_SWTC_SetPrescaler
  18                             	.LVL1:
  86:C:/Workspace/FW_Inertia/branch_indesit/Application_Platform\APP_FuncLib.c **** 	
  87:C:/Workspace/FW_Inertia/branch_indesit/Application_Platform\APP_FuncLib.c **** 	
  88:C:/Workspace/FW_Inertia/branch_indesit/Application_Platform\APP_FuncLib.c **** 	/* Imposta il valore */
  89:C:/Workspace/FW_Inertia/branch_indesit/Application_Platform\APP_FuncLib.c **** 	SWTC_SetSValue (idCounter, value);
  19                             		.loc 1 89 0
  20 000a CF 71                   		mov.B	r7, r1
  21 000c CF A2                   		mov.B	r10, r2
  22 000e 05 00 00 00             		bsr	_SWTC_SetSValue
  23                             	.LVL2:
  90:C:/Workspace/FW_Inertia/branch_indesit/Application_Platform\APP_FuncLib.c **** 
  91:C:/Workspace/FW_Inertia/branch_indesit/Application_Platform\APP_FuncLib.c **** 	/* Stop counter */
  92:C:/Workspace/FW_Inertia/branch_indesit/Application_Platform\APP_FuncLib.c **** 	SWTC_Stop(idCounter);
  24                             		.loc 1 92 0
  25 0012 CF 71                   		mov.B	r7, r1
  93:C:/Workspace/FW_Inertia/branch_indesit/Application_Platform\APP_FuncLib.c **** 				
  94:C:/Workspace/FW_Inertia/branch_indesit/Application_Platform\APP_FuncLib.c **** }
  26                             		.loc 1 94 0
  27 0014 6F 7A                   		popm	r7-r10
  28                             	.LVL3:
  92:C:/Workspace/FW_Inertia/branch_indesit/Application_Platform\APP_FuncLib.c **** 	SWTC_Stop(idCounter);
  29                             		.loc 1 92 0
  30 0016 04 00 00 00             		bra	_SWTC_Stop
  31                             	.LVL4:
  32                             	.LFE0:
  34                             		.section	.text.Set_MediumCounter,"ax",@progbits
  35                             		.global	_Set_MediumCounter
  37                             	_Set_MediumCounter:
  38                             	.LFB1:
  95:C:/Workspace/FW_Inertia/branch_indesit/Application_Platform\APP_FuncLib.c **** 
  96:C:/Workspace/FW_Inertia/branch_indesit/Application_Platform\APP_FuncLib.c **** 
  97:C:/Workspace/FW_Inertia/branch_indesit/Application_Platform\APP_FuncLib.c **** /**
  98:C:/Workspace/FW_Inertia/branch_indesit/Application_Platform\APP_FuncLib.c **** Configura il contatore MEDIUM specificato in ingresso senza abilitare la partenza
  99:C:/Workspace/FW_Inertia/branch_indesit/Application_Platform\APP_FuncLib.c **** 
 100:C:/Workspace/FW_Inertia/branch_indesit/Application_Platform\APP_FuncLib.c **** \param [in]		idCounter e' l'indice al contatore che si vuole impostare
 101:C:/Workspace/FW_Inertia/branch_indesit/Application_Platform\APP_FuncLib.c **** \param [in]		prescalerValue e' la base tempi del contatore
 102:C:/Workspace/FW_Inertia/branch_indesit/Application_Platform\APP_FuncLib.c **** \param [in]		value e' il valore di inizializzazione del contatore ti tipo MEDIUM
 103:C:/Workspace/FW_Inertia/branch_indesit/Application_Platform\APP_FuncLib.c **** 
 104:C:/Workspace/FW_Inertia/branch_indesit/Application_Platform\APP_FuncLib.c **** \return		none
 105:C:/Workspace/FW_Inertia/branch_indesit/Application_Platform\APP_FuncLib.c **** 
 106:C:/Workspace/FW_Inertia/branch_indesit/Application_Platform\APP_FuncLib.c **** \retval			none
 107:C:/Workspace/FW_Inertia/branch_indesit/Application_Platform\APP_FuncLib.c **** 
 108:C:/Workspace/FW_Inertia/branch_indesit/Application_Platform\APP_FuncLib.c **** \warning		none		
 109:C:/Workspace/FW_Inertia/branch_indesit/Application_Platform\APP_FuncLib.c **** 
 110:C:/Workspace/FW_Inertia/branch_indesit/Application_Platform\APP_FuncLib.c **** \author			Marco Quintini
 111:C:/Workspace/FW_Inertia/branch_indesit/Application_Platform\APP_FuncLib.c **** \date			19/07/2011
 112:C:/Workspace/FW_Inertia/branch_indesit/Application_Platform\APP_FuncLib.c **** \version		1.0.0
 113:C:/Workspace/FW_Inertia/branch_indesit/Application_Platform\APP_FuncLib.c **** 
 114:C:/Workspace/FW_Inertia/branch_indesit/Application_Platform\APP_FuncLib.c **** \bug			none
 115:C:/Workspace/FW_Inertia/branch_indesit/Application_Platform\APP_FuncLib.c **** 
 116:C:/Workspace/FW_Inertia/branch_indesit/Application_Platform\APP_FuncLib.c **** \todo			nothing
 117:C:/Workspace/FW_Inertia/branch_indesit/Application_Platform\APP_FuncLib.c ****    
 118:C:/Workspace/FW_Inertia/branch_indesit/Application_Platform\APP_FuncLib.c **** \note			none
 119:C:/Workspace/FW_Inertia/branch_indesit/Application_Platform\APP_FuncLib.c **** */
 120:C:/Workspace/FW_Inertia/branch_indesit/Application_Platform\APP_FuncLib.c **** void Set_MediumCounter(SWTC_CountersType idCounter, SWTC_PrescalerType prescalerValue, SWTC_MCounte
 121:C:/Workspace/FW_Inertia/branch_indesit/Application_Platform\APP_FuncLib.c **** {	
  39                             		.loc 1 121 0
  40                             	.LVL5:
  41 0000 6E 7A                   		pushm	r7-r10
  42                             	.LCFI1:
  43 0002 CF 17                   		mov.B	r1, r7
  44 0004 DF 3A                   		mov.W	r3, r10
 122:C:/Workspace/FW_Inertia/branch_indesit/Application_Platform\APP_FuncLib.c **** 	/* Configura il PRESCALER */
 123:C:/Workspace/FW_Inertia/branch_indesit/Application_Platform\APP_FuncLib.c **** 	SWTC_SetPrescaler (idCounter, prescalerValue);
  45                             		.loc 1 123 0
  46 0006 05 00 00 00             		bsr	_SWTC_SetPrescaler
  47                             	.LVL6:
 124:C:/Workspace/FW_Inertia/branch_indesit/Application_Platform\APP_FuncLib.c **** 	
 125:C:/Workspace/FW_Inertia/branch_indesit/Application_Platform\APP_FuncLib.c **** 	/* Imposta il valore */
 126:C:/Workspace/FW_Inertia/branch_indesit/Application_Platform\APP_FuncLib.c **** 	SWTC_SetMValue (idCounter, value);
  48                             		.loc 1 126 0
  49 000a CF 71                   		mov.B	r7, r1
  50 000c DF A2                   		mov.W	r10, r2
  51 000e 05 00 00 00             		bsr	_SWTC_SetMValue
  52                             	.LVL7:
 127:C:/Workspace/FW_Inertia/branch_indesit/Application_Platform\APP_FuncLib.c **** 
 128:C:/Workspace/FW_Inertia/branch_indesit/Application_Platform\APP_FuncLib.c **** 	/* Stop counter */
 129:C:/Workspace/FW_Inertia/branch_indesit/Application_Platform\APP_FuncLib.c **** 	SWTC_Stop(idCounter);
  53                             		.loc 1 129 0
  54 0012 CF 71                   		mov.B	r7, r1
 130:C:/Workspace/FW_Inertia/branch_indesit/Application_Platform\APP_FuncLib.c **** 				
 131:C:/Workspace/FW_Inertia/branch_indesit/Application_Platform\APP_FuncLib.c **** }
  55                             		.loc 1 131 0
  56 0014 6F 7A                   		popm	r7-r10
  57                             	.LVL8:
 129:C:/Workspace/FW_Inertia/branch_indesit/Application_Platform\APP_FuncLib.c **** 	SWTC_Stop(idCounter);
  58                             		.loc 1 129 0
  59 0016 04 00 00 00             		bra	_SWTC_Stop
  60                             	.LVL9:
  61                             	.LFE1:
  63                             		.section	.text.Reset_SmallCounter,"ax",@progbits
  64                             		.global	_Reset_SmallCounter
  66                             	_Reset_SmallCounter:
  67                             	.LFB2:
 132:C:/Workspace/FW_Inertia/branch_indesit/Application_Platform\APP_FuncLib.c **** 
 133:C:/Workspace/FW_Inertia/branch_indesit/Application_Platform\APP_FuncLib.c **** 
 134:C:/Workspace/FW_Inertia/branch_indesit/Application_Platform\APP_FuncLib.c **** #if defined(SWTC_L_ENABLED)
 135:C:/Workspace/FW_Inertia/branch_indesit/Application_Platform\APP_FuncLib.c **** /**
 136:C:/Workspace/FW_Inertia/branch_indesit/Application_Platform\APP_FuncLib.c **** Configura il contatore LARGE specificato in ingresso senza abilitare la partenza
 137:C:/Workspace/FW_Inertia/branch_indesit/Application_Platform\APP_FuncLib.c **** 
 138:C:/Workspace/FW_Inertia/branch_indesit/Application_Platform\APP_FuncLib.c **** \param [in]		idCounter e' l'indice al contatore che si vuole impostare
 139:C:/Workspace/FW_Inertia/branch_indesit/Application_Platform\APP_FuncLib.c **** \param [in]		prescalerValue e' la base tempi del contatore
 140:C:/Workspace/FW_Inertia/branch_indesit/Application_Platform\APP_FuncLib.c **** \param [in]		value e' il valore di inizializzazione del contatore ti tipo LARGE
 141:C:/Workspace/FW_Inertia/branch_indesit/Application_Platform\APP_FuncLib.c **** 
 142:C:/Workspace/FW_Inertia/branch_indesit/Application_Platform\APP_FuncLib.c **** \return			ritorna S_OK se tutto è andato a buon fine, altrimenti ritorna S_FALSE
 143:C:/Workspace/FW_Inertia/branch_indesit/Application_Platform\APP_FuncLib.c **** 
 144:C:/Workspace/FW_Inertia/branch_indesit/Application_Platform\APP_FuncLib.c **** \retval			none
 145:C:/Workspace/FW_Inertia/branch_indesit/Application_Platform\APP_FuncLib.c **** 
 146:C:/Workspace/FW_Inertia/branch_indesit/Application_Platform\APP_FuncLib.c **** \warning		none		
 147:C:/Workspace/FW_Inertia/branch_indesit/Application_Platform\APP_FuncLib.c **** 
 148:C:/Workspace/FW_Inertia/branch_indesit/Application_Platform\APP_FuncLib.c **** \author			Marco Quintini
 149:C:/Workspace/FW_Inertia/branch_indesit/Application_Platform\APP_FuncLib.c **** \date			19/07/2011
 150:C:/Workspace/FW_Inertia/branch_indesit/Application_Platform\APP_FuncLib.c **** \version		1.0.0
 151:C:/Workspace/FW_Inertia/branch_indesit/Application_Platform\APP_FuncLib.c **** 
 152:C:/Workspace/FW_Inertia/branch_indesit/Application_Platform\APP_FuncLib.c **** \bug			none
 153:C:/Workspace/FW_Inertia/branch_indesit/Application_Platform\APP_FuncLib.c **** 
 154:C:/Workspace/FW_Inertia/branch_indesit/Application_Platform\APP_FuncLib.c **** \todo			nothing
 155:C:/Workspace/FW_Inertia/branch_indesit/Application_Platform\APP_FuncLib.c ****    
 156:C:/Workspace/FW_Inertia/branch_indesit/Application_Platform\APP_FuncLib.c **** \note			none
 157:C:/Workspace/FW_Inertia/branch_indesit/Application_Platform\APP_FuncLib.c **** */
 158:C:/Workspace/FW_Inertia/branch_indesit/Application_Platform\APP_FuncLib.c **** void Set_LargeCounter(SWTC_CountersType idCounter, SWTC_PrescalerType prescalerValue, SWTC_LCounter
 159:C:/Workspace/FW_Inertia/branch_indesit/Application_Platform\APP_FuncLib.c **** {	
 160:C:/Workspace/FW_Inertia/branch_indesit/Application_Platform\APP_FuncLib.c **** 	/* Configura il PRESCALER */
 161:C:/Workspace/FW_Inertia/branch_indesit/Application_Platform\APP_FuncLib.c **** 	SWTC_SetPrescaler (idCounter, prescalerValue);
 162:C:/Workspace/FW_Inertia/branch_indesit/Application_Platform\APP_FuncLib.c **** 	
 163:C:/Workspace/FW_Inertia/branch_indesit/Application_Platform\APP_FuncLib.c **** 	/* Imposta il valore */
 164:C:/Workspace/FW_Inertia/branch_indesit/Application_Platform\APP_FuncLib.c **** 	SWTC_SetLValue (idCounter, value);
 165:C:/Workspace/FW_Inertia/branch_indesit/Application_Platform\APP_FuncLib.c **** 	
 166:C:/Workspace/FW_Inertia/branch_indesit/Application_Platform\APP_FuncLib.c **** 	/* Stop counter */
 167:C:/Workspace/FW_Inertia/branch_indesit/Application_Platform\APP_FuncLib.c **** 	SWTC_Stop(idCounter);
 168:C:/Workspace/FW_Inertia/branch_indesit/Application_Platform\APP_FuncLib.c **** 	
 169:C:/Workspace/FW_Inertia/branch_indesit/Application_Platform\APP_FuncLib.c **** }
 170:C:/Workspace/FW_Inertia/branch_indesit/Application_Platform\APP_FuncLib.c **** #endif	/*#if defined(SWTC_L_ENABLED)*/
 171:C:/Workspace/FW_Inertia/branch_indesit/Application_Platform\APP_FuncLib.c **** 
 172:C:/Workspace/FW_Inertia/branch_indesit/Application_Platform\APP_FuncLib.c **** 
 173:C:/Workspace/FW_Inertia/branch_indesit/Application_Platform\APP_FuncLib.c **** /**
 174:C:/Workspace/FW_Inertia/branch_indesit/Application_Platform\APP_FuncLib.c **** Arresta il contatore SMALL specificato in ingresso e lo azzera.
 175:C:/Workspace/FW_Inertia/branch_indesit/Application_Platform\APP_FuncLib.c **** 
 176:C:/Workspace/FW_Inertia/branch_indesit/Application_Platform\APP_FuncLib.c **** \param [in]		idCounter e' l'indice al contatore che si vuole impostare
 177:C:/Workspace/FW_Inertia/branch_indesit/Application_Platform\APP_FuncLib.c **** 
 178:C:/Workspace/FW_Inertia/branch_indesit/Application_Platform\APP_FuncLib.c **** \return			bool_t
 179:C:/Workspace/FW_Inertia/branch_indesit/Application_Platform\APP_FuncLib.c **** 
 180:C:/Workspace/FW_Inertia/branch_indesit/Application_Platform\APP_FuncLib.c **** \retval		  none
 181:C:/Workspace/FW_Inertia/branch_indesit/Application_Platform\APP_FuncLib.c **** 
 182:C:/Workspace/FW_Inertia/branch_indesit/Application_Platform\APP_FuncLib.c **** \warning		none		
 183:C:/Workspace/FW_Inertia/branch_indesit/Application_Platform\APP_FuncLib.c **** 
 184:C:/Workspace/FW_Inertia/branch_indesit/Application_Platform\APP_FuncLib.c **** \author			Marco Quintini
 185:C:/Workspace/FW_Inertia/branch_indesit/Application_Platform\APP_FuncLib.c **** \date			03/08/2011
 186:C:/Workspace/FW_Inertia/branch_indesit/Application_Platform\APP_FuncLib.c **** \version		1.0.0
 187:C:/Workspace/FW_Inertia/branch_indesit/Application_Platform\APP_FuncLib.c **** 
 188:C:/Workspace/FW_Inertia/branch_indesit/Application_Platform\APP_FuncLib.c **** \bug			none
 189:C:/Workspace/FW_Inertia/branch_indesit/Application_Platform\APP_FuncLib.c **** 
 190:C:/Workspace/FW_Inertia/branch_indesit/Application_Platform\APP_FuncLib.c **** \todo			nothing
 191:C:/Workspace/FW_Inertia/branch_indesit/Application_Platform\APP_FuncLib.c ****    
 192:C:/Workspace/FW_Inertia/branch_indesit/Application_Platform\APP_FuncLib.c **** \note			none
 193:C:/Workspace/FW_Inertia/branch_indesit/Application_Platform\APP_FuncLib.c **** */
 194:C:/Workspace/FW_Inertia/branch_indesit/Application_Platform\APP_FuncLib.c **** void Reset_SmallCounter(SWTC_CountersType idCounter)
 195:C:/Workspace/FW_Inertia/branch_indesit/Application_Platform\APP_FuncLib.c **** {	
  68                             		.loc 1 195 0
  69                             	.LVL10:
  70 0000 7E A7                   		push.l	r7
  71                             	.LCFI2:
  72 0002 CF 17                   		mov.B	r1, r7
 196:C:/Workspace/FW_Inertia/branch_indesit/Application_Platform\APP_FuncLib.c **** 	SWTC_Stop(idCounter);
  73                             		.loc 1 196 0
  74 0004 05 00 00 00             		bsr	_SWTC_Stop
  75                             	.LVL11:
 197:C:/Workspace/FW_Inertia/branch_indesit/Application_Platform\APP_FuncLib.c **** 
 198:C:/Workspace/FW_Inertia/branch_indesit/Application_Platform\APP_FuncLib.c **** 	
 199:C:/Workspace/FW_Inertia/branch_indesit/Application_Platform\APP_FuncLib.c **** 	SWTC_SetSValue(idCounter, (SWTC_SCounterValue)0);
  76                             		.loc 1 199 0
  77 0008 CF 71                   		mov.B	r7, r1
  78 000a 66 02                   		mov	#0, r2
 200:C:/Workspace/FW_Inertia/branch_indesit/Application_Platform\APP_FuncLib.c **** 
 201:C:/Workspace/FW_Inertia/branch_indesit/Application_Platform\APP_FuncLib.c **** }
  79                             		.loc 1 201 0
  80 000c 7E B7                   		pop	r7
  81                             	.LVL12:
 199:C:/Workspace/FW_Inertia/branch_indesit/Application_Platform\APP_FuncLib.c **** 	SWTC_SetSValue(idCounter, (SWTC_SCounterValue)0);
  82                             		.loc 1 199 0
  83 000e 04 00 00 00             		bra	_SWTC_SetSValue
  84                             	.LVL13:
  85                             	.LFE2:
  87                             		.section	.text.Reset_MediumCounter,"ax",@progbits
  88                             		.global	_Reset_MediumCounter
  90                             	_Reset_MediumCounter:
  91                             	.LFB3:
 202:C:/Workspace/FW_Inertia/branch_indesit/Application_Platform\APP_FuncLib.c **** 
 203:C:/Workspace/FW_Inertia/branch_indesit/Application_Platform\APP_FuncLib.c **** 
 204:C:/Workspace/FW_Inertia/branch_indesit/Application_Platform\APP_FuncLib.c **** /**
 205:C:/Workspace/FW_Inertia/branch_indesit/Application_Platform\APP_FuncLib.c **** Arresta il contatore MEDIUM specificato in ingresso e lo azzera.
 206:C:/Workspace/FW_Inertia/branch_indesit/Application_Platform\APP_FuncLib.c **** 
 207:C:/Workspace/FW_Inertia/branch_indesit/Application_Platform\APP_FuncLib.c **** \param [in]		idCounter e' l'indice al contatore che si vuole impostare
 208:C:/Workspace/FW_Inertia/branch_indesit/Application_Platform\APP_FuncLib.c **** 
 209:C:/Workspace/FW_Inertia/branch_indesit/Application_Platform\APP_FuncLib.c **** \return			bool_t
 210:C:/Workspace/FW_Inertia/branch_indesit/Application_Platform\APP_FuncLib.c **** 
 211:C:/Workspace/FW_Inertia/branch_indesit/Application_Platform\APP_FuncLib.c **** \retval			none
 212:C:/Workspace/FW_Inertia/branch_indesit/Application_Platform\APP_FuncLib.c **** 
 213:C:/Workspace/FW_Inertia/branch_indesit/Application_Platform\APP_FuncLib.c **** \warning		none		
 214:C:/Workspace/FW_Inertia/branch_indesit/Application_Platform\APP_FuncLib.c **** 
 215:C:/Workspace/FW_Inertia/branch_indesit/Application_Platform\APP_FuncLib.c **** \author			Marco Quintini
 216:C:/Workspace/FW_Inertia/branch_indesit/Application_Platform\APP_FuncLib.c **** \date			19/07/2011
 217:C:/Workspace/FW_Inertia/branch_indesit/Application_Platform\APP_FuncLib.c **** \version		1.0.0
 218:C:/Workspace/FW_Inertia/branch_indesit/Application_Platform\APP_FuncLib.c **** 
 219:C:/Workspace/FW_Inertia/branch_indesit/Application_Platform\APP_FuncLib.c **** \bug			none
 220:C:/Workspace/FW_Inertia/branch_indesit/Application_Platform\APP_FuncLib.c **** 
 221:C:/Workspace/FW_Inertia/branch_indesit/Application_Platform\APP_FuncLib.c **** \todo			nothing
 222:C:/Workspace/FW_Inertia/branch_indesit/Application_Platform\APP_FuncLib.c ****    
 223:C:/Workspace/FW_Inertia/branch_indesit/Application_Platform\APP_FuncLib.c **** \note			none
 224:C:/Workspace/FW_Inertia/branch_indesit/Application_Platform\APP_FuncLib.c **** */
 225:C:/Workspace/FW_Inertia/branch_indesit/Application_Platform\APP_FuncLib.c **** void Reset_MediumCounter(SWTC_CountersType idCounter)
 226:C:/Workspace/FW_Inertia/branch_indesit/Application_Platform\APP_FuncLib.c **** {	
  92                             		.loc 1 226 0
  93                             	.LVL14:
  94 0000 7E A7                   		push.l	r7
  95                             	.LCFI3:
  96 0002 CF 17                   		mov.B	r1, r7
 227:C:/Workspace/FW_Inertia/branch_indesit/Application_Platform\APP_FuncLib.c **** 	SWTC_Stop(idCounter);
  97                             		.loc 1 227 0
  98 0004 05 00 00 00             		bsr	_SWTC_Stop
  99                             	.LVL15:
 228:C:/Workspace/FW_Inertia/branch_indesit/Application_Platform\APP_FuncLib.c **** 
 229:C:/Workspace/FW_Inertia/branch_indesit/Application_Platform\APP_FuncLib.c **** 	SWTC_SetMValue(idCounter, (SWTC_MCounterValue)0);
 100                             		.loc 1 229 0
 101 0008 CF 71                   		mov.B	r7, r1
 102 000a 66 02                   		mov	#0, r2
 230:C:/Workspace/FW_Inertia/branch_indesit/Application_Platform\APP_FuncLib.c **** }
 103                             		.loc 1 230 0
 104 000c 7E B7                   		pop	r7
 105                             	.LVL16:
 229:C:/Workspace/FW_Inertia/branch_indesit/Application_Platform\APP_FuncLib.c **** 	SWTC_SetMValue(idCounter, (SWTC_MCounterValue)0);
 106                             		.loc 1 229 0
 107 000e 04 00 00 00             		bra	_SWTC_SetMValue
 108                             	.LVL17:
 109                             	.LFE3:
 111                             		.section	.text.IncByteWithCheck,"ax",@progbits
 112                             		.global	_IncByteWithCheck
 114                             	_IncByteWithCheck:
 115                             	.LFB4:
 231:C:/Workspace/FW_Inertia/branch_indesit/Application_Platform\APP_FuncLib.c **** 
 232:C:/Workspace/FW_Inertia/branch_indesit/Application_Platform\APP_FuncLib.c **** 
 233:C:/Workspace/FW_Inertia/branch_indesit/Application_Platform\APP_FuncLib.c **** #if defined(SWTC_L_ENABLED)
 234:C:/Workspace/FW_Inertia/branch_indesit/Application_Platform\APP_FuncLib.c **** /**
 235:C:/Workspace/FW_Inertia/branch_indesit/Application_Platform\APP_FuncLib.c **** Arresta il contatore LARGE specificato in ingresso e lo azzera.
 236:C:/Workspace/FW_Inertia/branch_indesit/Application_Platform\APP_FuncLib.c **** 
 237:C:/Workspace/FW_Inertia/branch_indesit/Application_Platform\APP_FuncLib.c **** \param [in]		idCounter è l'indice al contatore LARGE che si vuole impostare
 238:C:/Workspace/FW_Inertia/branch_indesit/Application_Platform\APP_FuncLib.c **** 
 239:C:/Workspace/FW_Inertia/branch_indesit/Application_Platform\APP_FuncLib.c **** \return		 none
 240:C:/Workspace/FW_Inertia/branch_indesit/Application_Platform\APP_FuncLib.c **** 
 241:C:/Workspace/FW_Inertia/branch_indesit/Application_Platform\APP_FuncLib.c **** \retval			none
 242:C:/Workspace/FW_Inertia/branch_indesit/Application_Platform\APP_FuncLib.c **** 
 243:C:/Workspace/FW_Inertia/branch_indesit/Application_Platform\APP_FuncLib.c **** \warning		none		
 244:C:/Workspace/FW_Inertia/branch_indesit/Application_Platform\APP_FuncLib.c **** 
 245:C:/Workspace/FW_Inertia/branch_indesit/Application_Platform\APP_FuncLib.c **** \author			Francesco Corvo
 246:C:/Workspace/FW_Inertia/branch_indesit/Application_Platform\APP_FuncLib.c **** \date			16/09/2010
 247:C:/Workspace/FW_Inertia/branch_indesit/Application_Platform\APP_FuncLib.c **** \version		1.0.0
 248:C:/Workspace/FW_Inertia/branch_indesit/Application_Platform\APP_FuncLib.c **** 
 249:C:/Workspace/FW_Inertia/branch_indesit/Application_Platform\APP_FuncLib.c **** \bug			none
 250:C:/Workspace/FW_Inertia/branch_indesit/Application_Platform\APP_FuncLib.c **** 
 251:C:/Workspace/FW_Inertia/branch_indesit/Application_Platform\APP_FuncLib.c **** \todo			nothing
 252:C:/Workspace/FW_Inertia/branch_indesit/Application_Platform\APP_FuncLib.c ****    
 253:C:/Workspace/FW_Inertia/branch_indesit/Application_Platform\APP_FuncLib.c **** \note			none
 254:C:/Workspace/FW_Inertia/branch_indesit/Application_Platform\APP_FuncLib.c **** */
 255:C:/Workspace/FW_Inertia/branch_indesit/Application_Platform\APP_FuncLib.c **** 
 256:C:/Workspace/FW_Inertia/branch_indesit/Application_Platform\APP_FuncLib.c **** void Reset_LargeCounter(SWTC_CountersType idCounter)
 257:C:/Workspace/FW_Inertia/branch_indesit/Application_Platform\APP_FuncLib.c **** {
 258:C:/Workspace/FW_Inertia/branch_indesit/Application_Platform\APP_FuncLib.c **** 	SWTC_Stop(idCounter);
 259:C:/Workspace/FW_Inertia/branch_indesit/Application_Platform\APP_FuncLib.c **** 	
 260:C:/Workspace/FW_Inertia/branch_indesit/Application_Platform\APP_FuncLib.c **** 	SWTC_SetLValue(idCounter, (SWTC_LCounterValue)0);
 261:C:/Workspace/FW_Inertia/branch_indesit/Application_Platform\APP_FuncLib.c **** 
 262:C:/Workspace/FW_Inertia/branch_indesit/Application_Platform\APP_FuncLib.c **** }
 263:C:/Workspace/FW_Inertia/branch_indesit/Application_Platform\APP_FuncLib.c **** #endif	/*#if defined(SWTC_L_ENABLED)*/
 264:C:/Workspace/FW_Inertia/branch_indesit/Application_Platform\APP_FuncLib.c **** 
 265:C:/Workspace/FW_Inertia/branch_indesit/Application_Platform\APP_FuncLib.c **** #else /* SW_TIMER_NORM_MODE	== FALSE */
 266:C:/Workspace/FW_Inertia/branch_indesit/Application_Platform\APP_FuncLib.c **** /**
 267:C:/Workspace/FW_Inertia/branch_indesit/Application_Platform\APP_FuncLib.c **** Configura il contatore specificato in ingresso per un uso come Up Counter,
 268:C:/Workspace/FW_Inertia/branch_indesit/Application_Platform\APP_FuncLib.c **** lo inizializza e lo disabilita.
 269:C:/Workspace/FW_Inertia/branch_indesit/Application_Platform\APP_FuncLib.c **** 
 270:C:/Workspace/FW_Inertia/branch_indesit/Application_Platform\APP_FuncLib.c **** \param [in]		counterSize e' la size SHORT/MEDIUM/LARGE_COUNTER del contatore da inizializzare
 271:C:/Workspace/FW_Inertia/branch_indesit/Application_Platform\APP_FuncLib.c **** \param [in]		counterId e' l'identificatore del contatore da inizializzare
 272:C:/Workspace/FW_Inertia/branch_indesit/Application_Platform\APP_FuncLib.c **** \param [in]		opCode e' la base tempi del contatore
 273:C:/Workspace/FW_Inertia/branch_indesit/Application_Platform\APP_FuncLib.c **** 
 274:C:/Workspace/FW_Inertia/branch_indesit/Application_Platform\APP_FuncLib.c **** \return			void
 275:C:/Workspace/FW_Inertia/branch_indesit/Application_Platform\APP_FuncLib.c **** 
 276:C:/Workspace/FW_Inertia/branch_indesit/Application_Platform\APP_FuncLib.c **** \retval			none
 277:C:/Workspace/FW_Inertia/branch_indesit/Application_Platform\APP_FuncLib.c **** 
 278:C:/Workspace/FW_Inertia/branch_indesit/Application_Platform\APP_FuncLib.c **** \warning		none		
 279:C:/Workspace/FW_Inertia/branch_indesit/Application_Platform\APP_FuncLib.c **** 
 280:C:/Workspace/FW_Inertia/branch_indesit/Application_Platform\APP_FuncLib.c **** \author			Michele Tanzi
 281:C:/Workspace/FW_Inertia/branch_indesit/Application_Platform\APP_FuncLib.c **** \date			18/07/2012
 282:C:/Workspace/FW_Inertia/branch_indesit/Application_Platform\APP_FuncLib.c **** \version		1.0.0
 283:C:/Workspace/FW_Inertia/branch_indesit/Application_Platform\APP_FuncLib.c **** 
 284:C:/Workspace/FW_Inertia/branch_indesit/Application_Platform\APP_FuncLib.c **** \bug			none
 285:C:/Workspace/FW_Inertia/branch_indesit/Application_Platform\APP_FuncLib.c **** 
 286:C:/Workspace/FW_Inertia/branch_indesit/Application_Platform\APP_FuncLib.c **** \todo			nothing
 287:C:/Workspace/FW_Inertia/branch_indesit/Application_Platform\APP_FuncLib.c ****    
 288:C:/Workspace/FW_Inertia/branch_indesit/Application_Platform\APP_FuncLib.c **** \note			none
 289:C:/Workspace/FW_Inertia/branch_indesit/Application_Platform\APP_FuncLib.c **** */
 290:C:/Workspace/FW_Inertia/branch_indesit/Application_Platform\APP_FuncLib.c **** void Set_UpCounter(uint8_t counterSize, SWTC_CountersType counterId, SWTC_PrescalerType opCode)
 291:C:/Workspace/FW_Inertia/branch_indesit/Application_Platform\APP_FuncLib.c **** {	
 292:C:/Workspace/FW_Inertia/branch_indesit/Application_Platform\APP_FuncLib.c **** 	SWTC_Stop(counterId);
 293:C:/Workspace/FW_Inertia/branch_indesit/Application_Platform\APP_FuncLib.c **** 	SWTC_SetPrescaler(counterId, opCode);
 294:C:/Workspace/FW_Inertia/branch_indesit/Application_Platform\APP_FuncLib.c **** 	/* The counter is actually a down-counter and it must start from its maximum value
 295:C:/Workspace/FW_Inertia/branch_indesit/Application_Platform\APP_FuncLib.c **** 	 * in order to take the correct elapsed time with the SWTC_GetElapsedTime().
 296:C:/Workspace/FW_Inertia/branch_indesit/Application_Platform\APP_FuncLib.c **** 	 * Value 0 is used to force the timer expiring because retrigger works
 297:C:/Workspace/FW_Inertia/branch_indesit/Application_Platform\APP_FuncLib.c **** 	 * only on an expired timer.
 298:C:/Workspace/FW_Inertia/branch_indesit/Application_Platform\APP_FuncLib.c **** 	 */
 299:C:/Workspace/FW_Inertia/branch_indesit/Application_Platform\APP_FuncLib.c **** 	switch (counterSize)
 300:C:/Workspace/FW_Inertia/branch_indesit/Application_Platform\APP_FuncLib.c **** 	{
 301:C:/Workspace/FW_Inertia/branch_indesit/Application_Platform\APP_FuncLib.c **** 		case SHORT_COUNTER:
 302:C:/Workspace/FW_Inertia/branch_indesit/Application_Platform\APP_FuncLib.c **** 			SWTC_SetSValue(counterId, (SWTC_SCounterValue) 0);
 303:C:/Workspace/FW_Inertia/branch_indesit/Application_Platform\APP_FuncLib.c **** 			break;
 304:C:/Workspace/FW_Inertia/branch_indesit/Application_Platform\APP_FuncLib.c **** 		case MEDIUM_COUNTER:
 305:C:/Workspace/FW_Inertia/branch_indesit/Application_Platform\APP_FuncLib.c **** 			SWTC_SetMValue(counterId, (SWTC_MCounterValue) 0);
 306:C:/Workspace/FW_Inertia/branch_indesit/Application_Platform\APP_FuncLib.c **** 			break;
 307:C:/Workspace/FW_Inertia/branch_indesit/Application_Platform\APP_FuncLib.c **** #if defined(SWTC_L_ENABLED)
 308:C:/Workspace/FW_Inertia/branch_indesit/Application_Platform\APP_FuncLib.c **** 		case LARGE_COUNTER:
 309:C:/Workspace/FW_Inertia/branch_indesit/Application_Platform\APP_FuncLib.c **** 			SWTC_SetLValue(counterId, (SWTC_LCounterValue) 0);
 310:C:/Workspace/FW_Inertia/branch_indesit/Application_Platform\APP_FuncLib.c **** 			break;
 311:C:/Workspace/FW_Inertia/branch_indesit/Application_Platform\APP_FuncLib.c **** #endif
 312:C:/Workspace/FW_Inertia/branch_indesit/Application_Platform\APP_FuncLib.c **** 
 313:C:/Workspace/FW_Inertia/branch_indesit/Application_Platform\APP_FuncLib.c **** 		default:
 314:C:/Workspace/FW_Inertia/branch_indesit/Application_Platform\APP_FuncLib.c **** 			break;
 315:C:/Workspace/FW_Inertia/branch_indesit/Application_Platform\APP_FuncLib.c **** 	}
 316:C:/Workspace/FW_Inertia/branch_indesit/Application_Platform\APP_FuncLib.c **** 
 317:C:/Workspace/FW_Inertia/branch_indesit/Application_Platform\APP_FuncLib.c **** 	(void)SWTC_Retrigger(counterId);
 318:C:/Workspace/FW_Inertia/branch_indesit/Application_Platform\APP_FuncLib.c **** }
 319:C:/Workspace/FW_Inertia/branch_indesit/Application_Platform\APP_FuncLib.c **** 
 320:C:/Workspace/FW_Inertia/branch_indesit/Application_Platform\APP_FuncLib.c **** 
 321:C:/Workspace/FW_Inertia/branch_indesit/Application_Platform\APP_FuncLib.c **** /**
 322:C:/Workspace/FW_Inertia/branch_indesit/Application_Platform\APP_FuncLib.c **** Configura il contatore specificato in ingresso come Down Counter,
 323:C:/Workspace/FW_Inertia/branch_indesit/Application_Platform\APP_FuncLib.c **** lo inizializza e lo disabilita.
 324:C:/Workspace/FW_Inertia/branch_indesit/Application_Platform\APP_FuncLib.c **** 
 325:C:/Workspace/FW_Inertia/branch_indesit/Application_Platform\APP_FuncLib.c **** \param [in]		counterId e' l'identificatore del contatore da inizializzare
 326:C:/Workspace/FW_Inertia/branch_indesit/Application_Platform\APP_FuncLib.c **** \param [in]		opCode e' la base tempi del contatore
 327:C:/Workspace/FW_Inertia/branch_indesit/Application_Platform\APP_FuncLib.c **** \param [in]		value e' il valore di inizializzazione del contatore [1..127]
 328:C:/Workspace/FW_Inertia/branch_indesit/Application_Platform\APP_FuncLib.c **** 
 329:C:/Workspace/FW_Inertia/branch_indesit/Application_Platform\APP_FuncLib.c **** \return			void
 330:C:/Workspace/FW_Inertia/branch_indesit/Application_Platform\APP_FuncLib.c **** 
 331:C:/Workspace/FW_Inertia/branch_indesit/Application_Platform\APP_FuncLib.c **** \retval			none
 332:C:/Workspace/FW_Inertia/branch_indesit/Application_Platform\APP_FuncLib.c **** 
 333:C:/Workspace/FW_Inertia/branch_indesit/Application_Platform\APP_FuncLib.c **** \warning		none		
 334:C:/Workspace/FW_Inertia/branch_indesit/Application_Platform\APP_FuncLib.c **** 
 335:C:/Workspace/FW_Inertia/branch_indesit/Application_Platform\APP_FuncLib.c **** \author			Michele Tanzi
 336:C:/Workspace/FW_Inertia/branch_indesit/Application_Platform\APP_FuncLib.c **** \date			18/07/2012
 337:C:/Workspace/FW_Inertia/branch_indesit/Application_Platform\APP_FuncLib.c **** \version		1.0.0
 338:C:/Workspace/FW_Inertia/branch_indesit/Application_Platform\APP_FuncLib.c **** 
 339:C:/Workspace/FW_Inertia/branch_indesit/Application_Platform\APP_FuncLib.c **** \bug			none
 340:C:/Workspace/FW_Inertia/branch_indesit/Application_Platform\APP_FuncLib.c **** 
 341:C:/Workspace/FW_Inertia/branch_indesit/Application_Platform\APP_FuncLib.c **** \todo			nothing
 342:C:/Workspace/FW_Inertia/branch_indesit/Application_Platform\APP_FuncLib.c ****    
 343:C:/Workspace/FW_Inertia/branch_indesit/Application_Platform\APP_FuncLib.c **** \note			none
 344:C:/Workspace/FW_Inertia/branch_indesit/Application_Platform\APP_FuncLib.c **** */
 345:C:/Workspace/FW_Inertia/branch_indesit/Application_Platform\APP_FuncLib.c **** void Set_DownCounter(uint8_t counterSize, SWTC_CountersType counterId, SWTC_PrescalerType opCode, S
 346:C:/Workspace/FW_Inertia/branch_indesit/Application_Platform\APP_FuncLib.c **** {	
 347:C:/Workspace/FW_Inertia/branch_indesit/Application_Platform\APP_FuncLib.c **** 	SWTC_Stop(counterId);
 348:C:/Workspace/FW_Inertia/branch_indesit/Application_Platform\APP_FuncLib.c **** 	SWTC_SetPrescaler(counterId, opCode);
 349:C:/Workspace/FW_Inertia/branch_indesit/Application_Platform\APP_FuncLib.c **** 	switch (counterSize)
 350:C:/Workspace/FW_Inertia/branch_indesit/Application_Platform\APP_FuncLib.c **** 	{
 351:C:/Workspace/FW_Inertia/branch_indesit/Application_Platform\APP_FuncLib.c **** 		case SHORT_COUNTER:
 352:C:/Workspace/FW_Inertia/branch_indesit/Application_Platform\APP_FuncLib.c **** 			SWTC_SetSValue(counterId, (SWTC_SCounterValue)value);
 353:C:/Workspace/FW_Inertia/branch_indesit/Application_Platform\APP_FuncLib.c **** 			break;
 354:C:/Workspace/FW_Inertia/branch_indesit/Application_Platform\APP_FuncLib.c **** 		case MEDIUM_COUNTER:
 355:C:/Workspace/FW_Inertia/branch_indesit/Application_Platform\APP_FuncLib.c **** 			SWTC_SetMValue(counterId, (SWTC_MCounterValue)value);
 356:C:/Workspace/FW_Inertia/branch_indesit/Application_Platform\APP_FuncLib.c **** 			break;
 357:C:/Workspace/FW_Inertia/branch_indesit/Application_Platform\APP_FuncLib.c **** #if defined(SWTC_L_ENABLED)
 358:C:/Workspace/FW_Inertia/branch_indesit/Application_Platform\APP_FuncLib.c **** 		case LARGE_COUNTER:
 359:C:/Workspace/FW_Inertia/branch_indesit/Application_Platform\APP_FuncLib.c **** 			SWTC_SetLValue(counterId, (SWTC_LCounterValue) value);
 360:C:/Workspace/FW_Inertia/branch_indesit/Application_Platform\APP_FuncLib.c **** 			break;
 361:C:/Workspace/FW_Inertia/branch_indesit/Application_Platform\APP_FuncLib.c **** #endif
 362:C:/Workspace/FW_Inertia/branch_indesit/Application_Platform\APP_FuncLib.c **** 
 363:C:/Workspace/FW_Inertia/branch_indesit/Application_Platform\APP_FuncLib.c **** 		default:
 364:C:/Workspace/FW_Inertia/branch_indesit/Application_Platform\APP_FuncLib.c **** 			break;
 365:C:/Workspace/FW_Inertia/branch_indesit/Application_Platform\APP_FuncLib.c **** 	}
 366:C:/Workspace/FW_Inertia/branch_indesit/Application_Platform\APP_FuncLib.c **** }
 367:C:/Workspace/FW_Inertia/branch_indesit/Application_Platform\APP_FuncLib.c **** 
 368:C:/Workspace/FW_Inertia/branch_indesit/Application_Platform\APP_FuncLib.c **** 
 369:C:/Workspace/FW_Inertia/branch_indesit/Application_Platform\APP_FuncLib.c **** /**
 370:C:/Workspace/FW_Inertia/branch_indesit/Application_Platform\APP_FuncLib.c **** Disabilita il contatore specificato in ingresso e azzera il suo valore.
 371:C:/Workspace/FW_Inertia/branch_indesit/Application_Platform\APP_FuncLib.c **** 
 372:C:/Workspace/FW_Inertia/branch_indesit/Application_Platform\APP_FuncLib.c **** \param [in]		pCounter e' il puntatore al contatore da resettare
 373:C:/Workspace/FW_Inertia/branch_indesit/Application_Platform\APP_FuncLib.c **** 
 374:C:/Workspace/FW_Inertia/branch_indesit/Application_Platform\APP_FuncLib.c **** \return			void
 375:C:/Workspace/FW_Inertia/branch_indesit/Application_Platform\APP_FuncLib.c **** 
 376:C:/Workspace/FW_Inertia/branch_indesit/Application_Platform\APP_FuncLib.c **** \retval			none
 377:C:/Workspace/FW_Inertia/branch_indesit/Application_Platform\APP_FuncLib.c **** 
 378:C:/Workspace/FW_Inertia/branch_indesit/Application_Platform\APP_FuncLib.c **** \warning		attenzione, per contatori usati come se fossero Up Counter non è equivalente al ResetCoun
 379:C:/Workspace/FW_Inertia/branch_indesit/Application_Platform\APP_FuncLib.c **** 				di Platform 1.0
 380:C:/Workspace/FW_Inertia/branch_indesit/Application_Platform\APP_FuncLib.c **** 
 381:C:/Workspace/FW_Inertia/branch_indesit/Application_Platform\APP_FuncLib.c **** \author			Simone Costantini
 382:C:/Workspace/FW_Inertia/branch_indesit/Application_Platform\APP_FuncLib.c **** \date			26/01/2007
 383:C:/Workspace/FW_Inertia/branch_indesit/Application_Platform\APP_FuncLib.c **** \version		1.0.0
 384:C:/Workspace/FW_Inertia/branch_indesit/Application_Platform\APP_FuncLib.c **** 
 385:C:/Workspace/FW_Inertia/branch_indesit/Application_Platform\APP_FuncLib.c **** \bug			none
 386:C:/Workspace/FW_Inertia/branch_indesit/Application_Platform\APP_FuncLib.c **** 
 387:C:/Workspace/FW_Inertia/branch_indesit/Application_Platform\APP_FuncLib.c **** \todo			nothing
 388:C:/Workspace/FW_Inertia/branch_indesit/Application_Platform\APP_FuncLib.c ****    
 389:C:/Workspace/FW_Inertia/branch_indesit/Application_Platform\APP_FuncLib.c **** \note			none
 390:C:/Workspace/FW_Inertia/branch_indesit/Application_Platform\APP_FuncLib.c **** */
 391:C:/Workspace/FW_Inertia/branch_indesit/Application_Platform\APP_FuncLib.c **** void StopCounterToZero(uint8_t counterSize, SWTC_CountersType counterId)
 392:C:/Workspace/FW_Inertia/branch_indesit/Application_Platform\APP_FuncLib.c **** {
 393:C:/Workspace/FW_Inertia/branch_indesit/Application_Platform\APP_FuncLib.c **** 	SWTC_Stop(counterId);
 394:C:/Workspace/FW_Inertia/branch_indesit/Application_Platform\APP_FuncLib.c **** 	switch (counterSize)
 395:C:/Workspace/FW_Inertia/branch_indesit/Application_Platform\APP_FuncLib.c **** 	{
 396:C:/Workspace/FW_Inertia/branch_indesit/Application_Platform\APP_FuncLib.c **** 		case SHORT_COUNTER:
 397:C:/Workspace/FW_Inertia/branch_indesit/Application_Platform\APP_FuncLib.c **** 			SWTC_SetSValue(counterId, (SWTC_SCounterValue) 0);
 398:C:/Workspace/FW_Inertia/branch_indesit/Application_Platform\APP_FuncLib.c **** 			break;
 399:C:/Workspace/FW_Inertia/branch_indesit/Application_Platform\APP_FuncLib.c **** 		case MEDIUM_COUNTER:
 400:C:/Workspace/FW_Inertia/branch_indesit/Application_Platform\APP_FuncLib.c **** 			SWTC_SetMValue(counterId, (SWTC_MCounterValue) 0);
 401:C:/Workspace/FW_Inertia/branch_indesit/Application_Platform\APP_FuncLib.c **** 			break;
 402:C:/Workspace/FW_Inertia/branch_indesit/Application_Platform\APP_FuncLib.c **** #if defined(SWTC_L_ENABLED)
 403:C:/Workspace/FW_Inertia/branch_indesit/Application_Platform\APP_FuncLib.c **** 		case LARGE_COUNTER:
 404:C:/Workspace/FW_Inertia/branch_indesit/Application_Platform\APP_FuncLib.c **** 			SWTC_SetLValue(counterId, (SWTC_LCounterValue) 0);
 405:C:/Workspace/FW_Inertia/branch_indesit/Application_Platform\APP_FuncLib.c **** 			break;
 406:C:/Workspace/FW_Inertia/branch_indesit/Application_Platform\APP_FuncLib.c **** #endif
 407:C:/Workspace/FW_Inertia/branch_indesit/Application_Platform\APP_FuncLib.c **** 
 408:C:/Workspace/FW_Inertia/branch_indesit/Application_Platform\APP_FuncLib.c **** 		default:
 409:C:/Workspace/FW_Inertia/branch_indesit/Application_Platform\APP_FuncLib.c **** 			break;
 410:C:/Workspace/FW_Inertia/branch_indesit/Application_Platform\APP_FuncLib.c **** 	}
 411:C:/Workspace/FW_Inertia/branch_indesit/Application_Platform\APP_FuncLib.c **** }
 412:C:/Workspace/FW_Inertia/branch_indesit/Application_Platform\APP_FuncLib.c **** #endif /* SW_TIMER_NORM_MODE	== FALSE */
 413:C:/Workspace/FW_Inertia/branch_indesit/Application_Platform\APP_FuncLib.c **** 
 414:C:/Workspace/FW_Inertia/branch_indesit/Application_Platform\APP_FuncLib.c **** 
 415:C:/Workspace/FW_Inertia/branch_indesit/Application_Platform\APP_FuncLib.c **** /**
 416:C:/Workspace/FW_Inertia/branch_indesit/Application_Platform\APP_FuncLib.c **** Incrementa la variabile *pAccumulator se questa risulta inferiore a 0xFF, altrimenti
 417:C:/Workspace/FW_Inertia/branch_indesit/Application_Platform\APP_FuncLib.c **** la lascia invariata.
 418:C:/Workspace/FW_Inertia/branch_indesit/Application_Platform\APP_FuncLib.c **** 
 419:C:/Workspace/FW_Inertia/branch_indesit/Application_Platform\APP_FuncLib.c **** \param [in,out]	pAccumulator e' il puntatore alla variabile da incrementare.
 420:C:/Workspace/FW_Inertia/branch_indesit/Application_Platform\APP_FuncLib.c **** 
 421:C:/Workspace/FW_Inertia/branch_indesit/Application_Platform\APP_FuncLib.c **** \return			void
 422:C:/Workspace/FW_Inertia/branch_indesit/Application_Platform\APP_FuncLib.c **** 
 423:C:/Workspace/FW_Inertia/branch_indesit/Application_Platform\APP_FuncLib.c **** \retval			none
 424:C:/Workspace/FW_Inertia/branch_indesit/Application_Platform\APP_FuncLib.c **** 
 425:C:/Workspace/FW_Inertia/branch_indesit/Application_Platform\APP_FuncLib.c **** \warning		none		
 426:C:/Workspace/FW_Inertia/branch_indesit/Application_Platform\APP_FuncLib.c **** 
 427:C:/Workspace/FW_Inertia/branch_indesit/Application_Platform\APP_FuncLib.c **** \author			Marco Quintini
 428:C:/Workspace/FW_Inertia/branch_indesit/Application_Platform\APP_FuncLib.c **** \date   		30/11/2006
 429:C:/Workspace/FW_Inertia/branch_indesit/Application_Platform\APP_FuncLib.c **** \version    	1.0.0
 430:C:/Workspace/FW_Inertia/branch_indesit/Application_Platform\APP_FuncLib.c **** 
 431:C:/Workspace/FW_Inertia/branch_indesit/Application_Platform\APP_FuncLib.c **** \bug			none
 432:C:/Workspace/FW_Inertia/branch_indesit/Application_Platform\APP_FuncLib.c **** 
 433:C:/Workspace/FW_Inertia/branch_indesit/Application_Platform\APP_FuncLib.c **** \todo			nothing
 434:C:/Workspace/FW_Inertia/branch_indesit/Application_Platform\APP_FuncLib.c ****    
 435:C:/Workspace/FW_Inertia/branch_indesit/Application_Platform\APP_FuncLib.c **** \note			none
 436:C:/Workspace/FW_Inertia/branch_indesit/Application_Platform\APP_FuncLib.c **** */
 437:C:/Workspace/FW_Inertia/branch_indesit/Application_Platform\APP_FuncLib.c **** void IncByteWithCheck(uint8_t *pAccumulator)
 438:C:/Workspace/FW_Inertia/branch_indesit/Application_Platform\APP_FuncLib.c **** {
 116                             		.loc 1 438 0
 117                             	.LVL18:
 439:C:/Workspace/FW_Inertia/branch_indesit/Application_Platform\APP_FuncLib.c **** 	if((*pAccumulator) < UINT8_T_MAX)
 118                             		.loc 1 439 0
 119 0000 CC 1E                   		mov.B	[r1], r14
 120 0002 5B E4                   		movu.B	r14, r4
 121 0004 75 54 FF                		cmp	#0xff, r4
 122 0007 15                      		beq	.L9
 440:C:/Workspace/FW_Inertia/branch_indesit/Application_Platform\APP_FuncLib.c **** 	{
 441:C:/Workspace/FW_Inertia/branch_indesit/Application_Platform\APP_FuncLib.c **** 		(*pAccumulator) ++;
 123                             		.loc 1 441 0
 124 0008 62 1E                   		add	#1, r14
 125 000a C3 1E                   		mov.B	r14, [r1]
 126                             	.L9:
 127 000c 02                      		rts
 128                             	.LFE4:
 130                             		.section	.text.DBG_CheckErr,"ax",@progbits
 131                             		.global	_DBG_CheckErr
 133                             	_DBG_CheckErr:
 134                             	.LFB5:
 442:C:/Workspace/FW_Inertia/branch_indesit/Application_Platform\APP_FuncLib.c **** 	}
 443:C:/Workspace/FW_Inertia/branch_indesit/Application_Platform\APP_FuncLib.c **** }
 444:C:/Workspace/FW_Inertia/branch_indesit/Application_Platform\APP_FuncLib.c **** 
 445:C:/Workspace/FW_Inertia/branch_indesit/Application_Platform\APP_FuncLib.c **** 
 446:C:/Workspace/FW_Inertia/branch_indesit/Application_Platform\APP_FuncLib.c **** #if (CHECKERRORS_ENABLE == 1)
 447:C:/Workspace/FW_Inertia/branch_indesit/Application_Platform\APP_FuncLib.c **** /**
 448:C:/Workspace/FW_Inertia/branch_indesit/Application_Platform\APP_FuncLib.c **** Memorizza in un buffer circolare tutti i codici di errore generati dai moduli
 449:C:/Workspace/FW_Inertia/branch_indesit/Application_Platform\APP_FuncLib.c **** dell'applicazione. \n
 450:C:/Workspace/FW_Inertia/branch_indesit/Application_Platform\APP_FuncLib.c **** Il funzionamento corretto prevede che non ci sia nessun elemento all'interno del buffer.
 451:C:/Workspace/FW_Inertia/branch_indesit/Application_Platform\APP_FuncLib.c ****  
 452:C:/Workspace/FW_Inertia/branch_indesit/Application_Platform\APP_FuncLib.c **** \param [in]		codeToVerify e' il codice (ad esempio restituito da una routine)
 453:C:/Workspace/FW_Inertia/branch_indesit/Application_Platform\APP_FuncLib.c **** 				su cui viene effettuata la verifica. Se e' un codice di errore
 454:C:/Workspace/FW_Inertia/branch_indesit/Application_Platform\APP_FuncLib.c **** 				e se non e' gia' presente in Debug_Error[], viene aggiunto in coda.
 455:C:/Workspace/FW_Inertia/branch_indesit/Application_Platform\APP_FuncLib.c **** \attention		Debug_Error (global, buffer che memorizza i codici di errore) e'
 456:C:/Workspace/FW_Inertia/branch_indesit/Application_Platform\APP_FuncLib.c **** 				usata come input/output
 457:C:/Workspace/FW_Inertia/branch_indesit/Application_Platform\APP_FuncLib.c **** 
 458:C:/Workspace/FW_Inertia/branch_indesit/Application_Platform\APP_FuncLib.c **** \return			void
 459:C:/Workspace/FW_Inertia/branch_indesit/Application_Platform\APP_FuncLib.c **** 
 460:C:/Workspace/FW_Inertia/branch_indesit/Application_Platform\APP_FuncLib.c **** \retval			none
 461:C:/Workspace/FW_Inertia/branch_indesit/Application_Platform\APP_FuncLib.c **** 
 462:C:/Workspace/FW_Inertia/branch_indesit/Application_Platform\APP_FuncLib.c **** \warning		none		
 463:C:/Workspace/FW_Inertia/branch_indesit/Application_Platform\APP_FuncLib.c **** 
 464:C:/Workspace/FW_Inertia/branch_indesit/Application_Platform\APP_FuncLib.c **** \author  		Simone Costantini, Valeria Catani, Lucio Bianchi, Marco Quintini	
 465:C:/Workspace/FW_Inertia/branch_indesit/Application_Platform\APP_FuncLib.c **** \date 			14/02/2006
 466:C:/Workspace/FW_Inertia/branch_indesit/Application_Platform\APP_FuncLib.c **** \version		1.0.0
 467:C:/Workspace/FW_Inertia/branch_indesit/Application_Platform\APP_FuncLib.c **** 
 468:C:/Workspace/FW_Inertia/branch_indesit/Application_Platform\APP_FuncLib.c **** \bug			none
 469:C:/Workspace/FW_Inertia/branch_indesit/Application_Platform\APP_FuncLib.c **** 
 470:C:/Workspace/FW_Inertia/branch_indesit/Application_Platform\APP_FuncLib.c **** \todo			nothing
 471:C:/Workspace/FW_Inertia/branch_indesit/Application_Platform\APP_FuncLib.c ****    
 472:C:/Workspace/FW_Inertia/branch_indesit/Application_Platform\APP_FuncLib.c **** \note			none
 473:C:/Workspace/FW_Inertia/branch_indesit/Application_Platform\APP_FuncLib.c **** */
 474:C:/Workspace/FW_Inertia/branch_indesit/Application_Platform\APP_FuncLib.c **** void DBG_CheckErr(uint8_t codeToVerify)
 475:C:/Workspace/FW_Inertia/branch_indesit/Application_Platform\APP_FuncLib.c **** {
 135                             		.loc 1 475 0
 136                             	.LVL19:
 476:C:/Workspace/FW_Inertia/branch_indesit/Application_Platform\APP_FuncLib.c **** static uint8_t iDbgErr = 0;
 477:C:/Workspace/FW_Inertia/branch_indesit/Application_Platform\APP_FuncLib.c **** uint8_t i;
 478:C:/Workspace/FW_Inertia/branch_indesit/Application_Platform\APP_FuncLib.c **** 	
 479:C:/Workspace/FW_Inertia/branch_indesit/Application_Platform\APP_FuncLib.c **** 	if(codeToVerify & ERROR_WARNING_CODE_MASK)
 137                             		.loc 1 479 0
 138 0000 EF 1E                   		mov.L	r1, r14
 139 0002 76 2E FE 00             		and	#0xfe, r14
 140 0006 20 41                   		beq	.L14
 480:C:/Workspace/FW_Inertia/branch_indesit/Application_Platform\APP_FuncLib.c **** 	{
 481:C:/Workspace/FW_Inertia/branch_indesit/Application_Platform\APP_FuncLib.c **** 		for(i = 0; i < iDbgErr; i++)
 141                             		.loc 1 481 0
 142 0008 66 0E                   		mov.L	#0, r14
 143 000a FB 42 00 00 00 00       		mov.L	#_iDbgErr.11546, r4
 144 0010 58 44                   		movu.B	[r4], r4
 482:C:/Workspace/FW_Inertia/branch_indesit/Application_Platform\APP_FuncLib.c **** 		{
 483:C:/Workspace/FW_Inertia/branch_indesit/Application_Platform\APP_FuncLib.c **** 			if(codeToVerify == Debug_Error[i])
 145                             		.loc 1 483 0
 146 0012 5B 12                   		movu.B	r1, r2
 147 0014 2E 0E                   		bra	.L16
 148                             	.L17:
 149 0016 62 1E                   		add	#1, r14
 474:C:/Workspace/FW_Inertia/branch_indesit/Application_Platform\APP_FuncLib.c **** void DBG_CheckErr(uint8_t codeToVerify)
 150                             		.loc 1 474 0
 151 0018 70 E3 00 00 00 00       		add	#_Debug_Error-1, r14, r3
 152                             		.loc 1 483 0
 153 001e 44 32                   		cmp	[r3].UB, r2
 154 0020 20 27                   		beq	.L14
 155                             		.balign 2,3,1
 156                             	.L16:
 481:C:/Workspace/FW_Inertia/branch_indesit/Application_Platform\APP_FuncLib.c **** 		for(i = 0; i < iDbgErr; i++)
 157                             		.loc 1 481 0 discriminator 1
 158 0022 5B E3                   		movu.B	r14, r3
 159 0024 47 34                   		cmp	r3, r4
 160 0026 24 F0                   		bgtu	.L17
 161 0028 FB E2 00 00 00 00       		mov.L	#_iDbgErr.11546, r14
 484:C:/Workspace/FW_Inertia/branch_indesit/Application_Platform\APP_FuncLib.c **** 			{
 485:C:/Workspace/FW_Inertia/branch_indesit/Application_Platform\APP_FuncLib.c **** 				return;
 486:C:/Workspace/FW_Inertia/branch_indesit/Application_Platform\APP_FuncLib.c **** 			}
 487:C:/Workspace/FW_Inertia/branch_indesit/Application_Platform\APP_FuncLib.c **** 		}
 488:C:/Workspace/FW_Inertia/branch_indesit/Application_Platform\APP_FuncLib.c **** 	
 489:C:/Workspace/FW_Inertia/branch_indesit/Application_Platform\APP_FuncLib.c **** 		/*lint -save -e912 */
 490:C:/Workspace/FW_Inertia/branch_indesit/Application_Platform\APP_FuncLib.c **** 		if(iDbgErr >= SIZE(Debug_Error))
 162                             		.loc 1 490 0
 163 002e 75 54 13                		cmp	#19, r4
 164 0031 25 05                   		bleu	.L18
 491:C:/Workspace/FW_Inertia/branch_indesit/Application_Platform\APP_FuncLib.c **** 		/*lint -restore */
 492:C:/Workspace/FW_Inertia/branch_indesit/Application_Platform\APP_FuncLib.c **** 		{
 493:C:/Workspace/FW_Inertia/branch_indesit/Application_Platform\APP_FuncLib.c **** 			iDbgErr = 0;
 165                             		.loc 1 493 0
 166 0033 F8 E4 00                		mov.B	#0, [r14]
 167                             		.balign 2,3,5
 168                             	.L18:
 494:C:/Workspace/FW_Inertia/branch_indesit/Application_Platform\APP_FuncLib.c **** 		}
 495:C:/Workspace/FW_Inertia/branch_indesit/Application_Platform\APP_FuncLib.c **** 		
 496:C:/Workspace/FW_Inertia/branch_indesit/Application_Platform\APP_FuncLib.c **** 		Debug_Error[iDbgErr++] = codeToVerify;
 169                             		.loc 1 496 0
 170 0036 CC E4                   		mov.B	[r14], r4
 171 0038 5B 43                   		movu.B	r4, r3
 172 003a FB 22 00 00 00 00       		mov.L	#_Debug_Error, r2
 173 0040 FE 03 21                		mov.B	r1, [r3,r2]
 174 0043 62 14                   		add	#1, r4
 175 0045 C3 E4                   		mov.B	r4, [r14]
 176                             	.L14:
 177 0047 02                      		rts
 178                             	.LFE5:
 180                             		.section	.bss.iDbgErr.11546,"aw",@nobits
 183                             	_iDbgErr.11546:
 184 0000 00                      		.zero	1
 287                             	.Letext0:
 288                             		.file 2 "C:\\Workspace\\FW_Inertia\\branch_indesit\\HAL\\HAL_General/StandardTypes.h"
 289                             		.file 3 "C:\\Workspace\\FW_Inertia\\branch_indesit\\ProductModules\\PM_SwTimersCounters/SwTimersCo
 290                             		.file 4 "C:\\Workspace\\FW_Inertia\\branch_indesit\\ProductModules\\PM_BusCOMM/BCP_General.h"
 291                             		.file 5 "C:\\Workspace\\FW_Inertia\\branch_indesit\\ProductModules\\PM_BusCOMM/BCP_BusCommMng.h"
 292                             		.file 6 "C:\\Workspace\\FW_Inertia\\branch_indesit\\Application_Platform/APP_Global.h"
DEFINED SYMBOLS
                            *ABS*:00000000 APP_FuncLib.c
C:\Users\Andrea\AppData\Local\Temp\ccqiypyD.s:7      .text.Set_SmallCounter:00000000 _Set_SmallCounter
C:\Users\Andrea\AppData\Local\Temp\ccqiypyD.s:12     .text.Set_SmallCounter:00000000 L0
C:\Users\Andrea\AppData\Local\Temp\ccqiypyD.s:37     .text.Set_MediumCounter:00000000 _Set_MediumCounter
C:\Users\Andrea\AppData\Local\Temp\ccqiypyD.s:41     .text.Set_MediumCounter:00000000 L0
C:\Users\Andrea\AppData\Local\Temp\ccqiypyD.s:66     .text.Reset_SmallCounter:00000000 _Reset_SmallCounter
C:\Users\Andrea\AppData\Local\Temp\ccqiypyD.s:70     .text.Reset_SmallCounter:00000000 L0
C:\Users\Andrea\AppData\Local\Temp\ccqiypyD.s:90     .text.Reset_MediumCounter:00000000 _Reset_MediumCounter
C:\Users\Andrea\AppData\Local\Temp\ccqiypyD.s:94     .text.Reset_MediumCounter:00000000 L0
C:\Users\Andrea\AppData\Local\Temp\ccqiypyD.s:114    .text.IncByteWithCheck:00000000 _IncByteWithCheck
C:\Users\Andrea\AppData\Local\Temp\ccqiypyD.s:119    .text.IncByteWithCheck:00000000 L0
C:\Users\Andrea\AppData\Local\Temp\ccqiypyD.s:133    .text.DBG_CheckErr:00000000 _DBG_CheckErr
C:\Users\Andrea\AppData\Local\Temp\ccqiypyD.s:138    .text.DBG_CheckErr:00000000 L0
C:\Users\Andrea\AppData\Local\Temp\ccqiypyD.s:183    .bss.iDbgErr.11546:00000000 _iDbgErr.11546
C:\Users\Andrea\AppData\Local\Temp\ccqiypyD.s:186    .debug_frame:00000000 .Lframe0
C:\Users\Andrea\AppData\Local\Temp\ccqiypyD.s:8      .text.Set_SmallCounter:00000000 .LFB0
C:\Users\Andrea\AppData\Local\Temp\ccqiypyD.s:38     .text.Set_MediumCounter:00000000 .LFB1
C:\Users\Andrea\AppData\Local\Temp\ccqiypyD.s:67     .text.Reset_SmallCounter:00000000 .LFB2
C:\Users\Andrea\AppData\Local\Temp\ccqiypyD.s:91     .text.Reset_MediumCounter:00000000 .LFB3
C:\Users\Andrea\AppData\Local\Temp\ccqiypyD.s:115    .text.IncByteWithCheck:00000000 .LFB4
C:\Users\Andrea\AppData\Local\Temp\ccqiypyD.s:134    .text.DBG_CheckErr:00000000 .LFB5
C:\Users\Andrea\AppData\Local\Temp\ccqiypyD.s:786    .debug_abbrev:00000000 .Ldebug_abbrev0
C:\Users\Andrea\AppData\Local\Temp\ccqiypyD.s:1350   .debug_str:000000a1 .LASF36
C:\Users\Andrea\AppData\Local\Temp\ccqiypyD.s:1358   .debug_str:000000fa .LASF37
C:\Users\Andrea\AppData\Local\Temp\ccqiypyD.s:1310   .debug_ranges:00000000 .Ldebug_ranges0
C:\Users\Andrea\AppData\Local\Temp\ccqiypyD.s:1326   .debug_line:00000000 .Ldebug_line0
C:\Users\Andrea\AppData\Local\Temp\ccqiypyD.s:1360   .debug_str:00000144 .LASF0
C:\Users\Andrea\AppData\Local\Temp\ccqiypyD.s:1372   .debug_str:0000019c .LASF2
C:\Users\Andrea\AppData\Local\Temp\ccqiypyD.s:1390   .debug_str:00000205 .LASF1
C:\Users\Andrea\AppData\Local\Temp\ccqiypyD.s:1386   .debug_str:000001f2 .LASF3
C:\Users\Andrea\AppData\Local\Temp\ccqiypyD.s:1344   .debug_str:00000069 .LASF4
C:\Users\Andrea\AppData\Local\Temp\ccqiypyD.s:1342   .debug_str:00000057 .LASF5
C:\Users\Andrea\AppData\Local\Temp\ccqiypyD.s:1400   .debug_str:00000250 .LASF6
C:\Users\Andrea\AppData\Local\Temp\ccqiypyD.s:1366   .debug_str:00000173 .LASF7
C:\Users\Andrea\AppData\Local\Temp\ccqiypyD.s:1382   .debug_str:000001d2 .LASF8
C:\Users\Andrea\AppData\Local\Temp\ccqiypyD.s:1368   .debug_str:0000018a .LASF9
C:\Users\Andrea\AppData\Local\Temp\ccqiypyD.s:1340   .debug_str:00000049 .LASF10
C:\Users\Andrea\AppData\Local\Temp\ccqiypyD.s:1338   .debug_str:00000042 .LASF11
C:\Users\Andrea\AppData\Local\Temp\ccqiypyD.s:1374   .debug_str:000001a4 .LASF12
C:\Users\Andrea\AppData\Local\Temp\ccqiypyD.s:1380   .debug_str:000001c9 .LASF13
C:\Users\Andrea\AppData\Local\Temp\ccqiypyD.s:1402   .debug_str:00000259 .LASF14
C:\Users\Andrea\AppData\Local\Temp\ccqiypyD.s:1352   .debug_str:000000c7 .LASF15
C:\Users\Andrea\AppData\Local\Temp\ccqiypyD.s:1394   .debug_str:0000021e .LASF16
C:\Users\Andrea\AppData\Local\Temp\ccqiypyD.s:1362   .debug_str:00000151 .LASF17
C:\Users\Andrea\AppData\Local\Temp\ccqiypyD.s:1356   .debug_str:000000e7 .LASF18
C:\Users\Andrea\AppData\Local\Temp\ccqiypyD.s:1336   .debug_str:00000031 .LASF19
C:\Users\Andrea\AppData\Local\Temp\ccqiypyD.s:1328   .debug_str:00000000 .LASF23
C:\Users\Andrea\AppData\Local\Temp\ccqiypyD.s:32     .text.Set_SmallCounter:0000001a .LFE0
C:\Users\Andrea\AppData\Local\Temp\ccqiypyD.s:1083   .debug_loc:00000000 .LLST0
C:\Users\Andrea\AppData\Local\Temp\ccqiypyD.s:1388   .debug_str:000001fb .LASF20
C:\Users\Andrea\AppData\Local\Temp\ccqiypyD.s:1096   .debug_loc:00000020 .LLST1
C:\Users\Andrea\AppData\Local\Temp\ccqiypyD.s:1364   .debug_str:00000164 .LASF21
C:\Users\Andrea\AppData\Local\Temp\ccqiypyD.s:1118   .debug_loc:00000057 .LLST2
C:\Users\Andrea\AppData\Local\Temp\ccqiypyD.s:1330   .debug_str:00000011 .LASF22
C:\Users\Andrea\AppData\Local\Temp\ccqiypyD.s:1132   .debug_loc:00000078 .LLST3
C:\Users\Andrea\AppData\Local\Temp\ccqiypyD.s:18     .text.Set_SmallCounter:0000000a .LVL1
C:\Users\Andrea\AppData\Local\Temp\ccqiypyD.s:23     .text.Set_SmallCounter:00000012 .LVL2
C:\Users\Andrea\AppData\Local\Temp\ccqiypyD.s:31     .text.Set_SmallCounter:0000001a .LVL4
C:\Users\Andrea\AppData\Local\Temp\ccqiypyD.s:1384   .debug_str:000001e0 .LASF24
C:\Users\Andrea\AppData\Local\Temp\ccqiypyD.s:61     .text.Set_MediumCounter:0000001a .LFE1
C:\Users\Andrea\AppData\Local\Temp\ccqiypyD.s:1150   .debug_loc:000000a4 .LLST4
C:\Users\Andrea\AppData\Local\Temp\ccqiypyD.s:1163   .debug_loc:000000c4 .LLST5
C:\Users\Andrea\AppData\Local\Temp\ccqiypyD.s:1185   .debug_loc:000000fb .LLST6
C:\Users\Andrea\AppData\Local\Temp\ccqiypyD.s:1199   .debug_loc:0000011c .LLST7
C:\Users\Andrea\AppData\Local\Temp\ccqiypyD.s:47     .text.Set_MediumCounter:0000000a .LVL6
C:\Users\Andrea\AppData\Local\Temp\ccqiypyD.s:52     .text.Set_MediumCounter:00000012 .LVL7
C:\Users\Andrea\AppData\Local\Temp\ccqiypyD.s:60     .text.Set_MediumCounter:0000001a .LVL9
C:\Users\Andrea\AppData\Local\Temp\ccqiypyD.s:1346   .debug_str:0000007c .LASF25
C:\Users\Andrea\AppData\Local\Temp\ccqiypyD.s:85     .text.Reset_SmallCounter:00000012 .LFE2
C:\Users\Andrea\AppData\Local\Temp\ccqiypyD.s:1217   .debug_loc:00000148 .LLST8
C:\Users\Andrea\AppData\Local\Temp\ccqiypyD.s:1230   .debug_loc:00000168 .LLST9
C:\Users\Andrea\AppData\Local\Temp\ccqiypyD.s:75     .text.Reset_SmallCounter:00000008 .LVL11
C:\Users\Andrea\AppData\Local\Temp\ccqiypyD.s:84     .text.Reset_SmallCounter:00000012 .LVL13
C:\Users\Andrea\AppData\Local\Temp\ccqiypyD.s:1398   .debug_str:0000023c .LASF26
C:\Users\Andrea\AppData\Local\Temp\ccqiypyD.s:109    .text.Reset_MediumCounter:00000012 .LFE3
C:\Users\Andrea\AppData\Local\Temp\ccqiypyD.s:1252   .debug_loc:0000019f .LLST10
C:\Users\Andrea\AppData\Local\Temp\ccqiypyD.s:1265   .debug_loc:000001bf .LLST11
C:\Users\Andrea\AppData\Local\Temp\ccqiypyD.s:99     .text.Reset_MediumCounter:00000008 .LVL15
C:\Users\Andrea\AppData\Local\Temp\ccqiypyD.s:108    .text.Reset_MediumCounter:00000012 .LVL17
C:\Users\Andrea\AppData\Local\Temp\ccqiypyD.s:1376   .debug_str:000001b0 .LASF27
C:\Users\Andrea\AppData\Local\Temp\ccqiypyD.s:128    .text.IncByteWithCheck:0000000d .LFE4
C:\Users\Andrea\AppData\Local\Temp\ccqiypyD.s:1354   .debug_str:000000da .LASF28
C:\Users\Andrea\AppData\Local\Temp\ccqiypyD.s:1332   .debug_str:00000017 .LASF29
C:\Users\Andrea\AppData\Local\Temp\ccqiypyD.s:178    .text.DBG_CheckErr:00000048 .LFE5
C:\Users\Andrea\AppData\Local\Temp\ccqiypyD.s:1334   .debug_str:00000024 .LASF30
C:\Users\Andrea\AppData\Local\Temp\ccqiypyD.s:1378   .debug_str:000001c1 .LASF38
C:\Users\Andrea\AppData\Local\Temp\ccqiypyD.s:1404   .debug_str:0000025e .LASF31
C:\Users\Andrea\AppData\Local\Temp\ccqiypyD.s:1396   .debug_str:00000230 .LASF32
C:\Users\Andrea\AppData\Local\Temp\ccqiypyD.s:1348   .debug_str:0000008f .LASF33
C:\Users\Andrea\AppData\Local\Temp\ccqiypyD.s:1392   .debug_str:0000020f .LASF34
C:\Users\Andrea\AppData\Local\Temp\ccqiypyD.s:1370   .debug_str:00000192 .LASF35
C:\Users\Andrea\AppData\Local\Temp\ccqiypyD.s:1406   .debug_str:00000266 .LASF39
C:\Users\Andrea\AppData\Local\Temp\ccqiypyD.s:13     .text.Set_SmallCounter:00000002 .LCFI0
C:\Users\Andrea\AppData\Local\Temp\ccqiypyD.s:11     .text.Set_SmallCounter:00000000 .LVL0
C:\Users\Andrea\AppData\Local\Temp\ccqiypyD.s:28     .text.Set_SmallCounter:00000016 .LVL3
C:\Users\Andrea\AppData\Local\Temp\ccqiypyD.s:42     .text.Set_MediumCounter:00000002 .LCFI1
C:\Users\Andrea\AppData\Local\Temp\ccqiypyD.s:40     .text.Set_MediumCounter:00000000 .LVL5
C:\Users\Andrea\AppData\Local\Temp\ccqiypyD.s:57     .text.Set_MediumCounter:00000016 .LVL8
C:\Users\Andrea\AppData\Local\Temp\ccqiypyD.s:71     .text.Reset_SmallCounter:00000002 .LCFI2
C:\Users\Andrea\AppData\Local\Temp\ccqiypyD.s:69     .text.Reset_SmallCounter:00000000 .LVL10
C:\Users\Andrea\AppData\Local\Temp\ccqiypyD.s:81     .text.Reset_SmallCounter:0000000e .LVL12
C:\Users\Andrea\AppData\Local\Temp\ccqiypyD.s:95     .text.Reset_MediumCounter:00000002 .LCFI3
C:\Users\Andrea\AppData\Local\Temp\ccqiypyD.s:93     .text.Reset_MediumCounter:00000000 .LVL14
C:\Users\Andrea\AppData\Local\Temp\ccqiypyD.s:105    .text.Reset_MediumCounter:0000000e .LVL16
C:\Users\Andrea\AppData\Local\Temp\ccqiypyD.s:294    .debug_info:00000000 .Ldebug_info0

UNDEFINED SYMBOLS
_SWTC_SetPrescaler
_SWTC_SetSValue
_SWTC_Stop
_SWTC_SetMValue
_Debug_Error
