   1                             		.file	"clock_monitor.c"
   2                             		.section P,"ax"
   3                             	.Ltext0:
   4                             		.section	.text.ClockMonitor_Init,"ax",@progbits
   5                             		.global	_ClockMonitor_Init
   7                             	_ClockMonitor_Init:
   8                             	.LFB0:
   9                             		.file 1 "C:/Workspace/FW_Inertia/branch_indesit/HAL/RN_RX200/IEC60335_B_libs/src/Clock/clock_monit
   1:C:/Workspace/FW_Inertia/branch_indesit/HAL/RN_RX200/IEC60335_B_libs/src/Clock\clock_monitor.c **** /*******************************************************************************
   2:C:/Workspace/FW_Inertia/branch_indesit/HAL/RN_RX200/IEC60335_B_libs/src/Clock\clock_monitor.c **** * DISCLAIMER
   3:C:/Workspace/FW_Inertia/branch_indesit/HAL/RN_RX200/IEC60335_B_libs/src/Clock\clock_monitor.c **** * This software is supplied by Renesas Electronics Corporation and is only
   4:C:/Workspace/FW_Inertia/branch_indesit/HAL/RN_RX200/IEC60335_B_libs/src/Clock\clock_monitor.c **** * intended for use with Renesas products. No other uses are authorized. This
   5:C:/Workspace/FW_Inertia/branch_indesit/HAL/RN_RX200/IEC60335_B_libs/src/Clock\clock_monitor.c **** * software is owned by Renesas Electronics Corporation and is protected under
   6:C:/Workspace/FW_Inertia/branch_indesit/HAL/RN_RX200/IEC60335_B_libs/src/Clock\clock_monitor.c **** * all applicable laws, including copyright laws.
   7:C:/Workspace/FW_Inertia/branch_indesit/HAL/RN_RX200/IEC60335_B_libs/src/Clock\clock_monitor.c **** * THIS SOFTWARE IS PROVIDED "AS IS" AND RENESAS MAKES NO WARRANTIES REGARDING
   8:C:/Workspace/FW_Inertia/branch_indesit/HAL/RN_RX200/IEC60335_B_libs/src/Clock\clock_monitor.c **** * THIS SOFTWARE, WHETHER EXPRESS, IMPLIED OR STATUTORY, INCLUDING BUT NOT
   9:C:/Workspace/FW_Inertia/branch_indesit/HAL/RN_RX200/IEC60335_B_libs/src/Clock\clock_monitor.c **** * LIMITED TO WARRANTIES OF MERCHANTABILITY, FITNESS FOR A PARTICULAR PURPOSE
  10:C:/Workspace/FW_Inertia/branch_indesit/HAL/RN_RX200/IEC60335_B_libs/src/Clock\clock_monitor.c **** * AND NON-INFRINGEMENT. ALL SUCH WARRANTIES ARE EXPRESSLY DISCLAIMED.
  11:C:/Workspace/FW_Inertia/branch_indesit/HAL/RN_RX200/IEC60335_B_libs/src/Clock\clock_monitor.c **** * TO THE MAXIMUM EXTENT PERMITTED NOT PROHIBITED BY LAW, NEITHER RENESAS
  12:C:/Workspace/FW_Inertia/branch_indesit/HAL/RN_RX200/IEC60335_B_libs/src/Clock\clock_monitor.c **** * ELECTRONICS CORPORATION NOR ANY OF ITS AFFILIATED COMPANIES SHALL BE LIABLE
  13:C:/Workspace/FW_Inertia/branch_indesit/HAL/RN_RX200/IEC60335_B_libs/src/Clock\clock_monitor.c **** * FOR ANY DIRECT, INDIRECT, SPECIAL, INCIDENTAL OR CONSEQUENTIAL DAMAGES FOR
  14:C:/Workspace/FW_Inertia/branch_indesit/HAL/RN_RX200/IEC60335_B_libs/src/Clock\clock_monitor.c **** * ANY REASON RELATED TO THIS SOFTWARE, EVEN IF RENESAS OR ITS AFFILIATES HAVE
  15:C:/Workspace/FW_Inertia/branch_indesit/HAL/RN_RX200/IEC60335_B_libs/src/Clock\clock_monitor.c **** * BEEN ADVISED OF THE POSSIBILITY OF SUCH DAMAGES.
  16:C:/Workspace/FW_Inertia/branch_indesit/HAL/RN_RX200/IEC60335_B_libs/src/Clock\clock_monitor.c **** * Renesas reserves the right, without notice, to make changes to this software
  17:C:/Workspace/FW_Inertia/branch_indesit/HAL/RN_RX200/IEC60335_B_libs/src/Clock\clock_monitor.c **** * and to discontinue the availability of this software. By using this software,
  18:C:/Workspace/FW_Inertia/branch_indesit/HAL/RN_RX200/IEC60335_B_libs/src/Clock\clock_monitor.c **** * you agree to the additional terms and conditions found by accessing the
  19:C:/Workspace/FW_Inertia/branch_indesit/HAL/RN_RX200/IEC60335_B_libs/src/Clock\clock_monitor.c **** * following link:
  20:C:/Workspace/FW_Inertia/branch_indesit/HAL/RN_RX200/IEC60335_B_libs/src/Clock\clock_monitor.c **** * http://www.renesas.com/disclaimer
  21:C:/Workspace/FW_Inertia/branch_indesit/HAL/RN_RX200/IEC60335_B_libs/src/Clock\clock_monitor.c **** *******************************************************************************/
  22:C:/Workspace/FW_Inertia/branch_indesit/HAL/RN_RX200/IEC60335_B_libs/src/Clock\clock_monitor.c **** /* Copyright (C) 2010 Renesas Electronics Corporation. All rights reserved. */
  23:C:/Workspace/FW_Inertia/branch_indesit/HAL/RN_RX200/IEC60335_B_libs/src/Clock\clock_monitor.c **** /**********************************************************************
  24:C:/Workspace/FW_Inertia/branch_indesit/HAL/RN_RX200/IEC60335_B_libs/src/Clock\clock_monitor.c **** * File Name : Clock_Monitor.c
  25:C:/Workspace/FW_Inertia/branch_indesit/HAL/RN_RX200/IEC60335_B_libs/src/Clock\clock_monitor.c **** * Version : 1.00
  26:C:/Workspace/FW_Inertia/branch_indesit/HAL/RN_RX200/IEC60335_B_libs/src/Clock\clock_monitor.c **** * Device : RX210
  27:C:/Workspace/FW_Inertia/branch_indesit/HAL/RN_RX200/IEC60335_B_libs/src/Clock\clock_monitor.c **** * Tool Chain : GNU Rx
  28:C:/Workspace/FW_Inertia/branch_indesit/HAL/RN_RX200/IEC60335_B_libs/src/Clock\clock_monitor.c **** * H/W Platform : 
  29:C:/Workspace/FW_Inertia/branch_indesit/HAL/RN_RX200/IEC60335_B_libs/src/Clock\clock_monitor.c **** * Description : Self Test code.
  30:C:/Workspace/FW_Inertia/branch_indesit/HAL/RN_RX200/IEC60335_B_libs/src/Clock\clock_monitor.c **** *               
  31:C:/Workspace/FW_Inertia/branch_indesit/HAL/RN_RX200/IEC60335_B_libs/src/Clock\clock_monitor.c **** *				Configure the Clock Frequency Accuracy Measurement Circuit (CAC) to
  32:C:/Workspace/FW_Inertia/branch_indesit/HAL/RN_RX200/IEC60335_B_libs/src/Clock\clock_monitor.c **** * 				monitor the Main Clock.
  33:C:/Workspace/FW_Inertia/branch_indesit/HAL/RN_RX200/IEC60335_B_libs/src/Clock\clock_monitor.c **** *				IWDTCLK or an external clock can be used as a reference.
  34:C:/Workspace/FW_Inertia/branch_indesit/HAL/RN_RX200/IEC60335_B_libs/src/Clock\clock_monitor.c **** *				
  35:C:/Workspace/FW_Inertia/branch_indesit/HAL/RN_RX200/IEC60335_B_libs/src/Clock\clock_monitor.c **** *				Oscillation stop Detection is also configured to generate
  36:C:/Workspace/FW_Inertia/branch_indesit/HAL/RN_RX200/IEC60335_B_libs/src/Clock\clock_monitor.c **** *				an NMI interrupt. User must handle the NMI interrupt.
  37:C:/Workspace/FW_Inertia/branch_indesit/HAL/RN_RX200/IEC60335_B_libs/src/Clock\clock_monitor.c **** **********************************************************************/
  38:C:/Workspace/FW_Inertia/branch_indesit/HAL/RN_RX200/IEC60335_B_libs/src/Clock\clock_monitor.c **** 
  39:C:/Workspace/FW_Inertia/branch_indesit/HAL/RN_RX200/IEC60335_B_libs/src/Clock\clock_monitor.c **** /**********************************************************************************
  40:C:/Workspace/FW_Inertia/branch_indesit/HAL/RN_RX200/IEC60335_B_libs/src/Clock\clock_monitor.c **** Revision History
  41:C:/Workspace/FW_Inertia/branch_indesit/HAL/RN_RX200/IEC60335_B_libs/src/Clock\clock_monitor.c **** DD-MMM-YYYY OSO-UID Description
  42:C:/Workspace/FW_Inertia/branch_indesit/HAL/RN_RX200/IEC60335_B_libs/src/Clock\clock_monitor.c **** 12-September-2011 REE-PJI First Release
  43:C:/Workspace/FW_Inertia/branch_indesit/HAL/RN_RX200/IEC60335_B_libs/src/Clock\clock_monitor.c **** 15-Nov-2011 VDE (Version 1.0) (RX210)
  44:C:/Workspace/FW_Inertia/branch_indesit/HAL/RN_RX200/IEC60335_B_libs/src/Clock\clock_monitor.c **** 15-May-2012 RTE-PJI Ported to GCC: Removed #pragma interrupt.
  45:C:/Workspace/FW_Inertia/branch_indesit/HAL/RN_RX200/IEC60335_B_libs/src/Clock\clock_monitor.c **** ***********************************************************************************/
  46:C:/Workspace/FW_Inertia/branch_indesit/HAL/RN_RX200/IEC60335_B_libs/src/Clock\clock_monitor.c **** 
  47:C:/Workspace/FW_Inertia/branch_indesit/HAL/RN_RX200/IEC60335_B_libs/src/Clock\clock_monitor.c **** /**********************************************************************
  48:C:/Workspace/FW_Inertia/branch_indesit/HAL/RN_RX200/IEC60335_B_libs/src/Clock\clock_monitor.c **** Includes
  49:C:/Workspace/FW_Inertia/branch_indesit/HAL/RN_RX200/IEC60335_B_libs/src/Clock\clock_monitor.c **** **********************************************************************/
  50:C:/Workspace/FW_Inertia/branch_indesit/HAL/RN_RX200/IEC60335_B_libs/src/Clock\clock_monitor.c **** #include <stddef.h> /*Provides NULL declaration*/
  51:C:/Workspace/FW_Inertia/branch_indesit/HAL/RN_RX200/IEC60335_B_libs/src/Clock\clock_monitor.c **** #include "RN_RX200_reg.h"
  52:C:/Workspace/FW_Inertia/branch_indesit/HAL/RN_RX200/IEC60335_B_libs/src/Clock\clock_monitor.c **** 
  53:C:/Workspace/FW_Inertia/branch_indesit/HAL/RN_RX200/IEC60335_B_libs/src/Clock\clock_monitor.c **** #include "Clock_Monitor.h"
  54:C:/Workspace/FW_Inertia/branch_indesit/HAL/RN_RX200/IEC60335_B_libs/src/Clock\clock_monitor.c **** 
  55:C:/Workspace/FW_Inertia/branch_indesit/HAL/RN_RX200/IEC60335_B_libs/src/Clock\clock_monitor.c **** /**********************************************************************
  56:C:/Workspace/FW_Inertia/branch_indesit/HAL/RN_RX200/IEC60335_B_libs/src/Clock\clock_monitor.c **** defines
  57:C:/Workspace/FW_Inertia/branch_indesit/HAL/RN_RX200/IEC60335_B_libs/src/Clock\clock_monitor.c **** **********************************************************************/
  58:C:/Workspace/FW_Inertia/branch_indesit/HAL/RN_RX200/IEC60335_B_libs/src/Clock\clock_monitor.c **** /*Percentage tolerance of main clock allowed before an
  59:C:/Workspace/FW_Inertia/branch_indesit/HAL/RN_RX200/IEC60335_B_libs/src/Clock\clock_monitor.c **** error is reported.*/
  60:C:/Workspace/FW_Inertia/branch_indesit/HAL/RN_RX200/IEC60335_B_libs/src/Clock\clock_monitor.c **** /*USER: Calculate a tolerance based on the environment you are operating in.*/
  61:C:/Workspace/FW_Inertia/branch_indesit/HAL/RN_RX200/IEC60335_B_libs/src/Clock\clock_monitor.c **** #define CLOCK_TOLERANCE_PERCENT 10
  62:C:/Workspace/FW_Inertia/branch_indesit/HAL/RN_RX200/IEC60335_B_libs/src/Clock\clock_monitor.c **** 
  63:C:/Workspace/FW_Inertia/branch_indesit/HAL/RN_RX200/IEC60335_B_libs/src/Clock\clock_monitor.c **** /*Interrupt priority of Clock Tolerence Exceeded interrupt.*/
  64:C:/Workspace/FW_Inertia/branch_indesit/HAL/RN_RX200/IEC60335_B_libs/src/Clock\clock_monitor.c **** #define CLOCK_MONITOR_INTERRUPT_PRIORITY 15
  65:C:/Workspace/FW_Inertia/branch_indesit/HAL/RN_RX200/IEC60335_B_libs/src/Clock\clock_monitor.c **** 
  66:C:/Workspace/FW_Inertia/branch_indesit/HAL/RN_RX200/IEC60335_B_libs/src/Clock\clock_monitor.c **** #ifndef CLOCK_MONITOR_USE_EXTERNAL_REFERENCE_CLOCK
  67:C:/Workspace/FW_Inertia/branch_indesit/HAL/RN_RX200/IEC60335_B_libs/src/Clock\clock_monitor.c **** 	/*This value is calculated for the case where:
  68:C:/Workspace/FW_Inertia/branch_indesit/HAL/RN_RX200/IEC60335_B_libs/src/Clock\clock_monitor.c **** 	Reference = IWDTCLK / 1024 = 125KHZ / 1024.
  69:C:/Workspace/FW_Inertia/branch_indesit/HAL/RN_RX200/IEC60335_B_libs/src/Clock\clock_monitor.c **** 	Clock Count = Main / 32  = 20MHZ / 32*/
  70:C:/Workspace/FW_Inertia/branch_indesit/HAL/RN_RX200/IEC60335_B_libs/src/Clock\clock_monitor.c **** 	#define CLOCK_COUNT_EXPECTED 0x2800
  71:C:/Workspace/FW_Inertia/branch_indesit/HAL/RN_RX200/IEC60335_B_libs/src/Clock\clock_monitor.c **** #endif
  72:C:/Workspace/FW_Inertia/branch_indesit/HAL/RN_RX200/IEC60335_B_libs/src/Clock\clock_monitor.c **** 
  73:C:/Workspace/FW_Inertia/branch_indesit/HAL/RN_RX200/IEC60335_B_libs/src/Clock\clock_monitor.c **** /**********************************************************************
  74:C:/Workspace/FW_Inertia/branch_indesit/HAL/RN_RX200/IEC60335_B_libs/src/Clock\clock_monitor.c **** Variables
  75:C:/Workspace/FW_Inertia/branch_indesit/HAL/RN_RX200/IEC60335_B_libs/src/Clock\clock_monitor.c **** **********************************************************************/
  76:C:/Workspace/FW_Inertia/branch_indesit/HAL/RN_RX200/IEC60335_B_libs/src/Clock\clock_monitor.c **** /*User registered callback function*/
  77:C:/Workspace/FW_Inertia/branch_indesit/HAL/RN_RX200/IEC60335_B_libs/src/Clock\clock_monitor.c **** static CLOCK_MONITOR_ERROR_CALL_BACK g_CallBackClock = NULL;
  78:C:/Workspace/FW_Inertia/branch_indesit/HAL/RN_RX200/IEC60335_B_libs/src/Clock\clock_monitor.c **** 
  79:C:/Workspace/FW_Inertia/branch_indesit/HAL/RN_RX200/IEC60335_B_libs/src/Clock\clock_monitor.c **** /**********************************************************************
  80:C:/Workspace/FW_Inertia/branch_indesit/HAL/RN_RX200/IEC60335_B_libs/src/Clock\clock_monitor.c **** Prototypes
  81:C:/Workspace/FW_Inertia/branch_indesit/HAL/RN_RX200/IEC60335_B_libs/src/Clock\clock_monitor.c **** **********************************************************************/
  82:C:/Workspace/FW_Inertia/branch_indesit/HAL/RN_RX200/IEC60335_B_libs/src/Clock\clock_monitor.c **** static void OscillationStopDetection_Enable(void);
  83:C:/Workspace/FW_Inertia/branch_indesit/HAL/RN_RX200/IEC60335_B_libs/src/Clock\clock_monitor.c **** 
  84:C:/Workspace/FW_Inertia/branch_indesit/HAL/RN_RX200/IEC60335_B_libs/src/Clock\clock_monitor.c **** /**********************************************************************
  85:C:/Workspace/FW_Inertia/branch_indesit/HAL/RN_RX200/IEC60335_B_libs/src/Clock\clock_monitor.c **** Functions
  86:C:/Workspace/FW_Inertia/branch_indesit/HAL/RN_RX200/IEC60335_B_libs/src/Clock\clock_monitor.c **** **********************************************************************/
  87:C:/Workspace/FW_Inertia/branch_indesit/HAL/RN_RX200/IEC60335_B_libs/src/Clock\clock_monitor.c **** 
  88:C:/Workspace/FW_Inertia/branch_indesit/HAL/RN_RX200/IEC60335_B_libs/src/Clock\clock_monitor.c **** 
  89:C:/Workspace/FW_Inertia/branch_indesit/HAL/RN_RX200/IEC60335_B_libs/src/Clock\clock_monitor.c **** /***********************************************************************************
  90:C:/Workspace/FW_Inertia/branch_indesit/HAL/RN_RX200/IEC60335_B_libs/src/Clock\clock_monitor.c **** Function Name : ClockMonitor_Init
  91:C:/Workspace/FW_Inertia/branch_indesit/HAL/RN_RX200/IEC60335_B_libs/src/Clock\clock_monitor.c **** 
  92:C:/Workspace/FW_Inertia/branch_indesit/HAL/RN_RX200/IEC60335_B_libs/src/Clock\clock_monitor.c **** 				NOTE: There are two versions of this function:
  93:C:/Workspace/FW_Inertia/branch_indesit/HAL/RN_RX200/IEC60335_B_libs/src/Clock\clock_monitor.c **** 				This is used if CLOCK_MONITOR_USE_EXTERNAL_REFERENCE_CLOCK
  94:C:/Workspace/FW_Inertia/branch_indesit/HAL/RN_RX200/IEC60335_B_libs/src/Clock\clock_monitor.c **** 				is not defined.
  95:C:/Workspace/FW_Inertia/branch_indesit/HAL/RN_RX200/IEC60335_B_libs/src/Clock\clock_monitor.c **** 
  96:C:/Workspace/FW_Inertia/branch_indesit/HAL/RN_RX200/IEC60335_B_libs/src/Clock\clock_monitor.c **** Description   :	Configure the Clock Frequency Acuracy Measurement Circuit (CAC) to
  97:C:/Workspace/FW_Inertia/branch_indesit/HAL/RN_RX200/IEC60335_B_libs/src/Clock\clock_monitor.c ****  				monitor the Main Clock using IWDTCLK.
  98:C:/Workspace/FW_Inertia/branch_indesit/HAL/RN_RX200/IEC60335_B_libs/src/Clock\clock_monitor.c **** 				
  99:C:/Workspace/FW_Inertia/branch_indesit/HAL/RN_RX200/IEC60335_B_libs/src/Clock\clock_monitor.c **** 				NOTE: *** The IWDTCLK must be enabled for this to work.
 100:C:/Workspace/FW_Inertia/branch_indesit/HAL/RN_RX200/IEC60335_B_libs/src/Clock\clock_monitor.c **** 				If IWDTCLK is not present an error will not be detected.
 101:C:/Workspace/FW_Inertia/branch_indesit/HAL/RN_RX200/IEC60335_B_libs/src/Clock\clock_monitor.c **** 				User must ensure the IWDTCLK stabalisation time (20uS)
 102:C:/Workspace/FW_Inertia/branch_indesit/HAL/RN_RX200/IEC60335_B_libs/src/Clock\clock_monitor.c **** 				has elapsed berfore calling this.
 103:C:/Workspace/FW_Inertia/branch_indesit/HAL/RN_RX200/IEC60335_B_libs/src/Clock\clock_monitor.c **** 				
 104:C:/Workspace/FW_Inertia/branch_indesit/HAL/RN_RX200/IEC60335_B_libs/src/Clock\clock_monitor.c **** 				NOTE: This is written for the case where the Main clock
 105:C:/Workspace/FW_Inertia/branch_indesit/HAL/RN_RX200/IEC60335_B_libs/src/Clock\clock_monitor.c **** 				is 20MHz. See CLOCK_COUNT_EXPECTED definition for details.
 106:C:/Workspace/FW_Inertia/branch_indesit/HAL/RN_RX200/IEC60335_B_libs/src/Clock\clock_monitor.c **** 				
 107:C:/Workspace/FW_Inertia/branch_indesit/HAL/RN_RX200/IEC60335_B_libs/src/Clock\clock_monitor.c **** 				The allowed range is calculated as the expected
 108:C:/Workspace/FW_Inertia/branch_indesit/HAL/RN_RX200/IEC60335_B_libs/src/Clock\clock_monitor.c **** 				count +- the tolerence specifed by CLOCK_TOLERANCE_PERCENT.
 109:C:/Workspace/FW_Inertia/branch_indesit/HAL/RN_RX200/IEC60335_B_libs/src/Clock\clock_monitor.c **** 				
 110:C:/Workspace/FW_Inertia/branch_indesit/HAL/RN_RX200/IEC60335_B_libs/src/Clock\clock_monitor.c **** 				Oscillation Stop Detection.
 111:C:/Workspace/FW_Inertia/branch_indesit/HAL/RN_RX200/IEC60335_B_libs/src/Clock\clock_monitor.c **** 				This also enables the Oscillation Stop detection NMI interrupt.
 112:C:/Workspace/FW_Inertia/branch_indesit/HAL/RN_RX200/IEC60335_B_libs/src/Clock\clock_monitor.c **** 				User code must handle any resulting NMI interrupt and check
 113:C:/Workspace/FW_Inertia/branch_indesit/HAL/RN_RX200/IEC60335_B_libs/src/Clock\clock_monitor.c **** 				the NMISR.OSTST flag. 
 114:C:/Workspace/FW_Inertia/branch_indesit/HAL/RN_RX200/IEC60335_B_libs/src/Clock\clock_monitor.c **** 				
 115:C:/Workspace/FW_Inertia/branch_indesit/HAL/RN_RX200/IEC60335_B_libs/src/Clock\clock_monitor.c **** Parameters    : CallBack: Function to call if the main clock deviates
 116:C:/Workspace/FW_Inertia/branch_indesit/HAL/RN_RX200/IEC60335_B_libs/src/Clock\clock_monitor.c **** 						  from the allowed range.
 117:C:/Workspace/FW_Inertia/branch_indesit/HAL/RN_RX200/IEC60335_B_libs/src/Clock\clock_monitor.c **** 
 118:C:/Workspace/FW_Inertia/branch_indesit/HAL/RN_RX200/IEC60335_B_libs/src/Clock\clock_monitor.c **** Return value  : 
 119:C:/Workspace/FW_Inertia/branch_indesit/HAL/RN_RX200/IEC60335_B_libs/src/Clock\clock_monitor.c **** ***********************************************************************************/
 120:C:/Workspace/FW_Inertia/branch_indesit/HAL/RN_RX200/IEC60335_B_libs/src/Clock\clock_monitor.c **** #ifndef CLOCK_MONITOR_USE_EXTERNAL_REFERENCE_CLOCK
 121:C:/Workspace/FW_Inertia/branch_indesit/HAL/RN_RX200/IEC60335_B_libs/src/Clock\clock_monitor.c **** void ClockMonitor_Init(CLOCK_MONITOR_ERROR_CALL_BACK CallBack)
 122:C:/Workspace/FW_Inertia/branch_indesit/HAL/RN_RX200/IEC60335_B_libs/src/Clock\clock_monitor.c **** {
  10                             		.loc 1 122 0
  11                             	.LVL0:
 123:C:/Workspace/FW_Inertia/branch_indesit/HAL/RN_RX200/IEC60335_B_libs/src/Clock\clock_monitor.c **** 	uint16_t tolerence;
 124:C:/Workspace/FW_Inertia/branch_indesit/HAL/RN_RX200/IEC60335_B_libs/src/Clock\clock_monitor.c **** 		
 125:C:/Workspace/FW_Inertia/branch_indesit/HAL/RN_RX200/IEC60335_B_libs/src/Clock\clock_monitor.c **** 	/*Save callback*/
 126:C:/Workspace/FW_Inertia/branch_indesit/HAL/RN_RX200/IEC60335_B_libs/src/Clock\clock_monitor.c **** 	g_CallBackClock = CallBack;
  12                             		.loc 1 126 0
  13 0000 FB E2 00 00 00 00       		mov.L	#_g_CallBackClock, r14
  14 0006 E3 E1                   		mov.L	r1, [r14]
 127:C:/Workspace/FW_Inertia/branch_indesit/HAL/RN_RX200/IEC60335_B_libs/src/Clock\clock_monitor.c **** 	
 128:C:/Workspace/FW_Inertia/branch_indesit/HAL/RN_RX200/IEC60335_B_libs/src/Clock\clock_monitor.c **** 	/*Disable register protection (PRC1)*/
 129:C:/Workspace/FW_Inertia/branch_indesit/HAL/RN_RX200/IEC60335_B_libs/src/Clock\clock_monitor.c **** 	SYSTEM.PRCR.WORD = 0xA502;	
  15                             		.loc 1 129 0
  16 0008 FB EE 00 00 08          		mov.L	#0x80000, r14
  17 000d FA E9 FF 01 02 A5       		mov.W	#0xffffa502, 1022[r14]
 130:C:/Workspace/FW_Inertia/branch_indesit/HAL/RN_RX200/IEC60335_B_libs/src/Clock\clock_monitor.c **** 	/*Enable the module*/
 131:C:/Workspace/FW_Inertia/branch_indesit/HAL/RN_RX200/IEC60335_B_libs/src/Clock\clock_monitor.c **** 	SYSTEM.MSTPCRC.BIT.MSTPC19 = 0;
  18                             		.loc 1 131 0
  19 0013 ED E4 06                		mov.L	24[r14], r4
  20 0016 7B 34                   		bclr	#19, r4
  21 0018 E7 E4 06                		mov.L	r4, 24[r14]
 132:C:/Workspace/FW_Inertia/branch_indesit/HAL/RN_RX200/IEC60335_B_libs/src/Clock\clock_monitor.c **** 	/*Re-Enable register protection*/
 133:C:/Workspace/FW_Inertia/branch_indesit/HAL/RN_RX200/IEC60335_B_libs/src/Clock\clock_monitor.c **** 	SYSTEM.PRCR.WORD = 0xA500;
  22                             		.loc 1 133 0
  23 001b FA E9 FF 01 00 A5       		mov.W	#0xffffa500, 1022[r14]
 134:C:/Workspace/FW_Inertia/branch_indesit/HAL/RN_RX200/IEC60335_B_libs/src/Clock\clock_monitor.c **** 	
 135:C:/Workspace/FW_Inertia/branch_indesit/HAL/RN_RX200/IEC60335_B_libs/src/Clock\clock_monitor.c **** 	/*Clock select =  Main / 32*/
 136:C:/Workspace/FW_Inertia/branch_indesit/HAL/RN_RX200/IEC60335_B_libs/src/Clock\clock_monitor.c **** 	CAC.CACR1.BYTE = 0x34;
  24                             		.loc 1 136 0
  25 0021 FB 4E 00 B0 08          		mov.L	#0x8b000, r4
  26 0026 3C 41 34                		mov.B	#52, 1[r4]
 137:C:/Workspace/FW_Inertia/branch_indesit/HAL/RN_RX200/IEC60335_B_libs/src/Clock\clock_monitor.c **** 	
 138:C:/Workspace/FW_Inertia/branch_indesit/HAL/RN_RX200/IEC60335_B_libs/src/Clock\clock_monitor.c **** 	/*Reference clock - IWDTCLK / 1024 */
 139:C:/Workspace/FW_Inertia/branch_indesit/HAL/RN_RX200/IEC60335_B_libs/src/Clock\clock_monitor.c **** 	CAC.CACR2.BYTE = 0x29;
  27                             		.loc 1 139 0
  28 0029 3C 42 29                		mov.B	#41, 2[r4]
  29                             	.LVL1:
 140:C:/Workspace/FW_Inertia/branch_indesit/HAL/RN_RX200/IEC60335_B_libs/src/Clock\clock_monitor.c **** 	
 141:C:/Workspace/FW_Inertia/branch_indesit/HAL/RN_RX200/IEC60335_B_libs/src/Clock\clock_monitor.c **** 	/*Set count Limits.*/
 142:C:/Workspace/FW_Inertia/branch_indesit/HAL/RN_RX200/IEC60335_B_libs/src/Clock\clock_monitor.c **** 	tolerence = CLOCK_COUNT_EXPECTED * CLOCK_TOLERANCE_PERCENT / 100;
 143:C:/Workspace/FW_Inertia/branch_indesit/HAL/RN_RX200/IEC60335_B_libs/src/Clock\clock_monitor.c **** 	CAC.CALLVR = (uint16_t)(CLOCK_COUNT_EXPECTED - tolerence);
  30                             		.loc 1 143 0
  31 002c F9 49 04 00 24          		mov.W	#0x2400, 8[r4]
 144:C:/Workspace/FW_Inertia/branch_indesit/HAL/RN_RX200/IEC60335_B_libs/src/Clock\clock_monitor.c **** 	CAC.CAULVR = (uint16_t)(CLOCK_COUNT_EXPECTED + tolerence);
  32                             		.loc 1 144 0
  33 0031 F9 49 03 00 2C          		mov.W	#0x2c00, 6[r4]
 145:C:/Workspace/FW_Inertia/branch_indesit/HAL/RN_RX200/IEC60335_B_libs/src/Clock\clock_monitor.c **** 	
 146:C:/Workspace/FW_Inertia/branch_indesit/HAL/RN_RX200/IEC60335_B_libs/src/Clock\clock_monitor.c **** 	/*Ensure all status flags are cleared by writing 1 to them.*/
 147:C:/Workspace/FW_Inertia/branch_indesit/HAL/RN_RX200/IEC60335_B_libs/src/Clock\clock_monitor.c **** 	CAC.CASTR.BYTE = 0x07;
  34                             		.loc 1 147 0
  35 0036 3C 44 07                		mov.B	#7, 4[r4]
 148:C:/Workspace/FW_Inertia/branch_indesit/HAL/RN_RX200/IEC60335_B_libs/src/Clock\clock_monitor.c **** 	
 149:C:/Workspace/FW_Inertia/branch_indesit/HAL/RN_RX200/IEC60335_B_libs/src/Clock\clock_monitor.c **** 	/*Enable Interrupt for Frequency Error and Overflow*/
 150:C:/Workspace/FW_Inertia/branch_indesit/HAL/RN_RX200/IEC60335_B_libs/src/Clock\clock_monitor.c **** 	CAC.CAICR.BYTE = 0x05;
  36                             		.loc 1 150 0
  37 0039 3C 43 05                		mov.B	#5, 3[r4]
 151:C:/Workspace/FW_Inertia/branch_indesit/HAL/RN_RX200/IEC60335_B_libs/src/Clock\clock_monitor.c **** 	
 152:C:/Workspace/FW_Inertia/branch_indesit/HAL/RN_RX200/IEC60335_B_libs/src/Clock\clock_monitor.c **** 	/*Configure Interrupt Control Unit:*/
 153:C:/Workspace/FW_Inertia/branch_indesit/HAL/RN_RX200/IEC60335_B_libs/src/Clock\clock_monitor.c **** 	/*Overflow (OVFF)*/
 154:C:/Workspace/FW_Inertia/branch_indesit/HAL/RN_RX200/IEC60335_B_libs/src/Clock\clock_monitor.c **** 	/*Make sure IR flag is clear*/
 155:C:/Workspace/FW_Inertia/branch_indesit/HAL/RN_RX200/IEC60335_B_libs/src/Clock\clock_monitor.c **** 	ICU.IR[34].BIT.IR = 0;
  38                             		.loc 1 155 0
  39 003c FB EE 00 70 08          		mov.L	#0x87000, r14
  40 0041 CD E3 22                		mov.B	34[r14], r3
  41 0044 7A 03                   		bclr	#0, r3
  42 0046 C7 E3 22                		mov.B	r3, 34[r14]
 156:C:/Workspace/FW_Inertia/branch_indesit/HAL/RN_RX200/IEC60335_B_libs/src/Clock\clock_monitor.c **** 	/*ICU Interrupt priority*/
 157:C:/Workspace/FW_Inertia/branch_indesit/HAL/RN_RX200/IEC60335_B_libs/src/Clock\clock_monitor.c **** 	ICU.IPR[34].BIT.IPR = CLOCK_MONITOR_INTERRUPT_PRIORITY;	
  43                             		.loc 1 157 0
  44 0049 CE E3 22 03             		mov.B	802[r14], r3
  45 004d 65 F3                   		or	#15, r3
  46 004f CB E3 22 03             		mov.B	r3, 802[r14]
 158:C:/Workspace/FW_Inertia/branch_indesit/HAL/RN_RX200/IEC60335_B_libs/src/Clock\clock_monitor.c **** 	/*Enable the interrupt with the ICU*/
 159:C:/Workspace/FW_Inertia/branch_indesit/HAL/RN_RX200/IEC60335_B_libs/src/Clock\clock_monitor.c **** 	ICU.IER[0x04].BIT.IEN2 = 1;
  47                             		.loc 1 159 0
  48 0053 CE E3 04 02             		mov.B	516[r14], r3
  49 0057 78 23                   		bset	#2, r3
  50 0059 CB E3 04 02             		mov.B	r3, 516[r14]
 160:C:/Workspace/FW_Inertia/branch_indesit/HAL/RN_RX200/IEC60335_B_libs/src/Clock\clock_monitor.c **** 	
 161:C:/Workspace/FW_Inertia/branch_indesit/HAL/RN_RX200/IEC60335_B_libs/src/Clock\clock_monitor.c **** 	/*Frequency error (FERRF)*/
 162:C:/Workspace/FW_Inertia/branch_indesit/HAL/RN_RX200/IEC60335_B_libs/src/Clock\clock_monitor.c **** 	/*Make sure IR flag is clear*/
 163:C:/Workspace/FW_Inertia/branch_indesit/HAL/RN_RX200/IEC60335_B_libs/src/Clock\clock_monitor.c **** 	ICU.IR[32].BIT.IR = 0;
  51                             		.loc 1 163 0
  52 005d CD E3 20                		mov.B	32[r14], r3
  53 0060 7A 03                   		bclr	#0, r3
  54 0062 C7 E3 20                		mov.B	r3, 32[r14]
 164:C:/Workspace/FW_Inertia/branch_indesit/HAL/RN_RX200/IEC60335_B_libs/src/Clock\clock_monitor.c **** 	/*ICU Interrupt priority*/
 165:C:/Workspace/FW_Inertia/branch_indesit/HAL/RN_RX200/IEC60335_B_libs/src/Clock\clock_monitor.c **** 	ICU.IPR[32].BIT.IPR = CLOCK_MONITOR_INTERRUPT_PRIORITY;	
  55                             		.loc 1 165 0
  56 0065 CE E3 20 03             		mov.B	800[r14], r3
  57 0069 65 F3                   		or	#15, r3
  58 006b CB E3 20 03             		mov.B	r3, 800[r14]
 166:C:/Workspace/FW_Inertia/branch_indesit/HAL/RN_RX200/IEC60335_B_libs/src/Clock\clock_monitor.c **** 	/*Enable the interrupt with the ICU*/
 167:C:/Workspace/FW_Inertia/branch_indesit/HAL/RN_RX200/IEC60335_B_libs/src/Clock\clock_monitor.c **** 	ICU.IER[0x04].BIT.IEN0 = 1;
  59                             		.loc 1 167 0
  60 006f CE E3 04 02             		mov.B	516[r14], r3
  61 0073 78 03                   		bset	#0, r3
  62 0075 CB E3 04 02             		mov.B	r3, 516[r14]
 168:C:/Workspace/FW_Inertia/branch_indesit/HAL/RN_RX200/IEC60335_B_libs/src/Clock\clock_monitor.c **** 	
 169:C:/Workspace/FW_Inertia/branch_indesit/HAL/RN_RX200/IEC60335_B_libs/src/Clock\clock_monitor.c **** 	/*Clock frequency measurement enable*/
 170:C:/Workspace/FW_Inertia/branch_indesit/HAL/RN_RX200/IEC60335_B_libs/src/Clock\clock_monitor.c **** 	CAC.CACR0.BIT.CFME = 1;	
  63                             		.loc 1 170 0
  64 0079 CC 4E                   		mov.B	[r4], r14
  65 007b 78 0E                   		bset	#0, r14
  66 007d C3 4E                   		mov.B	r14, [r4]
  67 007f 02                      		rts
  68                             	.LFE0:
  70                             		.section	.text.Interrupt_CAC_FERRF,"ax",@progbits
  71                             		.global	_Interrupt_CAC_FERRF
  73                             	_Interrupt_CAC_FERRF:
  74                             	.LFB2:
 171:C:/Workspace/FW_Inertia/branch_indesit/HAL/RN_RX200/IEC60335_B_libs/src/Clock\clock_monitor.c **** 	
 172:C:/Workspace/FW_Inertia/branch_indesit/HAL/RN_RX200/IEC60335_B_libs/src/Clock\clock_monitor.c **** 	/*Also enable Oscillation Stop. */
 173:C:/Workspace/FW_Inertia/branch_indesit/HAL/RN_RX200/IEC60335_B_libs/src/Clock\clock_monitor.c **** 	/* OscillationStopDetection_Enable(); */
 174:C:/Workspace/FW_Inertia/branch_indesit/HAL/RN_RX200/IEC60335_B_libs/src/Clock\clock_monitor.c **** }
 175:C:/Workspace/FW_Inertia/branch_indesit/HAL/RN_RX200/IEC60335_B_libs/src/Clock\clock_monitor.c **** #endif
 176:C:/Workspace/FW_Inertia/branch_indesit/HAL/RN_RX200/IEC60335_B_libs/src/Clock\clock_monitor.c **** 
 177:C:/Workspace/FW_Inertia/branch_indesit/HAL/RN_RX200/IEC60335_B_libs/src/Clock\clock_monitor.c **** /***********************************************************************************
 178:C:/Workspace/FW_Inertia/branch_indesit/HAL/RN_RX200/IEC60335_B_libs/src/Clock\clock_monitor.c **** Function Name : ClockMonitor_Init
 179:C:/Workspace/FW_Inertia/branch_indesit/HAL/RN_RX200/IEC60335_B_libs/src/Clock\clock_monitor.c **** 
 180:C:/Workspace/FW_Inertia/branch_indesit/HAL/RN_RX200/IEC60335_B_libs/src/Clock\clock_monitor.c **** 				NOTE: There are two versions of this function:
 181:C:/Workspace/FW_Inertia/branch_indesit/HAL/RN_RX200/IEC60335_B_libs/src/Clock\clock_monitor.c **** 				This is used if CLOCK_MONITOR_USE_EXTERNAL_REFERENCE_CLOCK
 182:C:/Workspace/FW_Inertia/branch_indesit/HAL/RN_RX200/IEC60335_B_libs/src/Clock\clock_monitor.c **** 				is defined.
 183:C:/Workspace/FW_Inertia/branch_indesit/HAL/RN_RX200/IEC60335_B_libs/src/Clock\clock_monitor.c **** 
 184:C:/Workspace/FW_Inertia/branch_indesit/HAL/RN_RX200/IEC60335_B_libs/src/Clock\clock_monitor.c **** Description   :	Configure the Clock Frequency Acuracy Measurement Circuit (CAC) to
 185:C:/Workspace/FW_Inertia/branch_indesit/HAL/RN_RX200/IEC60335_B_libs/src/Clock\clock_monitor.c ****  				monitor the Main Clock using external CACREF clock.
 186:C:/Workspace/FW_Inertia/branch_indesit/HAL/RN_RX200/IEC60335_B_libs/src/Clock\clock_monitor.c **** 				
 187:C:/Workspace/FW_Inertia/branch_indesit/HAL/RN_RX200/IEC60335_B_libs/src/Clock\clock_monitor.c **** 				The allowed range is calculated as the expected
 188:C:/Workspace/FW_Inertia/branch_indesit/HAL/RN_RX200/IEC60335_B_libs/src/Clock\clock_monitor.c **** 				count +- the tolerence specifed by CLOCK_TOLERANCE_PERCENT.
 189:C:/Workspace/FW_Inertia/branch_indesit/HAL/RN_RX200/IEC60335_B_libs/src/Clock\clock_monitor.c **** 				
 190:C:/Workspace/FW_Inertia/branch_indesit/HAL/RN_RX200/IEC60335_B_libs/src/Clock\clock_monitor.c **** 				This function calculates a suitable dividers for the
 191:C:/Workspace/FW_Inertia/branch_indesit/HAL/RN_RX200/IEC60335_B_libs/src/Clock\clock_monitor.c **** 				main clock. If a suitable divider is not avaialable
 192:C:/Workspace/FW_Inertia/branch_indesit/HAL/RN_RX200/IEC60335_B_libs/src/Clock\clock_monitor.c **** 				the supplied callback will be called.
 193:C:/Workspace/FW_Inertia/branch_indesit/HAL/RN_RX200/IEC60335_B_libs/src/Clock\clock_monitor.c **** 				
 194:C:/Workspace/FW_Inertia/branch_indesit/HAL/RN_RX200/IEC60335_B_libs/src/Clock\clock_monitor.c **** 				The specified CRCREF pin is configured by setting
 195:C:/Workspace/FW_Inertia/branch_indesit/HAL/RN_RX200/IEC60335_B_libs/src/Clock\clock_monitor.c **** 				the appropriate PSEL value and by setting the PMR bit.
 196:C:/Workspace/FW_Inertia/branch_indesit/HAL/RN_RX200/IEC60335_B_libs/src/Clock\clock_monitor.c **** 				
 197:C:/Workspace/FW_Inertia/branch_indesit/HAL/RN_RX200/IEC60335_B_libs/src/Clock\clock_monitor.c **** 				NOTE: If no external clock is present on the specified CRCREF pin
 198:C:/Workspace/FW_Inertia/branch_indesit/HAL/RN_RX200/IEC60335_B_libs/src/Clock\clock_monitor.c **** 				this will not detect an error.
 199:C:/Workspace/FW_Inertia/branch_indesit/HAL/RN_RX200/IEC60335_B_libs/src/Clock\clock_monitor.c **** 				
 200:C:/Workspace/FW_Inertia/branch_indesit/HAL/RN_RX200/IEC60335_B_libs/src/Clock\clock_monitor.c **** 				NOTE: A digital filter can be applied to CRCREF.
 201:C:/Workspace/FW_Inertia/branch_indesit/HAL/RN_RX200/IEC60335_B_libs/src/Clock\clock_monitor.c **** 				This function does not do this.
 202:C:/Workspace/FW_Inertia/branch_indesit/HAL/RN_RX200/IEC60335_B_libs/src/Clock\clock_monitor.c **** 				
 203:C:/Workspace/FW_Inertia/branch_indesit/HAL/RN_RX200/IEC60335_B_libs/src/Clock\clock_monitor.c **** 				Oscillation Stop Detection.
 204:C:/Workspace/FW_Inertia/branch_indesit/HAL/RN_RX200/IEC60335_B_libs/src/Clock\clock_monitor.c **** 				This also enables the Oscillation Stop detection NMI interrupt.
 205:C:/Workspace/FW_Inertia/branch_indesit/HAL/RN_RX200/IEC60335_B_libs/src/Clock\clock_monitor.c **** 				User code must handle any resulting NMI interrupt and check
 206:C:/Workspace/FW_Inertia/branch_indesit/HAL/RN_RX200/IEC60335_B_libs/src/Clock\clock_monitor.c **** 				the NMISR.OSTST flag. 
 207:C:/Workspace/FW_Inertia/branch_indesit/HAL/RN_RX200/IEC60335_B_libs/src/Clock\clock_monitor.c **** 				
 208:C:/Workspace/FW_Inertia/branch_indesit/HAL/RN_RX200/IEC60335_B_libs/src/Clock\clock_monitor.c **** Parameters    : 	MainClockFrequency: Main Clock frequency in Hz.
 209:C:/Workspace/FW_Inertia/branch_indesit/HAL/RN_RX200/IEC60335_B_libs/src/Clock\clock_monitor.c **** 					ExternalRefClockFrequency: CRCREF clock in Hz
 210:C:/Workspace/FW_Inertia/branch_indesit/HAL/RN_RX200/IEC60335_B_libs/src/Clock\clock_monitor.c **** 					ePin: The pin that will be used as CRCREF.
 211:C:/Workspace/FW_Inertia/branch_indesit/HAL/RN_RX200/IEC60335_B_libs/src/Clock\clock_monitor.c **** 					CallBack: Function to call if the main clock deviates
 212:C:/Workspace/FW_Inertia/branch_indesit/HAL/RN_RX200/IEC60335_B_libs/src/Clock\clock_monitor.c **** 						  		from the allowed range.
 213:C:/Workspace/FW_Inertia/branch_indesit/HAL/RN_RX200/IEC60335_B_libs/src/Clock\clock_monitor.c **** 
 214:C:/Workspace/FW_Inertia/branch_indesit/HAL/RN_RX200/IEC60335_B_libs/src/Clock\clock_monitor.c **** Return value  : 
 215:C:/Workspace/FW_Inertia/branch_indesit/HAL/RN_RX200/IEC60335_B_libs/src/Clock\clock_monitor.c **** ***********************************************************************************/
 216:C:/Workspace/FW_Inertia/branch_indesit/HAL/RN_RX200/IEC60335_B_libs/src/Clock\clock_monitor.c **** #ifdef CLOCK_MONITOR_USE_EXTERNAL_REFERENCE_CLOCK
 217:C:/Workspace/FW_Inertia/branch_indesit/HAL/RN_RX200/IEC60335_B_libs/src/Clock\clock_monitor.c **** 
 218:C:/Workspace/FW_Inertia/branch_indesit/HAL/RN_RX200/IEC60335_B_libs/src/Clock\clock_monitor.c **** void ClockMonitor_Init(uint32_t MainClockFrequency,
 219:C:/Workspace/FW_Inertia/branch_indesit/HAL/RN_RX200/IEC60335_B_libs/src/Clock\clock_monitor.c **** 						uint32_t ExternalRefClockFrequency,
 220:C:/Workspace/FW_Inertia/branch_indesit/HAL/RN_RX200/IEC60335_B_libs/src/Clock\clock_monitor.c **** 						CLOCK_MONITOR_CACREF_PIN ePin,
 221:C:/Workspace/FW_Inertia/branch_indesit/HAL/RN_RX200/IEC60335_B_libs/src/Clock\clock_monitor.c **** 						CLOCK_MONITOR_ERROR_CALL_BACK CallBack)
 222:C:/Workspace/FW_Inertia/branch_indesit/HAL/RN_RX200/IEC60335_B_libs/src/Clock\clock_monitor.c **** {
 223:C:/Workspace/FW_Inertia/branch_indesit/HAL/RN_RX200/IEC60335_B_libs/src/Clock\clock_monitor.c **** 	#define NUM_MAIN_DIV 4
 224:C:/Workspace/FW_Inertia/branch_indesit/HAL/RN_RX200/IEC60335_B_libs/src/Clock\clock_monitor.c **** 	#define NUM_REF_DIV 4
 225:C:/Workspace/FW_Inertia/branch_indesit/HAL/RN_RX200/IEC60335_B_libs/src/Clock\clock_monitor.c **** 	
 226:C:/Workspace/FW_Inertia/branch_indesit/HAL/RN_RX200/IEC60335_B_libs/src/Clock\clock_monitor.c **** 	uint32_t count = 0;
 227:C:/Workspace/FW_Inertia/branch_indesit/HAL/RN_RX200/IEC60335_B_libs/src/Clock\clock_monitor.c **** 	uint32_t tolerence = 0;
 228:C:/Workspace/FW_Inertia/branch_indesit/HAL/RN_RX200/IEC60335_B_libs/src/Clock\clock_monitor.c **** 	uint16_t main_div[NUM_MAIN_DIV] = {1,4,8,32};
 229:C:/Workspace/FW_Inertia/branch_indesit/HAL/RN_RX200/IEC60335_B_libs/src/Clock\clock_monitor.c **** 	uint8_t index_main_div;
 230:C:/Workspace/FW_Inertia/branch_indesit/HAL/RN_RX200/IEC60335_B_libs/src/Clock\clock_monitor.c **** 	bool_t bFound = FALSE;
 231:C:/Workspace/FW_Inertia/branch_indesit/HAL/RN_RX200/IEC60335_B_libs/src/Clock\clock_monitor.c **** 		
 232:C:/Workspace/FW_Inertia/branch_indesit/HAL/RN_RX200/IEC60335_B_libs/src/Clock\clock_monitor.c **** 	/*Save callback*/
 233:C:/Workspace/FW_Inertia/branch_indesit/HAL/RN_RX200/IEC60335_B_libs/src/Clock\clock_monitor.c **** 	g_CallBackClock = CallBack;
 234:C:/Workspace/FW_Inertia/branch_indesit/HAL/RN_RX200/IEC60335_B_libs/src/Clock\clock_monitor.c **** 	
 235:C:/Workspace/FW_Inertia/branch_indesit/HAL/RN_RX200/IEC60335_B_libs/src/Clock\clock_monitor.c **** 	/*Configure the CACREF pin*/
 236:C:/Workspace/FW_Inertia/branch_indesit/HAL/RN_RX200/IEC60335_B_libs/src/Clock\clock_monitor.c **** 	/*Remove protection of register.*/
 237:C:/Workspace/FW_Inertia/branch_indesit/HAL/RN_RX200/IEC60335_B_libs/src/Clock\clock_monitor.c **** 	MPC.PWPR.BIT.B0WI = 0;
 238:C:/Workspace/FW_Inertia/branch_indesit/HAL/RN_RX200/IEC60335_B_libs/src/Clock\clock_monitor.c **** 	MPC.PWPR.BIT.PFSWE = 1;
 239:C:/Workspace/FW_Inertia/branch_indesit/HAL/RN_RX200/IEC60335_B_libs/src/Clock\clock_monitor.c **** 	switch(ePin)
 240:C:/Workspace/FW_Inertia/branch_indesit/HAL/RN_RX200/IEC60335_B_libs/src/Clock\clock_monitor.c **** 	{
 241:C:/Workspace/FW_Inertia/branch_indesit/HAL/RN_RX200/IEC60335_B_libs/src/Clock\clock_monitor.c **** 		case eCLOCK_MONITOR_CACREF_PIN_PA0:
 242:C:/Workspace/FW_Inertia/branch_indesit/HAL/RN_RX200/IEC60335_B_libs/src/Clock\clock_monitor.c **** 			MPC.PA0PFS.BIT.PSEL = 0x07;
 243:C:/Workspace/FW_Inertia/branch_indesit/HAL/RN_RX200/IEC60335_B_libs/src/Clock\clock_monitor.c **** 			PORTA.PMR.BIT.B0 = 1;
 244:C:/Workspace/FW_Inertia/branch_indesit/HAL/RN_RX200/IEC60335_B_libs/src/Clock\clock_monitor.c **** 			break;
 245:C:/Workspace/FW_Inertia/branch_indesit/HAL/RN_RX200/IEC60335_B_libs/src/Clock\clock_monitor.c **** 		case eCLOCK_MONITOR_CACREF_PIN_PC7:
 246:C:/Workspace/FW_Inertia/branch_indesit/HAL/RN_RX200/IEC60335_B_libs/src/Clock\clock_monitor.c **** 			MPC.PC7PFS.BIT.PSEL = 0x07;
 247:C:/Workspace/FW_Inertia/branch_indesit/HAL/RN_RX200/IEC60335_B_libs/src/Clock\clock_monitor.c **** 			PORTC.PMR.BIT.B7 = 1;
 248:C:/Workspace/FW_Inertia/branch_indesit/HAL/RN_RX200/IEC60335_B_libs/src/Clock\clock_monitor.c **** 			break;
 249:C:/Workspace/FW_Inertia/branch_indesit/HAL/RN_RX200/IEC60335_B_libs/src/Clock\clock_monitor.c **** 		case eCLOCK_MONITOR_CACREF_PIN_PH0:
 250:C:/Workspace/FW_Inertia/branch_indesit/HAL/RN_RX200/IEC60335_B_libs/src/Clock\clock_monitor.c **** 			MPC.PH0PFS.BIT.PSEL = 0x07;
 251:C:/Workspace/FW_Inertia/branch_indesit/HAL/RN_RX200/IEC60335_B_libs/src/Clock\clock_monitor.c **** 			PORTH.PMR.BIT.B0 = 1;
 252:C:/Workspace/FW_Inertia/branch_indesit/HAL/RN_RX200/IEC60335_B_libs/src/Clock\clock_monitor.c **** 			break;
 253:C:/Workspace/FW_Inertia/branch_indesit/HAL/RN_RX200/IEC60335_B_libs/src/Clock\clock_monitor.c **** 	};
 254:C:/Workspace/FW_Inertia/branch_indesit/HAL/RN_RX200/IEC60335_B_libs/src/Clock\clock_monitor.c **** 	/*Restore protection of register.*/
 255:C:/Workspace/FW_Inertia/branch_indesit/HAL/RN_RX200/IEC60335_B_libs/src/Clock\clock_monitor.c **** 	MPC.PWPR.BIT.PFSWE = 0;
 256:C:/Workspace/FW_Inertia/branch_indesit/HAL/RN_RX200/IEC60335_B_libs/src/Clock\clock_monitor.c **** 	MPC.PWPR.BIT.B0WI = 1;
 257:C:/Workspace/FW_Inertia/branch_indesit/HAL/RN_RX200/IEC60335_B_libs/src/Clock\clock_monitor.c **** 	
 258:C:/Workspace/FW_Inertia/branch_indesit/HAL/RN_RX200/IEC60335_B_libs/src/Clock\clock_monitor.c **** 	/*Disable register protection (PRC1)*/
 259:C:/Workspace/FW_Inertia/branch_indesit/HAL/RN_RX200/IEC60335_B_libs/src/Clock\clock_monitor.c **** 	SYSTEM.PRCR.WORD = 0xA502;	
 260:C:/Workspace/FW_Inertia/branch_indesit/HAL/RN_RX200/IEC60335_B_libs/src/Clock\clock_monitor.c **** 	/*Enable the module*/
 261:C:/Workspace/FW_Inertia/branch_indesit/HAL/RN_RX200/IEC60335_B_libs/src/Clock\clock_monitor.c **** 	SYSTEM.MSTPCRC.BIT.MSTPC19 = 0;
 262:C:/Workspace/FW_Inertia/branch_indesit/HAL/RN_RX200/IEC60335_B_libs/src/Clock\clock_monitor.c **** 	/*Re-Enable register protection*/
 263:C:/Workspace/FW_Inertia/branch_indesit/HAL/RN_RX200/IEC60335_B_libs/src/Clock\clock_monitor.c **** 	SYSTEM.PRCR.WORD = 0xA500;
 264:C:/Workspace/FW_Inertia/branch_indesit/HAL/RN_RX200/IEC60335_B_libs/src/Clock\clock_monitor.c **** 	
 265:C:/Workspace/FW_Inertia/branch_indesit/HAL/RN_RX200/IEC60335_B_libs/src/Clock\clock_monitor.c **** 	/*Calculate divider on main clock*/
 266:C:/Workspace/FW_Inertia/branch_indesit/HAL/RN_RX200/IEC60335_B_libs/src/Clock\clock_monitor.c **** 	/*Start with lowest divide*/
 267:C:/Workspace/FW_Inertia/branch_indesit/HAL/RN_RX200/IEC60335_B_libs/src/Clock\clock_monitor.c **** 	for(index_main_div = 0; index_main_div < NUM_MAIN_DIV; index_main_div++)
 268:C:/Workspace/FW_Inertia/branch_indesit/HAL/RN_RX200/IEC60335_B_libs/src/Clock\clock_monitor.c **** 	{
 269:C:/Workspace/FW_Inertia/branch_indesit/HAL/RN_RX200/IEC60335_B_libs/src/Clock\clock_monitor.c **** 		count = (uint32_t)(((double)MainClockFrequency / (double)main_div[index_main_div]) /
 270:C:/Workspace/FW_Inertia/branch_indesit/HAL/RN_RX200/IEC60335_B_libs/src/Clock\clock_monitor.c **** 				((double)ExternalRefClockFrequency)-1);
 271:C:/Workspace/FW_Inertia/branch_indesit/HAL/RN_RX200/IEC60335_B_libs/src/Clock\clock_monitor.c **** 		
 272:C:/Workspace/FW_Inertia/branch_indesit/HAL/RN_RX200/IEC60335_B_libs/src/Clock\clock_monitor.c **** 		tolerence = (count * CLOCK_TOLERANCE_PERCENT) / 100;
 273:C:/Workspace/FW_Inertia/branch_indesit/HAL/RN_RX200/IEC60335_B_libs/src/Clock\clock_monitor.c **** 		
 274:C:/Workspace/FW_Inertia/branch_indesit/HAL/RN_RX200/IEC60335_B_libs/src/Clock\clock_monitor.c **** 		/*If the ref. clock is very slow so that the calculated clock
 275:C:/Workspace/FW_Inertia/branch_indesit/HAL/RN_RX200/IEC60335_B_libs/src/Clock\clock_monitor.c **** 		is very small the tolerence calculation can round to zero.
 276:C:/Workspace/FW_Inertia/branch_indesit/HAL/RN_RX200/IEC60335_B_libs/src/Clock\clock_monitor.c **** 		Deal with this by ensuring the tolerence is at least 1.*/
 277:C:/Workspace/FW_Inertia/branch_indesit/HAL/RN_RX200/IEC60335_B_libs/src/Clock\clock_monitor.c **** 		if(tolerence == 0)
 278:C:/Workspace/FW_Inertia/branch_indesit/HAL/RN_RX200/IEC60335_B_libs/src/Clock\clock_monitor.c **** 		{
 279:C:/Workspace/FW_Inertia/branch_indesit/HAL/RN_RX200/IEC60335_B_libs/src/Clock\clock_monitor.c **** 			tolerence = 1;
 280:C:/Workspace/FW_Inertia/branch_indesit/HAL/RN_RX200/IEC60335_B_libs/src/Clock\clock_monitor.c **** 		}
 281:C:/Workspace/FW_Inertia/branch_indesit/HAL/RN_RX200/IEC60335_B_libs/src/Clock\clock_monitor.c **** 				
 282:C:/Workspace/FW_Inertia/branch_indesit/HAL/RN_RX200/IEC60335_B_libs/src/Clock\clock_monitor.c **** 		if(((count + tolerence) <= 0xFFFF) && (count >= tolerence))
 283:C:/Workspace/FW_Inertia/branch_indesit/HAL/RN_RX200/IEC60335_B_libs/src/Clock\clock_monitor.c **** 		{
 284:C:/Workspace/FW_Inertia/branch_indesit/HAL/RN_RX200/IEC60335_B_libs/src/Clock\clock_monitor.c **** 			/*Found suitable dividers*/
 285:C:/Workspace/FW_Inertia/branch_indesit/HAL/RN_RX200/IEC60335_B_libs/src/Clock\clock_monitor.c **** 			bFound = TRUE;
 286:C:/Workspace/FW_Inertia/branch_indesit/HAL/RN_RX200/IEC60335_B_libs/src/Clock\clock_monitor.c **** 			break;
 287:C:/Workspace/FW_Inertia/branch_indesit/HAL/RN_RX200/IEC60335_B_libs/src/Clock\clock_monitor.c **** 		}		 
 288:C:/Workspace/FW_Inertia/branch_indesit/HAL/RN_RX200/IEC60335_B_libs/src/Clock\clock_monitor.c **** 	}
 289:C:/Workspace/FW_Inertia/branch_indesit/HAL/RN_RX200/IEC60335_B_libs/src/Clock\clock_monitor.c **** 	
 290:C:/Workspace/FW_Inertia/branch_indesit/HAL/RN_RX200/IEC60335_B_libs/src/Clock\clock_monitor.c **** 	if(FALSE == bFound)
 291:C:/Workspace/FW_Inertia/branch_indesit/HAL/RN_RX200/IEC60335_B_libs/src/Clock\clock_monitor.c **** 	{
 292:C:/Workspace/FW_Inertia/branch_indesit/HAL/RN_RX200/IEC60335_B_libs/src/Clock\clock_monitor.c **** 		/*Error setting up the clock monitor */
 293:C:/Workspace/FW_Inertia/branch_indesit/HAL/RN_RX200/IEC60335_B_libs/src/Clock\clock_monitor.c **** 		g_CallBackClock();
 294:C:/Workspace/FW_Inertia/branch_indesit/HAL/RN_RX200/IEC60335_B_libs/src/Clock\clock_monitor.c **** 	}
 295:C:/Workspace/FW_Inertia/branch_indesit/HAL/RN_RX200/IEC60335_B_libs/src/Clock\clock_monitor.c **** 	else
 296:C:/Workspace/FW_Inertia/branch_indesit/HAL/RN_RX200/IEC60335_B_libs/src/Clock\clock_monitor.c **** 	{
 297:C:/Workspace/FW_Inertia/branch_indesit/HAL/RN_RX200/IEC60335_B_libs/src/Clock\clock_monitor.c **** 		/*Measure Main clock */
 298:C:/Workspace/FW_Inertia/branch_indesit/HAL/RN_RX200/IEC60335_B_libs/src/Clock\clock_monitor.c **** 		CAC.CACR1.BIT.FMCS = 0;
 299:C:/Workspace/FW_Inertia/branch_indesit/HAL/RN_RX200/IEC60335_B_libs/src/Clock\clock_monitor.c **** 		/*Divide Main*/
 300:C:/Workspace/FW_Inertia/branch_indesit/HAL/RN_RX200/IEC60335_B_libs/src/Clock\clock_monitor.c **** 		CAC.CACR1.BIT.TCSS = index_main_div;
 301:C:/Workspace/FW_Inertia/branch_indesit/HAL/RN_RX200/IEC60335_B_libs/src/Clock\clock_monitor.c **** 		
 302:C:/Workspace/FW_Inertia/branch_indesit/HAL/RN_RX200/IEC60335_B_libs/src/Clock\clock_monitor.c **** 		/*Use CACREF pin*/
 303:C:/Workspace/FW_Inertia/branch_indesit/HAL/RN_RX200/IEC60335_B_libs/src/Clock\clock_monitor.c **** 		CAC.CACR1.BIT.CACREFE = 1;
 304:C:/Workspace/FW_Inertia/branch_indesit/HAL/RN_RX200/IEC60335_B_libs/src/Clock\clock_monitor.c **** 		CAC.CACR2.BIT.RPS = 0;
 305:C:/Workspace/FW_Inertia/branch_indesit/HAL/RN_RX200/IEC60335_B_libs/src/Clock\clock_monitor.c **** 		/*Divide Ref (This is not applicable if using CACREF)*/
 306:C:/Workspace/FW_Inertia/branch_indesit/HAL/RN_RX200/IEC60335_B_libs/src/Clock\clock_monitor.c **** 		CAC.CACR2.BIT.RCDS = 0;
 307:C:/Workspace/FW_Inertia/branch_indesit/HAL/RN_RX200/IEC60335_B_libs/src/Clock\clock_monitor.c **** 		
 308:C:/Workspace/FW_Inertia/branch_indesit/HAL/RN_RX200/IEC60335_B_libs/src/Clock\clock_monitor.c **** 		/*Set count limits.*/
 309:C:/Workspace/FW_Inertia/branch_indesit/HAL/RN_RX200/IEC60335_B_libs/src/Clock\clock_monitor.c **** 		CAC.CALLVR = (uint16_t)(count - tolerence);
 310:C:/Workspace/FW_Inertia/branch_indesit/HAL/RN_RX200/IEC60335_B_libs/src/Clock\clock_monitor.c **** 		CAC.CAULVR = (uint16_t)(count + tolerence);
 311:C:/Workspace/FW_Inertia/branch_indesit/HAL/RN_RX200/IEC60335_B_libs/src/Clock\clock_monitor.c **** 	
 312:C:/Workspace/FW_Inertia/branch_indesit/HAL/RN_RX200/IEC60335_B_libs/src/Clock\clock_monitor.c **** 		/*Ensure all status flags are cleared by writing 1 to them.*/
 313:C:/Workspace/FW_Inertia/branch_indesit/HAL/RN_RX200/IEC60335_B_libs/src/Clock\clock_monitor.c **** 		CAC.CASTR.BYTE = 0x07;
 314:C:/Workspace/FW_Inertia/branch_indesit/HAL/RN_RX200/IEC60335_B_libs/src/Clock\clock_monitor.c **** 	
 315:C:/Workspace/FW_Inertia/branch_indesit/HAL/RN_RX200/IEC60335_B_libs/src/Clock\clock_monitor.c **** 		/*Enable Interrupt for Frequency Error and Overflow*/
 316:C:/Workspace/FW_Inertia/branch_indesit/HAL/RN_RX200/IEC60335_B_libs/src/Clock\clock_monitor.c **** 		CAC.CAICR.BYTE = 0x05;
 317:C:/Workspace/FW_Inertia/branch_indesit/HAL/RN_RX200/IEC60335_B_libs/src/Clock\clock_monitor.c **** 	
 318:C:/Workspace/FW_Inertia/branch_indesit/HAL/RN_RX200/IEC60335_B_libs/src/Clock\clock_monitor.c **** 		/*Configure Interrupt Control Unit:*/
 319:C:/Workspace/FW_Inertia/branch_indesit/HAL/RN_RX200/IEC60335_B_libs/src/Clock\clock_monitor.c **** 		/*Overflow (OVFF)*/
 320:C:/Workspace/FW_Inertia/branch_indesit/HAL/RN_RX200/IEC60335_B_libs/src/Clock\clock_monitor.c **** 		/*Make sure IR flag is clear*/
 321:C:/Workspace/FW_Inertia/branch_indesit/HAL/RN_RX200/IEC60335_B_libs/src/Clock\clock_monitor.c **** 		ICU.IR[34].BIT.IR = 0;
 322:C:/Workspace/FW_Inertia/branch_indesit/HAL/RN_RX200/IEC60335_B_libs/src/Clock\clock_monitor.c **** 		/*ICU Interrupt priority*/
 323:C:/Workspace/FW_Inertia/branch_indesit/HAL/RN_RX200/IEC60335_B_libs/src/Clock\clock_monitor.c **** 		ICU.IPR[34].BIT.IPR = CLOCK_MONITOR_INTERRUPT_PRIORITY;	
 324:C:/Workspace/FW_Inertia/branch_indesit/HAL/RN_RX200/IEC60335_B_libs/src/Clock\clock_monitor.c **** 		/*Enable the interrupt with the ICU*/
 325:C:/Workspace/FW_Inertia/branch_indesit/HAL/RN_RX200/IEC60335_B_libs/src/Clock\clock_monitor.c **** 		ICU.IER[0x04].BIT.IEN2 = 1;
 326:C:/Workspace/FW_Inertia/branch_indesit/HAL/RN_RX200/IEC60335_B_libs/src/Clock\clock_monitor.c **** 	
 327:C:/Workspace/FW_Inertia/branch_indesit/HAL/RN_RX200/IEC60335_B_libs/src/Clock\clock_monitor.c **** 		/*Frequency error (FERRF)*/
 328:C:/Workspace/FW_Inertia/branch_indesit/HAL/RN_RX200/IEC60335_B_libs/src/Clock\clock_monitor.c **** 		/*Make sure IR flag is clear*/
 329:C:/Workspace/FW_Inertia/branch_indesit/HAL/RN_RX200/IEC60335_B_libs/src/Clock\clock_monitor.c **** 		ICU.IR[32].BIT.IR = 0;
 330:C:/Workspace/FW_Inertia/branch_indesit/HAL/RN_RX200/IEC60335_B_libs/src/Clock\clock_monitor.c **** 		/*ICU Interrupt priority*/
 331:C:/Workspace/FW_Inertia/branch_indesit/HAL/RN_RX200/IEC60335_B_libs/src/Clock\clock_monitor.c **** 		ICU.IPR[32].BIT.IPR = CLOCK_MONITOR_INTERRUPT_PRIORITY;	
 332:C:/Workspace/FW_Inertia/branch_indesit/HAL/RN_RX200/IEC60335_B_libs/src/Clock\clock_monitor.c **** 		/*Enable the interrupt with the ICU*/
 333:C:/Workspace/FW_Inertia/branch_indesit/HAL/RN_RX200/IEC60335_B_libs/src/Clock\clock_monitor.c **** 		ICU.IER[0x04].BIT.IEN0 = 1;
 334:C:/Workspace/FW_Inertia/branch_indesit/HAL/RN_RX200/IEC60335_B_libs/src/Clock\clock_monitor.c **** 	
 335:C:/Workspace/FW_Inertia/branch_indesit/HAL/RN_RX200/IEC60335_B_libs/src/Clock\clock_monitor.c **** 		/*Clock frequency measurement enable*/
 336:C:/Workspace/FW_Inertia/branch_indesit/HAL/RN_RX200/IEC60335_B_libs/src/Clock\clock_monitor.c **** 		CAC.CACR0.BIT.CFME = 1;
 337:C:/Workspace/FW_Inertia/branch_indesit/HAL/RN_RX200/IEC60335_B_libs/src/Clock\clock_monitor.c **** 		
 338:C:/Workspace/FW_Inertia/branch_indesit/HAL/RN_RX200/IEC60335_B_libs/src/Clock\clock_monitor.c **** 		OscillationStopDetection_Enable();
 339:C:/Workspace/FW_Inertia/branch_indesit/HAL/RN_RX200/IEC60335_B_libs/src/Clock\clock_monitor.c **** 	}
 340:C:/Workspace/FW_Inertia/branch_indesit/HAL/RN_RX200/IEC60335_B_libs/src/Clock\clock_monitor.c **** }
 341:C:/Workspace/FW_Inertia/branch_indesit/HAL/RN_RX200/IEC60335_B_libs/src/Clock\clock_monitor.c **** #endif
 342:C:/Workspace/FW_Inertia/branch_indesit/HAL/RN_RX200/IEC60335_B_libs/src/Clock\clock_monitor.c **** 
 343:C:/Workspace/FW_Inertia/branch_indesit/HAL/RN_RX200/IEC60335_B_libs/src/Clock\clock_monitor.c **** /***********************************************************************************
 344:C:/Workspace/FW_Inertia/branch_indesit/HAL/RN_RX200/IEC60335_B_libs/src/Clock\clock_monitor.c **** Function Name : OscillationStopDetection_Enable
 345:C:/Workspace/FW_Inertia/branch_indesit/HAL/RN_RX200/IEC60335_B_libs/src/Clock\clock_monitor.c **** 
 346:C:/Workspace/FW_Inertia/branch_indesit/HAL/RN_RX200/IEC60335_B_libs/src/Clock\clock_monitor.c **** Description   :	Enable NMI Interrupt when Oscillation Stop is detected.
 347:C:/Workspace/FW_Inertia/branch_indesit/HAL/RN_RX200/IEC60335_B_libs/src/Clock\clock_monitor.c **** Parameters    :
 348:C:/Workspace/FW_Inertia/branch_indesit/HAL/RN_RX200/IEC60335_B_libs/src/Clock\clock_monitor.c **** Return value  : 
 349:C:/Workspace/FW_Inertia/branch_indesit/HAL/RN_RX200/IEC60335_B_libs/src/Clock\clock_monitor.c **** ***********************************************************************************/
 350:C:/Workspace/FW_Inertia/branch_indesit/HAL/RN_RX200/IEC60335_B_libs/src/Clock\clock_monitor.c **** static void OscillationStopDetection_Enable(void)
 351:C:/Workspace/FW_Inertia/branch_indesit/HAL/RN_RX200/IEC60335_B_libs/src/Clock\clock_monitor.c **** {
 352:C:/Workspace/FW_Inertia/branch_indesit/HAL/RN_RX200/IEC60335_B_libs/src/Clock\clock_monitor.c **** 	/***Oscillation Stop detection****/
 353:C:/Workspace/FW_Inertia/branch_indesit/HAL/RN_RX200/IEC60335_B_libs/src/Clock\clock_monitor.c **** 	/*Disable register protection (PRC0)*/
 354:C:/Workspace/FW_Inertia/branch_indesit/HAL/RN_RX200/IEC60335_B_libs/src/Clock\clock_monitor.c **** 	SYSTEM.PRCR.WORD = 0xA501;	
 355:C:/Workspace/FW_Inertia/branch_indesit/HAL/RN_RX200/IEC60335_B_libs/src/Clock\clock_monitor.c **** 	/*Enable Stop Detection Interrupt */
 356:C:/Workspace/FW_Inertia/branch_indesit/HAL/RN_RX200/IEC60335_B_libs/src/Clock\clock_monitor.c **** 	SYSTEM.OSTDCR.BIT.OSTDIE = 1;
 357:C:/Workspace/FW_Inertia/branch_indesit/HAL/RN_RX200/IEC60335_B_libs/src/Clock\clock_monitor.c **** 	/*Enable Oscillation Stop detection*/
 358:C:/Workspace/FW_Inertia/branch_indesit/HAL/RN_RX200/IEC60335_B_libs/src/Clock\clock_monitor.c **** 	SYSTEM.OSTDCR.BIT.OSTDE = 1;
 359:C:/Workspace/FW_Inertia/branch_indesit/HAL/RN_RX200/IEC60335_B_libs/src/Clock\clock_monitor.c **** 	/*Re-Enable register protection*/
 360:C:/Workspace/FW_Inertia/branch_indesit/HAL/RN_RX200/IEC60335_B_libs/src/Clock\clock_monitor.c **** 	SYSTEM.PRCR.WORD = 0xA500;
 361:C:/Workspace/FW_Inertia/branch_indesit/HAL/RN_RX200/IEC60335_B_libs/src/Clock\clock_monitor.c **** 	
 362:C:/Workspace/FW_Inertia/branch_indesit/HAL/RN_RX200/IEC60335_B_libs/src/Clock\clock_monitor.c **** 	/*Enable Interrupt (NMI) on ICU*/
 363:C:/Workspace/FW_Inertia/branch_indesit/HAL/RN_RX200/IEC60335_B_libs/src/Clock\clock_monitor.c **** 	ICU.NMIER.BIT.OSTEN = 1;
 364:C:/Workspace/FW_Inertia/branch_indesit/HAL/RN_RX200/IEC60335_B_libs/src/Clock\clock_monitor.c **** }
 365:C:/Workspace/FW_Inertia/branch_indesit/HAL/RN_RX200/IEC60335_B_libs/src/Clock\clock_monitor.c **** 
 366:C:/Workspace/FW_Inertia/branch_indesit/HAL/RN_RX200/IEC60335_B_libs/src/Clock\clock_monitor.c **** 
 367:C:/Workspace/FW_Inertia/branch_indesit/HAL/RN_RX200/IEC60335_B_libs/src/Clock\clock_monitor.c **** /***********************************************************************************
 368:C:/Workspace/FW_Inertia/branch_indesit/HAL/RN_RX200/IEC60335_B_libs/src/Clock\clock_monitor.c **** Function Name : Interrupt_CAC_FERRF
 369:C:/Workspace/FW_Inertia/branch_indesit/HAL/RN_RX200/IEC60335_B_libs/src/Clock\clock_monitor.c **** 
 370:C:/Workspace/FW_Inertia/branch_indesit/HAL/RN_RX200/IEC60335_B_libs/src/Clock\clock_monitor.c **** Description   :	Interrupt handler for CAC Frequency Error.
 371:C:/Workspace/FW_Inertia/branch_indesit/HAL/RN_RX200/IEC60335_B_libs/src/Clock\clock_monitor.c **** 
 372:C:/Workspace/FW_Inertia/branch_indesit/HAL/RN_RX200/IEC60335_B_libs/src/Clock\clock_monitor.c **** 				TODO User: Ensure this function is called when a CAC_FERRF
 373:C:/Workspace/FW_Inertia/branch_indesit/HAL/RN_RX200/IEC60335_B_libs/src/Clock\clock_monitor.c **** 				interrupt is generated.
 374:C:/Workspace/FW_Inertia/branch_indesit/HAL/RN_RX200/IEC60335_B_libs/src/Clock\clock_monitor.c **** 
 375:C:/Workspace/FW_Inertia/branch_indesit/HAL/RN_RX200/IEC60335_B_libs/src/Clock\clock_monitor.c **** 				Call the registered callback function.
 376:C:/Workspace/FW_Inertia/branch_indesit/HAL/RN_RX200/IEC60335_B_libs/src/Clock\clock_monitor.c **** 				NOTE: It is the users responsibility to ensure a valid function
 377:C:/Workspace/FW_Inertia/branch_indesit/HAL/RN_RX200/IEC60335_B_libs/src/Clock\clock_monitor.c **** 				has been registered with the ClockMonitor_Init function.
 378:C:/Workspace/FW_Inertia/branch_indesit/HAL/RN_RX200/IEC60335_B_libs/src/Clock\clock_monitor.c **** Parameters    :
 379:C:/Workspace/FW_Inertia/branch_indesit/HAL/RN_RX200/IEC60335_B_libs/src/Clock\clock_monitor.c **** Return value  : 
 380:C:/Workspace/FW_Inertia/branch_indesit/HAL/RN_RX200/IEC60335_B_libs/src/Clock\clock_monitor.c **** ***********************************************************************************/
 381:C:/Workspace/FW_Inertia/branch_indesit/HAL/RN_RX200/IEC60335_B_libs/src/Clock\clock_monitor.c **** void Interrupt_CAC_FERRF(void)
 382:C:/Workspace/FW_Inertia/branch_indesit/HAL/RN_RX200/IEC60335_B_libs/src/Clock\clock_monitor.c **** {
  75                             		.loc 1 382 0
 383:C:/Workspace/FW_Inertia/branch_indesit/HAL/RN_RX200/IEC60335_B_libs/src/Clock\clock_monitor.c **** 	/*Call registered calback.*/
 384:C:/Workspace/FW_Inertia/branch_indesit/HAL/RN_RX200/IEC60335_B_libs/src/Clock\clock_monitor.c **** 	g_CallBackClock();
  76                             		.loc 1 384 0
  77 0000 FB E2 00 00 00 00       		mov.L	#_g_CallBackClock, r14
  78 0006 EC EE                   		mov.L	[r14], r14
  79 0008 7F 1E                   		jsr	r14
  80                             	.LVL2:
 385:C:/Workspace/FW_Inertia/branch_indesit/HAL/RN_RX200/IEC60335_B_libs/src/Clock\clock_monitor.c **** 	
 386:C:/Workspace/FW_Inertia/branch_indesit/HAL/RN_RX200/IEC60335_B_libs/src/Clock\clock_monitor.c **** 	/*Clear flag by writing 1 to clear bit.*/
 387:C:/Workspace/FW_Inertia/branch_indesit/HAL/RN_RX200/IEC60335_B_libs/src/Clock\clock_monitor.c **** 	CAC.CAICR.BIT.FERRFCL = 1;
  81                             		.loc 1 387 0
  82 000a FB EE 00 B0 08          		mov.L	#0x8b000, r14
  83 000f CD E4 03                		mov.B	3[r14], r4
  84 0012 78 44                   		bset	#4, r4
  85 0014 C7 E4 03                		mov.B	r4, 3[r14]
  86 0017 02                      		rts
  87                             	.LFE2:
  89                             		.section	.text.Interrupt_CAC_OVFF,"ax",@progbits
  90                             		.global	_Interrupt_CAC_OVFF
  92                             	_Interrupt_CAC_OVFF:
  93                             	.LFB3:
 388:C:/Workspace/FW_Inertia/branch_indesit/HAL/RN_RX200/IEC60335_B_libs/src/Clock\clock_monitor.c **** }
 389:C:/Workspace/FW_Inertia/branch_indesit/HAL/RN_RX200/IEC60335_B_libs/src/Clock\clock_monitor.c **** 
 390:C:/Workspace/FW_Inertia/branch_indesit/HAL/RN_RX200/IEC60335_B_libs/src/Clock\clock_monitor.c **** /***********************************************************************************
 391:C:/Workspace/FW_Inertia/branch_indesit/HAL/RN_RX200/IEC60335_B_libs/src/Clock\clock_monitor.c **** Function Name : Interrupt_CAC_OVFF
 392:C:/Workspace/FW_Inertia/branch_indesit/HAL/RN_RX200/IEC60335_B_libs/src/Clock\clock_monitor.c **** 
 393:C:/Workspace/FW_Inertia/branch_indesit/HAL/RN_RX200/IEC60335_B_libs/src/Clock\clock_monitor.c **** Description   :	Interrupt handler for CAC Overflow Error
 394:C:/Workspace/FW_Inertia/branch_indesit/HAL/RN_RX200/IEC60335_B_libs/src/Clock\clock_monitor.c **** 
 395:C:/Workspace/FW_Inertia/branch_indesit/HAL/RN_RX200/IEC60335_B_libs/src/Clock\clock_monitor.c **** 				TODO User: Ensure this function is called when a CAC_OVFF
 396:C:/Workspace/FW_Inertia/branch_indesit/HAL/RN_RX200/IEC60335_B_libs/src/Clock\clock_monitor.c **** 				interrupt is generated.
 397:C:/Workspace/FW_Inertia/branch_indesit/HAL/RN_RX200/IEC60335_B_libs/src/Clock\clock_monitor.c **** 
 398:C:/Workspace/FW_Inertia/branch_indesit/HAL/RN_RX200/IEC60335_B_libs/src/Clock\clock_monitor.c **** 				Call the registered callback function.
 399:C:/Workspace/FW_Inertia/branch_indesit/HAL/RN_RX200/IEC60335_B_libs/src/Clock\clock_monitor.c **** 				NOTE: It is the users responsibility to ensure a valid function
 400:C:/Workspace/FW_Inertia/branch_indesit/HAL/RN_RX200/IEC60335_B_libs/src/Clock\clock_monitor.c **** 				has been registered with the ClockMonitor_Init function.
 401:C:/Workspace/FW_Inertia/branch_indesit/HAL/RN_RX200/IEC60335_B_libs/src/Clock\clock_monitor.c **** Parameters    :
 402:C:/Workspace/FW_Inertia/branch_indesit/HAL/RN_RX200/IEC60335_B_libs/src/Clock\clock_monitor.c **** Return value  : 
 403:C:/Workspace/FW_Inertia/branch_indesit/HAL/RN_RX200/IEC60335_B_libs/src/Clock\clock_monitor.c **** ***********************************************************************************/
 404:C:/Workspace/FW_Inertia/branch_indesit/HAL/RN_RX200/IEC60335_B_libs/src/Clock\clock_monitor.c **** void Interrupt_CAC_OVFF(void)
 405:C:/Workspace/FW_Inertia/branch_indesit/HAL/RN_RX200/IEC60335_B_libs/src/Clock\clock_monitor.c **** {
  94                             		.loc 1 405 0
 406:C:/Workspace/FW_Inertia/branch_indesit/HAL/RN_RX200/IEC60335_B_libs/src/Clock\clock_monitor.c **** 	/*Call registered calback.*/
 407:C:/Workspace/FW_Inertia/branch_indesit/HAL/RN_RX200/IEC60335_B_libs/src/Clock\clock_monitor.c **** 	g_CallBackClock();
  95                             		.loc 1 407 0
  96 0000 FB E2 00 00 00 00       		mov.L	#_g_CallBackClock, r14
  97 0006 EC EE                   		mov.L	[r14], r14
  98 0008 7F 1E                   		jsr	r14
  99                             	.LVL3:
 408:C:/Workspace/FW_Inertia/branch_indesit/HAL/RN_RX200/IEC60335_B_libs/src/Clock\clock_monitor.c **** 	
 409:C:/Workspace/FW_Inertia/branch_indesit/HAL/RN_RX200/IEC60335_B_libs/src/Clock\clock_monitor.c **** 	/*Clear flag by writing 1 to clear bit.*/
 410:C:/Workspace/FW_Inertia/branch_indesit/HAL/RN_RX200/IEC60335_B_libs/src/Clock\clock_monitor.c **** 	CAC.CAICR.BIT.OVFFCL = 1;
 100                             		.loc 1 410 0
 101 000a FB EE 00 B0 08          		mov.L	#0x8b000, r14
 102 000f CD E4 03                		mov.B	3[r14], r4
 103 0012 78 64                   		bset	#6, r4
 104 0014 C7 E4 03                		mov.B	r4, 3[r14]
 105 0017 02                      		rts
 106                             	.LFE3:
 108                             		.section	.bss.g_CallBackClock,"aw",@nobits
 109                             		.balign 4
 112                             	_g_CallBackClock:
 113 0000 00 00 00 00             		.zero	4
 156                             	.Letext0:
 157                             		.file 2 "C:\\Workspace\\FW_Inertia\\branch_indesit\\HAL\\RN_RX200/RN_RX200_reg.h"
 158                             		.file 3 "C:\\Workspace\\FW_Inertia\\branch_indesit\\HAL\\RN_RX200\\IEC60335_B_libs\\src\\Common/mi
 159                             		.file 4 "C:/Workspace/FW_Inertia/branch_indesit/HAL/RN_RX200/IEC60335_B_libs/src/Clock/Clock_Monit
DEFINED SYMBOLS
                            *ABS*:00000000 clock_monitor.c
C:\Users\Andrea\AppData\Local\Temp\ccIunU2b.s:7      .text.ClockMonitor_Init:00000000 _ClockMonitor_Init
C:\Users\Andrea\AppData\Local\Temp\ccIunU2b.s:13     .text.ClockMonitor_Init:00000000 L0
C:\Users\Andrea\AppData\Local\Temp\ccIunU2b.s:112    .bss.g_CallBackClock:00000000 _g_CallBackClock
C:\Users\Andrea\AppData\Local\Temp\ccIunU2b.s:73     .text.Interrupt_CAC_FERRF:00000000 _Interrupt_CAC_FERRF
C:\Users\Andrea\AppData\Local\Temp\ccIunU2b.s:77     .text.Interrupt_CAC_FERRF:00000000 L0
C:\Users\Andrea\AppData\Local\Temp\ccIunU2b.s:92     .text.Interrupt_CAC_OVFF:00000000 _Interrupt_CAC_OVFF
C:\Users\Andrea\AppData\Local\Temp\ccIunU2b.s:96     .text.Interrupt_CAC_OVFF:00000000 L0
C:\Users\Andrea\AppData\Local\Temp\ccIunU2b.s:115    .debug_frame:00000000 .Lframe0
C:\Users\Andrea\AppData\Local\Temp\ccIunU2b.s:8      .text.ClockMonitor_Init:00000000 .LFB0
C:\Users\Andrea\AppData\Local\Temp\ccIunU2b.s:74     .text.Interrupt_CAC_FERRF:00000000 .LFB2
C:\Users\Andrea\AppData\Local\Temp\ccIunU2b.s:93     .text.Interrupt_CAC_OVFF:00000000 .LFB3
C:\Users\Andrea\AppData\Local\Temp\ccIunU2b.s:5551   .debug_abbrev:00000000 .Ldebug_abbrev0
C:\Users\Andrea\AppData\Local\Temp\ccIunU2b.s:6554   .debug_str:00000961 .LASF333
C:\Users\Andrea\AppData\Local\Temp\ccIunU2b.s:6342   .debug_str:000005f1 .LASF334
C:\Users\Andrea\AppData\Local\Temp\ccIunU2b.s:5914   .debug_ranges:00000000 .Ldebug_ranges0
C:\Users\Andrea\AppData\Local\Temp\ccIunU2b.s:5924   .debug_line:00000000 .Ldebug_line0
C:\Users\Andrea\AppData\Local\Temp\ccIunU2b.s:6442   .debug_str:000007b9 .LASF0
C:\Users\Andrea\AppData\Local\Temp\ccIunU2b.s:6496   .debug_str:00000870 .LASF1
C:\Users\Andrea\AppData\Local\Temp\ccIunU2b.s:6550   .debug_str:00000949 .LASF2
C:\Users\Andrea\AppData\Local\Temp\ccIunU2b.s:6320   .debug_str:00000593 .LASF3
C:\Users\Andrea\AppData\Local\Temp\ccIunU2b.s:6458   .debug_str:000007fb .LASF4
C:\Users\Andrea\AppData\Local\Temp\ccIunU2b.s:5936   .debug_str:00000025 .LASF5
C:\Users\Andrea\AppData\Local\Temp\ccIunU2b.s:6018   .debug_str:0000016b .LASF7
C:\Users\Andrea\AppData\Local\Temp\ccIunU2b.s:6284   .debug_str:00000515 .LASF6
C:\Users\Andrea\AppData\Local\Temp\ccIunU2b.s:6544   .debug_str:00000935 .LASF8
C:\Users\Andrea\AppData\Local\Temp\ccIunU2b.s:6008   .debug_str:00000140 .LASF9
C:\Users\Andrea\AppData\Local\Temp\ccIunU2b.s:6020   .debug_str:00000170 .LASF10
C:\Users\Andrea\AppData\Local\Temp\ccIunU2b.s:6092   .debug_str:00000260 .LASF11
C:\Users\Andrea\AppData\Local\Temp\ccIunU2b.s:6592   .debug_str:00000a17 .LASF12
C:\Users\Andrea\AppData\Local\Temp\ccIunU2b.s:6118   .debug_str:000002c3 .LASF13
C:\Users\Andrea\AppData\Local\Temp\ccIunU2b.s:6568   .debug_str:000009b3 .LASF14
C:\Users\Andrea\AppData\Local\Temp\ccIunU2b.s:6032   .debug_str:00000193 .LASF15
C:\Users\Andrea\AppData\Local\Temp\ccIunU2b.s:6104   .debug_str:0000028c .LASF16
C:\Users\Andrea\AppData\Local\Temp\ccIunU2b.s:6378   .debug_str:000006cb .LASF17
C:\Users\Andrea\AppData\Local\Temp\ccIunU2b.s:5930   .debug_str:0000000d .LASF18
C:\Users\Andrea\AppData\Local\Temp\ccIunU2b.s:6272   .debug_str:000004e7 .LASF19
C:\Users\Andrea\AppData\Local\Temp\ccIunU2b.s:6552   .debug_str:0000095c .LASF20
C:\Users\Andrea\AppData\Local\Temp\ccIunU2b.s:6200   .debug_str:000003d9 .LASF21
C:\Users\Andrea\AppData\Local\Temp\ccIunU2b.s:6150   .debug_str:0000032b .LASF22
C:\Users\Andrea\AppData\Local\Temp\ccIunU2b.s:6080   .debug_str:00000236 .LASF82
C:\Users\Andrea\AppData\Local\Temp\ccIunU2b.s:5994   .debug_str:0000010f .LASF23
C:\Users\Andrea\AppData\Local\Temp\ccIunU2b.s:5996   .debug_str:00000115 .LASF24
C:\Users\Andrea\AppData\Local\Temp\ccIunU2b.s:5998   .debug_str:0000011b .LASF25
C:\Users\Andrea\AppData\Local\Temp\ccIunU2b.s:6290   .debug_str:0000052a .LASF26
C:\Users\Andrea\AppData\Local\Temp\ccIunU2b.s:6338   .debug_str:000005e5 .LASF27
C:\Users\Andrea\AppData\Local\Temp\ccIunU2b.s:6140   .debug_str:0000030a .LASF28
C:\Users\Andrea\AppData\Local\Temp\ccIunU2b.s:6004   .debug_str:0000012f .LASF29
C:\Users\Andrea\AppData\Local\Temp\ccIunU2b.s:5960   .debug_str:00000081 .LASF30
C:\Users\Andrea\AppData\Local\Temp\ccIunU2b.s:6316   .debug_str:00000586 .LASF31
C:\Users\Andrea\AppData\Local\Temp\ccIunU2b.s:6074   .debug_str:00000223 .LASF32
C:\Users\Andrea\AppData\Local\Temp\ccIunU2b.s:6072   .debug_str:0000021e .LASF33
C:\Users\Andrea\AppData\Local\Temp\ccIunU2b.s:6070   .debug_str:00000219 .LASF34
C:\Users\Andrea\AppData\Local\Temp\ccIunU2b.s:6138   .debug_str:00000305 .LASF35
C:\Users\Andrea\AppData\Local\Temp\ccIunU2b.s:6066   .debug_str:0000020e .LASF36
C:\Users\Andrea\AppData\Local\Temp\ccIunU2b.s:6064   .debug_str:00000209 .LASF37
C:\Users\Andrea\AppData\Local\Temp\ccIunU2b.s:6062   .debug_str:00000204 .LASF38
C:\Users\Andrea\AppData\Local\Temp\ccIunU2b.s:6060   .debug_str:000001ff .LASF39
C:\Users\Andrea\AppData\Local\Temp\ccIunU2b.s:6352   .debug_str:0000066b .LASF40
C:\Users\Andrea\AppData\Local\Temp\ccIunU2b.s:6268   .debug_str:000004db .LASF41
C:\Users\Andrea\AppData\Local\Temp\ccIunU2b.s:6294   .debug_str:00000536 .LASF42
C:\Users\Andrea\AppData\Local\Temp\ccIunU2b.s:6012   .debug_str:0000014b .LASF43
C:\Users\Andrea\AppData\Local\Temp\ccIunU2b.s:5972   .debug_str:000000bc .LASF44
C:\Users\Andrea\AppData\Local\Temp\ccIunU2b.s:6192   .debug_str:000003be .LASF45
C:\Users\Andrea\AppData\Local\Temp\ccIunU2b.s:6190   .debug_str:000003b7 .LASF46
C:\Users\Andrea\AppData\Local\Temp\ccIunU2b.s:6188   .debug_str:000003b0 .LASF47
C:\Users\Andrea\AppData\Local\Temp\ccIunU2b.s:6186   .debug_str:000003a9 .LASF48
C:\Users\Andrea\AppData\Local\Temp\ccIunU2b.s:6184   .debug_str:000003a2 .LASF49
C:\Users\Andrea\AppData\Local\Temp\ccIunU2b.s:6182   .debug_str:0000039b .LASF50
C:\Users\Andrea\AppData\Local\Temp\ccIunU2b.s:6180   .debug_str:00000394 .LASF51
C:\Users\Andrea\AppData\Local\Temp\ccIunU2b.s:6178   .debug_str:0000038d .LASF52
C:\Users\Andrea\AppData\Local\Temp\ccIunU2b.s:6216   .debug_str:00000413 .LASF53
C:\Users\Andrea\AppData\Local\Temp\ccIunU2b.s:6438   .debug_str:000007a9 .LASF54
C:\Users\Andrea\AppData\Local\Temp\ccIunU2b.s:6434   .debug_str:0000079a .LASF55
C:\Users\Andrea\AppData\Local\Temp\ccIunU2b.s:6212   .debug_str:00000405 .LASF56
C:\Users\Andrea\AppData\Local\Temp\ccIunU2b.s:6210   .debug_str:000003fc .LASF57
C:\Users\Andrea\AppData\Local\Temp\ccIunU2b.s:6426   .debug_str:0000077d .LASF58
C:\Users\Andrea\AppData\Local\Temp\ccIunU2b.s:6208   .debug_str:000003f3 .LASF59
C:\Users\Andrea\AppData\Local\Temp\ccIunU2b.s:6424   .debug_str:00000774 .LASF60
C:\Users\Andrea\AppData\Local\Temp\ccIunU2b.s:6332   .debug_str:000005d0 .LASF61
C:\Users\Andrea\AppData\Local\Temp\ccIunU2b.s:6406   .debug_str:00000732 .LASF62
C:\Users\Andrea\AppData\Local\Temp\ccIunU2b.s:6232   .debug_str:0000044a .LASF63
C:\Users\Andrea\AppData\Local\Temp\ccIunU2b.s:6164   .debug_str:0000035c .LASF64
C:\Users\Andrea\AppData\Local\Temp\ccIunU2b.s:6024   .debug_str:0000017c .LASF65
C:\Users\Andrea\AppData\Local\Temp\ccIunU2b.s:6390   .debug_str:000006f8 .LASF66
C:\Users\Andrea\AppData\Local\Temp\ccIunU2b.s:6042   .debug_str:000001b7 .LASF67
C:\Users\Andrea\AppData\Local\Temp\ccIunU2b.s:6462   .debug_str:0000080a .LASF68
C:\Users\Andrea\AppData\Local\Temp\ccIunU2b.s:6270   .debug_str:000004e0 .LASF69
C:\Users\Andrea\AppData\Local\Temp\ccIunU2b.s:6460   .debug_str:00000804 .LASF70
C:\Users\Andrea\AppData\Local\Temp\ccIunU2b.s:6078   .debug_str:00000230 .LASF71
C:\Users\Andrea\AppData\Local\Temp\ccIunU2b.s:6432   .debug_str:00000794 .LASF72
C:\Users\Andrea\AppData\Local\Temp\ccIunU2b.s:6396   .debug_str:0000070c .LASF73
C:\Users\Andrea\AppData\Local\Temp\ccIunU2b.s:6000   .debug_str:00000121 .LASF74
C:\Users\Andrea\AppData\Local\Temp\ccIunU2b.s:6098   .debug_str:00000274 .LASF75
C:\Users\Andrea\AppData\Local\Temp\ccIunU2b.s:6328   .debug_str:000005be .LASF76
C:\Users\Andrea\AppData\Local\Temp\ccIunU2b.s:6252   .debug_str:00000498 .LASF77
C:\Users\Andrea\AppData\Local\Temp\ccIunU2b.s:6580   .debug_str:000009ea .LASF78
C:\Users\Andrea\AppData\Local\Temp\ccIunU2b.s:6114   .debug_str:000002b5 .LASF79
C:\Users\Andrea\AppData\Local\Temp\ccIunU2b.s:6016   .debug_str:00000164 .LASF80
C:\Users\Andrea\AppData\Local\Temp\ccIunU2b.s:6412   .debug_str:0000074a .LASF81
C:\Users\Andrea\AppData\Local\Temp\ccIunU2b.s:6440   .debug_str:000007b2 .LASF83
C:\Users\Andrea\AppData\Local\Temp\ccIunU2b.s:6538   .debug_str:00000921 .LASF84
C:\Users\Andrea\AppData\Local\Temp\ccIunU2b.s:5974   .debug_str:000000c2 .LASF85
C:\Users\Andrea\AppData\Local\Temp\ccIunU2b.s:6276   .debug_str:000004f9 .LASF86
C:\Users\Andrea\AppData\Local\Temp\ccIunU2b.s:6278   .debug_str:00000500 .LASF87
C:\Users\Andrea\AppData\Local\Temp\ccIunU2b.s:6280   .debug_str:00000507 .LASF88
C:\Users\Andrea\AppData\Local\Temp\ccIunU2b.s:6282   .debug_str:0000050e .LASF89
C:\Users\Andrea\AppData\Local\Temp\ccIunU2b.s:6228   .debug_str:0000043c .LASF90
C:\Users\Andrea\AppData\Local\Temp\ccIunU2b.s:6476   .debug_str:0000083e .LASF91
C:\Users\Andrea\AppData\Local\Temp\ccIunU2b.s:5970   .debug_str:000000b3 .LASF92
C:\Users\Andrea\AppData\Local\Temp\ccIunU2b.s:6478   .debug_str:00000843 .LASF93
C:\Users\Andrea\AppData\Local\Temp\ccIunU2b.s:6556   .debug_str:00000987 .LASF94
C:\Users\Andrea\AppData\Local\Temp\ccIunU2b.s:6480   .debug_str:00000848 .LASF95
C:\Users\Andrea\AppData\Local\Temp\ccIunU2b.s:6448   .debug_str:000007da .LASF96
C:\Users\Andrea\AppData\Local\Temp\ccIunU2b.s:6436   .debug_str:000007a3 .LASF97
C:\Users\Andrea\AppData\Local\Temp\ccIunU2b.s:6340   .debug_str:000005eb .LASF98
C:\Users\Andrea\AppData\Local\Temp\ccIunU2b.s:6482   .debug_str:0000084d .LASF99
C:\Users\Andrea\AppData\Local\Temp\ccIunU2b.s:6112   .debug_str:000002ad .LASF100
C:\Users\Andrea\AppData\Local\Temp\ccIunU2b.s:6484   .debug_str:00000852 .LASF101
C:\Users\Andrea\AppData\Local\Temp\ccIunU2b.s:6108   .debug_str:0000029c .LASF102
C:\Users\Andrea\AppData\Local\Temp\ccIunU2b.s:6176   .debug_str:00000388 .LASF103
C:\Users\Andrea\AppData\Local\Temp\ccIunU2b.s:6308   .debug_str:00000569 .LASF104
C:\Users\Andrea\AppData\Local\Temp\ccIunU2b.s:6246   .debug_str:00000483 .LASF105
C:\Users\Andrea\AppData\Local\Temp\ccIunU2b.s:6392   .debug_str:000006fe .LASF106
C:\Users\Andrea\AppData\Local\Temp\ccIunU2b.s:6142   .debug_str:00000311 .LASF107
C:\Users\Andrea\AppData\Local\Temp\ccIunU2b.s:6450   .debug_str:000007e0 .LASF108
C:\Users\Andrea\AppData\Local\Temp\ccIunU2b.s:6464   .debug_str:00000811 .LASF109
C:\Users\Andrea\AppData\Local\Temp\ccIunU2b.s:6030   .debug_str:0000018e .LASF110
C:\Users\Andrea\AppData\Local\Temp\ccIunU2b.s:6370   .debug_str:000006af .LASF111
C:\Users\Andrea\AppData\Local\Temp\ccIunU2b.s:6368   .debug_str:000006a7 .LASF112
C:\Users\Andrea\AppData\Local\Temp\ccIunU2b.s:6504   .debug_str:00000894 .LASF113
C:\Users\Andrea\AppData\Local\Temp\ccIunU2b.s:6364   .debug_str:00000699 .LASF114
C:\Users\Andrea\AppData\Local\Temp\ccIunU2b.s:6318   .debug_str:0000058b .LASF115
C:\Users\Andrea\AppData\Local\Temp\ccIunU2b.s:6314   .debug_str:0000057e .LASF116
C:\Users\Andrea\AppData\Local\Temp\ccIunU2b.s:6312   .debug_str:00000576 .LASF117
C:\Users\Andrea\AppData\Local\Temp\ccIunU2b.s:6310   .debug_str:0000056e .LASF118
C:\Users\Andrea\AppData\Local\Temp\ccIunU2b.s:6410   .debug_str:00000743 .LASF119
C:\Users\Andrea\AppData\Local\Temp\ccIunU2b.s:6134   .debug_str:000002f6 .LASF120
C:\Users\Andrea\AppData\Local\Temp\ccIunU2b.s:6266   .debug_str:000004d4 .LASF121
C:\Users\Andrea\AppData\Local\Temp\ccIunU2b.s:6560   .debug_str:00000998 .LASF122
C:\Users\Andrea\AppData\Local\Temp\ccIunU2b.s:5982   .debug_str:000000e0 .LASF123
C:\Users\Andrea\AppData\Local\Temp\ccIunU2b.s:5980   .debug_str:000000d8 .LASF124
C:\Users\Andrea\AppData\Local\Temp\ccIunU2b.s:5948   .debug_str:00000053 .LASF125
C:\Users\Andrea\AppData\Local\Temp\ccIunU2b.s:5946   .debug_str:0000004b .LASF126
C:\Users\Andrea\AppData\Local\Temp\ccIunU2b.s:6132   .debug_str:000002ee .LASF127
C:\Users\Andrea\AppData\Local\Temp\ccIunU2b.s:5940   .debug_str:00000031 .LASF128
C:\Users\Andrea\AppData\Local\Temp\ccIunU2b.s:6582   .debug_str:000009f1 .LASF129
C:\Users\Andrea\AppData\Local\Temp\ccIunU2b.s:6574   .debug_str:000009d2 .LASF130
C:\Users\Andrea\AppData\Local\Temp\ccIunU2b.s:6456   .debug_str:000007f4 .LASF131
C:\Users\Andrea\AppData\Local\Temp\ccIunU2b.s:6454   .debug_str:000007ed .LASF132
C:\Users\Andrea\AppData\Local\Temp\ccIunU2b.s:6096   .debug_str:0000026d .LASF133
C:\Users\Andrea\AppData\Local\Temp\ccIunU2b.s:6362   .debug_str:00000692 .LASF134
C:\Users\Andrea\AppData\Local\Temp\ccIunU2b.s:6236   .debug_str:00000459 .LASF135
C:\Users\Andrea\AppData\Local\Temp\ccIunU2b.s:6234   .debug_str:00000451 .LASF136
C:\Users\Andrea\AppData\Local\Temp\ccIunU2b.s:6174   .debug_str:00000380 .LASF137
C:\Users\Andrea\AppData\Local\Temp\ccIunU2b.s:6502   .debug_str:0000088d .LASF138
C:\Users\Andrea\AppData\Local\Temp\ccIunU2b.s:5986   .debug_str:000000f2 .LASF139
C:\Users\Andrea\AppData\Local\Temp\ccIunU2b.s:6120   .debug_str:000002c8 .LASF140
C:\Users\Andrea\AppData\Local\Temp\ccIunU2b.s:6124   .debug_str:000002d4 .LASF141
C:\Users\Andrea\AppData\Local\Temp\ccIunU2b.s:6204   .debug_str:000003e7 .LASF142
C:\Users\Andrea\AppData\Local\Temp\ccIunU2b.s:6222   .debug_str:00000429 .LASF143
C:\Users\Andrea\AppData\Local\Temp\ccIunU2b.s:6384   .debug_str:000006e1 .LASF144
C:\Users\Andrea\AppData\Local\Temp\ccIunU2b.s:6262   .debug_str:000004c7 .LASF145
C:\Users\Andrea\AppData\Local\Temp\ccIunU2b.s:6058   .debug_str:000001f9 .LASF146
C:\Users\Andrea\AppData\Local\Temp\ccIunU2b.s:6002   .debug_str:00000129 .LASF147
C:\Users\Andrea\AppData\Local\Temp\ccIunU2b.s:6198   .debug_str:000003d3 .LASF148
C:\Users\Andrea\AppData\Local\Temp\ccIunU2b.s:6162   .debug_str:00000355 .LASF149
C:\Users\Andrea\AppData\Local\Temp\ccIunU2b.s:5934   .debug_str:0000001f .LASF150
C:\Users\Andrea\AppData\Local\Temp\ccIunU2b.s:6420   .debug_str:00000768 .LASF151
C:\Users\Andrea\AppData\Local\Temp\ccIunU2b.s:6026   .debug_str:00000182 .LASF152
C:\Users\Andrea\AppData\Local\Temp\ccIunU2b.s:6382   .debug_str:000006da .LASF153
C:\Users\Andrea\AppData\Local\Temp\ccIunU2b.s:6028   .debug_str:00000188 .LASF154
C:\Users\Andrea\AppData\Local\Temp\ccIunU2b.s:6520   .debug_str:000008ec .LASF155
C:\Users\Andrea\AppData\Local\Temp\ccIunU2b.s:6152   .debug_str:00000331 .LASF156
C:\Users\Andrea\AppData\Local\Temp\ccIunU2b.s:6052   .debug_str:000001e0 .LASF157
C:\Users\Andrea\AppData\Local\Temp\ccIunU2b.s:6474   .debug_str:00000835 .LASF158
C:\Users\Andrea\AppData\Local\Temp\ccIunU2b.s:6264   .debug_str:000004cf .LASF159
C:\Users\Andrea\AppData\Local\Temp\ccIunU2b.s:6572   .debug_str:000009cd .LASF160
C:\Users\Andrea\AppData\Local\Temp\ccIunU2b.s:6086   .debug_str:0000024d .LASF161
C:\Users\Andrea\AppData\Local\Temp\ccIunU2b.s:6034   .debug_str:0000019b .LASF162
C:\Users\Andrea\AppData\Local\Temp\ccIunU2b.s:6304   .debug_str:0000055c .LASF163
C:\Users\Andrea\AppData\Local\Temp\ccIunU2b.s:6214   .debug_str:0000040e .LASF164
C:\Users\Andrea\AppData\Local\Temp\ccIunU2b.s:6348   .debug_str:0000065e .LASF165
C:\Users\Andrea\AppData\Local\Temp\ccIunU2b.s:6160   .debug_str:0000034e .LASF166
C:\Users\Andrea\AppData\Local\Temp\ccIunU2b.s:6506   .debug_str:0000089c .LASF167
C:\Users\Andrea\AppData\Local\Temp\ccIunU2b.s:6242   .debug_str:00000471 .LASF168
C:\Users\Andrea\AppData\Local\Temp\ccIunU2b.s:6116   .debug_str:000002bb .LASF169
C:\Users\Andrea\AppData\Local\Temp\ccIunU2b.s:5958   .debug_str:00000079 .LASF170
C:\Users\Andrea\AppData\Local\Temp\ccIunU2b.s:6274   .debug_str:000004ee .LASF171
C:\Users\Andrea\AppData\Local\Temp\ccIunU2b.s:5932   .debug_str:00000014 .LASF172
C:\Users\Andrea\AppData\Local\Temp\ccIunU2b.s:6558   .debug_str:00000990 .LASF173
C:\Users\Andrea\AppData\Local\Temp\ccIunU2b.s:6220   .debug_str:00000421 .LASF174
C:\Users\Andrea\AppData\Local\Temp\ccIunU2b.s:6422   .debug_str:0000076e .LASF175
C:\Users\Andrea\AppData\Local\Temp\ccIunU2b.s:6400   .debug_str:0000071e .LASF176
C:\Users\Andrea\AppData\Local\Temp\ccIunU2b.s:6218   .debug_str:0000041c .LASF177
C:\Users\Andrea\AppData\Local\Temp\ccIunU2b.s:6508   .debug_str:000008a7 .LASF178
C:\Users\Andrea\AppData\Local\Temp\ccIunU2b.s:6428   .debug_str:00000786 .LASF179
C:\Users\Andrea\AppData\Local\Temp\ccIunU2b.s:6196   .debug_str:000003cc .LASF180
C:\Users\Andrea\AppData\Local\Temp\ccIunU2b.s:6286   .debug_str:0000051a .LASF181
C:\Users\Andrea\AppData\Local\Temp\ccIunU2b.s:6170   .debug_str:00000372 .LASF182
C:\Users\Andrea\AppData\Local\Temp\ccIunU2b.s:6128   .debug_str:000002e0 .LASF183
C:\Users\Andrea\AppData\Local\Temp\ccIunU2b.s:6088   .debug_str:00000252 .LASF184
C:\Users\Andrea\AppData\Local\Temp\ccIunU2b.s:6036   .debug_str:000001a1 .LASF185
C:\Users\Andrea\AppData\Local\Temp\ccIunU2b.s:5992   .debug_str:00000108 .LASF186
C:\Users\Andrea\AppData\Local\Temp\ccIunU2b.s:6306   .debug_str:00000562 .LASF187
C:\Users\Andrea\AppData\Local\Temp\ccIunU2b.s:6584   .debug_str:000009f9 .LASF188
C:\Users\Andrea\AppData\Local\Temp\ccIunU2b.s:6546   .debug_str:0000093b .LASF189
C:\Users\Andrea\AppData\Local\Temp\ccIunU2b.s:6106   .debug_str:00000294 .LASF190
C:\Users\Andrea\AppData\Local\Temp\ccIunU2b.s:6372   .debug_str:000006b7 .LASF191
C:\Users\Andrea\AppData\Local\Temp\ccIunU2b.s:6374   .debug_str:000006bf .LASF192
C:\Users\Andrea\AppData\Local\Temp\ccIunU2b.s:5966   .debug_str:0000009b .LASF193
C:\Users\Andrea\AppData\Local\Temp\ccIunU2b.s:6082   .debug_str:0000023d .LASF194
C:\Users\Andrea\AppData\Local\Temp\ccIunU2b.s:6166   .debug_str:00000362 .LASF195
C:\Users\Andrea\AppData\Local\Temp\ccIunU2b.s:6576   .debug_str:000009da .LASF196
C:\Users\Andrea\AppData\Local\Temp\ccIunU2b.s:6172   .debug_str:00000379 .LASF197
C:\Users\Andrea\AppData\Local\Temp\ccIunU2b.s:6130   .debug_str:000002e7 .LASF198
C:\Users\Andrea\AppData\Local\Temp\ccIunU2b.s:6090   .debug_str:00000259 .LASF199
C:\Users\Andrea\AppData\Local\Temp\ccIunU2b.s:6038   .debug_str:000001a8 .LASF200
C:\Users\Andrea\AppData\Local\Temp\ccIunU2b.s:6154   .debug_str:00000336 .LASF201
C:\Users\Andrea\AppData\Local\Temp\ccIunU2b.s:5950   .debug_str:0000005b .LASF202
C:\Users\Andrea\AppData\Local\Temp\ccIunU2b.s:6586   .debug_str:00000a00 .LASF203
C:\Users\Andrea\AppData\Local\Temp\ccIunU2b.s:6548   .debug_str:00000942 .LASF204
C:\Users\Andrea\AppData\Local\Temp\ccIunU2b.s:6472   .debug_str:0000082c .LASF205
C:\Users\Andrea\AppData\Local\Temp\ccIunU2b.s:6050   .debug_str:000001d7 .LASF206
C:\Users\Andrea\AppData\Local\Temp\ccIunU2b.s:6376   .debug_str:000006c5 .LASF207
C:\Users\Andrea\AppData\Local\Temp\ccIunU2b.s:5926   .debug_str:00000000 .LASF208
C:\Users\Andrea\AppData\Local\Temp\ccIunU2b.s:6084   .debug_str:00000245 .LASF209
C:\Users\Andrea\AppData\Local\Temp\ccIunU2b.s:6168   .debug_str:0000036a .LASF210
C:\Users\Andrea\AppData\Local\Temp\ccIunU2b.s:6578   .debug_str:000009e2 .LASF211
C:\Users\Andrea\AppData\Local\Temp\ccIunU2b.s:6148   .debug_str:00000323 .LASF212
C:\Users\Andrea\AppData\Local\Temp\ccIunU2b.s:6452   .debug_str:000007e5 .LASF213
C:\Users\Andrea\AppData\Local\Temp\ccIunU2b.s:6418   .debug_str:00000760 .LASF214
C:\Users\Andrea\AppData\Local\Temp\ccIunU2b.s:6590   .debug_str:00000a0f .LASF215
C:\Users\Andrea\AppData\Local\Temp\ccIunU2b.s:6326   .debug_str:000005b6 .LASF216
C:\Users\Andrea\AppData\Local\Temp\ccIunU2b.s:6048   .debug_str:000001cf .LASF217
C:\Users\Andrea\AppData\Local\Temp\ccIunU2b.s:6466   .debug_str:00000816 .LASF218
C:\Users\Andrea\AppData\Local\Temp\ccIunU2b.s:6202   .debug_str:000003df .LASF219
C:\Users\Andrea\AppData\Local\Temp\ccIunU2b.s:6296   .debug_str:0000053b .LASF220
C:\Users\Andrea\AppData\Local\Temp\ccIunU2b.s:6564   .debug_str:000009a3 .LASF221
C:\Users\Andrea\AppData\Local\Temp\ccIunU2b.s:6260   .debug_str:000004c0 .LASF222
C:\Users\Andrea\AppData\Local\Temp\ccIunU2b.s:5990   .debug_str:00000100 .LASF223
C:\Users\Andrea\AppData\Local\Temp\ccIunU2b.s:6404   .debug_str:0000072a .LASF224
C:\Users\Andrea\AppData\Local\Temp\ccIunU2b.s:6536   .debug_str:00000919 .LASF225
C:\Users\Andrea\AppData\Local\Temp\ccIunU2b.s:6430   .debug_str:0000078c .LASF226
C:\Users\Andrea\AppData\Local\Temp\ccIunU2b.s:6240   .debug_str:0000046a .LASF227
C:\Users\Andrea\AppData\Local\Temp\ccIunU2b.s:6350   .debug_str:00000664 .LASF228
C:\Users\Andrea\AppData\Local\Temp\ccIunU2b.s:6244   .debug_str:0000047c .LASF229
C:\Users\Andrea\AppData\Local\Temp\ccIunU2b.s:5928   .debug_str:00000008 .LASF230
C:\Users\Andrea\AppData\Local\Temp\ccIunU2b.s:6094   .debug_str:00000268 .LASF231
C:\Users\Andrea\AppData\Local\Temp\ccIunU2b.s:6068   .debug_str:00000213 .LASF232
C:\Users\Andrea\AppData\Local\Temp\ccIunU2b.s:5952   .debug_str:00000062 .LASF233
C:\Users\Andrea\AppData\Local\Temp\ccIunU2b.s:6010   .debug_str:00000145 .LASF234
C:\Users\Andrea\AppData\Local\Temp\ccIunU2b.s:6158   .debug_str:00000347 .LASF235
C:\Users\Andrea\AppData\Local\Temp\ccIunU2b.s:6356   .debug_str:00000678 .LASF236
C:\Users\Andrea\AppData\Local\Temp\ccIunU2b.s:6206   .debug_str:000003ed .LASF237
C:\Users\Andrea\AppData\Local\Temp\ccIunU2b.s:6146   .debug_str:0000031d .LASF238
C:\Users\Andrea\AppData\Local\Temp\ccIunU2b.s:6006   .debug_str:00000136 .LASF239
C:\Users\Andrea\AppData\Local\Temp\ccIunU2b.s:5944   .debug_str:00000040 .LASF240
C:\Users\Andrea\AppData\Local\Temp\ccIunU2b.s:6156   .debug_str:0000033d .LASF241
C:\Users\Andrea\AppData\Local\Temp\ccIunU2b.s:6330   .debug_str:000005c5 .LASF242
C:\Users\Andrea\AppData\Local\Temp\ccIunU2b.s:6542   .debug_str:0000092d .LASF243
C:\Users\Andrea\AppData\Local\Temp\ccIunU2b.s:6136   .debug_str:000002fd .LASF244
C:\Users\Andrea\AppData\Local\Temp\ccIunU2b.s:6360   .debug_str:0000068b .LASF245
C:\Users\Andrea\AppData\Local\Temp\ccIunU2b.s:6354   .debug_str:00000671 .LASF246
C:\Users\Andrea\AppData\Local\Temp\ccIunU2b.s:5984   .debug_str:000000e8 .LASF247
C:\Users\Andrea\AppData\Local\Temp\ccIunU2b.s:6380   .debug_str:000006d1 .LASF248
C:\Users\Andrea\AppData\Local\Temp\ccIunU2b.s:6256   .debug_str:000004b1 .LASF249
C:\Users\Andrea\AppData\Local\Temp\ccIunU2b.s:6510   .debug_str:000008ac .LASF250
C:\Users\Andrea\AppData\Local\Temp\ccIunU2b.s:5942   .debug_str:00000039 .LASF251
C:\Users\Andrea\AppData\Local\Temp\ccIunU2b.s:5938   .debug_str:0000002a .LASF252
C:\Users\Andrea\AppData\Local\Temp\ccIunU2b.s:6358   .debug_str:00000681 .LASF253
C:\Users\Andrea\AppData\Local\Temp\ccIunU2b.s:6056   .debug_str:000001f0 .LASF254
C:\Users\Andrea\AppData\Local\Temp\ccIunU2b.s:6446   .debug_str:000007d0 .LASF255
C:\Users\Andrea\AppData\Local\Temp\ccIunU2b.s:6230   .debug_str:00000442 .LASF256
C:\Users\Andrea\AppData\Local\Temp\ccIunU2b.s:6398   .debug_str:00000714 .LASF257
C:\Users\Andrea\AppData\Local\Temp\ccIunU2b.s:6194   .debug_str:000003c5 .LASF258
C:\Users\Andrea\AppData\Local\Temp\ccIunU2b.s:6258   .debug_str:000004bb .LASF259
C:\Users\Andrea\AppData\Local\Temp\ccIunU2b.s:6334   .debug_str:000005d7 .LASF260
C:\Users\Andrea\AppData\Local\Temp\ccIunU2b.s:6336   .debug_str:000005de .LASF261
C:\Users\Andrea\AppData\Local\Temp\ccIunU2b.s:6366   .debug_str:000006a1 .LASF262
C:\Users\Andrea\AppData\Local\Temp\ccIunU2b.s:6298   .debug_str:00000544 .LASF263
C:\Users\Andrea\AppData\Local\Temp\ccIunU2b.s:6300   .debug_str:0000054c .LASF264
C:\Users\Andrea\AppData\Local\Temp\ccIunU2b.s:6302   .debug_str:00000554 .LASF265
C:\Users\Andrea\AppData\Local\Temp\ccIunU2b.s:6540   .debug_str:00000927 .LASF266
C:\Users\Andrea\AppData\Local\Temp\ccIunU2b.s:6388   .debug_str:000006f1 .LASF267
C:\Users\Andrea\AppData\Local\Temp\ccIunU2b.s:6292   .debug_str:00000530 .LASF268
C:\Users\Andrea\AppData\Local\Temp\ccIunU2b.s:6126   .debug_str:000002d9 .LASF269
C:\Users\Andrea\AppData\Local\Temp\ccIunU2b.s:6498   .debug_str:0000087e .LASF270
C:\Users\Andrea\AppData\Local\Temp\ccIunU2b.s:6288   .debug_str:00000523 .LASF271
C:\Users\Andrea\AppData\Local\Temp\ccIunU2b.s:6022   .debug_str:00000175 .LASF272
C:\Users\Andrea\AppData\Local\Temp\ccIunU2b.s:6226   .debug_str:00000435 .LASF273
C:\Users\Andrea\AppData\Local\Temp\ccIunU2b.s:6054   .debug_str:000001e8 .LASF274
C:\Users\Andrea\AppData\Local\Temp\ccIunU2b.s:5978   .debug_str:000000d1 .LASF275
C:\Users\Andrea\AppData\Local\Temp\ccIunU2b.s:6414   .debug_str:00000753 .LASF276
C:\Users\Andrea\AppData\Local\Temp\ccIunU2b.s:6122   .debug_str:000002cd .LASF277
C:\Users\Andrea\AppData\Local\Temp\ccIunU2b.s:6144   .debug_str:00000316 .LASF278
C:\Users\Andrea\AppData\Local\Temp\ccIunU2b.s:6344   .debug_str:0000064f .LASF279
C:\Users\Andrea\AppData\Local\Temp\ccIunU2b.s:5976   .debug_str:000000c9 .LASF280
C:\Users\Andrea\AppData\Local\Temp\ccIunU2b.s:6238   .debug_str:00000461 .LASF281
C:\Users\Andrea\AppData\Local\Temp\ccIunU2b.s:6324   .debug_str:000005ad .LASF282
C:\Users\Andrea\AppData\Local\Temp\ccIunU2b.s:6322   .debug_str:000005a5 .LASF283
C:\Users\Andrea\AppData\Local\Temp\ccIunU2b.s:6516   .debug_str:000008c4 .LASF284
C:\Users\Andrea\AppData\Local\Temp\ccIunU2b.s:6408   .debug_str:00000739 .LASF285
C:\Users\Andrea\AppData\Local\Temp\ccIunU2b.s:6598   .debug_str:00000a2a .LASF286
C:\Users\Andrea\AppData\Local\Temp\ccIunU2b.s:6224   .debug_str:00000430 .LASF287
C:\Users\Andrea\AppData\Local\Temp\ccIunU2b.s:6250   .debug_str:00000490 .LASF288
C:\Users\Andrea\AppData\Local\Temp\ccIunU2b.s:6402   .debug_str:00000723 .LASF289
C:\Users\Andrea\AppData\Local\Temp\ccIunU2b.s:5956   .debug_str:00000071 .LASF290
C:\Users\Andrea\AppData\Local\Temp\ccIunU2b.s:5988   .debug_str:000000f9 .LASF291
C:\Users\Andrea\AppData\Local\Temp\ccIunU2b.s:6416   .debug_str:0000075b .LASF292
C:\Users\Andrea\AppData\Local\Temp\ccIunU2b.s:6486   .debug_str:00000857 .LASF293
C:\Users\Andrea\AppData\Local\Temp\ccIunU2b.s:6470   .debug_str:00000824 .LASF294
C:\Users\Andrea\AppData\Local\Temp\ccIunU2b.s:6488   .debug_str:0000085c .LASF295
C:\Users\Andrea\AppData\Local\Temp\ccIunU2b.s:6512   .debug_str:000008b4 .LASF296
C:\Users\Andrea\AppData\Local\Temp\ccIunU2b.s:6490   .debug_str:00000861 .LASF297
C:\Users\Andrea\AppData\Local\Temp\ccIunU2b.s:6514   .debug_str:000008bc .LASF298
C:\Users\Andrea\AppData\Local\Temp\ccIunU2b.s:6492   .debug_str:00000866 .LASF299
C:\Users\Andrea\AppData\Local\Temp\ccIunU2b.s:6100   .debug_str:0000027c .LASF300
C:\Users\Andrea\AppData\Local\Temp\ccIunU2b.s:6494   .debug_str:0000086b .LASF301
C:\Users\Andrea\AppData\Local\Temp\ccIunU2b.s:6102   .debug_str:00000284 .LASF302
C:\Users\Andrea\AppData\Local\Temp\ccIunU2b.s:6524   .debug_str:000008fb .LASF303
C:\Users\Andrea\AppData\Local\Temp\ccIunU2b.s:5962   .debug_str:00000089 .LASF304
C:\Users\Andrea\AppData\Local\Temp\ccIunU2b.s:6526   .debug_str:00000900 .LASF305
C:\Users\Andrea\AppData\Local\Temp\ccIunU2b.s:5964   .debug_str:00000092 .LASF306
C:\Users\Andrea\AppData\Local\Temp\ccIunU2b.s:6528   .debug_str:00000905 .LASF307
C:\Users\Andrea\AppData\Local\Temp\ccIunU2b.s:6110   .debug_str:000002a4 .LASF308
C:\Users\Andrea\AppData\Local\Temp\ccIunU2b.s:6594   .debug_str:00000a1c .LASF309
C:\Users\Andrea\AppData\Local\Temp\ccIunU2b.s:6596   .debug_str:00000a23 .LASF310
C:\Users\Andrea\AppData\Local\Temp\ccIunU2b.s:6530   .debug_str:0000090a .LASF311
C:\Users\Andrea\AppData\Local\Temp\ccIunU2b.s:6562   .debug_str:0000099d .LASF312
C:\Users\Andrea\AppData\Local\Temp\ccIunU2b.s:6588   .debug_str:00000a07 .LASF313
C:\Users\Andrea\AppData\Local\Temp\ccIunU2b.s:6532   .debug_str:0000090f .LASF314
C:\Users\Andrea\AppData\Local\Temp\ccIunU2b.s:6040   .debug_str:000001af .LASF315
C:\Users\Andrea\AppData\Local\Temp\ccIunU2b.s:6076   .debug_str:00000228 .LASF316
C:\Users\Andrea\AppData\Local\Temp\ccIunU2b.s:6534   .debug_str:00000914 .LASF317
C:\Users\Andrea\AppData\Local\Temp\ccIunU2b.s:6248   .debug_str:00000488 .LASF318
C:\Users\Andrea\AppData\Local\Temp\ccIunU2b.s:5954   .debug_str:00000069 .LASF319
C:\Users\Andrea\AppData\Local\Temp\ccIunU2b.s:6046   .debug_str:000001ca .LASF320
C:\Users\Andrea\AppData\Local\Temp\ccIunU2b.s:6522   .debug_str:000008f4 .LASF321
C:\Users\Andrea\AppData\Local\Temp\ccIunU2b.s:6346   .debug_str:00000655 .LASF327
C:\Users\Andrea\AppData\Local\Temp\ccIunU2b.s:6044   .debug_str:000001be .LASF322
C:\Users\Andrea\AppData\Local\Temp\ccIunU2b.s:6386   .debug_str:000006e7 .LASF323
C:\Users\Andrea\AppData\Local\Temp\ccIunU2b.s:6394   .debug_str:00000703 .LASF324
C:\Users\Andrea\AppData\Local\Temp\ccIunU2b.s:6468   .debug_str:0000081e .LASF325
C:\Users\Andrea\AppData\Local\Temp\ccIunU2b.s:6566   .debug_str:000009ac .LASF326
C:\Users\Andrea\AppData\Local\Temp\ccIunU2b.s:6518   .debug_str:000008ce .LASF328
C:\Users\Andrea\AppData\Local\Temp\ccIunU2b.s:6254   .debug_str:0000049f .LASF335
C:\Users\Andrea\AppData\Local\Temp\ccIunU2b.s:68     .text.ClockMonitor_Init:00000080 .LFE0
C:\Users\Andrea\AppData\Local\Temp\ccIunU2b.s:6500   .debug_str:00000884 .LASF336
C:\Users\Andrea\AppData\Local\Temp\ccIunU2b.s:6444   .debug_str:000007c6 .LASF331
C:\Users\Andrea\AppData\Local\Temp\ccIunU2b.s:6014   .debug_str:00000150 .LASF329
C:\Users\Andrea\AppData\Local\Temp\ccIunU2b.s:87     .text.Interrupt_CAC_FERRF:00000018 .LFE2
C:\Users\Andrea\AppData\Local\Temp\ccIunU2b.s:6570   .debug_str:000009ba .LASF330
C:\Users\Andrea\AppData\Local\Temp\ccIunU2b.s:106    .text.Interrupt_CAC_OVFF:00000018 .LFE3
C:\Users\Andrea\AppData\Local\Temp\ccIunU2b.s:5968   .debug_str:000000a3 .LASF332
C:\Users\Andrea\AppData\Local\Temp\ccIunU2b.s:161    .debug_info:00000000 .Ldebug_info0

NO UNDEFINED SYMBOLS
