Archive member included because of file (symbol)

C:\Renesas\E2_STU~1\GNURXV~1.01-\rx-ELF/rx-elf/lib/no-fpu-libs/big-endian-data\liboptc.a(ldiv.o)
                              ./Sources/Inertia/General/CstmFuncLib.o (ldiv)
C:\Renesas\E2_STU~1\GNURXV~1.01-\rx-ELF/rx-elf/lib/no-fpu-libs/big-endian-data\liboptc.a(memcmp.o)
                              ./Sources/PlatformLibrary/LIB_Reset/LIB_Reset.o (memcmp)
C:\Renesas\E2_STU~1\GNURXV~1.01-\rx-ELF/lib/gcc/rx-elf//4.7-GNURX_v13.01/no-fpu-libs/big-endian-data\libgcc.a(_ashldi3.o)
                              ./Sources/PlatformLibrary/LIB_Fixed/LIB_Fixed.o (__ashldi3)
C:\Renesas\E2_STU~1\GNURXV~1.01-\rx-ELF/lib/gcc/rx-elf//4.7-GNURX_v13.01/no-fpu-libs/big-endian-data\libgcc.a(_ashrdi3.o)
                              ./Sources/PlatformLibrary/LIB_Fixed/LIB_Fixed.o (__ashrdi3)
C:\Renesas\E2_STU~1\GNURXV~1.01-\rx-ELF/lib/gcc/rx-elf//4.7-GNURX_v13.01/no-fpu-libs/big-endian-data\libgcc.a(_fixunssfsi.o)
                              ./Sources/ProductModules/PM_EnergyMeterSw/PM_EnergyMeterSw.o (__fixunssfsi)
C:\Renesas\E2_STU~1\GNURXV~1.01-\rx-ELF/lib/gcc/rx-elf//4.7-GNURX_v13.01/no-fpu-libs/big-endian-data\libgcc.a(_divdi3.o)
                              ./Sources/PlatformLibrary/LIB_Fixed/LIB_Fixed.o (__divdi3)
C:\Renesas\E2_STU~1\GNURXV~1.01-\rx-ELF/lib/gcc/rx-elf//4.7-GNURX_v13.01/no-fpu-libs/big-endian-data\libgcc.a(_addsub_sf.o)
                              C:\Renesas\E2_STU~1\GNURXV~1.01-\rx-ELF/lib/gcc/rx-elf//4.7-GNURX_v13.01/no-fpu-libs/big-endian-data\libgcc.a(_fixunssfsi.o) (__subsf3)
C:\Renesas\E2_STU~1\GNURXV~1.01-\rx-ELF/lib/gcc/rx-elf//4.7-GNURX_v13.01/no-fpu-libs/big-endian-data\libgcc.a(_div_sf.o)
                              ./Sources/ProductModules/PM_EnergyMeterSw/PM_EnergyMeterSw.o (__divsf3)
C:\Renesas\E2_STU~1\GNURXV~1.01-\rx-ELF/lib/gcc/rx-elf//4.7-GNURX_v13.01/no-fpu-libs/big-endian-data\libgcc.a(_gt_sf.o)
                              ./Sources/Drivers/OCLVD/OCLVD_drv.o (__gtsf2)
C:\Renesas\E2_STU~1\GNURXV~1.01-\rx-ELF/lib/gcc/rx-elf//4.7-GNURX_v13.01/no-fpu-libs/big-endian-data\libgcc.a(_ge_sf.o)
                              ./Sources/PlatformLibrary/LIB_ZeroCrossing/LIB_ZeroCrossing.o (__gesf2)
C:\Renesas\E2_STU~1\GNURXV~1.01-\rx-ELF/lib/gcc/rx-elf//4.7-GNURX_v13.01/no-fpu-libs/big-endian-data\libgcc.a(_le_sf.o)
                              ./Sources/PlatformLibrary/LIB_ZeroCrossing/LIB_ZeroCrossing.o (__lesf2)
C:\Renesas\E2_STU~1\GNURXV~1.01-\rx-ELF/lib/gcc/rx-elf//4.7-GNURX_v13.01/no-fpu-libs/big-endian-data\libgcc.a(_si_to_sf.o)
                              ./Sources/PlatformLibrary/LIB_ZeroCrossing/LIB_ZeroCrossing.o (__floatsisf)
C:\Renesas\E2_STU~1\GNURXV~1.01-\rx-ELF/lib/gcc/rx-elf//4.7-GNURX_v13.01/no-fpu-libs/big-endian-data\libgcc.a(_sf_to_si.o)
                              C:\Renesas\E2_STU~1\GNURXV~1.01-\rx-ELF/lib/gcc/rx-elf//4.7-GNURX_v13.01/no-fpu-libs/big-endian-data\libgcc.a(_fixunssfsi.o) (__fixsfsi)
C:\Renesas\E2_STU~1\GNURXV~1.01-\rx-ELF/lib/gcc/rx-elf//4.7-GNURX_v13.01/no-fpu-libs/big-endian-data\libgcc.a(_thenan_sf.o)
                              C:\Renesas\E2_STU~1\GNURXV~1.01-\rx-ELF/lib/gcc/rx-elf//4.7-GNURX_v13.01/no-fpu-libs/big-endian-data\libgcc.a(_addsub_sf.o) (__thenan_sf)
C:\Renesas\E2_STU~1\GNURXV~1.01-\rx-ELF/lib/gcc/rx-elf//4.7-GNURX_v13.01/no-fpu-libs/big-endian-data\libgcc.a(_usi_to_sf.o)
                              ./Sources/ProductModules/PM_EnergyMeterSw/PM_EnergyMeterSw.o (__floatunsisf)
C:\Renesas\E2_STU~1\GNURXV~1.01-\rx-ELF/lib/gcc/rx-elf//4.7-GNURX_v13.01/no-fpu-libs/big-endian-data\libgcc.a(_clz.o)
                              C:\Renesas\E2_STU~1\GNURXV~1.01-\rx-ELF/lib/gcc/rx-elf//4.7-GNURX_v13.01/no-fpu-libs/big-endian-data\libgcc.a(_divdi3.o) (__clz_tab)
C:\Renesas\E2_STU~1\GNURXV~1.01-\rx-ELF/lib/gcc/rx-elf//4.7-GNURX_v13.01/no-fpu-libs/big-endian-data\libgcc.a(_clzsi2.o)
                              C:\Renesas\E2_STU~1\GNURXV~1.01-\rx-ELF/lib/gcc/rx-elf//4.7-GNURX_v13.01/no-fpu-libs/big-endian-data\libgcc.a(_si_to_sf.o) (__clzsi2)
C:\Renesas\E2_STU~1\GNURXV~1.01-\rx-ELF/lib/gcc/rx-elf//4.7-GNURX_v13.01/no-fpu-libs/big-endian-data\libgcc.a(_pack_sf.o)
                              C:\Renesas\E2_STU~1\GNURXV~1.01-\rx-ELF/lib/gcc/rx-elf//4.7-GNURX_v13.01/no-fpu-libs/big-endian-data\libgcc.a(_addsub_sf.o) (__pack_f)
C:\Renesas\E2_STU~1\GNURXV~1.01-\rx-ELF/lib/gcc/rx-elf//4.7-GNURX_v13.01/no-fpu-libs/big-endian-data\libgcc.a(_unpack_sf.o)
                              C:\Renesas\E2_STU~1\GNURXV~1.01-\rx-ELF/lib/gcc/rx-elf//4.7-GNURX_v13.01/no-fpu-libs/big-endian-data\libgcc.a(_addsub_sf.o) (__unpack_f)
C:\Renesas\E2_STU~1\GNURXV~1.01-\rx-ELF/lib/gcc/rx-elf//4.7-GNURX_v13.01/no-fpu-libs/big-endian-data\libgcc.a(_fpcmp_parts_sf.o)
                              C:\Renesas\E2_STU~1\GNURXV~1.01-\rx-ELF/lib/gcc/rx-elf//4.7-GNURX_v13.01/no-fpu-libs/big-endian-data\libgcc.a(_gt_sf.o) (__fpcmp_parts_f)
[...]
Memory Configuration

Name             Origin             Length             Attributes
RAM              0x00000000         0x00010000
DATA_BCK         0x00100000         0x00000800
DATA_WBOX        0x00100800         0x00000100
DATA_CLONE       0x00101800         0x00000800
ROM_SETTING      0xfffc0000         0x00007000
ROM              0xfffc7000         0x00039000
*default*        0x00000000         0xffffffff

Linker script and memory map

LOAD ./Sources/ProductModules/PM_TurbiditySensor/PM_TurbiditySensor.o
LOAD ./Sources/ProductModules/PM_SwTimersCounters/SwTimersCounters.o
LOAD ./Sources/ProductModules/PM_SWalarms/PM_SWalarms.o
LOAD ./Sources/ProductModules/PM_PulseCounter/PM_PulseCounter.o
LOAD ./Sources/ProductModules/PM_ProfileLoadsPartialization/PM_ProfileLoadsPartialization.o
LOAD ./Sources/ProductModules/PM_PowerProfile/PM_PowerProfile.o
LOAD ./Sources/ProductModules/PM_PowerProfile/PM_PowerProfile_2_0.o
LOAD ./Sources/ProductModules/PM_Library/LIB_UTilities.o
LOAD ./Sources/ProductModules/PM_FreqFeedbacks/PM_FrequencyFeedbacks.o
LOAD ./Sources/ProductModules/PM_EnergyMeterSw/PM_EnergyMeterSw.o
LOAD ./Sources/ProductModules/PM_EnergyMeterSw/PM_EnergyMeterSwTable.o
LOAD ./Sources/ProductModules/PM_DigitalOutputMulti/DigitalOutputMulti.o
LOAD ./Sources/ProductModules/PM_Consistency/PM_Consistency.o
LOAD ./Sources/ProductModules/PM_BusCOMM/BCP_BusCommMng.o
LOAD ./Sources/ProductModules/PM_BusCOMM/BCP_PlatformProtocol.o
LOAD ./Sources/ProductModules/PM_AnalogFeedbacks/PM_AnalogFeedback.o
LOAD ./Sources/ProductModules/PM_Alternato/PM_Alternato.o
LOAD ./Sources/PlatformLibrary/LIB_notify/notify.o
LOAD ./Sources/PlatformLibrary/LIB_ZeroCrossing/LIB_ZeroCrossing.o
LOAD ./Sources/PlatformLibrary/LIB_ZcLoads/ZcLoads.o
LOAD ./Sources/PlatformLibrary/LIB_Setting/LIB_Setting.o
LOAD ./Sources/PlatformLibrary/LIB_SecurityCheck/LIB_ClassBCheck.o
LOAD ./Sources/PlatformLibrary/LIB_SecurityCheck/LIB_ClassBVar.o
LOAD ./Sources/PlatformLibrary/LIB_SecurityCheck/LIB_ClassBVarBck.o
LOAD ./Sources/PlatformLibrary/LIB_SecurityCheck/LIB_ProductSafety.o
LOAD ./Sources/PlatformLibrary/LIB_SecurityCheck/LIB_TaskMonitoring.o
LOAD ./Sources/PlatformLibrary/LIB_Reset/LIB_Reset.o
LOAD ./Sources/PlatformLibrary/LIB_LowPowerMode/LIB_LowPowerMode.o
LOAD ./Sources/PlatformLibrary/LIB_IOManager/ExternalOutputManager.o
LOAD ./Sources/PlatformLibrary/LIB_IOManager/IOSharing.o
LOAD ./Sources/PlatformLibrary/LIB_IOManager/InputManager.o
LOAD ./Sources/PlatformLibrary/LIB_IOManager/LoadsRequest.o
LOAD ./Sources/PlatformLibrary/LIB_IOManager/OutputManager.o
LOAD ./Sources/PlatformLibrary/LIB_GridVoltage/LIB_GridVoltage.o
LOAD ./Sources/PlatformLibrary/LIB_Generic/LIB_Generic.o
LOAD ./Sources/PlatformLibrary/LIB_Generic/LIB_crc.o
LOAD ./Sources/PlatformLibrary/LIB_Fixed/LIB_Fixed.o
LOAD ./Sources/PlatformLibrary/LIB_Feedbacks/Feedbacks.o
LOAD ./Sources/PlatformLibrary/LIB_Error/LIB_Error.o
LOAD ./Sources/PlatformLibrary/LIB_DigitalIO/DigitalInputs.o
LOAD ./Sources/PlatformLibrary/LIB_DigitalIO/DigitalOutputs.o
LOAD ./Sources/PlatformLibrary/LIB_BackUp/LIB_BackUp.o
LOAD ./Sources/PlatformLibrary/LIB_BackUp/LIB_BackUp_low.o
LOAD ./Sources/PlatformLibrary/LIB_Analog/Analog.o
LOAD ./Sources/Main/EmbOS/tools/Tools_Period.o
LOAD ./Sources/Main/EmbOS/tools/Tools_StackUsageMonitor.o
LOAD ./Sources/Main/EmbOS/tools/Tools_TimeTrigger.o
LOAD ./Sources/Main/EmbOS/tools/Tools_TimingMeasure.o
LOAD ./Sources/Main/EmbOS/Services/ActivityList/Main_ActivityList.o
LOAD ./Sources/Main/EmbOS/Backup.o
LOAD ./Sources/Main/EmbOS/Main_AnalogInputs.o
LOAD ./Sources/Main/EmbOS/Main_Application.o
LOAD ./Sources/Main/EmbOS/Main_Backup.o
LOAD ./Sources/Main/EmbOS/Main_Dispatcher.o
LOAD ./Sources/Main/EmbOS/Main_Feedbacks.o
LOAD ./Sources/Main/EmbOS/Main_Init.o
LOAD ./Sources/Main/EmbOS/Main_MeasureLIVE.o
LOAD ./Sources/Main/EmbOS/Main_Outputs.o
LOAD ./Sources/Main/EmbOS/Main_Sequencer.o
LOAD ./Sources/Main/EmbOS/RemoteLoadsControl.o
LOAD ./Sources/Inertia/UserInterface/DW_Regulations.o
LOAD ./Sources/Inertia/Modules/7LiterManager.o
LOAD ./Sources/Inertia/Modules/AlternateControl.o
LOAD ./Sources/Inertia/Modules/Drain.o
LOAD ./Sources/Inertia/Modules/ExecuteAlgorithm.o
LOAD ./Sources/Inertia/Modules/Heat.o
LOAD ./Sources/Inertia/Modules/Load.o
LOAD ./Sources/Inertia/Modules/LoadRestore.o
LOAD ./Sources/Inertia/Modules/LoadsControl.o
LOAD ./Sources/Inertia/Modules/Maintain.o
LOAD ./Sources/Inertia/Modules/PumpControl.o
LOAD ./Sources/Inertia/Modules/Regenerate.o
LOAD ./Sources/Inertia/Modules/SetAlarm.o
LOAD ./Sources/Inertia/Modules/SetProfile.o
LOAD ./Sources/Inertia/Modules/SparklingAid.o
LOAD ./Sources/Inertia/General/APP_callback.o
LOAD ./Sources/Inertia/General/BackupAddress.o
LOAD ./Sources/Inertia/General/CstmFuncLib.o
LOAD ./Sources/Inertia/General/CstmGlobal.o
LOAD ./Sources/Inertia/General/callback.o
LOAD ./Sources/Inertia/Control/DW_Fault.o
LOAD ./Sources/Inertia/Control/DW_Hound.o
LOAD ./Sources/Inertia/Control/DW_Safety.o
LOAD ./Sources/Inertia/Control/DW_Statistics.o
LOAD ./Sources/Inertia/Control/DW_SuperVisor.o
LOAD ./Sources/Inertia/Control/HighLevel_IO_Manager.o
LOAD ./Sources/HAL/RN_RX200/RN_RX200_hal.o
LOAD ./Sources/HAL/RN_RX200/RN_RX200_hal_Flash.o
LOAD ./Sources/HAL/RN_RX200/McuModule/ISR_TMR.o
LOAD ./Sources/HAL/RN_RX200/IEC60335_B_libs/src/Voltage/voltage.o
LOAD ./Sources/HAL/RN_RX200/IEC60335_B_libs/src/Temperature/temperature.o
LOAD ./Sources/HAL/RN_RX200/IEC60335_B_libs/src/ROM/CRC_Verify.o
LOAD ./Sources/HAL/RN_RX200/IEC60335_B_libs/src/ROM/crc.o
LOAD ./Sources/HAL/RN_RX200/IEC60335_B_libs/src/RAM/ramtest_march_HW.o
LOAD ./Sources/HAL/RN_RX200/IEC60335_B_libs/src/RAM/ramtest_march_c.o
LOAD ./Sources/HAL/RN_RX200/IEC60335_B_libs/src/RAM/ramtest_march_x_wom.o
LOAD ./Sources/HAL/RN_RX200/IEC60335_B_libs/src/RAM/ramtest_stack.o
LOAD ./Sources/HAL/RN_RX200/IEC60335_B_libs/src/POE/POE.o
LOAD ./Sources/HAL/RN_RX200/IEC60335_B_libs/src/IWDT/iwdt.o
LOAD ./Sources/HAL/RN_RX200/IEC60335_B_libs/src/IEC60335_RN_adapter.o
LOAD ./Sources/HAL/RN_RX200/IEC60335_B_libs/src/Clock/clock_monitor.o
LOAD ./Sources/HAL/RN_RX200/IEC60335_B_libs/src/CPU/cpu_test.o
LOAD ./Sources/HAL/RN_RX200/IEC60335_B_libs/src/CPU/cpu_test_coupling.o
LOAD ./Sources/HAL/RN_RX200/IEC60335_B_libs/src/ADC12/test_adc12.o
LOAD ./Sources/HAL/RN_RX200/EmbOS/RTOSInit_RX200.o
LOAD ./Sources/HAL/RN_RX200/EmbOS/interrupt_handlers.o
LOAD ./Sources/HAL/RN_RX200/EmbOS/reset_program.o
LOAD ./Sources/HAL/RN_RX200/EmbOS/vector_table.o
LOAD ./Sources/Drivers/SWDMA/SWDMA_drv.o
LOAD ./Sources/Drivers/SWCRC/SWCRC_drv.o
LOAD ./Sources/Drivers/OCWDT/OCWDT_drv.o
LOAD ./Sources/Drivers/OCUART/OCUART_drv.o
LOAD ./Sources/Drivers/OCTPM/OCTPM_drv.o
LOAD ./Sources/Drivers/OCSPI/OCSPI_drv.o
LOAD ./Sources/Drivers/OCRTC/OCRTC_drv.o
LOAD ./Sources/Drivers/OCRST/OCRST_drv.o
LOAD ./Sources/Drivers/OCLVD/OCLVD_drv.o
LOAD ./Sources/Drivers/OCLPM/OCLPM_drv.o
LOAD ./Sources/Drivers/OCIRQ/OCIRQ_drv.o
LOAD ./Sources/Drivers/OCI2C/OCI2C_drv.o
LOAD ./Sources/Drivers/OCFLS/OCFLS_drv.o
LOAD ./Sources/Drivers/OCDMA/OCDMA_drv.o
LOAD ./Sources/Drivers/OCDIO/OCDIO_drv.o
LOAD ./Sources/Drivers/OCCRC/OCCRC_drv.o
LOAD ./Sources/Drivers/OCCLK/OCCLK_drv.o
LOAD ./Sources/Drivers/OCADC/OCADC_drv.o
LOAD ./Sources/CFG_DishWasher/CFG_Inertia/BusCommPltf_cfg.o
LOAD ./Sources/CFG_DishWasher/CFG_Inertia/Config.o
LOAD ./Sources/CFG_DishWasher/CFG_Inertia/Data.o
LOAD ./Sources/CFG_DishWasher/CFG_Inertia/Loads_cfg.o
LOAD ./Sources/CFG_DishWasher/CFG_Inertia/OS_Error.o
LOAD ./Sources/CFG_DishWasher/CFG_Inertia/ProductSafety_Cfg.o
LOAD ./Sources/Application_Platform/APP_ActivateAlgorithm.o
LOAD ./Sources/Application_Platform/APP_Fault.o
LOAD ./Sources/Application_Platform/APP_FuncLib.o
LOAD ./Sources/Application_Platform/APP_Global.o
LOAD ./Sources/Application_Platform/APP_Interpreter.o
LOAD ./Sources/Application_Platform/APP_JumpIf.o
LOAD ./Sources/Application_Platform/APP_Loader.o
LOAD ./Sources/Application_Platform/APP_SetState.o
LOAD ./Sources/Application_Platform/APP_StandBy.o

.backup_stat    0x00100000      0x400
                0x00100000                __backup_stat_start = .
 *(.backup_stat)
 .backup_stat   0x00100000      0x400 ./Sources/CFG_DishWasher/CFG_Inertia/Data.o
                0x00100000                BackupAndStatistics
                0x00100400                __backup_stat_end = .

.wbox           0x00100800      0x100
                0x00100800                __wbox_start = .
 *(.wbox)
 .wbox          0x00100800      0x100 ./Sources/CFG_DishWasher/CFG_Inertia/Data.o
                0x00100800                WBOXData
                0x00100900                __wbox_end = .

.setting        0xfffc0000     0x7000
 *(.setting)
 .setting       0xfffc0000     0x7000 ./Sources/CFG_DishWasher/CFG_Inertia/Data.o
                0xfffc0000                Eeprom

.pdm            0xfffc7000        0xa
                0xfffc7000                __PDM_START__ = .
 *(.pdm)
 .pdm           0xfffc7000        0xa ./Sources/CFG_DishWasher/CFG_Inertia/Data.o
                0xfffc7000                PDMData
                0xfffc700a                __PDM_END__ = .

.ProgramCheckCode
                0xfffc700a        0x2
 *(.ProgramCheckCode)
 .ProgramCheckCode
                0xfffc700a        0x2 ./Sources/Inertia/General/CstmGlobal.o
                0xfffc700a                FlashCheckCode

.rodata         0xfffc7010     0x1724
                0xfffc7010                _FlashCheck1 = .
 *(.rodata)
 *(.rodata.*)
 .rodata.PM_TurbSensCmdToState
                0xfffc7010        0xc ./Sources/ProductModules/PM_TurbiditySensor/PM_TurbiditySensor.o
 .rodata.PM_TurbSensCalibFsmConfig
                0xfffc701c       0x30 ./Sources/ProductModules/PM_TurbiditySensor/PM_TurbiditySensor.o
 .rodata.PM_PowerProfile_ModTab_InOutSizes
                0xfffc704c        0x4 ./Sources/ProductModules/PM_PowerProfile/PM_PowerProfile_2_0.o
 .rodata.CSWTCH.40
                0xfffc7050        0x2 ./Sources/ProductModules/PM_Library/LIB_UTilities.o
 *fill*         0xfffc7052        0x2 
 .rodata.PM_FrequencyFeedbacks_TOnFilter
                0xfffc7054        0x8 ./Sources/ProductModules/PM_FreqFeedbacks/PM_FrequencyFeedbacks.o
 .rodata.PM_FrequencyFeedbacks_PeriodFilter
                0xfffc705c        0x8 ./Sources/ProductModules/PM_FreqFeedbacks/PM_FrequencyFeedbacks.o
 .rodata.PM_Consistency_Manager
                0xfffc7064       0x98 ./Sources/ProductModules/PM_Consistency/PM_Consistency.o
 .rodata.PP_SlaveNotification
                0xfffc70fc       0x1c ./Sources/ProductModules/PM_BusCOMM/BCP_PlatformProtocol.o
 .rodata.ZcHalfPeriodRangeUsec
                0xfffc7118        0xc ./Sources/PlatformLibrary/LIB_ZeroCrossing/LIB_ZeroCrossing.o
 .rodata.CheckTasksMaxTimeout
                0xfffc7124        0x5 ./Sources/PlatformLibrary/LIB_SecurityCheck/LIB_TaskMonitoring.o
 *fill*         0xfffc7129        0x3 
 .rodata.__lib_reset_manager
                0xfffc712c       0x24 ./Sources/PlatformLibrary/LIB_Reset/LIB_Reset.o
 .rodata.KeyInfo
                0xfffc7150       0x24 ./Sources/PlatformLibrary/LIB_Reset/LIB_Reset.o
 .rodata.KeyRomInfo_1
                0xfffc7174       0x5d ./Sources/PlatformLibrary/LIB_Reset/LIB_Reset.o
 .rodata.KeyRomInfo_2
                0xfffc71d1       0x6a ./Sources/PlatformLibrary/LIB_Reset/LIB_Reset.o
 *fill*         0xfffc723b        0x1 
 .rodata.IOM_External_CommandBufferTable
                0xfffc723c        0xc ./Sources/PlatformLibrary/LIB_IOManager/ExternalOutputManager.o
                0xfffc723c                IOM_External_CommandBufferTable
 .rodata.LIB_IOM_InputInitialization
                0xfffc7248       0x38 ./Sources/PlatformLibrary/LIB_IOManager/InputManager.o
 .rodata.LIB_Fixed_Const_MAX
                0xfffc7280        0x4 ./Sources/PlatformLibrary/LIB_Fixed/LIB_Fixed.o
                0xfffc7280                LIB_Fixed_Const_MAX
 .rodata.LIB_Fixed_Const_ONE
                0xfffc7284        0x4 ./Sources/PlatformLibrary/LIB_Fixed/LIB_Fixed.o
                0xfffc7284                LIB_Fixed_Const_ONE
 .rodata.LIB_Fixed_Const_ZERO
                0xfffc7288        0x4 ./Sources/PlatformLibrary/LIB_Fixed/LIB_Fixed.o
                0xfffc7288                LIB_Fixed_Const_ZERO
 .rodata.LIB_Fixed_Const_MIN
                0xfffc728c        0x4 ./Sources/PlatformLibrary/LIB_Fixed/LIB_Fixed.o
                0xfffc728c                LIB_Fixed_Const_MIN
 .rodata.str1.1
                0xfffc7290       0x11 ./Sources/Main/EmbOS/Main_AnalogInputs.o
 .rodata.str1.1
                0xfffc72a1       0x1c ./Sources/Main/EmbOS/Main_Application.o
 .rodata.str1.1
                0xfffc72bd        0xb ./Sources/Main/EmbOS/Main_Backup.o
 .rodata.str1.1
                0xfffc72c8        0xd ./Sources/Main/EmbOS/Main_Feedbacks.o
 .rodata.str1.1
                0xfffc72d5       0x10 ./Sources/Main/EmbOS/Main_Init.o
 .rodata.str1.1
                0xfffc72e5        0xe ./Sources/Main/EmbOS/Main_Sequencer.o
 *fill*         0xfffc72f3        0x1 
 .rodata.ALT_uP_AlternateControl_Exe
                0xfffc72f4       0x1c ./Sources/Inertia/Modules/AlternateControl.o
 .rodata.DRN_uP_Drain_Exe
                0xfffc7310       0x1c ./Sources/Inertia/Modules/Drain.o
 .rodata.AAL_Dirty_Foam_identify
                0xfffc732c       0x1c ./Sources/Inertia/Modules/ExecuteAlgorithm.o
 .rodata.AAL_algList
                0xfffc7348       0x20 ./Sources/Inertia/Modules/ExecuteAlgorithm.o
                0xfffc7348                AAL_algList
 .rodata.SPA_uP_SparklingAid_Exe
                0xfffc7368       0x28 ./Sources/Inertia/Modules/SparklingAid.o
 .rodata.SelectOperands
                0xfffc7390       0x68 ./Sources/Inertia/General/APP_callback.o
 .rodata.AppBackupDimTab
                0xfffc73f8       0x41 ./Sources/Inertia/General/BackupAddress.o
                0xfffc73f8                AppBackupDimTab
 *fill*         0xfffc7439        0x3 
 .rodata.AppBackupAddrTab
                0xfffc743c      0x108 ./Sources/Inertia/General/BackupAddress.o
                0xfffc743c                AppBackupAddrTab
 .rodata.TurbidityPwmValManager
                0xfffc7544       0x14 ./Sources/Inertia/General/CstmFuncLib.o
 .rodata.InitLookupTablePointers
                0xfffc7558      0x124 ./Sources/Inertia/General/CstmGlobal.o
                0xfffc7558                InitLookupTablePointers
 .rodata.LookupTableDataSizes
                0xfffc767c       0x48 ./Sources/Inertia/General/CstmGlobal.o
                0xfffc767c                LookupTableDataSizes
 .rodata.JIF_Alpha_Coeffients
                0xfffc76c4       0x10 ./Sources/Inertia/General/CstmGlobal.o
                0xfffc76c4                JIF_Alpha_Coeffients
 .rodata.JIF_DrainPumpVS_Ptr
                0xfffc76d4        0x4 ./Sources/Inertia/General/CstmGlobal.o
                0xfffc76d4                JIF_DrainPumpVS_Ptr
 .rodata.JIF_WashPumpVS_Ptr
                0xfffc76d8        0x4 ./Sources/Inertia/General/CstmGlobal.o
                0xfffc76d8                JIF_WashPumpVS_Ptr
 .rodata.JIF_LastFault_Ptr
                0xfffc76dc        0x4 ./Sources/Inertia/General/CstmGlobal.o
                0xfffc76dc                JIF_LastFault_Ptr
 .rodata.JIF_Flags_Ptr
                0xfffc76e0        0x8 ./Sources/Inertia/General/CstmGlobal.o
                0xfffc76e0                JIF_Flags_Ptr
 .rodata.JIF_Boolean_Ptr
                0xfffc76e8        0x4 ./Sources/Inertia/General/CstmGlobal.o
                0xfffc76e8                JIF_Boolean_Ptr
 .rodata.JIF_JumpAlways_var
                0xfffc76ec        0x1 ./Sources/Inertia/General/CstmGlobal.o
                0xfffc76ec                JIF_JumpAlways_var
 *fill*         0xfffc76ed        0x3 
 .rodata.JIF_Functions_Ptr
                0xfffc76f0        0x4 ./Sources/Inertia/General/CstmGlobal.o
                0xfffc76f0                JIF_Functions_Ptr
 .rodata.JIF_GITurbidity_Ptr
                0xfffc76f4        0x4 ./Sources/Inertia/General/CstmGlobal.o
                0xfffc76f4                JIF_GITurbidity_Ptr
 .rodata.JIF_GIWaterLoaded_Ptr
                0xfffc76f8        0x4 ./Sources/Inertia/General/CstmGlobal.o
                0xfffc76f8                JIF_GIWaterLoaded_Ptr
 .rodata.JIF_GICriterion_Ptr
                0xfffc76fc        0x4 ./Sources/Inertia/General/CstmGlobal.o
                0xfffc76fc                JIF_GICriterion_Ptr
 .rodata.JIF_GIPressSensor_Ptr
                0xfffc7700        0x4 ./Sources/Inertia/General/CstmGlobal.o
                0xfffc7700                JIF_GIPressSensor_Ptr
 .rodata.JIF_GIProbe_Ptr
                0xfffc7704        0x4 ./Sources/Inertia/General/CstmGlobal.o
                0xfffc7704                JIF_GIProbe_Ptr
 .rodata.SelectorDataPointers
                0xfffc7708        0x2 ./Sources/Inertia/General/CstmGlobal.o
                0xfffc7708                SelectorDataPointers
 *fill*         0xfffc770a        0x2 
 .rodata.Microprog_array
                0xfffc770c       0x40 ./Sources/Inertia/General/CstmGlobal.o
                0xfffc770c                Microprog_array
 .rodata.TabMachineStateDim
                0xfffc774c        0x9 ./Sources/Inertia/General/CstmGlobal.o
                0xfffc774c                TabMachineStateDim
 *fill*         0xfffc7755        0x3 
 .rodata.TabMachineStateAddr
                0xfffc7758       0x24 ./Sources/Inertia/General/CstmGlobal.o
                0xfffc7758                TabMachineStateAddr
 .rodata.JIF_DataTable
                0xfffc777c       0x80 ./Sources/Inertia/General/CstmGlobal.o
                0xfffc777c                JIF_DataTable
 .rodata.SWTC_CountersTable
                0xfffc77fc       0xbc ./Sources/Inertia/General/CstmGlobal.o
                0xfffc77fc                SWTC_CountersTable
 .rodata.SWTC_CounterConfigurationTable
                0xfffc78b8       0xbc ./Sources/Inertia/General/CstmGlobal.o
                0xfffc78b8                SWTC_CounterConfigurationTable
 .rodata.SWTC_PrescalerTable
                0xfffc7974        0x7 ./Sources/Inertia/General/CstmGlobal.o
                0xfffc7974                SWTC_PrescalerTable
 *fill*         0xfffc797b        0x1 
 .rodata.ExtendedIdentTable
                0xfffc797c       0x3c ./Sources/Inertia/General/CstmGlobal.o
                0xfffc797c                ExtendedIdentTable
 .rodata.FLT_getTimeout
                0xfffc79b8       0x3c ./Sources/Inertia/Control/DW_Fault.o
 .rodata.FLT_pilotLoadEV_Mgmt
                0xfffc79f4       0x18 ./Sources/Inertia/Control/DW_Fault.o
 .rodata.FLT_faultManagement
                0xfffc7a0c       0x34 ./Sources/Inertia/Control/DW_Fault.o
 .rodata.CSWTCH.87
                0xfffc7a40        0x3 ./Sources/Inertia/Control/DW_Fault.o
 *fill*         0xfffc7a43        0x1 
 .rodata.SPV_superVisor
                0xfffc7a44       0x34 ./Sources/Inertia/Control/DW_SuperVisor.o
 .rodata.HIO_ldPosInit
                0xfffc7a78       0x40 ./Sources/Inertia/Control/HighLevel_IO_Manager.o
 .rodata.HIO_inputManagement
                0xfffc7ab8       0x18 ./Sources/Inertia/Control/HighLevel_IO_Manager.o
 .rodata.GetInternalHWClearSourceValue
                0xfffc7ad0       0x14 ./Sources/HAL/RN_RX200/RN_RX200_hal.o
 .rodata.DIO_DigitalFilterEnable
                0xfffc7ae4       0x28 ./Sources/HAL/RN_RX200/RN_RX200_hal.o
 .rodata.DIO_DigitalFilterClkFrequencySet
                0xfffc7b0c       0x28 ./Sources/HAL/RN_RX200/RN_RX200_hal.o
 .rodata.MapClearResourceValue
                0xfffc7b34       0x14 ./Sources/HAL/RN_RX200/RN_RX200_hal.o
 .rodata.MapClearResourceId
                0xfffc7b48       0x1c ./Sources/HAL/RN_RX200/RN_RX200_hal.o
 .rodata.TMR_CheckClearSourceIdFailed
                0xfffc7b64       0x14 ./Sources/HAL/RN_RX200/RN_RX200_hal.o
 .rodata.TMR_GetClearSourceCh
                0xfffc7b78       0x14 ./Sources/HAL/RN_RX200/RN_RX200_hal.o
 .rodata.TMR_SetPrescaler
                0xfffc7b8c       0x14 ./Sources/HAL/RN_RX200/RN_RX200_hal.o
 .rodata.TMR_GetPrescalerDiv
                0xfffc7ba0       0x14 ./Sources/HAL/RN_RX200/RN_RX200_hal.o
 .rodata.TMR_SetPrescalerDfltValue
                0xfffc7bb4       0x14 ./Sources/HAL/RN_RX200/RN_RX200_hal.o
 .rodata.TMR_SetModulo
                0xfffc7bc8       0x28 ./Sources/HAL/RN_RX200/RN_RX200_hal.o
 .rodata.TMR_EnableTI
                0xfffc7bf0       0x14 ./Sources/HAL/RN_RX200/RN_RX200_hal.o
 .rodata.TMR_DisableTI
                0xfffc7c04       0x14 ./Sources/HAL/RN_RX200/RN_RX200_hal.o
 .rodata.TMR_ClearTOF
                0xfffc7c18       0x14 ./Sources/HAL/RN_RX200/RN_RX200_hal.o
 .rodata.TMR_GetTOF
                0xfffc7c2c       0x14 ./Sources/HAL/RN_RX200/RN_RX200_hal.o
 .rodata.TMR_SetChannelInputChapture
                0xfffc7c40       0x60 ./Sources/HAL/RN_RX200/RN_RX200_hal.o
 .rodata.TMR_SetChannelPWM
                0xfffc7ca0       0x60 ./Sources/HAL/RN_RX200/RN_RX200_hal.o
 .rodata.TMR_SetChannelPulses
                0xfffc7d00       0x60 ./Sources/HAL/RN_RX200/RN_RX200_hal.o
 .rodata.TMR_ClearChannelPulses
                0xfffc7d60       0x60 ./Sources/HAL/RN_RX200/RN_RX200_hal.o
 .rodata.TMR_EnableCHI
                0xfffc7dc0       0x60 ./Sources/HAL/RN_RX200/RN_RX200_hal.o
 .rodata.TMR_DisableCHI
                0xfffc7e20       0x60 ./Sources/HAL/RN_RX200/RN_RX200_hal.o
 .rodata.TMR_GetModulo
                0xfffc7e80       0x68 ./Sources/HAL/RN_RX200/RN_RX200_hal.o
 .rodata.TMR_SetCounterDfltValue
                0xfffc7ee8       0x14 ./Sources/HAL/RN_RX200/RN_RX200_hal.o
 .rodata.TMR_GetCounter
                0xfffc7efc       0x14 ./Sources/HAL/RN_RX200/RN_RX200_hal.o
 .rodata.TMR_SetChannelOutputMode
                0xfffc7f10       0x60 ./Sources/HAL/RN_RX200/RN_RX200_hal.o
 .rodata.IRQ_Init
                0xfffc7f70       0x28 ./Sources/HAL/RN_RX200/RN_RX200_hal.o
 .rodata.IRQ_DeInit
                0xfffc7f98       0x18 ./Sources/HAL/RN_RX200/RN_RX200_hal.o
 .rodata.IRQ_pinIsHigh
                0xfffc7fb0       0x28 ./Sources/HAL/RN_RX200/RN_RX200_hal.o
 .rodata.ADC_ConfigurePinAsChannel
                0xfffc7fd8       0x38 ./Sources/HAL/RN_RX200/RN_RX200_hal.o
 .rodata.ADC_GetConvertedValueOnChannel
                0xfffc8010       0x38 ./Sources/HAL/RN_RX200/RN_RX200_hal.o
 .rodata.prescalerDivMap
                0xfffc8048       0x20 ./Sources/HAL/RN_RX200/RN_RX200_hal.o
                0xfffc8048                prescalerDivMap
 .rodata.ChTGRAAddr
                0xfffc8068       0x64 ./Sources/HAL/RN_RX200/RN_RX200_hal.o
                0xfffc8068                ChTGRAAddr
 .rodata.ChModeRegAddr
                0xfffc80cc       0x64 ./Sources/HAL/RN_RX200/RN_RX200_hal.o
                0xfffc80cc                ChModeRegAddr
 .rodata.NoiseFilterPinMap
                0xfffc8130      0x120 ./Sources/HAL/RN_RX200/RN_RX200_hal.o
 .rodata.CSWTCH.67
                0xfffc8250        0x4 ./Sources/HAL/RN_RX200/RN_RX200_hal.o
 .rodata.CSWTCH.69
                0xfffc8254        0x2 ./Sources/HAL/RN_RX200/RN_RX200_hal.o
 .rodata.CSWTCH.71
                0xfffc8256        0x2 ./Sources/HAL/RN_RX200/RN_RX200_hal.o
 .rodata.CSWTCH.73
                0xfffc8258        0x4 ./Sources/HAL/RN_RX200/RN_RX200_hal.o
 .rodata.CSWTCH.75
                0xfffc825c        0x4 ./Sources/HAL/RN_RX200/RN_RX200_hal.o
 .rodata.ADCMap
                0xfffc8260       0x40 ./Sources/HAL/RN_RX200/RN_RX200_hal.o
 .rodata.OCFLS_BlankCheckEraseVerifyAsync
                0xfffc82a0       0x14 ./Sources/Drivers/OCFLS/OCFLS_drv.o
 .rodata.str1.1
                0xfffc82b4       0x2c ./Sources/CFG_DishWasher/CFG_Inertia/BusCommPltf_cfg.o
 .rodata.BCP_ChannelTable
                0xfffc82e0       0x38 ./Sources/CFG_DishWasher/CFG_Inertia/BusCommPltf_cfg.o
                0xfffc82e0                BCP_ChannelTable
 .rodata.PowerProfileError
                0xfffc8318        0x1 ./Sources/CFG_DishWasher/CFG_Inertia/BusCommPltf_cfg.o
 *fill*         0xfffc8319        0x3 
 .rodata.WRRemapTable
                0xfffc831c        0x8 ./Sources/CFG_DishWasher/CFG_Inertia/BusCommPltf_cfg.o
 .rodata.RFRemapTable
                0xfffc8324       0x20 ./Sources/CFG_DishWasher/CFG_Inertia/BusCommPltf_cfg.o
 .rodata.ProtocolReadingAccessTable
                0xfffc8344       0x18 ./Sources/CFG_DishWasher/CFG_Inertia/BusCommPltf_cfg.o
 .rodata.ProtocolWritingRamAccessTable
                0xfffc835c        0x8 ./Sources/CFG_DishWasher/CFG_Inertia/BusCommPltf_cfg.o
 .rodata.ProtocolErasingAccessTable
                0xfffc8364       0x10 ./Sources/CFG_DishWasher/CFG_Inertia/BusCommPltf_cfg.o
 .rodata.ProtocolWritingAccessTable
                0xfffc8374       0x18 ./Sources/CFG_DishWasher/CFG_Inertia/BusCommPltf_cfg.o
 .rodata.PltBackupDimTab
                0xfffc838c        0x4 ./Sources/CFG_DishWasher/CFG_Inertia/Config.o
                0xfffc838c                PltBackupDimTab
 .rodata.PltBackupAddrTab
                0xfffc8390       0x14 ./Sources/CFG_DishWasher/CFG_Inertia/Config.o
                0xfffc8390                PltBackupAddrTab
 .rodata.RamAreaTestTable
                0xfffc83a4       0x3c ./Sources/CFG_DishWasher/CFG_Inertia/Config.o
                0xfffc83a4                RamAreaTestTable
 .rodata.AreaFlashCheckTable
                0xfffc83e0        0x8 ./Sources/CFG_DishWasher/CFG_Inertia/Config.o
                0xfffc83e0                AreaFlashCheckTable
 .rodata.HwCntr4_cfg
                0xfffc83e8       0x10 ./Sources/CFG_DishWasher/CFG_Inertia/Config.o
                0xfffc83e8                HwCntr4_cfg
 .rodata.HwCntr3_cfg
                0xfffc83f8       0x10 ./Sources/CFG_DishWasher/CFG_Inertia/Config.o
                0xfffc83f8                HwCntr3_cfg
 .rodata.HwCntr1_cfg
                0xfffc8408       0x10 ./Sources/CFG_DishWasher/CFG_Inertia/Config.o
                0xfffc8408                HwCntr1_cfg
 .rodata.ZcHwCntr_cfg
                0xfffc8418       0x10 ./Sources/CFG_DishWasher/CFG_Inertia/Config.o
                0xfffc8418                ZcHwCntr_cfg
 .rodata.TmrChToPinMap
                0xfffc8428       0x48 ./Sources/CFG_DishWasher/CFG_Inertia/Config.o
                0xfffc8428                TmrChToPinMap
 .rodata.TmrChMap
                0xfffc8470       0x12 ./Sources/CFG_DishWasher/CFG_Inertia/Config.o
                0xfffc8470                TmrChMap
 *fill*         0xfffc8482        0x2 
 .rodata.ModuleIOmap
                0xfffc8484      0x160 ./Sources/CFG_DishWasher/CFG_Inertia/Config.o
                0xfffc8484                ModuleIOmap
 .rodata.TmrCntMap
                0xfffc85e4        0x5 ./Sources/CFG_DishWasher/CFG_Inertia/Config.o
                0xfffc85e4                TmrCntMap
 .rodata.FlashMapEraseForbidden
                0xfffc85e9        0x3 ./Sources/CFG_DishWasher/CFG_Inertia/Config.o
                0xfffc85e9                FlashMapEraseForbidden
 .rodata.FlashMap
                0xfffc85ec       0x18 ./Sources/CFG_DishWasher/CFG_Inertia/Config.o
                0xfffc85ec                FlashMap
 .rodata.resCalTab
                0xfffc8604        0x4 ./Sources/CFG_DishWasher/CFG_Inertia/Config.o
                0xfffc8604                resCalTab
 .rodata.No_Fault
                0xfffc8608        0x2 ./Sources/Application_Platform/APP_Global.o
                0xfffc8608                No_Fault
 .rodata.Tab_phase2byte
                0xfffc860a        0x8 ./Sources/Application_Platform/APP_Interpreter.o
                0xfffc860a                Tab_phase2byte
 *fill*         0xfffc8612        0x2 
 .rodata.Operator_array
                0xfffc8614       0x10 ./Sources/Application_Platform/APP_JumpIf.o
 *(C_1)
 *(C_2)
 *(C)
 C              0xfffc8624       0x10 C:\Renesas\E2_STU~1\GNURXV~1.01-\rx-ELF/lib/gcc/rx-elf//4.7-GNURX_v13.01/no-fpu-libs/big-endian-data\libgcc.a(_thenan_sf.o)
                0xfffc8624                __thenan_sf
 C              0xfffc8634      0x100 C:\Renesas\E2_STU~1\GNURXV~1.01-\rx-ELF/lib/gcc/rx-elf//4.7-GNURX_v13.01/no-fpu-libs/big-endian-data\libgcc.a(_clz.o)
                0xfffc8634                __clz_tab
                0xfffc8734                _erodata = .

.text           0xfffc8738    0x1a974
                0xfffc8738                __text_start = .
 *(.PCTEST_TESTFUNCTION)
 .PCTEST_TESTFUNCTION
                0xfffc8738       0x35 ./Sources/HAL/RN_RX200/EmbOS/reset_program.o
 *(.text)
 .text          0xfffc876d      0x173 ./Sources/HAL/RN_RX200/EmbOS/reset_program.o
                0xfffc876d                __ram_initialization
                0xfffc8795                CopyFlashRoutinesToRAM
                0xfffc87ac                PowerON_Reset
 .text          0xfffc88e0       0xd4 C:\Workspace\FW_Inertia\branch_indesit\OS\EmbOS\RX200_GNU\V388\Lib\libosBS_X000006_v3_88_GNU1301OsNoRR.a(RTOS.o)
                0xfffc88e0                OS_StartTask
                0xfffc88f4                OS_ReturnFromTask
                0xfffc88f8                OS_Switch
                0xfffc8921                OS_StartASM
                0xfffc8929                OS_SwitchFromInt
                0xfffc895b                OS_SwitchAfterISR_RX
                0xfffc8972                OS__SaveIPL
                0xfffc8984                OS_EnableInterrupt
                0xfffc899d                OS_DisableInterrupt
 .text          0xfffc89b4       0x50 C:\Workspace\FW_Inertia\branch_indesit\OS\EmbOS\RX200_GNU\V388\Lib\libosBS_X000006_v3_88_GNU1301OsNoRR.a(OS_InitMode.o)
                0xfffc89b4                OS_InitMode
 .text          0xfffc8a04       0x32 C:\Workspace\FW_Inertia\branch_indesit\OS\EmbOS\RX200_GNU\V388\Lib\libosBS_X000006_v3_88_GNU1301OsNoRR.a(OS_StackInfo.o)
                0xfffc8a04                OS_GetSysStackBase
                0xfffc8a0b                OS_GetSysStackSize
                0xfffc8a1a                OS_GetIntStackBase
                0xfffc8a21                OS_GetIntStackSize
                0xfffc8a30                OS_GetSP
 *(.text.*)
 .text.PM_TurbSens_IdleEntry
                0xfffc8a36       0x10 ./Sources/ProductModules/PM_TurbiditySensor/PM_TurbiditySensor.o
 .text.PM_TurbSens_CalibEntry
                0xfffc8a46       0x18 ./Sources/ProductModules/PM_TurbiditySensor/PM_TurbiditySensor.o
 .text.PM_TurbSens_CalibWait4ADSetup
                0xfffc8a5e       0x20 ./Sources/ProductModules/PM_TurbiditySensor/PM_TurbiditySensor.o
 .text.PM_TurbSens_CalibWait4ADReady
                0xfffc8a7e       0x2a ./Sources/ProductModules/PM_TurbiditySensor/PM_TurbiditySensor.o
 .text.PM_TurbSens_CalibDone
                0xfffc8aa8       0x14 ./Sources/ProductModules/PM_TurbiditySensor/PM_TurbiditySensor.o
 .text.PM_TurbSens_AcqEntry
                0xfffc8abc       0x18 ./Sources/ProductModules/PM_TurbiditySensor/PM_TurbiditySensor.o
 .text.PM_TurbSens_AcqWait4ADReady
                0xfffc8ad4       0x1e ./Sources/ProductModules/PM_TurbiditySensor/PM_TurbiditySensor.o
 .text.PM_TurbSens_InitPWM
                0xfffc8af2       0x2e ./Sources/ProductModules/PM_TurbiditySensor/PM_TurbiditySensor.o
 .text.PM_TurbiditySensor_SetParam
                0xfffc8b20       0x68 ./Sources/ProductModules/PM_TurbiditySensor/PM_TurbiditySensor.o
                0xfffc8b20                PM_TurbiditySensor_SetParam
 .text.PM_TurbiditySensor_StartCalib
                0xfffc8b88        0xe ./Sources/ProductModules/PM_TurbiditySensor/PM_TurbiditySensor.o
                0xfffc8b88                PM_TurbiditySensor_StartCalib
 .text.PM_TurbiditySensor_StartAcq
                0xfffc8b96        0xe ./Sources/ProductModules/PM_TurbiditySensor/PM_TurbiditySensor.o
                0xfffc8b96                PM_TurbiditySensor_StartAcq
 .text.PM_TurbiditySensor_AcqIsReady
                0xfffc8ba4        0xc ./Sources/ProductModules/PM_TurbiditySensor/PM_TurbiditySensor.o
                0xfffc8ba4                PM_TurbiditySensor_AcqIsReady
 .text.PM_TurbiditySensor_GetCalibration
                0xfffc8bb0       0x14 ./Sources/ProductModules/PM_TurbiditySensor/PM_TurbiditySensor.o
                0xfffc8bb0                PM_TurbiditySensor_GetCalibration
 .text.PM_TurbiditySensor_Manager
                0xfffc8bc4      0x1be ./Sources/ProductModules/PM_TurbiditySensor/PM_TurbiditySensor.o
                0xfffc8bc4                PM_TurbiditySensor_Manager
 .text.SWTC_PrescalerManager
                0xfffc8d82       0x62 ./Sources/ProductModules/PM_SwTimersCounters/SwTimersCounters.o
 .text.SWTC_InitManager
                0xfffc8de4       0x1e ./Sources/ProductModules/PM_SwTimersCounters/SwTimersCounters.o
                0xfffc8de4                SWTC_InitManager
 .text.SWTC_InitTables
                0xfffc8e02       0x42 ./Sources/ProductModules/PM_SwTimersCounters/SwTimersCounters.o
                0xfffc8e02                SWTC_InitTables
 .text.SWTC_Manager
                0xfffc8e44       0x52 ./Sources/ProductModules/PM_SwTimersCounters/SwTimersCounters.o
                0xfffc8e44                SWTC_Manager
 .text.SWTC_SetSValue
                0xfffc8e96       0x46 ./Sources/ProductModules/PM_SwTimersCounters/SwTimersCounters.o
                0xfffc8e96                SWTC_SetSValue
 .text.SWTC_SetMValue
                0xfffc8edc       0x46 ./Sources/ProductModules/PM_SwTimersCounters/SwTimersCounters.o
                0xfffc8edc                SWTC_SetMValue
 .text.SWTC_SetPrescaler
                0xfffc8f22       0x42 ./Sources/ProductModules/PM_SwTimersCounters/SwTimersCounters.o
                0xfffc8f22                SWTC_SetPrescaler
 .text.SWTC_Run
                0xfffc8f64       0x2a ./Sources/ProductModules/PM_SwTimersCounters/SwTimersCounters.o
                0xfffc8f64                SWTC_Run
 .text.SWTC_Stop
                0xfffc8f8e       0x2a ./Sources/ProductModules/PM_SwTimersCounters/SwTimersCounters.o
                0xfffc8f8e                SWTC_Stop
 .text.SWTC_SetSValueAndRun
                0xfffc8fb8       0x42 ./Sources/ProductModules/PM_SwTimersCounters/SwTimersCounters.o
                0xfffc8fb8                SWTC_SetSValueAndRun
 .text.SWTC_IsExpired
                0xfffc8ffa       0x46 ./Sources/ProductModules/PM_SwTimersCounters/SwTimersCounters.o
                0xfffc8ffa                SWTC_IsExpired
 .text.SWTC_IsStopped
                0xfffc9040       0x2a ./Sources/ProductModules/PM_SwTimersCounters/SwTimersCounters.o
                0xfffc9040                SWTC_IsStopped
 .text.SWTC_Retrigger
                0xfffc906a       0x5e ./Sources/ProductModules/PM_SwTimersCounters/SwTimersCounters.o
                0xfffc906a                SWTC_Retrigger
 .text.SWTC_GetRemainingTime
                0xfffc90c8       0x46 ./Sources/ProductModules/PM_SwTimersCounters/SwTimersCounters.o
                0xfffc90c8                SWTC_GetRemainingTime
 .text.SWTC_GetElapsedTime
                0xfffc910e       0x4c ./Sources/ProductModules/PM_SwTimersCounters/SwTimersCounters.o
                0xfffc910e                SWTC_GetElapsedTime
 .text.PM_SWalarmsConvNsecInTicks
                0xfffc915a       0x14 ./Sources/ProductModules/PM_SWalarms/PM_SWalarms.o
                0xfffc915a                PM_SWalarmsConvNsecInTicks
 .text.PM_SWalarmsSet
                0xfffc916e       0x6e ./Sources/ProductModules/PM_SWalarms/PM_SWalarms.o
                0xfffc916e                PM_SWalarmsSet
 .text.PM_SWalarmsCheck
                0xfffc91dc       0x6a ./Sources/ProductModules/PM_SWalarms/PM_SWalarms.o
                0xfffc91dc                PM_SWalarmsCheck
 .text.PM_SWalarms_IsAlarmExpired
                0xfffc9246       0x22 ./Sources/ProductModules/PM_SWalarms/PM_SWalarms.o
                0xfffc9246                PM_SWalarms_IsAlarmExpired
 .text.PM_PulseCounter_PWDCallback
                0xfffc9268       0xb0 ./Sources/ProductModules/PM_PulseCounter/PM_PulseCounter.o
 .text.PM_PulseCounter_SetChannelStatus
                0xfffc9318       0x3e ./Sources/ProductModules/PM_PulseCounter/PM_PulseCounter.o
                0xfffc9318                PM_PulseCounter_SetChannelStatus
 .text.PM_PulseCounter_Reset_Warning
                0xfffc9356       0x48 ./Sources/ProductModules/PM_PulseCounter/PM_PulseCounter.o
                0xfffc9356                PM_PulseCounter_Reset_Warning
 .text.PM_PulseCounter_Init
                0xfffc939e       0xa6 ./Sources/ProductModules/PM_PulseCounter/PM_PulseCounter.o
                0xfffc939e                PM_PulseCounter_Init
 .text.PM_PulseCounter_GetWarning
                0xfffc9444       0x1a ./Sources/ProductModules/PM_PulseCounter/PM_PulseCounter.o
                0xfffc9444                PM_PulseCounter_GetWarning
 .text.PM_PulseCounter_SetCount
                0xfffc945e        0x9 ./Sources/ProductModules/PM_PulseCounter/PM_PulseCounter.o
                0xfffc945e                PM_PulseCounter_SetCount
 *fill*         0xfffc9467        0x1 
 .text.PM_PulseCounter_GetCount
                0xfffc9468       0x24 ./Sources/ProductModules/PM_PulseCounter/PM_PulseCounter.o
                0xfffc9468                PM_PulseCounter_GetCount
 .text.DIM_Scheduler
                0xfffc948c      0x14e ./Sources/ProductModules/PM_ProfileLoadsPartialization/PM_ProfileLoadsPartialization.o
                0xfffc948c                DIM_Scheduler
 .text.PLP_OCU_Event
                0xfffc95da      0x116 ./Sources/ProductModules/PM_ProfileLoadsPartialization/PM_ProfileLoadsPartialization.o
 .text.Init_PLP_DrvResources
                0xfffc96f0       0x22 ./Sources/ProductModules/PM_ProfileLoadsPartialization/PM_ProfileLoadsPartialization.o
 .text.PM_PLP_InsertLoad
                0xfffc9712       0x23 ./Sources/ProductModules/PM_ProfileLoadsPartialization/PM_ProfileLoadsPartialization.o
                0xfffc9712                PM_PLP_InsertLoad
 .text.PM_PLP_Init
                0xfffc9735       0x61 ./Sources/ProductModules/PM_ProfileLoadsPartialization/PM_ProfileLoadsPartialization.o
                0xfffc9735                PM_PLP_Init
 .text.PM_PLP_LoadsToDrive
                0xfffc9796       0x38 ./Sources/ProductModules/PM_ProfileLoadsPartialization/PM_ProfileLoadsPartialization.o
                0xfffc9796                PM_PLP_LoadsToDrive
 .text.PM_PLP_Init_OnWarmReset
                0xfffc97ce       0x36 ./Sources/ProductModules/PM_ProfileLoadsPartialization/PM_ProfileLoadsPartialization.o
                0xfffc97ce                PM_PLP_Init_OnWarmReset
 .text.PM_PowerProfile_ModTab_ExtendValue
                0xfffc9804       0x1f ./Sources/ProductModules/PM_PowerProfile/PM_PowerProfile_2_0.o
 *fill*         0xfffc9823        0x1 
 .text.PM_PowerProfile_GetEnergyPhaseID
                0xfffc9824       0x7c ./Sources/ProductModules/PM_PowerProfile/PM_PowerProfile_2_0.o
 .text.PM_PowerProfile_ModTab_QueryTable
                0xfffc98a0      0x19a ./Sources/ProductModules/PM_PowerProfile/PM_PowerProfile_2_0.o
 .text.PM_PowerProfile_Init
                0xfffc9a3a        0xe ./Sources/ProductModules/PM_PowerProfile/PM_PowerProfile_2_0.o
                0xfffc9a3a                PM_PowerProfile_Init
 .text.PM_PowerProfile_SetParamModifierFunc
                0xfffc9a48        0x9 ./Sources/ProductModules/PM_PowerProfile/PM_PowerProfile_2_0.o
                0xfffc9a48                PM_PowerProfile_SetParamModifierFunc
 .text.PM_PowerProfile_SetAlphaFunc
                0xfffc9a51        0xa ./Sources/ProductModules/PM_PowerProfile/PM_PowerProfile_2_0.o
                0xfffc9a51                PM_PowerProfile_SetAlphaFunc
 .text.PM_PowerProfile_GetPowerProfilesNum
                0xfffc9a5b        0x3 ./Sources/ProductModules/PM_PowerProfile/PM_PowerProfile_2_0.o
                0xfffc9a5b                PM_PowerProfile_GetPowerProfilesNum
 .text.PM_PowerProfile_UpdatePowerProfileStatus
                0xfffc9a5e       0x60 ./Sources/ProductModules/PM_PowerProfile/PM_PowerProfile_2_0.o
                0xfffc9a5e                PM_PowerProfile_UpdatePowerProfileStatus
 .text.PM_PowerProfile_GetEnergyPhaseMaxActivationDelay
                0xfffc9abe       0xb2 ./Sources/ProductModules/PM_PowerProfile/PM_PowerProfile_2_0.o
                0xfffc9abe                PM_PowerProfile_GetEnergyPhaseMaxActivationDelay
 .text.PM_PowerProfile_SetDuration
                0xfffc9b70       0x28 ./Sources/ProductModules/PM_PowerProfile/PM_PowerProfile_2_0.o
                0xfffc9b70                PM_PowerProfile_SetDuration
 .text.PM_PowerProfile_SetForceReload
                0xfffc9b98       0x2c ./Sources/ProductModules/PM_PowerProfile/PM_PowerProfile_2_0.o
                0xfffc9b98                PM_PowerProfile_SetForceReload
 .text.PM_PowerProfile_ResetForceReload
                0xfffc9bc4       0x2c ./Sources/ProductModules/PM_PowerProfile/PM_PowerProfile_2_0.o
                0xfffc9bc4                PM_PowerProfile_ResetForceReload
 .text.PM_PowerProfile_GetPowerProfileByProfileID
                0xfffc9bf0       0xca ./Sources/ProductModules/PM_PowerProfile/PM_PowerProfile_2_0.o
                0xfffc9bf0                PM_PowerProfile_GetPowerProfileByProfileID
 .text.PM_PowerProfile_TotalProfileDuration
                0xfffc9cba       0x4a ./Sources/ProductModules/PM_PowerProfile/PM_PowerProfile_2_0.o
                0xfffc9cba                PM_PowerProfile_TotalProfileDuration
 .text.PM_PowerProfile_TotalProfileEnergy
                0xfffc9d04       0x4a ./Sources/ProductModules/PM_PowerProfile/PM_PowerProfile_2_0.o
                0xfffc9d04                PM_PowerProfile_TotalProfileEnergy
 .text.PM_PowerProfile_GetModValue
                0xfffc9d4e      0x266 ./Sources/ProductModules/PM_PowerProfile/PM_PowerProfile_2_0.o
                0xfffc9d4e                PM_PowerProfile_GetModValue
 .text.PM_PowerProfile_CalcDurationPartial
                0xfffc9fb4       0x13 ./Sources/ProductModules/PM_PowerProfile/PM_PowerProfile_2_0.o
                0xfffc9fb4                PM_PowerProfile_CalcDurationPartial
 *fill*         0xfffc9fc7        0x1 
 .text.PM_PowerProfile_CalcPeakPower
                0xfffc9fc8       0x36 ./Sources/ProductModules/PM_PowerProfile/PM_PowerProfile_2_0.o
                0xfffc9fc8                PM_PowerProfile_CalcPeakPower
 .text.PM_PowerProfile_CalcEnergy
                0xfffc9ffe       0x3e ./Sources/ProductModules/PM_PowerProfile/PM_PowerProfile_2_0.o
                0xfffc9ffe                PM_PowerProfile_CalcEnergy
 .text.PM_PowerProfile_GetPowerProfile
                0xfffca03c      0x1a4 ./Sources/ProductModules/PM_PowerProfile/PM_PowerProfile_2_0.o
                0xfffca03c                PM_PowerProfile_GetPowerProfile
 .text.PM_PowerProfile_ComputeTimeToEnd
                0xfffca1e0       0x9c ./Sources/ProductModules/PM_PowerProfile/PM_PowerProfile_2_0.o
                0xfffca1e0                PM_PowerProfile_ComputeTimeToEnd
 .text.PM_PowerProfile_IsRecomputationReady
                0xfffca27c        0x1 ./Sources/ProductModules/PM_PowerProfile/PM_PowerProfile_2_0.o
                0xfffca27c                PM_PowerProfile_IsRecomputationReady
 *fill*         0xfffca27d        0x1 
 .text.PM_PowerProfile_UpdateTemporalFilters
                0xfffca27e       0x8c ./Sources/ProductModules/PM_PowerProfile/PM_PowerProfile_2_0.o
                0xfffca27e                PM_PowerProfile_UpdateTemporalFilters
 .text.Endian16_Swap
                0xfffca30a        0xc ./Sources/ProductModules/PM_Library/LIB_UTilities.o
                0xfffca30a                Endian16_Swap
 .text.LIB_MemcpyFromLast
                0xfffca316       0x1c ./Sources/ProductModules/PM_Library/LIB_UTilities.o
                0xfffca316                LIB_MemcpyFromLast
 .text.GetDefaultSettingStartAddress
                0xfffca332        0x7 ./Sources/ProductModules/PM_Library/LIB_UTilities.o
                0xfffca332                GetDefaultSettingStartAddress
 .text.LIB_SEF_GetBEWrdRelShort_Ptr
                0xfffca339       0x29 ./Sources/ProductModules/PM_Library/LIB_UTilities.o
                0xfffca339                LIB_SEF_GetBEWrdRelShort_Ptr
 .text.LIB_SEF_GetMsettingStartAddr
                0xfffca362       0x4a ./Sources/ProductModules/PM_Library/LIB_UTilities.o
                0xfffca362                LIB_SEF_GetMsettingStartAddr
 .text.LIB_SEF_GetDisplData
                0xfffca3ac       0xcc ./Sources/ProductModules/PM_Library/LIB_UTilities.o
                0xfffca3ac                LIB_SEF_GetDisplData
 .text.BasicLoader
                0xfffca478       0x2c ./Sources/ProductModules/PM_Library/LIB_UTilities.o
                0xfffca478                BasicLoader
 .text.MSettingBasicLoader
                0xfffca4a4       0x2a ./Sources/ProductModules/PM_Library/LIB_UTilities.o
                0xfffca4a4                MSettingBasicLoader
 .text.LIB_CAL_GetCalibData
                0xfffca4ce       0x66 ./Sources/ProductModules/PM_Library/LIB_UTilities.o
                0xfffca4ce                LIB_CAL_GetCalibData
 .text.LIB_ChkComputation
                0xfffca534       0x18 ./Sources/ProductModules/PM_Library/LIB_UTilities.o
                0xfffca534                LIB_ChkComputation
 .text.LIB_SEF_GetFaultPriority
                0xfffca54c       0x72 ./Sources/ProductModules/PM_Library/LIB_UTilities.o
                0xfffca54c                LIB_SEF_GetFaultPriority
 .text.LIB_SEF_FaultPriorityField
                0xfffca5be        0x4 ./Sources/ProductModules/PM_Library/LIB_UTilities.o
                0xfffca5be                LIB_SEF_FaultPriorityField
 .text.LIB_SEF_GetFaultToDisplay
                0xfffca5c2       0x1a ./Sources/ProductModules/PM_Library/LIB_UTilities.o
                0xfffca5c2                LIB_SEF_GetFaultToDisplay
 .text.PM_FrequencyFeedbacks_GetIndexByPosition
                0xfffca5dc       0x42 ./Sources/ProductModules/PM_FreqFeedbacks/PM_FrequencyFeedbacks.o
 .text.PM_FrequencyFeedbacks_PWDCallback
                0xfffca61e       0xe4 ./Sources/ProductModules/PM_FreqFeedbacks/PM_FrequencyFeedbacks.o
 .text.PM_FrequencyFeedbacks_RestartFeedback
                0xfffca702       0x4e ./Sources/ProductModules/PM_FreqFeedbacks/PM_FrequencyFeedbacks.o
 .text.PM_FrequencyFeedbacks_Init
                0xfffca750       0x52 ./Sources/ProductModules/PM_FreqFeedbacks/PM_FrequencyFeedbacks.o
                0xfffca750                PM_FrequencyFeedbacks_Init
 .text.PM_FrequencyFeedbacks_Configure
                0xfffca7a2       0xfe ./Sources/ProductModules/PM_FreqFeedbacks/PM_FrequencyFeedbacks.o
                0xfffca7a2                PM_FrequencyFeedbacks_Configure
 .text.PM_FrequencyFeedbacks_ResetAllFeedbacks
                0xfffca8a0       0x2a ./Sources/ProductModules/PM_FreqFeedbacks/PM_FrequencyFeedbacks.o
                0xfffca8a0                PM_FrequencyFeedbacks_ResetAllFeedbacks
 .text.PM_FrequencyFeedbacks_RestartFeedbackByPosition
                0xfffca8ca       0x58 ./Sources/ProductModules/PM_FreqFeedbacks/PM_FrequencyFeedbacks.o
                0xfffca8ca                PM_FrequencyFeedbacks_RestartFeedbackByPosition
 .text.PM_FrequencyFeedbacks_GetReadyByPosition
                0xfffca922       0x36 ./Sources/ProductModules/PM_FreqFeedbacks/PM_FrequencyFeedbacks.o
                0xfffca922                PM_FrequencyFeedbacks_GetReadyByPosition
 .text.PM_FrequencyFeedbacks_GetValueByPosition
                0xfffca958       0x25 ./Sources/ProductModules/PM_FreqFeedbacks/PM_FrequencyFeedbacks.o
                0xfffca958                PM_FrequencyFeedbacks_GetValueByPosition
 *fill*         0xfffca97d        0x1 
 .text.PM_FrequencyFeedbacks_Manager
                0xfffca97e      0x1e0 ./Sources/ProductModules/PM_FreqFeedbacks/PM_FrequencyFeedbacks.o
                0xfffca97e                PM_FrequencyFeedbacks_Manager
 .text.VoltAvgMeasuresUpdate.constprop.1
                0xfffcab5e       0x54 ./Sources/ProductModules/PM_EnergyMeterSw/PM_EnergyMeterSw.o
 .text.EMS_GetPtrToDSPInfoBuffer
                0xfffcabb2       0x1e ./Sources/ProductModules/PM_EnergyMeterSw/PM_EnergyMeterSw.o
                0xfffcabb2                EMS_GetPtrToDSPInfoBuffer
 .text.PowerMeter_InitConfig
                0xfffcabd0       0x24 ./Sources/ProductModules/PM_EnergyMeterSw/PM_EnergyMeterSw.o
                0xfffcabd0                PowerMeter_InitConfig
 .text.PowerMeter_InitSw
                0xfffcabf4       0x54 ./Sources/ProductModules/PM_EnergyMeterSw/PM_EnergyMeterSw.o
                0xfffcabf4                PowerMeter_InitSw
 .text.PowerMeter_LoadRegister
                0xfffcac48      0x16c ./Sources/ProductModules/PM_EnergyMeterSw/PM_EnergyMeterSw.o
                0xfffcac48                PowerMeter_LoadRegister
 .text.PowerMeter_SetNormInst_V
                0xfffcadb4       0x52 ./Sources/ProductModules/PM_EnergyMeterSw/PM_EnergyMeterSw.o
                0xfffcadb4                PowerMeter_SetNormInst_V
 .text.PowerMeter_SetInstant_V
                0xfffcae06       0x1e ./Sources/ProductModules/PM_EnergyMeterSw/PM_EnergyMeterSw.o
                0xfffcae06                PowerMeter_SetInstant_V
 .text.PowerMeter_GetInstant_P
                0xfffcae24        0xb ./Sources/ProductModules/PM_EnergyMeterSw/PM_EnergyMeterSw.o
                0xfffcae24                PowerMeter_GetInstant_P
 .text.PowerMeter_GetAvgSinceStart_E_Wh
                0xfffcae2f        0xb ./Sources/ProductModules/PM_EnergyMeterSw/PM_EnergyMeterSw.o
                0xfffcae2f                PowerMeter_GetAvgSinceStart_E_Wh
 .text.PowerMeter_Accum
                0xfffcae3a      0x26a ./Sources/ProductModules/PM_EnergyMeterSw/PM_EnergyMeterSw.o
                0xfffcae3a                PowerMeter_Accum
 .text.EM_LoadResCalib
                0xfffcb0a4       0x6c ./Sources/ProductModules/PM_EnergyMeterSw/PM_EnergyMeterSw.o
                0xfffcb0a4                EM_LoadResCalib
 .text.EM_LoadRegister
                0xfffcb110       0xb2 ./Sources/ProductModules/PM_EnergyMeterSw/PM_EnergyMeterSw.o
                0xfffcb110                EM_LoadRegister
 .text.EM_LoadConfigRead
                0xfffcb1c2       0x6e ./Sources/ProductModules/PM_EnergyMeterSw/PM_EnergyMeterSw.o
                0xfffcb1c2                EM_LoadConfigRead
 .text.TableInit
                0xfffcb230       0x34 ./Sources/ProductModules/PM_EnergyMeterSw/PM_EnergyMeterSwTable.o
                0xfffcb230                TableInit
 .text.CurveInit
                0xfffcb264        0xa ./Sources/ProductModules/PM_EnergyMeterSw/PM_EnergyMeterSwTable.o
                0xfffcb264                CurveInit
 .text.CurveSet
                0xfffcb26e       0x1c ./Sources/ProductModules/PM_EnergyMeterSw/PM_EnergyMeterSwTable.o
                0xfffcb26e                CurveSet
 .text.TableFindYCurves
                0xfffcb28a       0x90 ./Sources/ProductModules/PM_EnergyMeterSw/PM_EnergyMeterSwTable.o
                0xfffcb28a                TableFindYCurves
 .text.PointInit
                0xfffcb31a        0xa ./Sources/ProductModules/PM_EnergyMeterSw/PM_EnergyMeterSwTable.o
                0xfffcb31a                PointInit
 .text.LineInit
                0xfffcb324       0x17 ./Sources/ProductModules/PM_EnergyMeterSw/PM_EnergyMeterSwTable.o
                0xfffcb324                LineInit
 *fill*         0xfffcb33b        0x1 
 .text.CurveYFindPoints
                0xfffcb33c       0x76 ./Sources/ProductModules/PM_EnergyMeterSw/PM_EnergyMeterSwTable.o
                0xfffcb33c                CurveYFindPoints
 .text.CalcoloPuntoSuRetta
                0xfffcb3b2       0x46 ./Sources/ProductModules/PM_EnergyMeterSw/PM_EnergyMeterSwTable.o
                0xfffcb3b2                CalcoloPuntoSuRetta
 .text.TableCalibSingola
                0xfffcb3f8       0x56 ./Sources/ProductModules/PM_EnergyMeterSw/PM_EnergyMeterSwTable.o
                0xfffcb3f8                TableCalibSingola
 .text.TableCalibDoppia_PuntoRetta
                0xfffcb44e       0x5e ./Sources/ProductModules/PM_EnergyMeterSw/PM_EnergyMeterSwTable.o
                0xfffcb44e                TableCalibDoppia_PuntoRetta
 .text.TableCalibDoppia_Rette
                0xfffcb4ac       0x62 ./Sources/ProductModules/PM_EnergyMeterSw/PM_EnergyMeterSwTable.o
                0xfffcb4ac                TableCalibDoppia_Rette
 .text.TableCalibDoppia
                0xfffcb50e       0xce ./Sources/ProductModules/PM_EnergyMeterSw/PM_EnergyMeterSwTable.o
                0xfffcb50e                TableCalibDoppia
 .text.TablePower
                0xfffcb5dc       0x6e ./Sources/ProductModules/PM_EnergyMeterSw/PM_EnergyMeterSwTable.o
                0xfffcb5dc                TablePower
 .text.PM_DigDelayedMulti_InitSync
                0xfffcb64a        0xa ./Sources/ProductModules/PM_DigitalOutputMulti/DigitalOutputMulti.o
                0xfffcb64a                PM_DigDelayedMulti_InitSync
 .text.DigDelayedMulti_Init
                0xfffcb654       0x27 ./Sources/ProductModules/PM_DigitalOutputMulti/DigitalOutputMulti.o
                0xfffcb654                DigDelayedMulti_Init
 .text.DigOutMultiSetLoad
                0xfffcb67b       0x22 ./Sources/ProductModules/PM_DigitalOutputMulti/DigitalOutputMulti.o
                0xfffcb67b                DigOutMultiSetLoad
 .text.DigOutMul3PSetLoad
                0xfffcb69d       0x2a ./Sources/ProductModules/PM_DigitalOutputMulti/DigitalOutputMulti.o
                0xfffcb69d                DigOutMul3PSetLoad
 *fill*         0xfffcb6c7        0x1 
 .text.DigDelayedMultiSetLoad
                0xfffcb6c8       0x3e ./Sources/ProductModules/PM_DigitalOutputMulti/DigitalOutputMulti.o
                0xfffcb6c8                DigDelayedMultiSetLoad
 .text.DigDelayedMulti_Manager
                0xfffcb706       0x68 ./Sources/ProductModules/PM_DigitalOutputMulti/DigitalOutputMulti.o
                0xfffcb706                DigDelayedMulti_Manager
 .text.PM_Consistency_Init
                0xfffcb76e       0x1c ./Sources/ProductModules/PM_Consistency/PM_Consistency.o
                0xfffcb76e                PM_Consistency_Init
 .text.PM_Consistency_Manager
                0xfffcb78a      0x214 ./Sources/ProductModules/PM_Consistency/PM_Consistency.o
                0xfffcb78a                PM_Consistency_Manager
 .text.PM_Consistency_LoadChangedStatus
                0xfffcb99e       0x80 ./Sources/ProductModules/PM_Consistency/PM_Consistency.o
                0xfffcb99e                PM_Consistency_LoadChangedStatus
 .text.PM_Consistency_GetAllCsValues
                0xfffcba1e        0xc ./Sources/ProductModules/PM_Consistency/PM_Consistency.o
                0xfffcba1e                PM_Consistency_GetAllCsValues
 .text.BCM_CountersUpdater
                0xfffcba2a       0x1f ./Sources/ProductModules/PM_BusCOMM/BCP_BusCommMng.o
                0xfffcba2a                BCM_CountersUpdater
 *fill*         0xfffcba49        0x1 
 .text.BCP_BusMonitor
                0xfffcba4a       0x60 ./Sources/ProductModules/PM_BusCOMM/BCP_BusCommMng.o
                0xfffcba4a                BCP_BusMonitor
 .text.CP_SlaveManager__Read_ApplData
                0xfffcbaaa       0x26 ./Sources/ProductModules/PM_BusCOMM/BCP_BusCommMng.o
                0xfffcbaaa                CP_SlaveManager__Read_ApplData
 .text.CP_SlaveManager__Write_ApplData
                0xfffcbad0       0x2a ./Sources/ProductModules/PM_BusCOMM/BCP_BusCommMng.o
                0xfffcbad0                CP_SlaveManager__Write_ApplData
 .text.PP_MappingGetOffset
                0xfffcbafa       0x36 ./Sources/ProductModules/PM_BusCOMM/BCP_BusCommMng.o
                0xfffcbafa                PP_MappingGetOffset
 .text.PP_IsAccessAllowed
                0xfffcbb30       0x36 ./Sources/ProductModules/PM_BusCOMM/BCP_BusCommMng.o
                0xfffcbb30                PP_IsAccessAllowed
 .text.PP_MappingGetPPAddr
                0xfffcbb66       0x38 ./Sources/ProductModules/PM_BusCOMM/BCP_BusCommMng.o
                0xfffcbb66                PP_MappingGetPPAddr
 .text.crc_append
                0xfffcbb9e       0x1b ./Sources/ProductModules/PM_BusCOMM/BCP_PlatformProtocol.o
 .text.PP_SlaveReceiveData.isra.0
                0xfffcbbb9       0x4c ./Sources/ProductModules/PM_BusCOMM/BCP_PlatformProtocol.o
 *fill*         0xfffcbc05        0x1 
 .text.PP_SlaveNotification
                0xfffcbc06      0x104 ./Sources/ProductModules/PM_BusCOMM/BCP_PlatformProtocol.o
                0xfffcbc06                PP_SlaveNotification
 .text.PP_IsSlaveStateRxOK
                0xfffcbd0a       0xa2 ./Sources/ProductModules/PM_BusCOMM/BCP_PlatformProtocol.o
                0xfffcbd0a                PP_IsSlaveStateRxOK
 .text.PP_SlaveStartResponse
                0xfffcbdac       0x3e ./Sources/ProductModules/PM_BusCOMM/BCP_PlatformProtocol.o
                0xfffcbdac                PP_SlaveStartResponse
 .text.PP_SlaveResponseBuilder
                0xfffcbdea      0x198 ./Sources/ProductModules/PM_BusCOMM/BCP_PlatformProtocol.o
                0xfffcbdea                PP_SlaveResponseBuilder
 .text.PM_AnalogFeedback_Init
                0xfffcbf82       0x56 ./Sources/ProductModules/PM_AnalogFeedbacks/PM_AnalogFeedback.o
                0xfffcbf82                PM_AnalogFeedback_Init
 .text.PM_AnalogFeedback_Setup
                0xfffcbfd8       0x52 ./Sources/ProductModules/PM_AnalogFeedbacks/PM_AnalogFeedback.o
                0xfffcbfd8                PM_AnalogFeedback_Setup
 .text.PM_AnalogFeedbackManager
                0xfffcc02a       0xb2 ./Sources/ProductModules/PM_AnalogFeedbacks/PM_AnalogFeedback.o
                0xfffcc02a                PM_AnalogFeedbackManager
 .text.PM_AnalogFeedbackIsReady
                0xfffcc0dc       0x12 ./Sources/ProductModules/PM_AnalogFeedbacks/PM_AnalogFeedback.o
                0xfffcc0dc                PM_AnalogFeedbackIsReady
 .text.PM_AnalogFeedbackGetValue
                0xfffcc0ee        0xb ./Sources/ProductModules/PM_AnalogFeedbacks/PM_AnalogFeedback.o
                0xfffcc0ee                PM_AnalogFeedbackGetValue
 .text.PM_AnalogFeedbackResetMeasure
                0xfffcc0f9       0x25 ./Sources/ProductModules/PM_AnalogFeedbacks/PM_AnalogFeedback.o
                0xfffcc0f9                PM_AnalogFeedbackResetMeasure
 .text.AnalogFeedbackGetMaskAnalogF_Enabled
                0xfffcc11e        0x9 ./Sources/ProductModules/PM_AnalogFeedbacks/PM_AnalogFeedback.o
                0xfffcc11e                AnalogFeedbackGetMaskAnalogF_Enabled
 *fill*         0xfffcc127        0x1 
 .text.PM_ALT_Manager
                0xfffcc128       0xa2 ./Sources/ProductModules/PM_Alternato/PM_Alternato.o
 .text.PM_ALT_Init
                0xfffcc1ca       0x56 ./Sources/ProductModules/PM_Alternato/PM_Alternato.o
                0xfffcc1ca                PM_ALT_Init
 .text.PM_ALT_SetPosition
                0xfffcc220       0x21 ./Sources/ProductModules/PM_Alternato/PM_Alternato.o
                0xfffcc220                PM_ALT_SetPosition
 *fill*         0xfffcc241        0x1 
 .text.PM_ALT_EngineDrv
                0xfffcc242       0xfe ./Sources/ProductModules/PM_Alternato/PM_Alternato.o
                0xfffcc242                PM_ALT_EngineDrv
 .text.PM_ALT_getNumPos
                0xfffcc340        0xa ./Sources/ProductModules/PM_Alternato/PM_Alternato.o
                0xfffcc340                PM_ALT_getNumPos
 .text.PM_ALT_getPosNotDef
                0xfffcc34a        0xa ./Sources/ProductModules/PM_Alternato/PM_Alternato.o
                0xfffcc34a                PM_ALT_getPosNotDef
 .text.PM_ALT_getPos
                0xfffcc354        0xa ./Sources/ProductModules/PM_Alternato/PM_Alternato.o
                0xfffcc354                PM_ALT_getPos
 .text.PM_ALT_posReached
                0xfffcc35e       0x17 ./Sources/ProductModules/PM_Alternato/PM_Alternato.o
                0xfffcc35e                PM_ALT_posReached
 .text.LIB_ZC_InitSync
                0xfffcc375       0x3c ./Sources/PlatformLibrary/LIB_ZeroCrossing/LIB_ZeroCrossing.o
                0xfffcc375                LIB_ZC_InitSync
 .text.LIB_ZC_SyncCompleted
                0xfffcc3b1        0xf ./Sources/PlatformLibrary/LIB_ZeroCrossing/LIB_ZeroCrossing.o
                0xfffcc3b1                LIB_ZC_SyncCompleted
 .text.LIB_ZC_ResetSyncPhase
                0xfffcc3c0       0x19 ./Sources/PlatformLibrary/LIB_ZeroCrossing/LIB_ZeroCrossing.o
                0xfffcc3c0                LIB_ZC_ResetSyncPhase
 .text.LIB_ZC_GetCurrentEdge
                0xfffcc3d9        0x4 ./Sources/PlatformLibrary/LIB_ZeroCrossing/LIB_ZeroCrossing.o
                0xfffcc3d9                LIB_ZC_GetCurrentEdge
 .text.LIB_ZC_GetNominalFrequency
                0xfffcc3dd        0xa ./Sources/PlatformLibrary/LIB_ZeroCrossing/LIB_ZeroCrossing.o
                0xfffcc3dd                LIB_ZC_GetNominalFrequency
 *fill*         0xfffcc3e7        0x1 
 .text.LIB_ZC_GetNominalHalfWave
                0xfffcc3e8       0x20 ./Sources/PlatformLibrary/LIB_ZeroCrossing/LIB_ZeroCrossing.o
                0xfffcc3e8                LIB_ZC_GetNominalHalfWave
 .text.LIB_ZC_SetLineVoltageParams
                0xfffcc408       0x2b ./Sources/PlatformLibrary/LIB_ZeroCrossing/LIB_ZeroCrossing.o
                0xfffcc408                LIB_ZC_SetLineVoltageParams
 .text.LIB_ZC_IsOnGood
                0xfffcc433        0xa ./Sources/PlatformLibrary/LIB_ZeroCrossing/LIB_ZeroCrossing.o
                0xfffcc433                LIB_ZC_IsOnGood
 *fill*         0xfffcc43d        0x1 
 .text.LIB_ZC_CheckIfZC_Is_Good
                0xfffcc43e      0x11e ./Sources/PlatformLibrary/LIB_ZeroCrossing/LIB_ZeroCrossing.o
                0xfffcc43e                LIB_ZC_CheckIfZC_Is_Good
 .text.goodZCSignal
                0xfffcc55c        0xa ./Sources/PlatformLibrary/LIB_ZeroCrossing/LIB_ZeroCrossing.o
                0xfffcc55c                goodZCSignal
 .text.getZCStability
                0xfffcc566        0xa ./Sources/PlatformLibrary/LIB_ZeroCrossing/LIB_ZeroCrossing.o
                0xfffcc566                getZCStability
 .text.SetgoodZCSignalTo
                0xfffcc570        0xa ./Sources/PlatformLibrary/LIB_ZeroCrossing/LIB_ZeroCrossing.o
                0xfffcc570                SetgoodZCSignalTo
 .text.IsZCSyncOngoing
                0xfffcc57a        0xf ./Sources/PlatformLibrary/LIB_ZeroCrossing/LIB_ZeroCrossing.o
                0xfffcc57a                IsZCSyncOngoing
 .text.LIB_ZC_GetHalfWaveLengthPos
                0xfffcc589        0xa ./Sources/PlatformLibrary/LIB_ZeroCrossing/LIB_ZeroCrossing.o
                0xfffcc589                LIB_ZC_GetHalfWaveLengthPos
 .text.LIB_ZC_GetHalfWaveLengthNeg
                0xfffcc593        0x9 ./Sources/PlatformLibrary/LIB_ZeroCrossing/LIB_ZeroCrossing.o
                0xfffcc593                LIB_ZC_GetHalfWaveLengthNeg
 .text.LIB_ZC_GetSemiPeriod
                0xfffcc59c       0x1a ./Sources/PlatformLibrary/LIB_ZeroCrossing/LIB_ZeroCrossing.o
                0xfffcc59c                LIB_ZC_GetSemiPeriod
 .text.OnZc_EdgeValidated
                0xfffcc5b6       0x2c ./Sources/PlatformLibrary/LIB_ZeroCrossing/LIB_ZeroCrossing.o
                0xfffcc5b6                OnZc_EdgeValidated
 .text.callbackIRQ_Event
                0xfffcc5e2      0x20c ./Sources/PlatformLibrary/LIB_ZeroCrossing/LIB_ZeroCrossing.o
                0xfffcc5e2                callbackIRQ_Event
 .text.LIB_SettingBIST_StartSync
                0xfffcc7ee       0x3c ./Sources/PlatformLibrary/LIB_Setting/LIB_Setting.o
                0xfffcc7ee                LIB_SettingBIST_StartSync
 .text.LIB_SettingBIST_StepSync
                0xfffcc82a        0xb ./Sources/PlatformLibrary/LIB_Setting/LIB_Setting.o
                0xfffcc82a                LIB_SettingBIST_StepSync
 .text.LIB_SettingBIST_EndSync
                0xfffcc835       0x2b ./Sources/PlatformLibrary/LIB_Setting/LIB_Setting.o
                0xfffcc835                LIB_SettingBIST_EndSync
 .text.LIB_SettingPOST_Sync
                0xfffcc860       0x36 ./Sources/PlatformLibrary/LIB_Setting/LIB_Setting.o
                0xfffcc860                LIB_SettingPOST_Sync
 .text.CheckRAM_Manager
                0xfffcc896      0x134 ./Sources/PlatformLibrary/LIB_SecurityCheck/LIB_ClassBCheck.o
 .text.CheckFlash_SetBlock
                0xfffcc9ca       0x62 ./Sources/PlatformLibrary/LIB_SecurityCheck/LIB_ClassBCheck.o
 .text.RegCheck
                0xfffcca2c        0x4 ./Sources/PlatformLibrary/LIB_SecurityCheck/LIB_ClassBCheck.o
                0xfffcca2c                RegCheck
 .text.CheckFlash_Init
                0xfffcca30        0x6 ./Sources/PlatformLibrary/LIB_SecurityCheck/LIB_ClassBCheck.o
                0xfffcca30                CheckFlash_Init
 .text.CheckFlash_Manager
                0xfffcca36       0xa8 ./Sources/PlatformLibrary/LIB_SecurityCheck/LIB_ClassBCheck.o
                0xfffcca36                CheckFlash_Manager
 .text.LIB_ClassB_Keywords_BIST
                0xfffccade        0xc ./Sources/PlatformLibrary/LIB_SecurityCheck/LIB_ClassBCheck.o
                0xfffccade                LIB_ClassB_Keywords_BIST
 .text.LIB_ClassB_RAM_BIST
                0xfffccaea       0x13 ./Sources/PlatformLibrary/LIB_SecurityCheck/LIB_ClassBCheck.o
                0xfffccaea                LIB_ClassB_RAM_BIST
 .text.LIB_ClassB_WDTCheckInit
                0xfffccafd       0x11 ./Sources/PlatformLibrary/LIB_SecurityCheck/LIB_ClassBCheck.o
                0xfffccafd                LIB_ClassB_WDTCheckInit
 .text.InitCheck
                0xfffccb0e       0x9e ./Sources/PlatformLibrary/LIB_SecurityCheck/LIB_ClassBCheck.o
                0xfffccb0e                InitCheck
 .text.InitMemoryCheck
                0xfffccbac       0x7e ./Sources/PlatformLibrary/LIB_SecurityCheck/LIB_ClassBCheck.o
                0xfffccbac                InitMemoryCheck
 .text.ADC_CheckInit
                0xfffccc2a       0x1c ./Sources/PlatformLibrary/LIB_SecurityCheck/LIB_ClassBCheck.o
                0xfffccc2a                ADC_CheckInit
 .text.ADC_Check
                0xfffccc46       0x2f ./Sources/PlatformLibrary/LIB_SecurityCheck/LIB_ClassBCheck.o
                0xfffccc46                ADC_Check
 .text.LIB_TaskMonitorInit
                0xfffccc75       0x16 ./Sources/PlatformLibrary/LIB_SecurityCheck/LIB_TaskMonitoring.o
                0xfffccc75                LIB_TaskMonitorInit
 *fill*         0xfffccc8b        0x1 
 .text.LIB_TaskMonitor
                0xfffccc8c       0x6a ./Sources/PlatformLibrary/LIB_SecurityCheck/LIB_TaskMonitoring.o
                0xfffccc8c                LIB_TaskMonitor
 .text.LIB_TaskMonitoringConfig
                0xfffcccf6       0x33 ./Sources/PlatformLibrary/LIB_SecurityCheck/LIB_TaskMonitoring.o
                0xfffcccf6                LIB_TaskMonitoringConfig
 .text.LIB_TaskStartActivity
                0xfffccd29       0x2c ./Sources/PlatformLibrary/LIB_SecurityCheck/LIB_TaskMonitoring.o
                0xfffccd29                LIB_TaskStartActivity
 .text.LIB_TaskEndActivity
                0xfffccd55       0x2c ./Sources/PlatformLibrary/LIB_SecurityCheck/LIB_TaskMonitoring.o
                0xfffccd55                LIB_TaskEndActivity
 .text.LIB_SetTask
                0xfffccd81       0x1d ./Sources/PlatformLibrary/LIB_SecurityCheck/LIB_TaskMonitoring.o
                0xfffccd81                LIB_SetTask
 .text.LIB_IRQMonitor_Enter
                0xfffccd9e       0x20 ./Sources/PlatformLibrary/LIB_SecurityCheck/LIB_TaskMonitoring.o
                0xfffccd9e                LIB_IRQMonitor_Enter
 .text.LIB_IRQMonitor_Exit
                0xfffccdbe        0xf ./Sources/PlatformLibrary/LIB_SecurityCheck/LIB_TaskMonitoring.o
                0xfffccdbe                LIB_IRQMonitor_Exit
 .text.LIB_IRQMonitor_Init
                0xfffccdcd       0x16 ./Sources/PlatformLibrary/LIB_SecurityCheck/LIB_TaskMonitoring.o
                0xfffccdcd                LIB_IRQMonitor_Init
 *fill*         0xfffccde3        0x1 
 .text.LIB_IRQMonitor
                0xfffccde4       0x9c ./Sources/PlatformLibrary/LIB_SecurityCheck/LIB_TaskMonitoring.o
                0xfffccde4                LIB_IRQMonitor
 .text.Set_NewSystemMode
                0xfffcce80       0x36 ./Sources/PlatformLibrary/LIB_Reset/LIB_Reset.o
 .text.__initialize_hardware
                0xfffcceb6       0x38 ./Sources/PlatformLibrary/LIB_Reset/LIB_Reset.o
                0xfffcceb6                __initialize_hardware
 .text.LIB_CheckKeywordsRam
                0xfffcceee       0x28 ./Sources/PlatformLibrary/LIB_Reset/LIB_Reset.o
                0xfffcceee                LIB_CheckKeywordsRam
 .text.LIB_SetKeywordsRam
                0xfffccf16       0x1a ./Sources/PlatformLibrary/LIB_Reset/LIB_Reset.o
                0xfffccf16                LIB_SetKeywordsRam
 .text.LIB_KeywordsRamCorruption
                0xfffccf30       0x1a ./Sources/PlatformLibrary/LIB_Reset/LIB_Reset.o
                0xfffccf30                LIB_KeywordsRamCorruption
 .text.__lib_reset_manager
                0xfffccf4a      0x17e ./Sources/PlatformLibrary/LIB_Reset/LIB_Reset.o
                0xfffccf4a                __lib_reset_manager
 .text.LIB_Reset_ForceColdReset
                0xfffcd0c8       0x17 ./Sources/PlatformLibrary/LIB_Reset/LIB_Reset.o
                0xfffcd0c8                LIB_Reset_ForceColdReset
 .text.LIB_Reset_GetIsColdReset
                0xfffcd0df        0xe ./Sources/PlatformLibrary/LIB_Reset/LIB_Reset.o
                0xfffcd0df                LIB_Reset_GetIsColdReset
 .text.LIB_Reset_GetSystemMode
                0xfffcd0ed        0xa ./Sources/PlatformLibrary/LIB_Reset/LIB_Reset.o
                0xfffcd0ed                LIB_Reset_GetSystemMode
 .text.LIB_Reset_GetSystemSubMode
                0xfffcd0f7        0xa ./Sources/PlatformLibrary/LIB_Reset/LIB_Reset.o
                0xfffcd0f7                LIB_Reset_GetSystemSubMode
 .text.LIB_Reset_GetNewSystemMode
                0xfffcd101        0xa ./Sources/PlatformLibrary/LIB_Reset/LIB_Reset.o
                0xfffcd101                LIB_Reset_GetNewSystemMode
 .text.LIB_Reset_SetNewSystemMode
                0xfffcd10b        0xa ./Sources/PlatformLibrary/LIB_Reset/LIB_Reset.o
                0xfffcd10b                LIB_Reset_SetNewSystemMode
 .text.LIB_Reset_IsColdReset
                0xfffcd115       0x13 ./Sources/PlatformLibrary/LIB_Reset/LIB_Reset.o
                0xfffcd115                LIB_Reset_IsColdReset
 .text.LIB_Reset_SetTimedRequest
                0xfffcd128       0x12 ./Sources/PlatformLibrary/LIB_Reset/LIB_Reset.o
                0xfffcd128                LIB_Reset_SetTimedRequest
 .text.LIB_Reset_ChkTimedRequest
                0xfffcd13a       0x23 ./Sources/PlatformLibrary/LIB_Reset/LIB_Reset.o
                0xfffcd13a                LIB_Reset_ChkTimedRequest
 .text.LIB_Reset_SetResetTimeout
                0xfffcd15d        0xc ./Sources/PlatformLibrary/LIB_Reset/LIB_Reset.o
                0xfffcd15d                LIB_Reset_SetResetTimeout
 .text.LIB_Reset_IsTimeoutSet
                0xfffcd169       0x12 ./Sources/PlatformLibrary/LIB_Reset/LIB_Reset.o
                0xfffcd169                LIB_Reset_IsTimeoutSet
 .text.LIB_Reset_EnterRemoteControl
                0xfffcd17b       0x1a ./Sources/PlatformLibrary/LIB_Reset/LIB_Reset.o
                0xfffcd17b                LIB_Reset_EnterRemoteControl
 *fill*         0xfffcd195        0x1 
 .text.LIB_IOM_External_New
                0xfffcd196       0xf0 ./Sources/PlatformLibrary/LIB_IOManager/ExternalOutputManager.o
                0xfffcd196                LIB_IOM_External_New
 .text.LIB_IOM_External_SetCommand
                0xfffcd286       0x62 ./Sources/PlatformLibrary/LIB_IOManager/ExternalOutputManager.o
                0xfffcd286                LIB_IOM_External_SetCommand
 .text.LIB_IOM_External_SetReadRamRequest
                0xfffcd2e8       0x66 ./Sources/PlatformLibrary/LIB_IOManager/ExternalOutputManager.o
                0xfffcd2e8                LIB_IOM_External_SetReadRamRequest
 .text.LIB_IOM_External_SetWriteRamRequest
                0xfffcd34e       0x6a ./Sources/PlatformLibrary/LIB_IOManager/ExternalOutputManager.o
                0xfffcd34e                LIB_IOM_External_SetWriteRamRequest
 .text.LIB_IOM_External_SetExtraRequest
                0xfffcd3b8       0x64 ./Sources/PlatformLibrary/LIB_IOManager/ExternalOutputManager.o
                0xfffcd3b8                LIB_IOM_External_SetExtraRequest
 .text.LIB_IOM_External_GetCommandBuffer
                0xfffcd41c      0x120 ./Sources/PlatformLibrary/LIB_IOManager/ExternalOutputManager.o
                0xfffcd41c                LIB_IOM_External_GetCommandBuffer
 .text.LIB_IOM_External_GetLoadStatus
                0xfffcd53c       0x16 ./Sources/PlatformLibrary/LIB_IOManager/ExternalOutputManager.o
                0xfffcd53c                LIB_IOM_External_GetLoadStatus
 .text.LIB_IOM_External_ProcessInfoPacketData
                0xfffcd552       0xfa ./Sources/PlatformLibrary/LIB_IOManager/ExternalOutputManager.o
                0xfffcd552                LIB_IOM_External_ProcessInfoPacketData
 .text.LIB_IOM_Set_IODir_ActiveSense
                0xfffcd64c       0x30 ./Sources/PlatformLibrary/LIB_IOManager/IOSharing.o
                0xfffcd64c                LIB_IOM_Set_IODir_ActiveSense
 .text.LIB_IOM_Get_IODir_ActiveSense
                0xfffcd67c       0x20 ./Sources/PlatformLibrary/LIB_IOManager/IOSharing.o
                0xfffcd67c                LIB_IOM_Get_IODir_ActiveSense
 .text.LIB_IOM_IO_Manager_Init
                0xfffcd69c        0xd ./Sources/PlatformLibrary/LIB_IOManager/IOSharing.o
                0xfffcd69c                LIB_IOM_IO_Manager_Init
 *fill*         0xfffcd6a9        0x1 
 .text.LIB_IOM_InputInitialization
                0xfffcd6aa      0x1b8 ./Sources/PlatformLibrary/LIB_IOManager/InputManager.o
                0xfffcd6aa                LIB_IOM_InputInitialization
 .text.LIB_IOM_FindLoad
                0xfffcd862       0x36 ./Sources/PlatformLibrary/LIB_IOManager/OutputManager.o
                0xfffcd862                LIB_IOM_FindLoad
 .text.LIB_IOM_GetPilotType
                0xfffcd898        0xe ./Sources/PlatformLibrary/LIB_IOManager/OutputManager.o
                0xfffcd898                LIB_IOM_GetPilotType
 .text.LIB_IOM_SetLoad
                0xfffcd8a6      0x104 ./Sources/PlatformLibrary/LIB_IOManager/OutputManager.o
                0xfffcd8a6                LIB_IOM_SetLoad
 .text.LIB_IOM_GIOM_SetLoad
                0xfffcd9aa       0x80 ./Sources/PlatformLibrary/LIB_IOManager/OutputManager.o
                0xfffcd9aa                LIB_IOM_GIOM_SetLoad
 .text.LIB_IOM_OutputInitialization
                0xfffcda2a      0x18c ./Sources/PlatformLibrary/LIB_IOManager/OutputManager.o
                0xfffcda2a                LIB_IOM_OutputInitialization
 .text.LIB_IOM_GetLoadStatus
                0xfffcdbb6       0x16 ./Sources/PlatformLibrary/LIB_IOManager/OutputManager.o
                0xfffcdbb6                LIB_IOM_GetLoadStatus
 .text.LIB_IOM_NumberOfLoads
                0xfffcdbcc       0x1e ./Sources/PlatformLibrary/LIB_IOManager/OutputManager.o
                0xfffcdbcc                LIB_IOM_NumberOfLoads
 .text.LIB_IOM_SetAllLoadsOff
                0xfffcdbea       0x44 ./Sources/PlatformLibrary/LIB_IOManager/OutputManager.o
                0xfffcdbea                LIB_IOM_SetAllLoadsOff
 .text.LIB_GV_getRMS_Vac
                0xfffcdc2e       0x12 ./Sources/PlatformLibrary/LIB_GridVoltage/LIB_GridVoltage.o
                0xfffcdc2e                LIB_GV_getRMS_Vac
 .text.LIB_GV_InitNominalGridVoltageMeasure
                0xfffcdc40       0x2e ./Sources/PlatformLibrary/LIB_GridVoltage/LIB_GridVoltage.o
                0xfffcdc40                LIB_GV_InitNominalGridVoltageMeasure
 .text.LIB_GV_CheckNominalVoltage
                0xfffcdc6e       0xa0 ./Sources/PlatformLibrary/LIB_GridVoltage/LIB_GridVoltage.o
                0xfffcdc6e                LIB_GV_CheckNominalVoltage
 .text.LIB_ModifiedChk_Computation
                0xfffcdd0e       0x20 ./Sources/PlatformLibrary/LIB_Generic/LIB_Generic.o
                0xfffcdd0e                LIB_ModifiedChk_Computation
 .text.LIB_Fixed_ApproximateAccumulatorOverflow
                0xfffcdd2e       0x4c ./Sources/PlatformLibrary/LIB_Fixed/LIB_Fixed.o
                0xfffcdd2e                LIB_Fixed_ApproximateAccumulatorOverflow
 .text.LIB_Fixed_ToMaximumNotation
                0xfffcdd7a       0x36 ./Sources/PlatformLibrary/LIB_Fixed/LIB_Fixed.o
                0xfffcdd7a                LIB_Fixed_ToMaximumNotation
 .text.LIB_Fixed_ClampAccumulator
                0xfffcddb0       0x1a ./Sources/PlatformLibrary/LIB_Fixed/LIB_Fixed.o
                0xfffcddb0                LIB_Fixed_ClampAccumulator
 .text.LIB_Fixed_FromClampedAccumulator
                0xfffcddca       0x20 ./Sources/PlatformLibrary/LIB_Fixed/LIB_Fixed.o
                0xfffcddca                LIB_Fixed_FromClampedAccumulator
 .text.LIB_Fixed_FromInt
                0xfffcddea       0x23 ./Sources/PlatformLibrary/LIB_Fixed/LIB_Fixed.o
                0xfffcddea                LIB_Fixed_FromInt
 *fill*         0xfffcde0d        0x1 
 .text.LIB_Fixed_Add
                0xfffcde0e       0x70 ./Sources/PlatformLibrary/LIB_Fixed/LIB_Fixed.o
                0xfffcde0e                LIB_Fixed_Add
 .text.LIB_Fixed_Sub
                0xfffcde7e       0x72 ./Sources/PlatformLibrary/LIB_Fixed/LIB_Fixed.o
                0xfffcde7e                LIB_Fixed_Sub
 .text.LIB_Fixed_Mul
                0xfffcdef0       0x58 ./Sources/PlatformLibrary/LIB_Fixed/LIB_Fixed.o
                0xfffcdef0                LIB_Fixed_Mul
 .text.LIB_Fixed_Div
                0xfffcdf48       0xb6 ./Sources/PlatformLibrary/LIB_Fixed/LIB_Fixed.o
                0xfffcdf48                LIB_Fixed_Div
 .text.LIB_Fixed_Sqr
                0xfffcdffe        0x8 ./Sources/PlatformLibrary/LIB_Fixed/LIB_Fixed.o
                0xfffcdffe                LIB_Fixed_Sqr
 .text.LIB_Fixed_Cmp
                0xfffce006       0x18 ./Sources/PlatformLibrary/LIB_Fixed/LIB_Fixed.o
                0xfffce006                LIB_Fixed_Cmp
 .text.LIB_Fixed_Round
                0xfffce01e       0x36 ./Sources/PlatformLibrary/LIB_Fixed/LIB_Fixed.o
                0xfffce01e                LIB_Fixed_Round
 .text.LIB_Fixed_LerpY
                0xfffce054       0x72 ./Sources/PlatformLibrary/LIB_Fixed/LIB_Fixed.o
                0xfffce054                LIB_Fixed_LerpY
 .text.LIB_FDB_FeedbackInitMeasure
                0xfffce0c6       0x2b ./Sources/PlatformLibrary/LIB_Feedbacks/Feedbacks.o
                0xfffce0c6                LIB_FDB_FeedbackInitMeasure
 .text.LIB_FDB_InitSync
                0xfffce0f1       0x21 ./Sources/PlatformLibrary/LIB_Feedbacks/Feedbacks.o
                0xfffce0f1                LIB_FDB_InitSync
 .text.LIB_FDB_GetFeedbackVal
                0xfffce112        0xb ./Sources/PlatformLibrary/LIB_Feedbacks/Feedbacks.o
                0xfffce112                LIB_FDB_GetFeedbackVal
 .text.LIB_FDB_RegisterFeedback
                0xfffce11d       0x3d ./Sources/PlatformLibrary/LIB_Feedbacks/Feedbacks.o
                0xfffce11d                LIB_FDB_RegisterFeedback
 .text.LIB_FDB_Manager
                0xfffce15a      0x12c ./Sources/PlatformLibrary/LIB_Feedbacks/Feedbacks.o
                0xfffce15a                LIB_FDB_Manager
 .text.LIB_FDB_IsFeedbackWritableReady
                0xfffce286       0x13 ./Sources/PlatformLibrary/LIB_Feedbacks/Feedbacks.o
                0xfffce286                LIB_FDB_IsFeedbackWritableReady
 .text.LIB_Error_Warning_Handler
                0xfffce299        0x9 ./Sources/PlatformLibrary/LIB_Error/LIB_Error.o
                0xfffce299                LIB_Error_Warning_Handler
 .text.LIB_Error_Fatal_Handler
                0xfffce2a2       0x2e ./Sources/PlatformLibrary/LIB_Error/LIB_Error.o
                0xfffce2a2                LIB_Error_Fatal_Handler
 .text.LIB_DIO_InitDigInputs
                0xfffce2d0       0x3d ./Sources/PlatformLibrary/LIB_DigitalIO/DigitalInputs.o
                0xfffce2d0                LIB_DIO_InitDigInputs
 *fill*         0xfffce30d        0x1 
 .text.LIB_DIO_InsertDigInput
                0xfffce30e       0x4a ./Sources/PlatformLibrary/LIB_DigitalIO/DigitalInputs.o
                0xfffce30e                LIB_DIO_InsertDigInput
 .text.LIB_DIO_GET_INPUT
                0xfffce358       0x16 ./Sources/PlatformLibrary/LIB_DigitalIO/DigitalInputs.o
                0xfffce358                LIB_DIO_GET_INPUT
 .text.LIB_DIO_GET_INPUT_F
                0xfffce36e       0x2a ./Sources/PlatformLibrary/LIB_DigitalIO/DigitalInputs.o
                0xfffce36e                LIB_DIO_GET_INPUT_F
 .text.LIB_DIO_DigInputManager
                0xfffce398       0xd0 ./Sources/PlatformLibrary/LIB_DigitalIO/DigitalInputs.o
                0xfffce398                LIB_DIO_DigInputManager
 .text.LIB_DIO_AreDigInputsReady
                0xfffce468       0x2c ./Sources/PlatformLibrary/LIB_DigitalIO/DigitalInputs.o
                0xfffce468                LIB_DIO_AreDigInputsReady
 .text.LIB_DIO_GetDigInputVal
                0xfffce494       0x18 ./Sources/PlatformLibrary/LIB_DigitalIO/DigitalInputs.o
                0xfffce494                LIB_DIO_GetDigInputVal
 .text.LIB_DIO_IsDigitalReady
                0xfffce4ac       0x18 ./Sources/PlatformLibrary/LIB_DigitalIO/DigitalInputs.o
                0xfffce4ac                LIB_DIO_IsDigitalReady
 .text.LIB_DIO_SET_LOAD
                0xfffce4c4       0x3a ./Sources/PlatformLibrary/LIB_DigitalIO/DigitalOutputs.o
                0xfffce4c4                LIB_DIO_SET_LOAD
 .text.LIB_Backup_CheckIfIsTimeToBackup
                0xfffce4fe       0x28 ./Sources/PlatformLibrary/LIB_BackUp/LIB_BackUp.o
                0xfffce4fe                LIB_Backup_CheckIfIsTimeToBackup
 .text.LIB_Backup_ForceBackup
                0xfffce526       0x2e ./Sources/PlatformLibrary/LIB_BackUp/LIB_BackUp.o
                0xfffce526                LIB_Backup_ForceBackup
 .text.LIB_Backup_RestoreManager
                0xfffce554       0x18 ./Sources/PlatformLibrary/LIB_BackUp/LIB_BackUp.o
                0xfffce554                LIB_Backup_RestoreManager
 .text.LIB_Backup_RefCheck
                0xfffce56c       0xc4 ./Sources/PlatformLibrary/LIB_BackUp/LIB_BackUp.o
                0xfffce56c                LIB_Backup_RefCheck
 .text.Task_Backup
                0xfffce630       0x7c ./Sources/PlatformLibrary/LIB_BackUp/LIB_BackUp.o
                0xfffce630                Task_Backup
 .text.LIB_Backup_SetBackupControlMonitor
                0xfffce6ac        0x9 ./Sources/PlatformLibrary/LIB_BackUp/LIB_BackUp.o
                0xfffce6ac                LIB_Backup_SetBackupControlMonitor
 .text.LIB_Backup_GetBackupControlMonitor
                0xfffce6b5        0x9 ./Sources/PlatformLibrary/LIB_BackUp/LIB_BackUp.o
                0xfffce6b5                LIB_Backup_GetBackupControlMonitor
 .text.LIB_Backup_GetBackupSource
                0xfffce6be        0x9 ./Sources/PlatformLibrary/LIB_BackUp/LIB_BackUp.o
                0xfffce6be                LIB_Backup_GetBackupSource
 .text.LIB_Backup_SetBackupSource
                0xfffce6c7        0xa ./Sources/PlatformLibrary/LIB_BackUp/LIB_BackUp.o
                0xfffce6c7                LIB_Backup_SetBackupSource
 .text.LIB_Backup_ResetBackupSource
                0xfffce6d1        0xa ./Sources/PlatformLibrary/LIB_BackUp/LIB_BackUp.o
                0xfffce6d1                LIB_Backup_ResetBackupSource
 *fill*         0xfffce6db        0x1 
 .text.LIB_BackupBlockSave
                0xfffce6dc       0x26 ./Sources/PlatformLibrary/LIB_BackUp/LIB_BackUp_low.o
 .text.LIB_Backup_GetBackupLen
                0xfffce702       0x46 ./Sources/PlatformLibrary/LIB_BackUp/LIB_BackUp_low.o
                0xfffce702                LIB_Backup_GetBackupLen
 .text.LIB_Backup_InvalidateBackupArea
                0xfffce748       0x1e ./Sources/PlatformLibrary/LIB_BackUp/LIB_BackUp_low.o
                0xfffce748                LIB_Backup_InvalidateBackupArea
 .text.LIB_Backup_DataSave
                0xfffce766      0x13a ./Sources/PlatformLibrary/LIB_BackUp/LIB_BackUp_low.o
                0xfffce766                LIB_Backup_DataSave
 .text.LIB_Backup_DataRestore
                0xfffce8a0       0x8c ./Sources/PlatformLibrary/LIB_BackUp/LIB_BackUp_low.o
                0xfffce8a0                LIB_Backup_DataRestore
 .text.LIB_Backup_ChecksumVerify
                0xfffce92c       0x34 ./Sources/PlatformLibrary/LIB_BackUp/LIB_BackUp_low.o
                0xfffce92c                LIB_Backup_ChecksumVerify
 .text.LIB_ADC_InitSync
                0xfffce960       0x4e ./Sources/PlatformLibrary/LIB_Analog/Analog.o
                0xfffce960                LIB_ADC_InitSync
 .text.LIB_ADC_RegisterADchannel
                0xfffce9ae       0x60 ./Sources/PlatformLibrary/LIB_Analog/Analog.o
                0xfffce9ae                LIB_ADC_RegisterADchannel
 .text.LIB_ADC_UnregisterAllADch
                0xfffcea0e        0xe ./Sources/PlatformLibrary/LIB_Analog/Analog.o
                0xfffcea0e                LIB_ADC_UnregisterAllADch
 .text.LIB_ADC_AreAnalogInputsReady
                0xfffcea1c       0x5c ./Sources/PlatformLibrary/LIB_Analog/Analog.o
                0xfffcea1c                LIB_ADC_AreAnalogInputsReady
 .text.LIB_ADC_IsAnalogReady
                0xfffcea78       0x1c ./Sources/PlatformLibrary/LIB_Analog/Analog.o
                0xfffcea78                LIB_ADC_IsAnalogReady
 .text.LIB_ADC_IsApplAnalogReady
                0xfffcea94       0x12 ./Sources/PlatformLibrary/LIB_Analog/Analog.o
                0xfffcea94                LIB_ADC_IsApplAnalogReady
 .text.LIB_ADC_GetAnalogValue
                0xfffceaa6        0xc ./Sources/PlatformLibrary/LIB_Analog/Analog.o
                0xfffceaa6                LIB_ADC_GetAnalogValue
 .text.LIB_ADC_AnalogChRamPos
                0xfffceab2       0x24 ./Sources/PlatformLibrary/LIB_Analog/Analog.o
                0xfffceab2                LIB_ADC_AnalogChRamPos
 .text.LIB_ADC_ADChVsAnalogInputParamIndex
                0xfffcead6       0x22 ./Sources/PlatformLibrary/LIB_Analog/Analog.o
                0xfffcead6                LIB_ADC_ADChVsAnalogInputParamIndex
 .text.LIB_ADC_IsNoAutoMeasureReady
                0xfffceaf8       0x20 ./Sources/PlatformLibrary/LIB_Analog/Analog.o
                0xfffceaf8                LIB_ADC_IsNoAutoMeasureReady
 .text.LIB_ADC_ResetAnalogMeasure
                0xfffceb18       0x17 ./Sources/PlatformLibrary/LIB_Analog/Analog.o
                0xfffceb18                LIB_ADC_ResetAnalogMeasure
 *fill*         0xfffceb2f        0x1 
 .text.LIB_ADC_InitMeasureForCh
                0xfffceb30       0x3e ./Sources/PlatformLibrary/LIB_Analog/Analog.o
                0xfffceb30                LIB_ADC_InitMeasureForCh
 .text.LIB_ADC_AvgFilter
                0xfffceb6e       0xee ./Sources/PlatformLibrary/LIB_Analog/Analog.o
 .text.LIB_ADC_Conv_F
                0xfffcec5c       0xe8 ./Sources/PlatformLibrary/LIB_Analog/Analog.o
                0xfffcec5c                LIB_ADC_Conv_F
 .text.LIB_ADC_Manager
                0xfffced44       0x68 ./Sources/PlatformLibrary/LIB_Analog/Analog.o
                0xfffced44                LIB_ADC_Manager
 .text.LIB_ADC_ForceAutoRead
                0xfffcedac       0x16 ./Sources/PlatformLibrary/LIB_Analog/Analog.o
                0xfffcedac                LIB_ADC_ForceAutoRead
 .text.LIB_ADC_CheckRef
                0xfffcedc2       0x78 ./Sources/PlatformLibrary/LIB_Analog/Analog.o
                0xfffcedc2                LIB_ADC_CheckRef
 .text.LIB_ADC_Is_Ref_Good
                0xfffcee3a        0x9 ./Sources/PlatformLibrary/LIB_Analog/Analog.o
                0xfffcee3a                LIB_ADC_Is_Ref_Good
 *fill*         0xfffcee43        0x1 
 .text.LIB_ADC_VLineMeasure
                0xfffcee44       0x72 ./Sources/PlatformLibrary/LIB_Analog/Analog.o
                0xfffcee44                LIB_ADC_VLineMeasure
 .text.LIB_ADC_GetChCompPos
                0xfffceeb6        0xa ./Sources/PlatformLibrary/LIB_Analog/Analog.o
                0xfffceeb6                LIB_ADC_GetChCompPos
 .text.Tools_CreateTimeTrigger
                0xfffceec0       0x13 ./Sources/Main/EmbOS/tools/Tools_TimeTrigger.o
                0xfffceec0                Tools_CreateTimeTrigger
 *fill*         0xfffceed3        0x1 
 .text.Tools_IsTriggered
                0xfffceed4       0x26 ./Sources/Main/EmbOS/tools/Tools_TimeTrigger.o
                0xfffceed4                Tools_IsTriggered
 .text.Tools_StartTimer
                0xfffceefa        0xc ./Sources/Main/EmbOS/tools/Tools_TimeTrigger.o
                0xfffceefa                Tools_StartTimer
 .text.Tools_IsTimerElapsed
                0xfffcef06       0x12 ./Sources/Main/EmbOS/tools/Tools_TimeTrigger.o
                0xfffcef06                Tools_IsTimerElapsed
 .text.Tools_SetTimeout
                0xfffcef18       0x12 ./Sources/Main/EmbOS/tools/Tools_TimeTrigger.o
                0xfffcef18                Tools_SetTimeout
 .text.Tools_DisableTimeout
                0xfffcef2a        0x4 ./Sources/Main/EmbOS/tools/Tools_TimeTrigger.o
                0xfffcef2a                Tools_DisableTimeout
 .text.Tools_IsTimeoutDisabled
                0xfffcef2e        0x8 ./Sources/Main/EmbOS/tools/Tools_TimeTrigger.o
                0xfffcef2e                Tools_IsTimeoutDisabled
 .text.Tools_IsTimeoutExpired
                0xfffcef36       0x24 ./Sources/Main/EmbOS/tools/Tools_TimeTrigger.o
                0xfffcef36                Tools_IsTimeoutExpired
 .text.Tools_CreateTimingMeasure
                0xfffcef5a       0x1b ./Sources/Main/EmbOS/tools/Tools_TimingMeasure.o
                0xfffcef5a                Tools_CreateTimingMeasure
 .text.Tools_TimingSetRef
                0xfffcef75        0x4 ./Sources/Main/EmbOS/tools/Tools_TimingMeasure.o
                0xfffcef75                Tools_TimingSetRef
 .text.Tools_GetTiming
                0xfffcef79       0x13 ./Sources/Main/EmbOS/tools/Tools_TimingMeasure.o
                0xfffcef79                Tools_GetTiming
 .text.Tools_CreateTimingStats
                0xfffcef8c        0xd ./Sources/Main/EmbOS/tools/Tools_TimingMeasure.o
                0xfffcef8c                Tools_CreateTimingStats
 *fill*         0xfffcef99        0x1 
 .text.Tools_ProcessValue
                0xfffcef9a       0x18 ./Sources/Main/EmbOS/tools/Tools_TimingMeasure.o
                0xfffcef9a                Tools_ProcessValue
 .text.Main_ActivityList_Init
                0xfffcefb2        0x7 ./Sources/Main/EmbOS/Services/ActivityList/Main_ActivityList.o
                0xfffcefb2                Main_ActivityList_Init
 *fill*         0xfffcefb9        0x1 
 .text.Main_CreateActivity
                0xfffcefba       0x1a ./Sources/Main/EmbOS/Services/ActivityList/Main_ActivityList.o
                0xfffcefba                Main_CreateActivity
 .text.Main_ActivityProcess
                0xfffcefd4       0x28 ./Sources/Main/EmbOS/Services/ActivityList/Main_ActivityList.o
                0xfffcefd4                Main_ActivityProcess
 .text.Backup_SystemBackup
                0xfffceffc       0x5c ./Sources/Main/EmbOS/Backup.o
                0xfffceffc                Backup_SystemBackup
 .text.DoRestoreSystem
                0xfffcf058        0x4 ./Sources/Main/EmbOS/Backup.o
                0xfffcf058                DoRestoreSystem
 .text.Main_AnalogInputsTask
                0xfffcf05c       0x3e ./Sources/Main/EmbOS/Main_AnalogInputs.o
 .text.Main_AnalogInit
                0xfffcf09a       0x46 ./Sources/Main/EmbOS/Main_AnalogInputs.o
                0xfffcf09a                Main_AnalogInit
 .text.Main_AnalogRefMonitor
                0xfffcf0e0       0x15 ./Sources/Main/EmbOS/Main_AnalogInputs.o
                0xfffcf0e0                Main_AnalogRefMonitor
 .text.Main_Analog_IsRefOk
                0xfffcf0f5        0xa ./Sources/Main/EmbOS/Main_AnalogInputs.o
                0xfffcf0f5                Main_Analog_IsRefOk
 .text.Main_ActivateAnalogInputs
                0xfffcf0ff       0x1b ./Sources/Main/EmbOS/Main_AnalogInputs.o
                0xfffcf0ff                Main_ActivateAnalogInputs
 .text.AlmAnalogCallback
                0xfffcf11a        0x4 ./Sources/Main/EmbOS/Main_AnalogInputs.o
 .text.Main_ScheduleAnalogMeasure
                0xfffcf11e       0x6e ./Sources/Main/EmbOS/Main_AnalogInputs.o
                0xfffcf11e                Main_ScheduleAnalogMeasure
 .text.Main_ApplicationPeriodicAsynTask
                0xfffcf18c       0x6a ./Sources/Main/EmbOS/Main_Application.o
 .text.Main_ApplicationInit
                0xfffcf1f6       0x28 ./Sources/Main/EmbOS/Main_Application.o
                0xfffcf1f6                Main_ApplicationInit
 .text.Main_BackupTask
                0xfffcf21e       0x34 ./Sources/Main/EmbOS/Main_Backup.o
 .text.Main_BackupInit
                0xfffcf252       0x28 ./Sources/Main/EmbOS/Main_Backup.o
                0xfffcf252                Main_BackupInit
 .text.Main_ActivateBackup
                0xfffcf27a       0x1b ./Sources/Main/EmbOS/Main_Backup.o
                0xfffcf27a                Main_ActivateBackup
 *fill*         0xfffcf295        0x1 
 .text.Main_Backup_DoRestore
                0xfffcf296       0x3a ./Sources/Main/EmbOS/Main_Backup.o
                0xfffcf296                Main_Backup_DoRestore
 .text.AlmFeedbacksCallback
                0xfffcf2d0       0x1b ./Sources/Main/EmbOS/Main_Feedbacks.o
 *fill*         0xfffcf2eb        0x1 
 .text.Main_FeedbacksTask
                0xfffcf2ec       0x54 ./Sources/Main/EmbOS/Main_Feedbacks.o
 .text.Main_FeedbacksInit
                0xfffcf340       0x50 ./Sources/Main/EmbOS/Main_Feedbacks.o
                0xfffcf340                Main_FeedbacksInit
 .text.Main_ActivateFeedbacks_AsyncRead
                0xfffcf390       0x75 ./Sources/Main/EmbOS/Main_Feedbacks.o
                0xfffcf390                Main_ActivateFeedbacks_AsyncRead
 *fill*         0xfffcf405        0x1 
 .text.Main_ScheduleFeedbacks
                0xfffcf406       0x7c ./Sources/Main/EmbOS/Main_Feedbacks.o
                0xfffcf406                Main_ScheduleFeedbacks
 .text.Main_SupervisorTask
                0xfffcf482      0x102 ./Sources/Main/EmbOS/Main_Init.o
 .text.startup.main
                0xfffcf584       0x6a ./Sources/Main/EmbOS/Main_Init.o
                0xfffcf584                main
 .text.Main_ZcSyncMonitor
                0xfffcf5ee       0x15 ./Sources/Main/EmbOS/Main_Init.o
                0xfffcf5ee                Main_ZcSyncMonitor