   1                             		.file	"LIB_GridVoltage.c"
   2                             		.section P,"ax"
   3                             	.Ltext0:
   4                             		.section	.text.LIB_GV_SetVLineRef,"ax",@progbits
   5                             		.global	_LIB_GV_SetVLineRef
   7                             	_LIB_GV_SetVLineRef:
   8                             	.LFB0:
   9                             		.file 1 "C:/Workspace/FW_Inertia/branch_indesit/PlatformLibrary/LIB_GridVoltage/LIB_GridVoltage.c"
   1:C:/Workspace/FW_Inertia/branch_indesit/PlatformLibrary/LIB_GridVoltage\LIB_GridVoltage.c **** /*
   2:C:/Workspace/FW_Inertia/branch_indesit/PlatformLibrary/LIB_GridVoltage\LIB_GridVoltage.c **** Copyright (c) 2004-2005, Indesit Company, I.D.D..
   3:C:/Workspace/FW_Inertia/branch_indesit/PlatformLibrary/LIB_GridVoltage\LIB_GridVoltage.c **** Tutti i diritti sono riservati. All rights reserved.
   4:C:/Workspace/FW_Inertia/branch_indesit/PlatformLibrary/LIB_GridVoltage\LIB_GridVoltage.c **** */
   5:C:/Workspace/FW_Inertia/branch_indesit/PlatformLibrary/LIB_GridVoltage\LIB_GridVoltage.c **** 
   6:C:/Workspace/FW_Inertia/branch_indesit/PlatformLibrary/LIB_GridVoltage\LIB_GridVoltage.c **** /**
   7:C:/Workspace/FW_Inertia/branch_indesit/PlatformLibrary/LIB_GridVoltage\LIB_GridVoltage.c **** \n
   8:C:/Workspace/FW_Inertia/branch_indesit/PlatformLibrary/LIB_GridVoltage\LIB_GridVoltage.c **** \par		LIB_GridVoltage.c
   9:C:/Workspace/FW_Inertia/branch_indesit/PlatformLibrary/LIB_GridVoltage\LIB_GridVoltage.c **** \n			Implementation of all functions necessary to achieve the aim.
  10:C:/Workspace/FW_Inertia/branch_indesit/PlatformLibrary/LIB_GridVoltage\LIB_GridVoltage.c **** \n
  11:C:/Workspace/FW_Inertia/branch_indesit/PlatformLibrary/LIB_GridVoltage\LIB_GridVoltage.c **** \file		LIB_GridVoltage.c 
  12:C:/Workspace/FW_Inertia/branch_indesit/PlatformLibrary/LIB_GridVoltage\LIB_GridVoltage.c **** \ingroup	LIB_GridVoltage
  13:C:/Workspace/FW_Inertia/branch_indesit/PlatformLibrary/LIB_GridVoltage\LIB_GridVoltage.c **** \date		Jan 12, 2011 
  14:C:/Workspace/FW_Inertia/branch_indesit/PlatformLibrary/LIB_GridVoltage\LIB_GridVoltage.c **** \version	01.00.00 
  15:C:/Workspace/FW_Inertia/branch_indesit/PlatformLibrary/LIB_GridVoltage\LIB_GridVoltage.c **** \author		stefano.ughi 
  16:C:/Workspace/FW_Inertia/branch_indesit/PlatformLibrary/LIB_GridVoltage\LIB_GridVoltage.c **** \n
  17:C:/Workspace/FW_Inertia/branch_indesit/PlatformLibrary/LIB_GridVoltage\LIB_GridVoltage.c **** \n
  18:C:/Workspace/FW_Inertia/branch_indesit/PlatformLibrary/LIB_GridVoltage\LIB_GridVoltage.c **** \par\b	History:
  19:C:/Workspace/FW_Inertia/branch_indesit/PlatformLibrary/LIB_GridVoltage\LIB_GridVoltage.c **** \n 
  20:C:/Workspace/FW_Inertia/branch_indesit/PlatformLibrary/LIB_GridVoltage\LIB_GridVoltage.c **** \n 		01.00.00 
  21:C:/Workspace/FW_Inertia/branch_indesit/PlatformLibrary/LIB_GridVoltage\LIB_GridVoltage.c **** \n		Jan 12, 2011 
  22:C:/Workspace/FW_Inertia/branch_indesit/PlatformLibrary/LIB_GridVoltage\LIB_GridVoltage.c **** \n		stefano.ughi 
  23:C:/Workspace/FW_Inertia/branch_indesit/PlatformLibrary/LIB_GridVoltage\LIB_GridVoltage.c **** \n		changes 
  24:C:/Workspace/FW_Inertia/branch_indesit/PlatformLibrary/LIB_GridVoltage\LIB_GridVoltage.c **** \n 			Creation
  25:C:/Workspace/FW_Inertia/branch_indesit/PlatformLibrary/LIB_GridVoltage\LIB_GridVoltage.c **** \n
  26:C:/Workspace/FW_Inertia/branch_indesit/PlatformLibrary/LIB_GridVoltage\LIB_GridVoltage.c **** \n
  27:C:/Workspace/FW_Inertia/branch_indesit/PlatformLibrary/LIB_GridVoltage\LIB_GridVoltage.c **** */
  28:C:/Workspace/FW_Inertia/branch_indesit/PlatformLibrary/LIB_GridVoltage\LIB_GridVoltage.c **** 
  29:C:/Workspace/FW_Inertia/branch_indesit/PlatformLibrary/LIB_GridVoltage\LIB_GridVoltage.c **** /* ******** */
  30:C:/Workspace/FW_Inertia/branch_indesit/PlatformLibrary/LIB_GridVoltage\LIB_GridVoltage.c **** /* Includes */
  31:C:/Workspace/FW_Inertia/branch_indesit/PlatformLibrary/LIB_GridVoltage\LIB_GridVoltage.c **** /* ******** */
  32:C:/Workspace/FW_Inertia/branch_indesit/PlatformLibrary/LIB_GridVoltage\LIB_GridVoltage.c **** #include "Config.h"
  33:C:/Workspace/FW_Inertia/branch_indesit/PlatformLibrary/LIB_GridVoltage\LIB_GridVoltage.c **** #include "LIB_GridVoltage.h"
  34:C:/Workspace/FW_Inertia/branch_indesit/PlatformLibrary/LIB_GridVoltage\LIB_GridVoltage.c **** 
  35:C:/Workspace/FW_Inertia/branch_indesit/PlatformLibrary/LIB_GridVoltage\LIB_GridVoltage.c **** /* ****************** */
  36:C:/Workspace/FW_Inertia/branch_indesit/PlatformLibrary/LIB_GridVoltage\LIB_GridVoltage.c **** /* Defines and Macros */
  37:C:/Workspace/FW_Inertia/branch_indesit/PlatformLibrary/LIB_GridVoltage\LIB_GridVoltage.c **** /* ****************** */
  38:C:/Workspace/FW_Inertia/branch_indesit/PlatformLibrary/LIB_GridVoltage\LIB_GridVoltage.c **** 
  39:C:/Workspace/FW_Inertia/branch_indesit/PlatformLibrary/LIB_GridVoltage\LIB_GridVoltage.c **** /*----------- Nominal Voltage Detection ---------------*/
  40:C:/Workspace/FW_Inertia/branch_indesit/PlatformLibrary/LIB_GridVoltage\LIB_GridVoltage.c **** /* A/D value in order to distinguish nominal voltage 230V e 110V */
  41:C:/Workspace/FW_Inertia/branch_indesit/PlatformLibrary/LIB_GridVoltage\LIB_GridVoltage.c **** #define VLINE_THRESHOLD     (ADC_ValueType)(((uint32_t)ONE_AD_SAMPLE_MAX_VALUE*V_EFF_TH*SQUARE_ROOT
  42:C:/Workspace/FW_Inertia/branch_indesit/PlatformLibrary/LIB_GridVoltage\LIB_GridVoltage.c **** 
  43:C:/Workspace/FW_Inertia/branch_indesit/PlatformLibrary/LIB_GridVoltage\LIB_GridVoltage.c **** #define VLINE_SHORT_FLT_MAX_VALUE       10
  44:C:/Workspace/FW_Inertia/branch_indesit/PlatformLibrary/LIB_GridVoltage\LIB_GridVoltage.c **** #define VLINE_LONG_FLT_START_VALUE 		128
  45:C:/Workspace/FW_Inertia/branch_indesit/PlatformLibrary/LIB_GridVoltage\LIB_GridVoltage.c **** #define VLINE_MAX_V 	                10
  46:C:/Workspace/FW_Inertia/branch_indesit/PlatformLibrary/LIB_GridVoltage\LIB_GridVoltage.c **** #define VLINE_MIN_V 	                0
  47:C:/Workspace/FW_Inertia/branch_indesit/PlatformLibrary/LIB_GridVoltage\LIB_GridVoltage.c **** #define VLINE_AWG_FILTER_DECISION		100 
  48:C:/Workspace/FW_Inertia/branch_indesit/PlatformLibrary/LIB_GridVoltage\LIB_GridVoltage.c **** /*----------- Nominal Voltage Detection ---------------*/
  49:C:/Workspace/FW_Inertia/branch_indesit/PlatformLibrary/LIB_GridVoltage\LIB_GridVoltage.c **** 
  50:C:/Workspace/FW_Inertia/branch_indesit/PlatformLibrary/LIB_GridVoltage\LIB_GridVoltage.c **** /*----------- Under and Over Voltage Detection ---------------*/
  51:C:/Workspace/FW_Inertia/branch_indesit/PlatformLibrary/LIB_GridVoltage\LIB_GridVoltage.c **** /** Initial Filter before starting acquisition */
  52:C:/Workspace/FW_Inertia/branch_indesit/PlatformLibrary/LIB_GridVoltage\LIB_GridVoltage.c **** #define VLINE_TH_FLT                    50
  53:C:/Workspace/FW_Inertia/branch_indesit/PlatformLibrary/LIB_GridVoltage\LIB_GridVoltage.c **** #define VLINE_HISTERESYS                10  /* [A/D] */
  54:C:/Workspace/FW_Inertia/branch_indesit/PlatformLibrary/LIB_GridVoltage\LIB_GridVoltage.c **** /*----------- Under and Over Voltage Detection ---------------*/
  55:C:/Workspace/FW_Inertia/branch_indesit/PlatformLibrary/LIB_GridVoltage\LIB_GridVoltage.c **** 
  56:C:/Workspace/FW_Inertia/branch_indesit/PlatformLibrary/LIB_GridVoltage\LIB_GridVoltage.c **** /* *************************** */
  57:C:/Workspace/FW_Inertia/branch_indesit/PlatformLibrary/LIB_GridVoltage\LIB_GridVoltage.c **** /* Typedef, Structs and Unions */
  58:C:/Workspace/FW_Inertia/branch_indesit/PlatformLibrary/LIB_GridVoltage\LIB_GridVoltage.c **** /* *************************** */
  59:C:/Workspace/FW_Inertia/branch_indesit/PlatformLibrary/LIB_GridVoltage\LIB_GridVoltage.c **** 
  60:C:/Workspace/FW_Inertia/branch_indesit/PlatformLibrary/LIB_GridVoltage\LIB_GridVoltage.c **** 
  61:C:/Workspace/FW_Inertia/branch_indesit/PlatformLibrary/LIB_GridVoltage\LIB_GridVoltage.c **** /* ********* */
  62:C:/Workspace/FW_Inertia/branch_indesit/PlatformLibrary/LIB_GridVoltage\LIB_GridVoltage.c **** /* Variables */
  63:C:/Workspace/FW_Inertia/branch_indesit/PlatformLibrary/LIB_GridVoltage\LIB_GridVoltage.c **** /* ********* */
  64:C:/Workspace/FW_Inertia/branch_indesit/PlatformLibrary/LIB_GridVoltage\LIB_GridVoltage.c **** 
  65:C:/Workspace/FW_Inertia/branch_indesit/PlatformLibrary/LIB_GridVoltage\LIB_GridVoltage.c **** /* Global */
  66:C:/Workspace/FW_Inertia/branch_indesit/PlatformLibrary/LIB_GridVoltage\LIB_GridVoltage.c **** 
  67:C:/Workspace/FW_Inertia/branch_indesit/PlatformLibrary/LIB_GridVoltage\LIB_GridVoltage.c **** /* Static */
  68:C:/Workspace/FW_Inertia/branch_indesit/PlatformLibrary/LIB_GridVoltage\LIB_GridVoltage.c **** /*----------- Nominal Voltage Detection ---------------*/
  69:C:/Workspace/FW_Inertia/branch_indesit/PlatformLibrary/LIB_GridVoltage\LIB_GridVoltage.c **** static uint8_t VlineChkShortFilter;
  70:C:/Workspace/FW_Inertia/branch_indesit/PlatformLibrary/LIB_GridVoltage\LIB_GridVoltage.c **** static uint8_t VlineChkLongFilter;
  71:C:/Workspace/FW_Inertia/branch_indesit/PlatformLibrary/LIB_GridVoltage\LIB_GridVoltage.c **** static uint8_t VlineCntr_230;
  72:C:/Workspace/FW_Inertia/branch_indesit/PlatformLibrary/LIB_GridVoltage\LIB_GridVoltage.c **** static uint8_t VlineCntr_110;
  73:C:/Workspace/FW_Inertia/branch_indesit/PlatformLibrary/LIB_GridVoltage\LIB_GridVoltage.c **** static uint8_t Vline_awg_filter;
  74:C:/Workspace/FW_Inertia/branch_indesit/PlatformLibrary/LIB_GridVoltage\LIB_GridVoltage.c **** /*----------- Nominal Voltage Detection ---------------*/
  75:C:/Workspace/FW_Inertia/branch_indesit/PlatformLibrary/LIB_GridVoltage\LIB_GridVoltage.c **** 
  76:C:/Workspace/FW_Inertia/branch_indesit/PlatformLibrary/LIB_GridVoltage\LIB_GridVoltage.c **** /*----------- Under and Over Voltage Detection ---------------*/
  77:C:/Workspace/FW_Inertia/branch_indesit/PlatformLibrary/LIB_GridVoltage\LIB_GridVoltage.c **** /** Low Reference value  */
  78:C:/Workspace/FW_Inertia/branch_indesit/PlatformLibrary/LIB_GridVoltage\LIB_GridVoltage.c **** static uint16_t VLine_Ref_Value_L;
  79:C:/Workspace/FW_Inertia/branch_indesit/PlatformLibrary/LIB_GridVoltage\LIB_GridVoltage.c **** /** High Reference value  */
  80:C:/Workspace/FW_Inertia/branch_indesit/PlatformLibrary/LIB_GridVoltage\LIB_GridVoltage.c **** static uint16_t VLine_Ref_Value_H;
  81:C:/Workspace/FW_Inertia/branch_indesit/PlatformLibrary/LIB_GridVoltage\LIB_GridVoltage.c **** /** Number of crossing under the refl*/
  82:C:/Workspace/FW_Inertia/branch_indesit/PlatformLibrary/LIB_GridVoltage\LIB_GridVoltage.c **** static uint16_t VLine_Number_Of_Crossing_refl;
  83:C:/Workspace/FW_Inertia/branch_indesit/PlatformLibrary/LIB_GridVoltage\LIB_GridVoltage.c **** /** Number of crossing over the refh*/
  84:C:/Workspace/FW_Inertia/branch_indesit/PlatformLibrary/LIB_GridVoltage\LIB_GridVoltage.c **** static uint16_t VLine_Number_Of_Crossing_refh;
  85:C:/Workspace/FW_Inertia/branch_indesit/PlatformLibrary/LIB_GridVoltage\LIB_GridVoltage.c **** /** Initial filter before starting acquisition */
  86:C:/Workspace/FW_Inertia/branch_indesit/PlatformLibrary/LIB_GridVoltage\LIB_GridVoltage.c **** static uint8_t VlineTH_InitalFlt;
  87:C:/Workspace/FW_Inertia/branch_indesit/PlatformLibrary/LIB_GridVoltage\LIB_GridVoltage.c **** /** If TRUE LIB_GV_SetVLineRef() called by Application */
  88:C:/Workspace/FW_Inertia/branch_indesit/PlatformLibrary/LIB_GridVoltage\LIB_GridVoltage.c **** static bool_t VlineRefSetupDone = FALSE;
  89:C:/Workspace/FW_Inertia/branch_indesit/PlatformLibrary/LIB_GridVoltage\LIB_GridVoltage.c **** /** If TRUE Over Voltage Detected, don't update again over voltage counter */
  90:C:/Workspace/FW_Inertia/branch_indesit/PlatformLibrary/LIB_GridVoltage\LIB_GridVoltage.c **** static bool_t OverVoltage;
  91:C:/Workspace/FW_Inertia/branch_indesit/PlatformLibrary/LIB_GridVoltage\LIB_GridVoltage.c **** /** If TRUE Under Voltage Detected, don't update again under voltage counter */
  92:C:/Workspace/FW_Inertia/branch_indesit/PlatformLibrary/LIB_GridVoltage\LIB_GridVoltage.c **** static bool_t UnderVoltage;
  93:C:/Workspace/FW_Inertia/branch_indesit/PlatformLibrary/LIB_GridVoltage\LIB_GridVoltage.c **** /*----------- Under and Over Voltage Detection ---------------*/
  94:C:/Workspace/FW_Inertia/branch_indesit/PlatformLibrary/LIB_GridVoltage\LIB_GridVoltage.c **** 
  95:C:/Workspace/FW_Inertia/branch_indesit/PlatformLibrary/LIB_GridVoltage\LIB_GridVoltage.c **** /* ******************* */
  96:C:/Workspace/FW_Inertia/branch_indesit/PlatformLibrary/LIB_GridVoltage\LIB_GridVoltage.c **** /* Functions Prototype */
  97:C:/Workspace/FW_Inertia/branch_indesit/PlatformLibrary/LIB_GridVoltage\LIB_GridVoltage.c **** /* ******************* */
  98:C:/Workspace/FW_Inertia/branch_indesit/PlatformLibrary/LIB_GridVoltage\LIB_GridVoltage.c **** 
  99:C:/Workspace/FW_Inertia/branch_indesit/PlatformLibrary/LIB_GridVoltage\LIB_GridVoltage.c **** /* Exported function */
 100:C:/Workspace/FW_Inertia/branch_indesit/PlatformLibrary/LIB_GridVoltage\LIB_GridVoltage.c **** 
 101:C:/Workspace/FW_Inertia/branch_indesit/PlatformLibrary/LIB_GridVoltage\LIB_GridVoltage.c **** /* Local Function */
 102:C:/Workspace/FW_Inertia/branch_indesit/PlatformLibrary/LIB_GridVoltage\LIB_GridVoltage.c **** 
 103:C:/Workspace/FW_Inertia/branch_indesit/PlatformLibrary/LIB_GridVoltage\LIB_GridVoltage.c **** /* *************** */
 104:C:/Workspace/FW_Inertia/branch_indesit/PlatformLibrary/LIB_GridVoltage\LIB_GridVoltage.c **** /* Function Bodies */
 105:C:/Workspace/FW_Inertia/branch_indesit/PlatformLibrary/LIB_GridVoltage\LIB_GridVoltage.c **** /* *************** */
 106:C:/Workspace/FW_Inertia/branch_indesit/PlatformLibrary/LIB_GridVoltage\LIB_GridVoltage.c **** 
 107:C:/Workspace/FW_Inertia/branch_indesit/PlatformLibrary/LIB_GridVoltage\LIB_GridVoltage.c **** /* Exported function */
 108:C:/Workspace/FW_Inertia/branch_indesit/PlatformLibrary/LIB_GridVoltage\LIB_GridVoltage.c **** /**
 109:C:/Workspace/FW_Inertia/branch_indesit/PlatformLibrary/LIB_GridVoltage\LIB_GridVoltage.c **** \n Set up of eligibility thresholds for V peak [A/D].
 110:C:/Workspace/FW_Inertia/branch_indesit/PlatformLibrary/LIB_GridVoltage\LIB_GridVoltage.c **** \n Called by Application, used for statistics.
 111:C:/Workspace/FW_Inertia/branch_indesit/PlatformLibrary/LIB_GridVoltage\LIB_GridVoltage.c **** 
 112:C:/Workspace/FW_Inertia/branch_indesit/PlatformLibrary/LIB_GridVoltage\LIB_GridVoltage.c **** \param  [in]	refl lower limit for the eligibility of V peak.
 113:C:/Workspace/FW_Inertia/branch_indesit/PlatformLibrary/LIB_GridVoltage\LIB_GridVoltage.c **** \param  [in]	refh upper limit for the eligibility of V peak.
 114:C:/Workspace/FW_Inertia/branch_indesit/PlatformLibrary/LIB_GridVoltage\LIB_GridVoltage.c **** 
 115:C:/Workspace/FW_Inertia/branch_indesit/PlatformLibrary/LIB_GridVoltage\LIB_GridVoltage.c **** \author 	Stefano Ughi
 116:C:/Workspace/FW_Inertia/branch_indesit/PlatformLibrary/LIB_GridVoltage\LIB_GridVoltage.c **** \date		Jan 13,2011
 117:C:/Workspace/FW_Inertia/branch_indesit/PlatformLibrary/LIB_GridVoltage\LIB_GridVoltage.c **** \version	1.0.1
 118:C:/Workspace/FW_Inertia/branch_indesit/PlatformLibrary/LIB_GridVoltage\LIB_GridVoltage.c **** 
 119:C:/Workspace/FW_Inertia/branch_indesit/PlatformLibrary/LIB_GridVoltage\LIB_GridVoltage.c **** \todo       sarebbe opportuno che i valori passati alla funzione fossero in volt e non in A/D
 120:C:/Workspace/FW_Inertia/branch_indesit/PlatformLibrary/LIB_GridVoltage\LIB_GridVoltage.c ****             sebbene questo comporti una modifica del file di setting.
 121:C:/Workspace/FW_Inertia/branch_indesit/PlatformLibrary/LIB_GridVoltage\LIB_GridVoltage.c ****                 
 122:C:/Workspace/FW_Inertia/branch_indesit/PlatformLibrary/LIB_GridVoltage\LIB_GridVoltage.c **** \note		\par \b Nota 1:
 123:C:/Workspace/FW_Inertia/branch_indesit/PlatformLibrary/LIB_GridVoltage\LIB_GridVoltage.c **** 			documentation by Stefano Ughi
 124:C:/Workspace/FW_Inertia/branch_indesit/PlatformLibrary/LIB_GridVoltage\LIB_GridVoltage.c ****             \par \b Nota 2:
 125:C:/Workspace/FW_Inertia/branch_indesit/PlatformLibrary/LIB_GridVoltage\LIB_GridVoltage.c ****             Ex SetVLineRef
 126:C:/Workspace/FW_Inertia/branch_indesit/PlatformLibrary/LIB_GridVoltage\LIB_GridVoltage.c **** */
 127:C:/Workspace/FW_Inertia/branch_indesit/PlatformLibrary/LIB_GridVoltage\LIB_GridVoltage.c **** void LIB_GV_SetVLineRef(uint16_t refl, uint16_t refh)
 128:C:/Workspace/FW_Inertia/branch_indesit/PlatformLibrary/LIB_GridVoltage\LIB_GridVoltage.c **** {
  10                             		.loc 1 128 0
  11                             	.LVL0:
 129:C:/Workspace/FW_Inertia/branch_indesit/PlatformLibrary/LIB_GridVoltage\LIB_GridVoltage.c ****     VLine_Ref_Value_L = refl;
  12                             		.loc 1 129 0
  13 0000 FB E2 00 00 00 00       		mov.L	#_VLine_Ref_Value_L, r14
  14 0006 D3 E1                   		mov.W	r1, [r14]
 130:C:/Workspace/FW_Inertia/branch_indesit/PlatformLibrary/LIB_GridVoltage\LIB_GridVoltage.c ****     VLine_Ref_Value_H = refh;
  15                             		.loc 1 130 0
  16 0008 FB E2 00 00 00 00       		mov.L	#_VLine_Ref_Value_H, r14
  17 000e D3 E2                   		mov.W	r2, [r14]
 131:C:/Workspace/FW_Inertia/branch_indesit/PlatformLibrary/LIB_GridVoltage\LIB_GridVoltage.c ****     VLine_Number_Of_Crossing_refl = 0;
  18                             		.loc 1 131 0
  19 0010 FB E2 00 00 00 00       		mov.L	#_VLine_Number_Of_Crossing_refl, r14
  20 0016 F8 E5 00                		mov.W	#0, [r14]
 132:C:/Workspace/FW_Inertia/branch_indesit/PlatformLibrary/LIB_GridVoltage\LIB_GridVoltage.c ****     VLine_Number_Of_Crossing_refh = 0;    
  21                             		.loc 1 132 0
  22 0019 FB E2 00 00 00 00       		mov.L	#_VLine_Number_Of_Crossing_refh, r14
  23 001f F8 E5 00                		mov.W	#0, [r14]
 133:C:/Workspace/FW_Inertia/branch_indesit/PlatformLibrary/LIB_GridVoltage\LIB_GridVoltage.c ****     OverVoltage = FALSE;
  24                             		.loc 1 133 0
  25 0022 FB E2 00 00 00 00       		mov.L	#_OverVoltage, r14
  26 0028 F8 E6 00                		mov.L	#0, [r14]
 134:C:/Workspace/FW_Inertia/branch_indesit/PlatformLibrary/LIB_GridVoltage\LIB_GridVoltage.c ****     UnderVoltage = FALSE;    
  27                             		.loc 1 134 0
  28 002b FB E2 00 00 00 00       		mov.L	#_UnderVoltage, r14
  29 0031 F8 E6 00                		mov.L	#0, [r14]
 135:C:/Workspace/FW_Inertia/branch_indesit/PlatformLibrary/LIB_GridVoltage\LIB_GridVoltage.c ****     VlineTH_InitalFlt = 0;    
  30                             		.loc 1 135 0
  31 0034 FB E2 00 00 00 00       		mov.L	#_VlineTH_InitalFlt, r14
  32 003a F8 E4 00                		mov.B	#0, [r14]
 136:C:/Workspace/FW_Inertia/branch_indesit/PlatformLibrary/LIB_GridVoltage\LIB_GridVoltage.c ****     VlineRefSetupDone = TRUE;
  33                             		.loc 1 136 0
  34 003d FB E2 00 00 00 00       		mov.L	#_VlineRefSetupDone, r14
  35 0043 F8 E6 01                		mov.L	#1, [r14]
  36 0046 02                      		rts
  37                             	.LFE0:
  39                             		.section	.text.ManageVLineRefCrossing,"ax",@progbits
  40                             		.global	_ManageVLineRefCrossing
  42                             	_ManageVLineRefCrossing:
  43                             	.LFB1:
 137:C:/Workspace/FW_Inertia/branch_indesit/PlatformLibrary/LIB_GridVoltage\LIB_GridVoltage.c **** }
 138:C:/Workspace/FW_Inertia/branch_indesit/PlatformLibrary/LIB_GridVoltage\LIB_GridVoltage.c **** /**
 139:C:/Workspace/FW_Inertia/branch_indesit/PlatformLibrary/LIB_GridVoltage\LIB_GridVoltage.c **** \n Determination of the number of times that V peak was found out a band of acceptance,
 140:C:/Workspace/FW_Inertia/branch_indesit/PlatformLibrary/LIB_GridVoltage\LIB_GridVoltage.c **** \n the function is used only for statistical purposes.
 141:C:/Workspace/FW_Inertia/branch_indesit/PlatformLibrary/LIB_GridVoltage\LIB_GridVoltage.c **** 
 142:C:/Workspace/FW_Inertia/branch_indesit/PlatformLibrary/LIB_GridVoltage\LIB_GridVoltage.c **** 
 143:C:/Workspace/FW_Inertia/branch_indesit/PlatformLibrary/LIB_GridVoltage\LIB_GridVoltage.c **** \author 	Stefano Ughi
 144:C:/Workspace/FW_Inertia/branch_indesit/PlatformLibrary/LIB_GridVoltage\LIB_GridVoltage.c **** \date		Jan 13,2011
 145:C:/Workspace/FW_Inertia/branch_indesit/PlatformLibrary/LIB_GridVoltage\LIB_GridVoltage.c **** \version	1.0.1
 146:C:/Workspace/FW_Inertia/branch_indesit/PlatformLibrary/LIB_GridVoltage\LIB_GridVoltage.c **** 
 147:C:/Workspace/FW_Inertia/branch_indesit/PlatformLibrary/LIB_GridVoltage\LIB_GridVoltage.c **** \todo       sarebbe opportuno lavorare in volt  
 148:C:/Workspace/FW_Inertia/branch_indesit/PlatformLibrary/LIB_GridVoltage\LIB_GridVoltage.c **** \note		\par \b Nota 1:
 149:C:/Workspace/FW_Inertia/branch_indesit/PlatformLibrary/LIB_GridVoltage\LIB_GridVoltage.c **** 			documentation by Stefano Ughi
 150:C:/Workspace/FW_Inertia/branch_indesit/PlatformLibrary/LIB_GridVoltage\LIB_GridVoltage.c **** 
 151:C:/Workspace/FW_Inertia/branch_indesit/PlatformLibrary/LIB_GridVoltage\LIB_GridVoltage.c **** */
 152:C:/Workspace/FW_Inertia/branch_indesit/PlatformLibrary/LIB_GridVoltage\LIB_GridVoltage.c **** void ManageVLineRefCrossing(ADC_ValueType vPeakADvalue)
 153:C:/Workspace/FW_Inertia/branch_indesit/PlatformLibrary/LIB_GridVoltage\LIB_GridVoltage.c **** {
  44                             		.loc 1 153 0
  45                             	.LVL1:
 154:C:/Workspace/FW_Inertia/branch_indesit/PlatformLibrary/LIB_GridVoltage\LIB_GridVoltage.c ****     if ( FALSE == VlineRefSetupDone )
  46                             		.loc 1 154 0
  47 0000 FB E2 00 00 00 00       		mov.L	#_VlineRefSetupDone, r14
  48 0006 EC EE                   		mov.L	[r14], r14
  49 0008 61 0E                   		cmp	#0, r14
  50 000a 20 7F                   		beq	.L2
 155:C:/Workspace/FW_Inertia/branch_indesit/PlatformLibrary/LIB_GridVoltage\LIB_GridVoltage.c ****     {
 156:C:/Workspace/FW_Inertia/branch_indesit/PlatformLibrary/LIB_GridVoltage\LIB_GridVoltage.c ****         /* LIB_GV_SetVLineRef() not called by Application */
 157:C:/Workspace/FW_Inertia/branch_indesit/PlatformLibrary/LIB_GridVoltage\LIB_GridVoltage.c ****         return;
 158:C:/Workspace/FW_Inertia/branch_indesit/PlatformLibrary/LIB_GridVoltage\LIB_GridVoltage.c ****     }
 159:C:/Workspace/FW_Inertia/branch_indesit/PlatformLibrary/LIB_GridVoltage\LIB_GridVoltage.c **** 
 160:C:/Workspace/FW_Inertia/branch_indesit/PlatformLibrary/LIB_GridVoltage\LIB_GridVoltage.c ****     if ( VlineTH_InitalFlt < VLINE_TH_FLT )
  51                             		.loc 1 160 0
  52 000c FB E2 00 00 00 00       		mov.L	#_VlineTH_InitalFlt, r14
  53 0012 CC E4                   		mov.B	[r14], r4
  54 0014 5B 43                   		movu.B	r4, r3
  55 0016 75 53 31                		cmp	#49, r3
  56 0019 24 07                   		bgtu	.L5
 161:C:/Workspace/FW_Inertia/branch_indesit/PlatformLibrary/LIB_GridVoltage\LIB_GridVoltage.c ****     {
 162:C:/Workspace/FW_Inertia/branch_indesit/PlatformLibrary/LIB_GridVoltage\LIB_GridVoltage.c ****         VlineTH_InitalFlt++;
  57                             		.loc 1 162 0
  58 001b 62 14                   		add	#1, r4
  59 001d C3 E4                   		mov.B	r4, [r14]
 163:C:/Workspace/FW_Inertia/branch_indesit/PlatformLibrary/LIB_GridVoltage\LIB_GridVoltage.c ****         return;
  60                             		.loc 1 163 0
  61 001f 02                      		rts
  62                             	.L5:
 164:C:/Workspace/FW_Inertia/branch_indesit/PlatformLibrary/LIB_GridVoltage\LIB_GridVoltage.c ****     }
 165:C:/Workspace/FW_Inertia/branch_indesit/PlatformLibrary/LIB_GridVoltage\LIB_GridVoltage.c **** 
 166:C:/Workspace/FW_Inertia/branch_indesit/PlatformLibrary/LIB_GridVoltage\LIB_GridVoltage.c ****     if ( vPeakADvalue > VLine_Ref_Value_H )
  63                             		.loc 1 166 0
  64 0020 5F 11                   		movu.W	r1, r1
  65 0022 FB E2 00 00 00 00       		mov.L	#_VLine_Ref_Value_H, r14
  66 0028 5C E4                   		movu.W	[r14], r4
  67 002a 47 41                   		cmp	r4, r1
  68 002c 25 16                   		bleu	.L6
 167:C:/Workspace/FW_Inertia/branch_indesit/PlatformLibrary/LIB_GridVoltage\LIB_GridVoltage.c ****     {
 168:C:/Workspace/FW_Inertia/branch_indesit/PlatformLibrary/LIB_GridVoltage\LIB_GridVoltage.c ****         if ( FALSE == OverVoltage )
  69                             		.loc 1 168 0
  70 002e FB E2 00 00 00 00       		mov.L	#_OverVoltage, r14
  71 0034 EC E4                   		mov.L	[r14], r4
  72 0036 61 04                   		cmp	#0, r4
  73 0038 21 51                   		bne	.L2
 169:C:/Workspace/FW_Inertia/branch_indesit/PlatformLibrary/LIB_GridVoltage\LIB_GridVoltage.c ****         {
 170:C:/Workspace/FW_Inertia/branch_indesit/PlatformLibrary/LIB_GridVoltage\LIB_GridVoltage.c ****             VLine_Number_Of_Crossing_refh++;
  74                             		.loc 1 170 0
  75 003a FB 42 00 00 00 00       		mov.L	#_VLine_Number_Of_Crossing_refh, r4
  76 0040 2E 20                   		bra	.L10
  77                             	.L6:
 171:C:/Workspace/FW_Inertia/branch_indesit/PlatformLibrary/LIB_GridVoltage\LIB_GridVoltage.c ****             OverVoltage = TRUE;           
 172:C:/Workspace/FW_Inertia/branch_indesit/PlatformLibrary/LIB_GridVoltage\LIB_GridVoltage.c ****         }
 173:C:/Workspace/FW_Inertia/branch_indesit/PlatformLibrary/LIB_GridVoltage\LIB_GridVoltage.c ****     }
 174:C:/Workspace/FW_Inertia/branch_indesit/PlatformLibrary/LIB_GridVoltage\LIB_GridVoltage.c ****     else if ( vPeakADvalue < VLine_Ref_Value_L )
  78                             		.loc 1 174 0
  79 0042 FB E2 00 00 00 00       		mov.L	#_VLine_Ref_Value_L, r14
  80 0048 5C EE                   		movu.W	[r14], r14
  81 004a 47 E1                   		cmp	r14, r1
  82 004c 22 1E                   		bgeu	.L8
 175:C:/Workspace/FW_Inertia/branch_indesit/PlatformLibrary/LIB_GridVoltage\LIB_GridVoltage.c ****     {
 176:C:/Workspace/FW_Inertia/branch_indesit/PlatformLibrary/LIB_GridVoltage\LIB_GridVoltage.c ****         if ( FALSE == UnderVoltage )
  83                             		.loc 1 176 0
  84 004e FB E2 00 00 00 00       		mov.L	#_UnderVoltage, r14
  85 0054 EC E4                   		mov.L	[r14], r4
  86 0056 61 04                   		cmp	#0, r4
  87 0058 21 31                   		bne	.L2
 177:C:/Workspace/FW_Inertia/branch_indesit/PlatformLibrary/LIB_GridVoltage\LIB_GridVoltage.c ****         {
 178:C:/Workspace/FW_Inertia/branch_indesit/PlatformLibrary/LIB_GridVoltage\LIB_GridVoltage.c ****             VLine_Number_Of_Crossing_refl++;
  88                             		.loc 1 178 0
  89 005a FB 42 00 00 00 00       		mov.L	#_VLine_Number_Of_Crossing_refl, r4
  90                             		.balign 2,3,5
  91                             	.L10:
  92 0060 DC 43                   		mov.W	[r4], r3
  93 0062 62 13                   		add	#1, r3
  94 0064 D3 43                   		mov.W	r3, [r4]
 179:C:/Workspace/FW_Inertia/branch_indesit/PlatformLibrary/LIB_GridVoltage\LIB_GridVoltage.c ****             UnderVoltage = TRUE;    
  95                             		.loc 1 179 0
  96 0066 F8 E6 01                		mov.L	#1, [r14]
  97 0069 02                      		rts
  98                             	.L8:
 180:C:/Workspace/FW_Inertia/branch_indesit/PlatformLibrary/LIB_GridVoltage\LIB_GridVoltage.c ****         }
 181:C:/Workspace/FW_Inertia/branch_indesit/PlatformLibrary/LIB_GridVoltage\LIB_GridVoltage.c ****     }
 182:C:/Workspace/FW_Inertia/branch_indesit/PlatformLibrary/LIB_GridVoltage\LIB_GridVoltage.c ****     else
 183:C:/Workspace/FW_Inertia/branch_indesit/PlatformLibrary/LIB_GridVoltage\LIB_GridVoltage.c ****     {
 184:C:/Workspace/FW_Inertia/branch_indesit/PlatformLibrary/LIB_GridVoltage\LIB_GridVoltage.c ****         /* VLine_Ref_Value_H >= vPeakADvalue >= VLine_Ref_Value_L */
 185:C:/Workspace/FW_Inertia/branch_indesit/PlatformLibrary/LIB_GridVoltage\LIB_GridVoltage.c ****         if ( vPeakADvalue <= (VLine_Ref_Value_H-VLINE_HISTERESYS) )
  99                             		.loc 1 185 0
 100 006a 60 94                   		sub	#9, r4
 101 006c 47 14                   		cmp	r1, r4
 102 006e 2B 0C                   		ble	.L9
 186:C:/Workspace/FW_Inertia/branch_indesit/PlatformLibrary/LIB_GridVoltage\LIB_GridVoltage.c ****         {
 187:C:/Workspace/FW_Inertia/branch_indesit/PlatformLibrary/LIB_GridVoltage\LIB_GridVoltage.c ****             OverVoltage = FALSE;    
 103                             		.loc 1 187 0
 104 0070 FB 42 00 00 00 00       		mov.L	#_OverVoltage, r4
 105 0076 3E 40 00                		mov.L	#0, [r4]
 106 0079 03                      		.balign 2,3,1
 107                             	.L9:
 188:C:/Workspace/FW_Inertia/branch_indesit/PlatformLibrary/LIB_GridVoltage\LIB_GridVoltage.c ****         }
 189:C:/Workspace/FW_Inertia/branch_indesit/PlatformLibrary/LIB_GridVoltage\LIB_GridVoltage.c ****         if ( vPeakADvalue >= (VLine_Ref_Value_L+VLINE_HISTERESYS) )
 108                             		.loc 1 189 0
 109 007a 62 9E                   		add	#9, r14
 110 007c 47 1E                   		cmp	r1, r14
 111 007e 28 0B                   		bge	.L2
 190:C:/Workspace/FW_Inertia/branch_indesit/PlatformLibrary/LIB_GridVoltage\LIB_GridVoltage.c ****         {
 191:C:/Workspace/FW_Inertia/branch_indesit/PlatformLibrary/LIB_GridVoltage\LIB_GridVoltage.c ****             UnderVoltage = FALSE; 
 112                             		.loc 1 191 0
 113 0080 FB E2 00 00 00 00       		mov.L	#_UnderVoltage, r14
 114 0086 F8 E6 00                		mov.L	#0, [r14]
 115                             	.LVL2:
 116                             	.L2:
 117 0089 02                      		rts
 118                             	.LFE1:
 120                             		.section	.text.LIB_GV_ReadVLineCrossing_under_refl,"ax",@progbits
 121                             		.global	_LIB_GV_ReadVLineCrossing_under_refl
 123                             	_LIB_GV_ReadVLineCrossing_under_refl:
 124                             	.LFB2:
 192:C:/Workspace/FW_Inertia/branch_indesit/PlatformLibrary/LIB_GridVoltage\LIB_GridVoltage.c ****         }
 193:C:/Workspace/FW_Inertia/branch_indesit/PlatformLibrary/LIB_GridVoltage\LIB_GridVoltage.c ****     }
 194:C:/Workspace/FW_Inertia/branch_indesit/PlatformLibrary/LIB_GridVoltage\LIB_GridVoltage.c **** }
 195:C:/Workspace/FW_Inertia/branch_indesit/PlatformLibrary/LIB_GridVoltage\LIB_GridVoltage.c **** /**
 196:C:/Workspace/FW_Inertia/branch_indesit/PlatformLibrary/LIB_GridVoltage\LIB_GridVoltage.c **** Returns the # of times that the V peak is gone below the fixed threshold.
 197:C:/Workspace/FW_Inertia/branch_indesit/PlatformLibrary/LIB_GridVoltage\LIB_GridVoltage.c **** 
 198:C:/Workspace/FW_Inertia/branch_indesit/PlatformLibrary/LIB_GridVoltage\LIB_GridVoltage.c **** \return 	uint16_t
 199:C:/Workspace/FW_Inertia/branch_indesit/PlatformLibrary/LIB_GridVoltage\LIB_GridVoltage.c **** 
 200:C:/Workspace/FW_Inertia/branch_indesit/PlatformLibrary/LIB_GridVoltage\LIB_GridVoltage.c **** 
 201:C:/Workspace/FW_Inertia/branch_indesit/PlatformLibrary/LIB_GridVoltage\LIB_GridVoltage.c **** \author 	Platform Group
 202:C:/Workspace/FW_Inertia/branch_indesit/PlatformLibrary/LIB_GridVoltage\LIB_GridVoltage.c **** \date		gg/mm/aaaa
 203:C:/Workspace/FW_Inertia/branch_indesit/PlatformLibrary/LIB_GridVoltage\LIB_GridVoltage.c **** \version	1.0.0
 204:C:/Workspace/FW_Inertia/branch_indesit/PlatformLibrary/LIB_GridVoltage\LIB_GridVoltage.c ****    
 205:C:/Workspace/FW_Inertia/branch_indesit/PlatformLibrary/LIB_GridVoltage\LIB_GridVoltage.c **** \note		\par \b Nota 1:
 206:C:/Workspace/FW_Inertia/branch_indesit/PlatformLibrary/LIB_GridVoltage\LIB_GridVoltage.c **** 			documentation by Stefano Ughi
 207:C:/Workspace/FW_Inertia/branch_indesit/PlatformLibrary/LIB_GridVoltage\LIB_GridVoltage.c **** 
 208:C:/Workspace/FW_Inertia/branch_indesit/PlatformLibrary/LIB_GridVoltage\LIB_GridVoltage.c **** */
 209:C:/Workspace/FW_Inertia/branch_indesit/PlatformLibrary/LIB_GridVoltage\LIB_GridVoltage.c **** uint16_t LIB_GV_ReadVLineCrossing_under_refl(void)
 210:C:/Workspace/FW_Inertia/branch_indesit/PlatformLibrary/LIB_GridVoltage\LIB_GridVoltage.c **** {
 125                             		.loc 1 210 0
 211:C:/Workspace/FW_Inertia/branch_indesit/PlatformLibrary/LIB_GridVoltage\LIB_GridVoltage.c ****     return VLine_Number_Of_Crossing_refl;
 212:C:/Workspace/FW_Inertia/branch_indesit/PlatformLibrary/LIB_GridVoltage\LIB_GridVoltage.c **** }
 126                             		.loc 1 212 0
 127 0000 FB E2 00 00 00 00       		mov.L	#_VLine_Number_Of_Crossing_refl, r14
 128 0006 5C E1                   		movu.W	[r14], r1
 129 0008 02                      		rts
 130                             	.LFE2:
 132                             		.section	.text.LIB_GV_ReadVLineCrossing_over_refh,"ax",@progbits
 133                             		.global	_LIB_GV_ReadVLineCrossing_over_refh
 135                             	_LIB_GV_ReadVLineCrossing_over_refh:
 136                             	.LFB3:
 213:C:/Workspace/FW_Inertia/branch_indesit/PlatformLibrary/LIB_GridVoltage\LIB_GridVoltage.c **** 
 214:C:/Workspace/FW_Inertia/branch_indesit/PlatformLibrary/LIB_GridVoltage\LIB_GridVoltage.c **** /**
 215:C:/Workspace/FW_Inertia/branch_indesit/PlatformLibrary/LIB_GridVoltage\LIB_GridVoltage.c **** Return the # of times that the V peak is gone above the fixed threshold.
 216:C:/Workspace/FW_Inertia/branch_indesit/PlatformLibrary/LIB_GridVoltage\LIB_GridVoltage.c **** 
 217:C:/Workspace/FW_Inertia/branch_indesit/PlatformLibrary/LIB_GridVoltage\LIB_GridVoltage.c **** \return 	uint16_t
 218:C:/Workspace/FW_Inertia/branch_indesit/PlatformLibrary/LIB_GridVoltage\LIB_GridVoltage.c **** 
 219:C:/Workspace/FW_Inertia/branch_indesit/PlatformLibrary/LIB_GridVoltage\LIB_GridVoltage.c **** 
 220:C:/Workspace/FW_Inertia/branch_indesit/PlatformLibrary/LIB_GridVoltage\LIB_GridVoltage.c **** \author 	Platform Group
 221:C:/Workspace/FW_Inertia/branch_indesit/PlatformLibrary/LIB_GridVoltage\LIB_GridVoltage.c **** \date		gg/mm/aaaa
 222:C:/Workspace/FW_Inertia/branch_indesit/PlatformLibrary/LIB_GridVoltage\LIB_GridVoltage.c **** \version	1.0.0
 223:C:/Workspace/FW_Inertia/branch_indesit/PlatformLibrary/LIB_GridVoltage\LIB_GridVoltage.c ****    
 224:C:/Workspace/FW_Inertia/branch_indesit/PlatformLibrary/LIB_GridVoltage\LIB_GridVoltage.c **** \note		\par \b Nota 1:
 225:C:/Workspace/FW_Inertia/branch_indesit/PlatformLibrary/LIB_GridVoltage\LIB_GridVoltage.c **** 			documentation by Stefano Ughi
 226:C:/Workspace/FW_Inertia/branch_indesit/PlatformLibrary/LIB_GridVoltage\LIB_GridVoltage.c **** 
 227:C:/Workspace/FW_Inertia/branch_indesit/PlatformLibrary/LIB_GridVoltage\LIB_GridVoltage.c **** */
 228:C:/Workspace/FW_Inertia/branch_indesit/PlatformLibrary/LIB_GridVoltage\LIB_GridVoltage.c **** uint16_t LIB_GV_ReadVLineCrossing_over_refh(void)
 229:C:/Workspace/FW_Inertia/branch_indesit/PlatformLibrary/LIB_GridVoltage\LIB_GridVoltage.c **** {
 137                             		.loc 1 229 0
 230:C:/Workspace/FW_Inertia/branch_indesit/PlatformLibrary/LIB_GridVoltage\LIB_GridVoltage.c ****     return VLine_Number_Of_Crossing_refh;
 231:C:/Workspace/FW_Inertia/branch_indesit/PlatformLibrary/LIB_GridVoltage\LIB_GridVoltage.c **** }
 138                             		.loc 1 231 0
 139 0000 FB E2 00 00 00 00       		mov.L	#_VLine_Number_Of_Crossing_refh, r14
 140 0006 5C E1                   		movu.W	[r14], r1
 141 0008 02                      		rts
 142                             	.LFE3:
 144                             		.section	.text.LIB_GV_SetVLineRefCntInitValueRefL,"ax",@progbits
 145                             		.global	_LIB_GV_SetVLineRefCntInitValueRefL
 147                             	_LIB_GV_SetVLineRefCntInitValueRefL:
 148                             	.LFB4:
 232:C:/Workspace/FW_Inertia/branch_indesit/PlatformLibrary/LIB_GridVoltage\LIB_GridVoltage.c **** /**
 233:C:/Workspace/FW_Inertia/branch_indesit/PlatformLibrary/LIB_GridVoltage\LIB_GridVoltage.c **** The function is used to set the value of the variable VLine_Number_Of_Crossing_refl (statistics).
 234:C:/Workspace/FW_Inertia/branch_indesit/PlatformLibrary/LIB_GridVoltage\LIB_GridVoltage.c **** 
 235:C:/Workspace/FW_Inertia/branch_indesit/PlatformLibrary/LIB_GridVoltage\LIB_GridVoltage.c **** \param  [in]	init_value value to be set.
 236:C:/Workspace/FW_Inertia/branch_indesit/PlatformLibrary/LIB_GridVoltage\LIB_GridVoltage.c **** 
 237:C:/Workspace/FW_Inertia/branch_indesit/PlatformLibrary/LIB_GridVoltage\LIB_GridVoltage.c ****               
 238:C:/Workspace/FW_Inertia/branch_indesit/PlatformLibrary/LIB_GridVoltage\LIB_GridVoltage.c **** \author 	Platform Group
 239:C:/Workspace/FW_Inertia/branch_indesit/PlatformLibrary/LIB_GridVoltage\LIB_GridVoltage.c **** \date		gg/mm/aaaa
 240:C:/Workspace/FW_Inertia/branch_indesit/PlatformLibrary/LIB_GridVoltage\LIB_GridVoltage.c **** \version	1.0.0
 241:C:/Workspace/FW_Inertia/branch_indesit/PlatformLibrary/LIB_GridVoltage\LIB_GridVoltage.c **** 
 242:C:/Workspace/FW_Inertia/branch_indesit/PlatformLibrary/LIB_GridVoltage\LIB_GridVoltage.c ****    
 243:C:/Workspace/FW_Inertia/branch_indesit/PlatformLibrary/LIB_GridVoltage\LIB_GridVoltage.c **** \note		\par \b Nota 1:
 244:C:/Workspace/FW_Inertia/branch_indesit/PlatformLibrary/LIB_GridVoltage\LIB_GridVoltage.c **** 			documentation by Stefano Ughi
 245:C:/Workspace/FW_Inertia/branch_indesit/PlatformLibrary/LIB_GridVoltage\LIB_GridVoltage.c **** 
 246:C:/Workspace/FW_Inertia/branch_indesit/PlatformLibrary/LIB_GridVoltage\LIB_GridVoltage.c **** */
 247:C:/Workspace/FW_Inertia/branch_indesit/PlatformLibrary/LIB_GridVoltage\LIB_GridVoltage.c **** void LIB_GV_SetVLineRefCntInitValueRefL(uint16_t init_value)
 248:C:/Workspace/FW_Inertia/branch_indesit/PlatformLibrary/LIB_GridVoltage\LIB_GridVoltage.c **** {
 149                             		.loc 1 248 0
 150                             	.LVL3:
 249:C:/Workspace/FW_Inertia/branch_indesit/PlatformLibrary/LIB_GridVoltage\LIB_GridVoltage.c **** 
 250:C:/Workspace/FW_Inertia/branch_indesit/PlatformLibrary/LIB_GridVoltage\LIB_GridVoltage.c ****     VLine_Number_Of_Crossing_refl = init_value;
 151                             		.loc 1 250 0
 152 0000 FB E2 00 00 00 00       		mov.L	#_VLine_Number_Of_Crossing_refl, r14
 153 0006 D3 E1                   		mov.W	r1, [r14]
 154 0008 02                      		rts
 155                             	.LFE4:
 157                             		.section	.text.LIB_GV_SetVLineRefCntInitValueRefH,"ax",@progbits
 158                             		.global	_LIB_GV_SetVLineRefCntInitValueRefH
 160                             	_LIB_GV_SetVLineRefCntInitValueRefH:
 161                             	.LFB5:
 251:C:/Workspace/FW_Inertia/branch_indesit/PlatformLibrary/LIB_GridVoltage\LIB_GridVoltage.c **** 
 252:C:/Workspace/FW_Inertia/branch_indesit/PlatformLibrary/LIB_GridVoltage\LIB_GridVoltage.c **** }
 253:C:/Workspace/FW_Inertia/branch_indesit/PlatformLibrary/LIB_GridVoltage\LIB_GridVoltage.c **** /**
 254:C:/Workspace/FW_Inertia/branch_indesit/PlatformLibrary/LIB_GridVoltage\LIB_GridVoltage.c **** The function is used to set the value of the variable VLine_Number_Of_Crossing_refh (statistics).
 255:C:/Workspace/FW_Inertia/branch_indesit/PlatformLibrary/LIB_GridVoltage\LIB_GridVoltage.c **** 
 256:C:/Workspace/FW_Inertia/branch_indesit/PlatformLibrary/LIB_GridVoltage\LIB_GridVoltage.c **** \param  [in]	init_value value to be set.
 257:C:/Workspace/FW_Inertia/branch_indesit/PlatformLibrary/LIB_GridVoltage\LIB_GridVoltage.c **** 
 258:C:/Workspace/FW_Inertia/branch_indesit/PlatformLibrary/LIB_GridVoltage\LIB_GridVoltage.c ****               
 259:C:/Workspace/FW_Inertia/branch_indesit/PlatformLibrary/LIB_GridVoltage\LIB_GridVoltage.c **** \author 	Platform Group
 260:C:/Workspace/FW_Inertia/branch_indesit/PlatformLibrary/LIB_GridVoltage\LIB_GridVoltage.c **** \date		gg/mm/aaaa
 261:C:/Workspace/FW_Inertia/branch_indesit/PlatformLibrary/LIB_GridVoltage\LIB_GridVoltage.c **** \version	1.0.0
 262:C:/Workspace/FW_Inertia/branch_indesit/PlatformLibrary/LIB_GridVoltage\LIB_GridVoltage.c **** 
 263:C:/Workspace/FW_Inertia/branch_indesit/PlatformLibrary/LIB_GridVoltage\LIB_GridVoltage.c ****    
 264:C:/Workspace/FW_Inertia/branch_indesit/PlatformLibrary/LIB_GridVoltage\LIB_GridVoltage.c **** \note		\par \b Nota 1:
 265:C:/Workspace/FW_Inertia/branch_indesit/PlatformLibrary/LIB_GridVoltage\LIB_GridVoltage.c **** 			documentation by Stefano Ughi
 266:C:/Workspace/FW_Inertia/branch_indesit/PlatformLibrary/LIB_GridVoltage\LIB_GridVoltage.c **** 
 267:C:/Workspace/FW_Inertia/branch_indesit/PlatformLibrary/LIB_GridVoltage\LIB_GridVoltage.c **** */
 268:C:/Workspace/FW_Inertia/branch_indesit/PlatformLibrary/LIB_GridVoltage\LIB_GridVoltage.c **** void LIB_GV_SetVLineRefCntInitValueRefH(uint16_t init_value)
 269:C:/Workspace/FW_Inertia/branch_indesit/PlatformLibrary/LIB_GridVoltage\LIB_GridVoltage.c **** {
 162                             		.loc 1 269 0
 163                             	.LVL4:
 270:C:/Workspace/FW_Inertia/branch_indesit/PlatformLibrary/LIB_GridVoltage\LIB_GridVoltage.c **** 
 271:C:/Workspace/FW_Inertia/branch_indesit/PlatformLibrary/LIB_GridVoltage\LIB_GridVoltage.c ****     VLine_Number_Of_Crossing_refh = init_value;
 164                             		.loc 1 271 0
 165 0000 FB E2 00 00 00 00       		mov.L	#_VLine_Number_Of_Crossing_refh, r14
 166 0006 D3 E1                   		mov.W	r1, [r14]
 167 0008 02                      		rts
 168                             	.LFE5:
 170                             		.section	.text.LIB_GV_getRMS_Vac,"ax",@progbits
 171                             		.global	_LIB_GV_getRMS_Vac
 173                             	_LIB_GV_getRMS_Vac:
 174                             	.LFB6:
 272:C:/Workspace/FW_Inertia/branch_indesit/PlatformLibrary/LIB_GridVoltage\LIB_GridVoltage.c **** 
 273:C:/Workspace/FW_Inertia/branch_indesit/PlatformLibrary/LIB_GridVoltage\LIB_GridVoltage.c **** }
 274:C:/Workspace/FW_Inertia/branch_indesit/PlatformLibrary/LIB_GridVoltage\LIB_GridVoltage.c **** 
 275:C:/Workspace/FW_Inertia/branch_indesit/PlatformLibrary/LIB_GridVoltage\LIB_GridVoltage.c **** /**
 276:C:/Workspace/FW_Inertia/branch_indesit/PlatformLibrary/LIB_GridVoltage\LIB_GridVoltage.c **** Computes RMS of Voltage 
 277:C:/Workspace/FW_Inertia/branch_indesit/PlatformLibrary/LIB_GridVoltage\LIB_GridVoltage.c **** 
 278:C:/Workspace/FW_Inertia/branch_indesit/PlatformLibrary/LIB_GridVoltage\LIB_GridVoltage.c **** \param  [in]		measureADvLine V peak [A/D]
 279:C:/Workspace/FW_Inertia/branch_indesit/PlatformLibrary/LIB_GridVoltage\LIB_GridVoltage.c **** 
 280:C:/Workspace/FW_Inertia/branch_indesit/PlatformLibrary/LIB_GridVoltage\LIB_GridVoltage.c **** \return 	int16_t
 281:C:/Workspace/FW_Inertia/branch_indesit/PlatformLibrary/LIB_GridVoltage\LIB_GridVoltage.c **** 
 282:C:/Workspace/FW_Inertia/branch_indesit/PlatformLibrary/LIB_GridVoltage\LIB_GridVoltage.c **** \retval		RMS Voltage		 	 
 283:C:/Workspace/FW_Inertia/branch_indesit/PlatformLibrary/LIB_GridVoltage\LIB_GridVoltage.c **** 
 284:C:/Workspace/FW_Inertia/branch_indesit/PlatformLibrary/LIB_GridVoltage\LIB_GridVoltage.c **** \author 	stefano.ughi 
 285:C:/Workspace/FW_Inertia/branch_indesit/PlatformLibrary/LIB_GridVoltage\LIB_GridVoltage.c **** \date		Jan 13, 2011 
 286:C:/Workspace/FW_Inertia/branch_indesit/PlatformLibrary/LIB_GridVoltage\LIB_GridVoltage.c **** \version	1.0.0
 287:C:/Workspace/FW_Inertia/branch_indesit/PlatformLibrary/LIB_GridVoltage\LIB_GridVoltage.c ****    
 288:C:/Workspace/FW_Inertia/branch_indesit/PlatformLibrary/LIB_GridVoltage\LIB_GridVoltage.c **** \note		\par \b Note 1:
 289:C:/Workspace/FW_Inertia/branch_indesit/PlatformLibrary/LIB_GridVoltage\LIB_GridVoltage.c **** 			documentation by stefano.ughi
 290:C:/Workspace/FW_Inertia/branch_indesit/PlatformLibrary/LIB_GridVoltage\LIB_GridVoltage.c **** 			\par \b Note 2:
 291:C:/Workspace/FW_Inertia/branch_indesit/PlatformLibrary/LIB_GridVoltage\LIB_GridVoltage.c **** 			Ex getRMS_Vac	
 292:C:/Workspace/FW_Inertia/branch_indesit/PlatformLibrary/LIB_GridVoltage\LIB_GridVoltage.c **** 
 293:C:/Workspace/FW_Inertia/branch_indesit/PlatformLibrary/LIB_GridVoltage\LIB_GridVoltage.c **** */
 294:C:/Workspace/FW_Inertia/branch_indesit/PlatformLibrary/LIB_GridVoltage\LIB_GridVoltage.c **** int16_t LIB_GV_getRMS_Vac( ADC_ValueType measureADvLine )
 295:C:/Workspace/FW_Inertia/branch_indesit/PlatformLibrary/LIB_GridVoltage\LIB_GridVoltage.c **** {
 175                             		.loc 1 295 0
 176                             	.LVL5:
 296:C:/Workspace/FW_Inertia/branch_indesit/PlatformLibrary/LIB_GridVoltage\LIB_GridVoltage.c **** uint8_t vacPeak_AD_Value;
 297:C:/Workspace/FW_Inertia/branch_indesit/PlatformLibrary/LIB_GridVoltage\LIB_GridVoltage.c **** int16_t vacRMS;
 298:C:/Workspace/FW_Inertia/branch_indesit/PlatformLibrary/LIB_GridVoltage\LIB_GridVoltage.c ****     
 299:C:/Workspace/FW_Inertia/branch_indesit/PlatformLibrary/LIB_GridVoltage\LIB_GridVoltage.c **** 	/* vacPeak_AD_Value in 8 bits resolution */
 300:C:/Workspace/FW_Inertia/branch_indesit/PlatformLibrary/LIB_GridVoltage\LIB_GridVoltage.c **** 	#if (ADC_RESOLUTION > 8)
 301:C:/Workspace/FW_Inertia/branch_indesit/PlatformLibrary/LIB_GridVoltage\LIB_GridVoltage.c **** 	vacPeak_AD_Value = (uint8_t) (measureADvLine >> (ADC_RESOLUTION-8));
 177                             		.loc 1 301 0
 178 0000 68 21                   		shlr	#2, r1
 179                             	.LVL6:
 302:C:/Workspace/FW_Inertia/branch_indesit/PlatformLibrary/LIB_GridVoltage\LIB_GridVoltage.c **** 	#else
 303:C:/Workspace/FW_Inertia/branch_indesit/PlatformLibrary/LIB_GridVoltage\LIB_GridVoltage.c **** 	vacPeak_AD_Value = (measureADvLine << (8-ADC_RESOLUTION));	
 304:C:/Workspace/FW_Inertia/branch_indesit/PlatformLibrary/LIB_GridVoltage\LIB_GridVoltage.c **** 	#endif
 305:C:/Workspace/FW_Inertia/branch_indesit/PlatformLibrary/LIB_GridVoltage\LIB_GridVoltage.c ****    
 306:C:/Workspace/FW_Inertia/branch_indesit/PlatformLibrary/LIB_GridVoltage\LIB_GridVoltage.c ****     vacRMS = (int16_t) ((vacPeak_AD_Value*(uint16_t)((VCC*(RES_1+RES_2)*100)/(255*RES_2*SQUARE_ROOT
 180                             		.loc 1 306 0
 181 0002 76 21 FF 00             		and #0xff, r1
 182 0006 75 11 70                		mul	#0x70, r1
 183 0009 FD 74 81 64             		div	#0x64, r1
 184 000d 60 81                   		sub	#8, r1
 307:C:/Workspace/FW_Inertia/branch_indesit/PlatformLibrary/LIB_GridVoltage\LIB_GridVoltage.c **** 
 308:C:/Workspace/FW_Inertia/branch_indesit/PlatformLibrary/LIB_GridVoltage\LIB_GridVoltage.c ****     return( vacRMS );
 309:C:/Workspace/FW_Inertia/branch_indesit/PlatformLibrary/LIB_GridVoltage\LIB_GridVoltage.c **** }
 185                             		.loc 1 309 0
 186 000f DF 11                   		mov.W	r1, r1
 187 0011 02                      		rts
 188                             	.LFE6:
 190                             		.section	.text.LIB_GV_InitNominalGridVoltageMeasure,"ax",@progbits
 191                             		.global	_LIB_GV_InitNominalGridVoltageMeasure
 193                             	_LIB_GV_InitNominalGridVoltageMeasure:
 194                             	.LFB7:
 310:C:/Workspace/FW_Inertia/branch_indesit/PlatformLibrary/LIB_GridVoltage\LIB_GridVoltage.c **** 
 311:C:/Workspace/FW_Inertia/branch_indesit/PlatformLibrary/LIB_GridVoltage\LIB_GridVoltage.c **** /**
 312:C:/Workspace/FW_Inertia/branch_indesit/PlatformLibrary/LIB_GridVoltage\LIB_GridVoltage.c **** Setup for LIB_GV_CheckNominalVoltage().
 313:C:/Workspace/FW_Inertia/branch_indesit/PlatformLibrary/LIB_GridVoltage\LIB_GridVoltage.c **** Utilizzata per BackUp da Vline e da modulo PLP.
 314:C:/Workspace/FW_Inertia/branch_indesit/PlatformLibrary/LIB_GridVoltage\LIB_GridVoltage.c **** 
 315:C:/Workspace/FW_Inertia/branch_indesit/PlatformLibrary/LIB_GridVoltage\LIB_GridVoltage.c **** 
 316:C:/Workspace/FW_Inertia/branch_indesit/PlatformLibrary/LIB_GridVoltage\LIB_GridVoltage.c **** \author 	Platform Group
 317:C:/Workspace/FW_Inertia/branch_indesit/PlatformLibrary/LIB_GridVoltage\LIB_GridVoltage.c **** \date		gg/mm/aaaa
 318:C:/Workspace/FW_Inertia/branch_indesit/PlatformLibrary/LIB_GridVoltage\LIB_GridVoltage.c **** \version	1.0.0
 319:C:/Workspace/FW_Inertia/branch_indesit/PlatformLibrary/LIB_GridVoltage\LIB_GridVoltage.c **** 
 320:C:/Workspace/FW_Inertia/branch_indesit/PlatformLibrary/LIB_GridVoltage\LIB_GridVoltage.c ****    
 321:C:/Workspace/FW_Inertia/branch_indesit/PlatformLibrary/LIB_GridVoltage\LIB_GridVoltage.c **** \note		\par \b Nota 1:
 322:C:/Workspace/FW_Inertia/branch_indesit/PlatformLibrary/LIB_GridVoltage\LIB_GridVoltage.c **** 			documentation by Stefano Ughi
 323:C:/Workspace/FW_Inertia/branch_indesit/PlatformLibrary/LIB_GridVoltage\LIB_GridVoltage.c **** 			\par \b Nota 2:
 324:C:/Workspace/FW_Inertia/branch_indesit/PlatformLibrary/LIB_GridVoltage\LIB_GridVoltage.c **** 			Ex ResetVlineMeasure
 325:C:/Workspace/FW_Inertia/branch_indesit/PlatformLibrary/LIB_GridVoltage\LIB_GridVoltage.c **** 
 326:C:/Workspace/FW_Inertia/branch_indesit/PlatformLibrary/LIB_GridVoltage\LIB_GridVoltage.c **** */
 327:C:/Workspace/FW_Inertia/branch_indesit/PlatformLibrary/LIB_GridVoltage\LIB_GridVoltage.c **** 
 328:C:/Workspace/FW_Inertia/branch_indesit/PlatformLibrary/LIB_GridVoltage\LIB_GridVoltage.c **** void LIB_GV_InitNominalGridVoltageMeasure(void)
 329:C:/Workspace/FW_Inertia/branch_indesit/PlatformLibrary/LIB_GridVoltage\LIB_GridVoltage.c **** {
 195                             		.loc 1 329 0
 330:C:/Workspace/FW_Inertia/branch_indesit/PlatformLibrary/LIB_GridVoltage\LIB_GridVoltage.c ****     VlineCntr_230 = 0;
 196                             		.loc 1 330 0
 197 0000 FB E2 00 00 00 00       		mov.L	#_VlineCntr_230, r14
 198 0006 F8 E4 00                		mov.B	#0, [r14]
 331:C:/Workspace/FW_Inertia/branch_indesit/PlatformLibrary/LIB_GridVoltage\LIB_GridVoltage.c ****     VlineCntr_110 = 0;
 199                             		.loc 1 331 0
 200 0009 FB E2 00 00 00 00       		mov.L	#_VlineCntr_110, r14
 201 000f F8 E4 00                		mov.B	#0, [r14]
 332:C:/Workspace/FW_Inertia/branch_indesit/PlatformLibrary/LIB_GridVoltage\LIB_GridVoltage.c ****     VlineChkShortFilter = 0;
 202                             		.loc 1 332 0
 203 0012 FB E2 00 00 00 00       		mov.L	#_VlineChkShortFilter, r14
 204 0018 F8 E4 00                		mov.B	#0, [r14]
 333:C:/Workspace/FW_Inertia/branch_indesit/PlatformLibrary/LIB_GridVoltage\LIB_GridVoltage.c ****     VlineChkLongFilter = VLINE_LONG_FLT_START_VALUE;
 205                             		.loc 1 333 0
 206 001b FB E2 00 00 00 00       		mov.L	#_VlineChkLongFilter, r14
 207 0021 F8 E4 80                		mov.B	#0xffffff80, [r14]
 334:C:/Workspace/FW_Inertia/branch_indesit/PlatformLibrary/LIB_GridVoltage\LIB_GridVoltage.c ****     Vline_awg_filter = 0;
 208                             		.loc 1 334 0
 209 0024 FB E2 00 00 00 00       		mov.L	#_Vline_awg_filter, r14
 210 002a F8 E4 00                		mov.B	#0, [r14]
 211 002d 02                      		rts
 212                             	.LFE7:
 214                             		.section	.text.LIB_GV_CheckNominalVoltage,"ax",@progbits
 215                             		.global	_LIB_GV_CheckNominalVoltage
 217                             	_LIB_GV_CheckNominalVoltage:
 218                             	.LFB8:
 335:C:/Workspace/FW_Inertia/branch_indesit/PlatformLibrary/LIB_GridVoltage\LIB_GridVoltage.c **** }
 336:C:/Workspace/FW_Inertia/branch_indesit/PlatformLibrary/LIB_GridVoltage\LIB_GridVoltage.c **** 
 337:C:/Workspace/FW_Inertia/branch_indesit/PlatformLibrary/LIB_GridVoltage\LIB_GridVoltage.c **** /**
 338:C:/Workspace/FW_Inertia/branch_indesit/PlatformLibrary/LIB_GridVoltage\LIB_GridVoltage.c **** La funzione ha il compito di determinare la tensione di rete nominale 230 V o 110 V,
 339:C:/Workspace/FW_Inertia/branch_indesit/PlatformLibrary/LIB_GridVoltage\LIB_GridVoltage.c **** la ricerca viene eseguita dinamicamente. Chiamata in TASK(Task_MeasureLive).
 340:C:/Workspace/FW_Inertia/branch_indesit/PlatformLibrary/LIB_GridVoltage\LIB_GridVoltage.c **** Utilizzata per BackUp da Vline e da modulo PLP.
 341:C:/Workspace/FW_Inertia/branch_indesit/PlatformLibrary/LIB_GridVoltage\LIB_GridVoltage.c **** 
 342:C:/Workspace/FW_Inertia/branch_indesit/PlatformLibrary/LIB_GridVoltage\LIB_GridVoltage.c **** \param  [in]		Vline misura della V di picco in A/D
 343:C:/Workspace/FW_Inertia/branch_indesit/PlatformLibrary/LIB_GridVoltage\LIB_GridVoltage.c **** 
 344:C:/Workspace/FW_Inertia/branch_indesit/PlatformLibrary/LIB_GridVoltage\LIB_GridVoltage.c **** \attention \b VlineChkShortFilter contatore usato come filtro
 345:C:/Workspace/FW_Inertia/branch_indesit/PlatformLibrary/LIB_GridVoltage\LIB_GridVoltage.c **** \attention \b VlineCntr_230 e \b VlineCntr_110 sono le variabili utilizzate per decidere se
 346:C:/Workspace/FW_Inertia/branch_indesit/PlatformLibrary/LIB_GridVoltage\LIB_GridVoltage.c ****               siamo in presenza di 230V o di 110V
 347:C:/Workspace/FW_Inertia/branch_indesit/PlatformLibrary/LIB_GridVoltage\LIB_GridVoltage.c **** \attention \b VLINE_THRESHOLD  soglia in A/D per determinare la V line 
 348:C:/Workspace/FW_Inertia/branch_indesit/PlatformLibrary/LIB_GridVoltage\LIB_GridVoltage.c **** 
 349:C:/Workspace/FW_Inertia/branch_indesit/PlatformLibrary/LIB_GridVoltage\LIB_GridVoltage.c **** 
 350:C:/Workspace/FW_Inertia/branch_indesit/PlatformLibrary/LIB_GridVoltage\LIB_GridVoltage.c **** \return 	bool_t
 351:C:/Workspace/FW_Inertia/branch_indesit/PlatformLibrary/LIB_GridVoltage\LIB_GridVoltage.c **** 
 352:C:/Workspace/FW_Inertia/branch_indesit/PlatformLibrary/LIB_GridVoltage\LIB_GridVoltage.c **** \retval		TRUE -> misura disponibile \n
 353:C:/Workspace/FW_Inertia/branch_indesit/PlatformLibrary/LIB_GridVoltage\LIB_GridVoltage.c ****             FALSE -> misura non disponibile
 354:C:/Workspace/FW_Inertia/branch_indesit/PlatformLibrary/LIB_GridVoltage\LIB_GridVoltage.c ****              	 
 355:C:/Workspace/FW_Inertia/branch_indesit/PlatformLibrary/LIB_GridVoltage\LIB_GridVoltage.c **** 
 356:C:/Workspace/FW_Inertia/branch_indesit/PlatformLibrary/LIB_GridVoltage\LIB_GridVoltage.c **** \warning	none		
 357:C:/Workspace/FW_Inertia/branch_indesit/PlatformLibrary/LIB_GridVoltage\LIB_GridVoltage.c **** 
 358:C:/Workspace/FW_Inertia/branch_indesit/PlatformLibrary/LIB_GridVoltage\LIB_GridVoltage.c **** \author 	Platform Group
 359:C:/Workspace/FW_Inertia/branch_indesit/PlatformLibrary/LIB_GridVoltage\LIB_GridVoltage.c **** \date		gg/mm/aaaa
 360:C:/Workspace/FW_Inertia/branch_indesit/PlatformLibrary/LIB_GridVoltage\LIB_GridVoltage.c **** \version	1.0.0
 361:C:/Workspace/FW_Inertia/branch_indesit/PlatformLibrary/LIB_GridVoltage\LIB_GridVoltage.c **** 
 362:C:/Workspace/FW_Inertia/branch_indesit/PlatformLibrary/LIB_GridVoltage\LIB_GridVoltage.c ****    
 363:C:/Workspace/FW_Inertia/branch_indesit/PlatformLibrary/LIB_GridVoltage\LIB_GridVoltage.c **** \note		\par \b Nota 1:
 364:C:/Workspace/FW_Inertia/branch_indesit/PlatformLibrary/LIB_GridVoltage\LIB_GridVoltage.c **** 			documentation by Stefano Ughi
 365:C:/Workspace/FW_Inertia/branch_indesit/PlatformLibrary/LIB_GridVoltage\LIB_GridVoltage.c **** 			\par \b Note 2:
 366:C:/Workspace/FW_Inertia/branch_indesit/PlatformLibrary/LIB_GridVoltage\LIB_GridVoltage.c **** 			Ex VlineMeasureUpdate
 367:C:/Workspace/FW_Inertia/branch_indesit/PlatformLibrary/LIB_GridVoltage\LIB_GridVoltage.c **** 
 368:C:/Workspace/FW_Inertia/branch_indesit/PlatformLibrary/LIB_GridVoltage\LIB_GridVoltage.c **** */
 369:C:/Workspace/FW_Inertia/branch_indesit/PlatformLibrary/LIB_GridVoltage\LIB_GridVoltage.c **** bool_t LIB_GV_CheckNominalVoltage(ADC_ValueType Vline)
 370:C:/Workspace/FW_Inertia/branch_indesit/PlatformLibrary/LIB_GridVoltage\LIB_GridVoltage.c **** {
 219                             		.loc 1 370 0
 220                             	.LVL7:
 371:C:/Workspace/FW_Inertia/branch_indesit/PlatformLibrary/LIB_GridVoltage\LIB_GridVoltage.c ****     /* After syncronization */
 372:C:/Workspace/FW_Inertia/branch_indesit/PlatformLibrary/LIB_GridVoltage\LIB_GridVoltage.c ****     if ( VlineChkShortFilter >= VLINE_SHORT_FLT_MAX_VALUE )
 221                             		.loc 1 372 0
 222 0000 FB E2 00 00 00 00       		mov.L	#_VlineChkShortFilter, r14
 223 0006 CC E4                   		mov.B	[r14], r4
 224 0008 5B 43                   		movu.B	r4, r3
 225 000a 5F 11                   		movu.W	r1, r1
 226 000c 61 93                   		cmp	#9, r3
 227 000e 25 6E                   		bleu	.L18
 228 0010 FB E2 00 00 00 00       		mov.L	#_VlineChkLongFilter, r14
 373:C:/Workspace/FW_Inertia/branch_indesit/PlatformLibrary/LIB_GridVoltage\LIB_GridVoltage.c ****     {
 374:C:/Workspace/FW_Inertia/branch_indesit/PlatformLibrary/LIB_GridVoltage\LIB_GridVoltage.c ****         if (Vline >= VLINE_THRESHOLD)
 375:C:/Workspace/FW_Inertia/branch_indesit/PlatformLibrary/LIB_GridVoltage\LIB_GridVoltage.c ****         {
 376:C:/Workspace/FW_Inertia/branch_indesit/PlatformLibrary/LIB_GridVoltage\LIB_GridVoltage.c ****             /* V LINE is 230V */
 377:C:/Workspace/FW_Inertia/branch_indesit/PlatformLibrary/LIB_GridVoltage\LIB_GridVoltage.c ****             if (VlineChkLongFilter<255)
 229                             		.loc 1 377 0
 230 0016 CC E4                   		mov.B	[r14], r4
 231 0018 5B 43                   		movu.B	r4, r3
 374:C:/Workspace/FW_Inertia/branch_indesit/PlatformLibrary/LIB_GridVoltage\LIB_GridVoltage.c ****         if (Vline >= VLINE_THRESHOLD)
 232                             		.loc 1 374 0
 233 001a 76 01 7B 02             		cmp	#0x27b, r1
 234 001e 25 0A                   		bleu	.L19
 235                             		.loc 1 377 0
 236 0020 75 53 FF                		cmp	#0xff, r3
 237 0023 20 0D                   		beq	.L20
 378:C:/Workspace/FW_Inertia/branch_indesit/PlatformLibrary/LIB_GridVoltage\LIB_GridVoltage.c ****             {
 379:C:/Workspace/FW_Inertia/branch_indesit/PlatformLibrary/LIB_GridVoltage\LIB_GridVoltage.c ****                 VlineChkLongFilter++;
 238                             		.loc 1 379 0
 239 0025 62 14                   		add	#1, r4
 240 0027 0F                      		bra	.L32
 241                             	.L19:
 380:C:/Workspace/FW_Inertia/branch_indesit/PlatformLibrary/LIB_GridVoltage\LIB_GridVoltage.c ****             }
 381:C:/Workspace/FW_Inertia/branch_indesit/PlatformLibrary/LIB_GridVoltage\LIB_GridVoltage.c ****         }
 382:C:/Workspace/FW_Inertia/branch_indesit/PlatformLibrary/LIB_GridVoltage\LIB_GridVoltage.c ****         else
 383:C:/Workspace/FW_Inertia/branch_indesit/PlatformLibrary/LIB_GridVoltage\LIB_GridVoltage.c ****         {
 384:C:/Workspace/FW_Inertia/branch_indesit/PlatformLibrary/LIB_GridVoltage\LIB_GridVoltage.c ****             /* V LINE is 110V */
 385:C:/Workspace/FW_Inertia/branch_indesit/PlatformLibrary/LIB_GridVoltage\LIB_GridVoltage.c ****             if (VlineChkLongFilter>0)
 242                             		.loc 1 385 0
 243 0028 61 03                   		cmp	#0, r3
 244 002a 16                      		beq	.L20
 386:C:/Workspace/FW_Inertia/branch_indesit/PlatformLibrary/LIB_GridVoltage\LIB_GridVoltage.c ****             {
 387:C:/Workspace/FW_Inertia/branch_indesit/PlatformLibrary/LIB_GridVoltage\LIB_GridVoltage.c ****                 VlineChkLongFilter--;
 245                             		.loc 1 387 0
 246 002b 60 14                   		sub	#1, r4
 247 002d 03                      		.balign 2,3,1
 248                             	.L32:
 249 002e C3 E4                   		mov.B	r4, [r14]
 250                             		.balign 2,3,5
 251                             	.L20:
 388:C:/Workspace/FW_Inertia/branch_indesit/PlatformLibrary/LIB_GridVoltage\LIB_GridVoltage.c ****             }
 389:C:/Workspace/FW_Inertia/branch_indesit/PlatformLibrary/LIB_GridVoltage\LIB_GridVoltage.c ****         }
 390:C:/Workspace/FW_Inertia/branch_indesit/PlatformLibrary/LIB_GridVoltage\LIB_GridVoltage.c **** 
 391:C:/Workspace/FW_Inertia/branch_indesit/PlatformLibrary/LIB_GridVoltage\LIB_GridVoltage.c **** 
 392:C:/Workspace/FW_Inertia/branch_indesit/PlatformLibrary/LIB_GridVoltage\LIB_GridVoltage.c ****         if ((++Vline_awg_filter) == VLINE_AWG_FILTER_DECISION)
 252                             		.loc 1 392 0
 253 0030 FB 42 00 00 00 00       		mov.L	#_Vline_awg_filter, r4
 254 0036 CC 4E                   		mov.B	[r4], r14
 255 0038 62 1E                   		add	#1, r14
 256 003a C3 4E                   		mov.B	r14, [r4]
 257 003c 5B EE                   		movu.B	r14, r14
 258 003e 75 5E 64                		cmp	#0x64, r14
 259 0041 21 5C                   		bne	.L25
 393:C:/Workspace/FW_Inertia/branch_indesit/PlatformLibrary/LIB_GridVoltage\LIB_GridVoltage.c ****         {
 394:C:/Workspace/FW_Inertia/branch_indesit/PlatformLibrary/LIB_GridVoltage\LIB_GridVoltage.c ****             /* Select the VLINE ref for VLINE backup */
 395:C:/Workspace/FW_Inertia/branch_indesit/PlatformLibrary/LIB_GridVoltage\LIB_GridVoltage.c ****             if (VlineChkLongFilter >= VLINE_LONG_FLT_START_VALUE)
 260                             		.loc 1 395 0
 261 0043 FB E2 00 00 00 00       		mov.L	#_VlineChkLongFilter, r14
 262 0049 CC E3                   		mov.B	[r14], r3
 263 004b FB E2 00 00 00 00       		mov.L	#_VlineCntr_230, r14
 264 0051 FB 42 00 00 00 00       		mov.L	#_VlineCntr_110, r4
 265 0057 61 03                   		cmp	#0, r3
 266 0059 28 09                   		bge	.L22
 396:C:/Workspace/FW_Inertia/branch_indesit/PlatformLibrary/LIB_GridVoltage\LIB_GridVoltage.c ****             {
 397:C:/Workspace/FW_Inertia/branch_indesit/PlatformLibrary/LIB_GridVoltage\LIB_GridVoltage.c ****                 /* V LINE is 230V */
 398:C:/Workspace/FW_Inertia/branch_indesit/PlatformLibrary/LIB_GridVoltage\LIB_GridVoltage.c ****                 VlineCntr_230 = VLINE_MAX_V;
 267                             		.loc 1 398 0
 268 005b F8 E4 0A                		mov.B	#10, [r14]
 399:C:/Workspace/FW_Inertia/branch_indesit/PlatformLibrary/LIB_GridVoltage\LIB_GridVoltage.c ****                 VlineCntr_110 = VLINE_MIN_V;
 269                             		.loc 1 399 0
 270 005e 3C 40 00                		mov.B	#0, [r4]
 271 0061 0F                      		bra	.L23
 272                             	.L22:
 400:C:/Workspace/FW_Inertia/branch_indesit/PlatformLibrary/LIB_GridVoltage\LIB_GridVoltage.c ****             }
 401:C:/Workspace/FW_Inertia/branch_indesit/PlatformLibrary/LIB_GridVoltage\LIB_GridVoltage.c ****             else
 402:C:/Workspace/FW_Inertia/branch_indesit/PlatformLibrary/LIB_GridVoltage\LIB_GridVoltage.c ****             {
 403:C:/Workspace/FW_Inertia/branch_indesit/PlatformLibrary/LIB_GridVoltage\LIB_GridVoltage.c ****                 /* V LINE is 110V */
 404:C:/Workspace/FW_Inertia/branch_indesit/PlatformLibrary/LIB_GridVoltage\LIB_GridVoltage.c ****                 VlineCntr_110 = VLINE_MAX_V;
 273                             		.loc 1 404 0
 274 0062 3C 40 0A                		mov.B	#10, [r4]
 405:C:/Workspace/FW_Inertia/branch_indesit/PlatformLibrary/LIB_GridVoltage\LIB_GridVoltage.c ****                 VlineCntr_230 = VLINE_MIN_V;
 275                             		.loc 1 405 0
 276 0065 F8 E4 00                		mov.B	#0, [r14]
 277                             		.balign 2,3,5
 278                             	.L23:
 406:C:/Workspace/FW_Inertia/branch_indesit/PlatformLibrary/LIB_GridVoltage\LIB_GridVoltage.c ****             }
 407:C:/Workspace/FW_Inertia/branch_indesit/PlatformLibrary/LIB_GridVoltage\LIB_GridVoltage.c ****             /* Restart the long filter */
 408:C:/Workspace/FW_Inertia/branch_indesit/PlatformLibrary/LIB_GridVoltage\LIB_GridVoltage.c ****             Vline_awg_filter = 0;
 279                             		.loc 1 408 0
 280 0068 FB E2 00 00 00 00       		mov.L	#_Vline_awg_filter, r14
 281 006e F8 E4 00                		mov.B	#0, [r14]
 409:C:/Workspace/FW_Inertia/branch_indesit/PlatformLibrary/LIB_GridVoltage\LIB_GridVoltage.c ****             VlineChkLongFilter = VLINE_LONG_FLT_START_VALUE;
 282                             		.loc 1 409 0
 283 0071 FB E2 00 00 00 00       		mov.L	#_VlineChkLongFilter, r14
 284 0077 F8 E4 80                		mov.B	#0xffffff80, [r14]
 285 007a 2E 23                   		bra	.L25
 286                             	.L18:
 410:C:/Workspace/FW_Inertia/branch_indesit/PlatformLibrary/LIB_GridVoltage\LIB_GridVoltage.c ****         }
 411:C:/Workspace/FW_Inertia/branch_indesit/PlatformLibrary/LIB_GridVoltage\LIB_GridVoltage.c **** 
 412:C:/Workspace/FW_Inertia/branch_indesit/PlatformLibrary/LIB_GridVoltage\LIB_GridVoltage.c ****         return TRUE;
 413:C:/Workspace/FW_Inertia/branch_indesit/PlatformLibrary/LIB_GridVoltage\LIB_GridVoltage.c ****     }
 414:C:/Workspace/FW_Inertia/branch_indesit/PlatformLibrary/LIB_GridVoltage\LIB_GridVoltage.c **** 
 415:C:/Workspace/FW_Inertia/branch_indesit/PlatformLibrary/LIB_GridVoltage\LIB_GridVoltage.c **** 
 416:C:/Workspace/FW_Inertia/branch_indesit/PlatformLibrary/LIB_GridVoltage\LIB_GridVoltage.c ****     /* First syncronization */
 417:C:/Workspace/FW_Inertia/branch_indesit/PlatformLibrary/LIB_GridVoltage\LIB_GridVoltage.c **** 
 418:C:/Workspace/FW_Inertia/branch_indesit/PlatformLibrary/LIB_GridVoltage\LIB_GridVoltage.c ****     VlineChkShortFilter++;
 287                             		.loc 1 418 0
 288 007c 62 14                   		add	#1, r4
 289 007e C3 E4                   		mov.B	r4, [r14]
 419:C:/Workspace/FW_Inertia/branch_indesit/PlatformLibrary/LIB_GridVoltage\LIB_GridVoltage.c **** 
 420:C:/Workspace/FW_Inertia/branch_indesit/PlatformLibrary/LIB_GridVoltage\LIB_GridVoltage.c ****     if ( Vline >= VLINE_THRESHOLD )
 290                             		.loc 1 420 0
 291 0080 76 01 7B 02             		cmp	#0x27b, r1
 292 0084 25 09                   		bleu	.L24
 421:C:/Workspace/FW_Inertia/branch_indesit/PlatformLibrary/LIB_GridVoltage\LIB_GridVoltage.c ****     {
 422:C:/Workspace/FW_Inertia/branch_indesit/PlatformLibrary/LIB_GridVoltage\LIB_GridVoltage.c ****         VlineCntr_230++;
 293                             		.loc 1 422 0
 294 0086 FB E2 00 00 00 00       		mov.L	#_VlineCntr_230, r14
 295 008c 08                      		bra	.L33
 296                             	.L24:
 423:C:/Workspace/FW_Inertia/branch_indesit/PlatformLibrary/LIB_GridVoltage\LIB_GridVoltage.c ****     }
 424:C:/Workspace/FW_Inertia/branch_indesit/PlatformLibrary/LIB_GridVoltage\LIB_GridVoltage.c ****     else
 425:C:/Workspace/FW_Inertia/branch_indesit/PlatformLibrary/LIB_GridVoltage\LIB_GridVoltage.c ****     {
 426:C:/Workspace/FW_Inertia/branch_indesit/PlatformLibrary/LIB_GridVoltage\LIB_GridVoltage.c ****         VlineCntr_110++;
 297                             		.loc 1 426 0
 298 008d FB E2 00 00 00 00       		mov.L	#_VlineCntr_110, r14
 299 0093 03                      		.balign 2,3,5
 300                             	.L33:
 301 0094 CC E4                   		mov.B	[r14], r4
 302 0096 62 14                   		add	#1, r4
 303 0098 C3 E4                   		mov.B	r4, [r14]
 427:C:/Workspace/FW_Inertia/branch_indesit/PlatformLibrary/LIB_GridVoltage\LIB_GridVoltage.c ****     }
 428:C:/Workspace/FW_Inertia/branch_indesit/PlatformLibrary/LIB_GridVoltage\LIB_GridVoltage.c **** 
 429:C:/Workspace/FW_Inertia/branch_indesit/PlatformLibrary/LIB_GridVoltage\LIB_GridVoltage.c ****     return FALSE;
 304                             		.loc 1 429 0
 305 009a 66 01                   		mov.L	#0, r1
 306                             	.LVL8:
 307 009c 02                      		rts
 308                             	.L25:
 412:C:/Workspace/FW_Inertia/branch_indesit/PlatformLibrary/LIB_GridVoltage\LIB_GridVoltage.c ****         return TRUE;
 309                             		.loc 1 412 0
 310 009d 66 11                   		mov.L	#1, r1
 430:C:/Workspace/FW_Inertia/branch_indesit/PlatformLibrary/LIB_GridVoltage\LIB_GridVoltage.c **** }
 311                             		.loc 1 430 0
 312 009f 02                      		rts
 313                             	.LFE8:
 315                             		.section	.text.LIB_GV_GetNominalGridVoltage,"ax",@progbits
 316                             		.global	_LIB_GV_GetNominalGridVoltage
 318                             	_LIB_GV_GetNominalGridVoltage:
 319                             	.LFB9:
 431:C:/Workspace/FW_Inertia/branch_indesit/PlatformLibrary/LIB_GridVoltage\LIB_GridVoltage.c **** 
 432:C:/Workspace/FW_Inertia/branch_indesit/PlatformLibrary/LIB_GridVoltage\LIB_GridVoltage.c **** /**
 433:C:/Workspace/FW_Inertia/branch_indesit/PlatformLibrary/LIB_GridVoltage\LIB_GridVoltage.c **** Returns the nominal Voltage value.
 434:C:/Workspace/FW_Inertia/branch_indesit/PlatformLibrary/LIB_GridVoltage\LIB_GridVoltage.c **** Utilizzata per BackUp da Vline e da modulo PLP.
 435:C:/Workspace/FW_Inertia/branch_indesit/PlatformLibrary/LIB_GridVoltage\LIB_GridVoltage.c **** 
 436:C:/Workspace/FW_Inertia/branch_indesit/PlatformLibrary/LIB_GridVoltage\LIB_GridVoltage.c **** 
 437:C:/Workspace/FW_Inertia/branch_indesit/PlatformLibrary/LIB_GridVoltage\LIB_GridVoltage.c **** \return 	uint8_t
 438:C:/Workspace/FW_Inertia/branch_indesit/PlatformLibrary/LIB_GridVoltage\LIB_GridVoltage.c **** 
 439:C:/Workspace/FW_Inertia/branch_indesit/PlatformLibrary/LIB_GridVoltage\LIB_GridVoltage.c **** \retval		NOMINAL_VLINE_IS_110V
 440:C:/Workspace/FW_Inertia/branch_indesit/PlatformLibrary/LIB_GridVoltage\LIB_GridVoltage.c **** \retval		NOMINAL_VLINE_IS_230V
 441:C:/Workspace/FW_Inertia/branch_indesit/PlatformLibrary/LIB_GridVoltage\LIB_GridVoltage.c **** 
 442:C:/Workspace/FW_Inertia/branch_indesit/PlatformLibrary/LIB_GridVoltage\LIB_GridVoltage.c **** 
 443:C:/Workspace/FW_Inertia/branch_indesit/PlatformLibrary/LIB_GridVoltage\LIB_GridVoltage.c **** \author 	Platform Group
 444:C:/Workspace/FW_Inertia/branch_indesit/PlatformLibrary/LIB_GridVoltage\LIB_GridVoltage.c **** \date		gg/mm/aaaa
 445:C:/Workspace/FW_Inertia/branch_indesit/PlatformLibrary/LIB_GridVoltage\LIB_GridVoltage.c **** \version	1.0.0
 446:C:/Workspace/FW_Inertia/branch_indesit/PlatformLibrary/LIB_GridVoltage\LIB_GridVoltage.c **** 
 447:C:/Workspace/FW_Inertia/branch_indesit/PlatformLibrary/LIB_GridVoltage\LIB_GridVoltage.c ****    
 448:C:/Workspace/FW_Inertia/branch_indesit/PlatformLibrary/LIB_GridVoltage\LIB_GridVoltage.c **** \note		\par \b Nota 1:
 449:C:/Workspace/FW_Inertia/branch_indesit/PlatformLibrary/LIB_GridVoltage\LIB_GridVoltage.c **** 			documentation by Stefano Ughi
 450:C:/Workspace/FW_Inertia/branch_indesit/PlatformLibrary/LIB_GridVoltage\LIB_GridVoltage.c **** 			\par \b Nota 2:
 451:C:/Workspace/FW_Inertia/branch_indesit/PlatformLibrary/LIB_GridVoltage\LIB_GridVoltage.c **** 			Ex VlineMeasureType
 452:C:/Workspace/FW_Inertia/branch_indesit/PlatformLibrary/LIB_GridVoltage\LIB_GridVoltage.c **** 
 453:C:/Workspace/FW_Inertia/branch_indesit/PlatformLibrary/LIB_GridVoltage\LIB_GridVoltage.c **** */
 454:C:/Workspace/FW_Inertia/branch_indesit/PlatformLibrary/LIB_GridVoltage\LIB_GridVoltage.c **** uint8_t LIB_GV_GetNominalGridVoltage(void)
 455:C:/Workspace/FW_Inertia/branch_indesit/PlatformLibrary/LIB_GridVoltage\LIB_GridVoltage.c **** {
 320                             		.loc 1 455 0
 456:C:/Workspace/FW_Inertia/branch_indesit/PlatformLibrary/LIB_GridVoltage\LIB_GridVoltage.c **** 
 457:C:/Workspace/FW_Inertia/branch_indesit/PlatformLibrary/LIB_GridVoltage\LIB_GridVoltage.c ****     if ( VlineCntr_110 > VlineCntr_230 )
 321                             		.loc 1 457 0
 322 0000 FB E2 00 00 00 00       		mov.L	#_VlineCntr_110, r14
 323 0006 58 E1                   		movu.B	[r14], r1
 324 0008 FB E2 00 00 00 00       		mov.L	#_VlineCntr_230, r14
 458:C:/Workspace/FW_Inertia/branch_indesit/PlatformLibrary/LIB_GridVoltage\LIB_GridVoltage.c ****     {
 459:C:/Workspace/FW_Inertia/branch_indesit/PlatformLibrary/LIB_GridVoltage\LIB_GridVoltage.c ****         return NOMINAL_VLINE_IS_110V; 
 460:C:/Workspace/FW_Inertia/branch_indesit/PlatformLibrary/LIB_GridVoltage\LIB_GridVoltage.c ****     }
 461:C:/Workspace/FW_Inertia/branch_indesit/PlatformLibrary/LIB_GridVoltage\LIB_GridVoltage.c ****     else
 462:C:/Workspace/FW_Inertia/branch_indesit/PlatformLibrary/LIB_GridVoltage\LIB_GridVoltage.c ****     {
 463:C:/Workspace/FW_Inertia/branch_indesit/PlatformLibrary/LIB_GridVoltage\LIB_GridVoltage.c ****         return NOMINAL_VLINE_IS_230V; 
 464:C:/Workspace/FW_Inertia/branch_indesit/PlatformLibrary/LIB_GridVoltage\LIB_GridVoltage.c ****     }
 465:C:/Workspace/FW_Inertia/branch_indesit/PlatformLibrary/LIB_GridVoltage\LIB_GridVoltage.c **** }
 325                             		.loc 1 465 0
 326 000e 44 E1                   		cmp	[r14].UB, r1
 327 0010 FC DB 14                		scgtu.L	r1
 328 0013 02                      		rts
 329                             	.LFE9:
 331                             		.section	.bss.VLine_Ref_Value_L,"aw",@nobits
 332                             		.balign 2
 335                             	_VLine_Ref_Value_L:
 336 0000 00 00                   		.zero	2
 337                             		.section	.bss.VLine_Ref_Value_H,"aw",@nobits
 338                             		.balign 2
 341                             	_VLine_Ref_Value_H:
 342 0000 00 00                   		.zero	2
 343                             		.section	.bss.VLine_Number_Of_Crossing_refl,"aw",@nobits
 344                             		.balign 2
 347                             	_VLine_Number_Of_Crossing_refl:
 348 0000 00 00                   		.zero	2
 349                             		.section	.bss.VLine_Number_Of_Crossing_refh,"aw",@nobits
 350                             		.balign 2
 353                             	_VLine_Number_Of_Crossing_refh:
 354 0000 00 00                   		.zero	2
 355                             		.section	.bss.OverVoltage,"aw",@nobits
 356                             		.balign 4
 359                             	_OverVoltage:
 360 0000 00 00 00 00             		.zero	4
 361                             		.section	.bss.UnderVoltage,"aw",@nobits
 362                             		.balign 4
 365                             	_UnderVoltage:
 366 0000 00 00 00 00             		.zero	4
 367                             		.section	.bss.VlineTH_InitalFlt,"aw",@nobits
 370                             	_VlineTH_InitalFlt:
 371 0000 00                      		.zero	1
 372                             		.section	.bss.VlineRefSetupDone,"aw",@nobits
 373                             		.balign 4
 376                             	_VlineRefSetupDone:
 377 0000 00 00 00 00             		.zero	4
 378                             		.section	.bss.VlineCntr_230,"aw",@nobits
 381                             	_VlineCntr_230:
 382 0000 00                      		.zero	1
 383                             		.section	.bss.VlineCntr_110,"aw",@nobits
 386                             	_VlineCntr_110:
 387 0000 00                      		.zero	1
 388                             		.section	.bss.VlineChkShortFilter,"aw",@nobits
 391                             	_VlineChkShortFilter:
 392 0000 00                      		.zero	1
 393                             		.section	.bss.VlineChkLongFilter,"aw",@nobits
 396                             	_VlineChkLongFilter:
 397 0000 00                      		.zero	1
 398                             		.section	.bss.Vline_awg_filter,"aw",@nobits
 401                             	_Vline_awg_filter:
 402 0000 00                      		.zero	1
 501                             	.Letext0:
 502                             		.file 2 "C:\\Workspace\\FW_Inertia\\branch_indesit\\HAL\\HAL_General/StandardTypes.h"
 503                             		.file 3 "C:\\Workspace\\FW_Inertia\\branch_indesit\\Drivers\\OCADC/OCADC_drv.h"
DEFINED SYMBOLS
                            *ABS*:00000000 LIB_GridVoltage.c
C:\Users\Andrea\AppData\Local\Temp\cc5Ped5g.s:7      .text.LIB_GV_SetVLineRef:00000000 _LIB_GV_SetVLineRef
C:\Users\Andrea\AppData\Local\Temp\cc5Ped5g.s:13     .text.LIB_GV_SetVLineRef:00000000 L0
C:\Users\Andrea\AppData\Local\Temp\cc5Ped5g.s:335    .bss.VLine_Ref_Value_L:00000000 _VLine_Ref_Value_L
C:\Users\Andrea\AppData\Local\Temp\cc5Ped5g.s:341    .bss.VLine_Ref_Value_H:00000000 _VLine_Ref_Value_H
C:\Users\Andrea\AppData\Local\Temp\cc5Ped5g.s:347    .bss.VLine_Number_Of_Crossing_refl:00000000 _VLine_Number_Of_Crossing_refl
C:\Users\Andrea\AppData\Local\Temp\cc5Ped5g.s:353    .bss.VLine_Number_Of_Crossing_refh:00000000 _VLine_Number_Of_Crossing_refh
C:\Users\Andrea\AppData\Local\Temp\cc5Ped5g.s:359    .bss.OverVoltage:00000000 _OverVoltage
C:\Users\Andrea\AppData\Local\Temp\cc5Ped5g.s:365    .bss.UnderVoltage:00000000 _UnderVoltage
C:\Users\Andrea\AppData\Local\Temp\cc5Ped5g.s:370    .bss.VlineTH_InitalFlt:00000000 _VlineTH_InitalFlt
C:\Users\Andrea\AppData\Local\Temp\cc5Ped5g.s:376    .bss.VlineRefSetupDone:00000000 _VlineRefSetupDone
C:\Users\Andrea\AppData\Local\Temp\cc5Ped5g.s:42     .text.ManageVLineRefCrossing:00000000 _ManageVLineRefCrossing
C:\Users\Andrea\AppData\Local\Temp\cc5Ped5g.s:47     .text.ManageVLineRefCrossing:00000000 L0
C:\Users\Andrea\AppData\Local\Temp\cc5Ped5g.s:123    .text.LIB_GV_ReadVLineCrossing_under_refl:00000000 _LIB_GV_ReadVLineCrossing_under_refl
C:\Users\Andrea\AppData\Local\Temp\cc5Ped5g.s:127    .text.LIB_GV_ReadVLineCrossing_under_refl:00000000 L0
C:\Users\Andrea\AppData\Local\Temp\cc5Ped5g.s:135    .text.LIB_GV_ReadVLineCrossing_over_refh:00000000 _LIB_GV_ReadVLineCrossing_over_refh
C:\Users\Andrea\AppData\Local\Temp\cc5Ped5g.s:139    .text.LIB_GV_ReadVLineCrossing_over_refh:00000000 L0
C:\Users\Andrea\AppData\Local\Temp\cc5Ped5g.s:147    .text.LIB_GV_SetVLineRefCntInitValueRefL:00000000 _LIB_GV_SetVLineRefCntInitValueRefL
C:\Users\Andrea\AppData\Local\Temp\cc5Ped5g.s:152    .text.LIB_GV_SetVLineRefCntInitValueRefL:00000000 L0
C:\Users\Andrea\AppData\Local\Temp\cc5Ped5g.s:160    .text.LIB_GV_SetVLineRefCntInitValueRefH:00000000 _LIB_GV_SetVLineRefCntInitValueRefH
C:\Users\Andrea\AppData\Local\Temp\cc5Ped5g.s:165    .text.LIB_GV_SetVLineRefCntInitValueRefH:00000000 L0
C:\Users\Andrea\AppData\Local\Temp\cc5Ped5g.s:173    .text.LIB_GV_getRMS_Vac:00000000 _LIB_GV_getRMS_Vac
C:\Users\Andrea\AppData\Local\Temp\cc5Ped5g.s:178    .text.LIB_GV_getRMS_Vac:00000000 L0
C:\Users\Andrea\AppData\Local\Temp\cc5Ped5g.s:193    .text.LIB_GV_InitNominalGridVoltageMeasure:00000000 _LIB_GV_InitNominalGridVoltageMeasure
C:\Users\Andrea\AppData\Local\Temp\cc5Ped5g.s:197    .text.LIB_GV_InitNominalGridVoltageMeasure:00000000 L0
C:\Users\Andrea\AppData\Local\Temp\cc5Ped5g.s:381    .bss.VlineCntr_230:00000000 _VlineCntr_230
C:\Users\Andrea\AppData\Local\Temp\cc5Ped5g.s:386    .bss.VlineCntr_110:00000000 _VlineCntr_110
C:\Users\Andrea\AppData\Local\Temp\cc5Ped5g.s:391    .bss.VlineChkShortFilter:00000000 _VlineChkShortFilter
C:\Users\Andrea\AppData\Local\Temp\cc5Ped5g.s:396    .bss.VlineChkLongFilter:00000000 _VlineChkLongFilter
C:\Users\Andrea\AppData\Local\Temp\cc5Ped5g.s:401    .bss.Vline_awg_filter:00000000 _Vline_awg_filter
C:\Users\Andrea\AppData\Local\Temp\cc5Ped5g.s:217    .text.LIB_GV_CheckNominalVoltage:00000000 _LIB_GV_CheckNominalVoltage
C:\Users\Andrea\AppData\Local\Temp\cc5Ped5g.s:222    .text.LIB_GV_CheckNominalVoltage:00000000 L0
C:\Users\Andrea\AppData\Local\Temp\cc5Ped5g.s:318    .text.LIB_GV_GetNominalGridVoltage:00000000 _LIB_GV_GetNominalGridVoltage
C:\Users\Andrea\AppData\Local\Temp\cc5Ped5g.s:322    .text.LIB_GV_GetNominalGridVoltage:00000000 L0
C:\Users\Andrea\AppData\Local\Temp\cc5Ped5g.s:404    .debug_frame:00000000 .Lframe0
C:\Users\Andrea\AppData\Local\Temp\cc5Ped5g.s:8      .text.LIB_GV_SetVLineRef:00000000 .LFB0
C:\Users\Andrea\AppData\Local\Temp\cc5Ped5g.s:43     .text.ManageVLineRefCrossing:00000000 .LFB1
C:\Users\Andrea\AppData\Local\Temp\cc5Ped5g.s:124    .text.LIB_GV_ReadVLineCrossing_under_refl:00000000 .LFB2
C:\Users\Andrea\AppData\Local\Temp\cc5Ped5g.s:136    .text.LIB_GV_ReadVLineCrossing_over_refh:00000000 .LFB3
C:\Users\Andrea\AppData\Local\Temp\cc5Ped5g.s:148    .text.LIB_GV_SetVLineRefCntInitValueRefL:00000000 .LFB4
C:\Users\Andrea\AppData\Local\Temp\cc5Ped5g.s:161    .text.LIB_GV_SetVLineRefCntInitValueRefH:00000000 .LFB5
C:\Users\Andrea\AppData\Local\Temp\cc5Ped5g.s:174    .text.LIB_GV_getRMS_Vac:00000000 .LFB6
C:\Users\Andrea\AppData\Local\Temp\cc5Ped5g.s:194    .text.LIB_GV_InitNominalGridVoltageMeasure:00000000 .LFB7
C:\Users\Andrea\AppData\Local\Temp\cc5Ped5g.s:218    .text.LIB_GV_CheckNominalVoltage:00000000 .LFB8
C:\Users\Andrea\AppData\Local\Temp\cc5Ped5g.s:319    .text.LIB_GV_GetNominalGridVoltage:00000000 .LFB9
C:\Users\Andrea\AppData\Local\Temp\cc5Ped5g.s:897    .debug_abbrev:00000000 .Ldebug_abbrev0
C:\Users\Andrea\AppData\Local\Temp\cc5Ped5g.s:1394   .debug_str:00000174 .LASF47
C:\Users\Andrea\AppData\Local\Temp\cc5Ped5g.s:1378   .debug_str:0000008b .LASF48
C:\Users\Andrea\AppData\Local\Temp\cc5Ped5g.s:1330   .debug_ranges:00000000 .Ldebug_ranges0
C:\Users\Andrea\AppData\Local\Temp\cc5Ped5g.s:1354   .debug_line:00000000 .Ldebug_line0
C:\Users\Andrea\AppData\Local\Temp\cc5Ped5g.s:1420   .debug_str:0000025c .LASF0
C:\Users\Andrea\AppData\Local\Temp\cc5Ped5g.s:1364   .debug_str:0000002f .LASF2
C:\Users\Andrea\AppData\Local\Temp\cc5Ped5g.s:1436   .debug_str:000002ed .LASF1
C:\Users\Andrea\AppData\Local\Temp\cc5Ped5g.s:1388   .debug_str:0000013d .LASF3
C:\Users\Andrea\AppData\Local\Temp\cc5Ped5g.s:1444   .debug_str:00000344 .LASF4
C:\Users\Andrea\AppData\Local\Temp\cc5Ped5g.s:1386   .debug_str:0000012b .LASF5
C:\Users\Andrea\AppData\Local\Temp\cc5Ped5g.s:1446   .debug_str:0000034d .LASF6
C:\Users\Andrea\AppData\Local\Temp\cc5Ped5g.s:1454   .debug_str:00000397 .LASF7
C:\Users\Andrea\AppData\Local\Temp\cc5Ped5g.s:1356   .debug_str:00000000 .LASF8
C:\Users\Andrea\AppData\Local\Temp\cc5Ped5g.s:1418   .debug_str:00000254 .LASF9
C:\Users\Andrea\AppData\Local\Temp\cc5Ped5g.s:1396   .debug_str:0000019a .LASF10
C:\Users\Andrea\AppData\Local\Temp\cc5Ped5g.s:1450   .debug_str:00000379 .LASF11
C:\Users\Andrea\AppData\Local\Temp\cc5Ped5g.s:1370   .debug_str:00000049 .LASF12
C:\Users\Andrea\AppData\Local\Temp\cc5Ped5g.s:1412   .debug_str:0000022f .LASF13
C:\Users\Andrea\AppData\Local\Temp\cc5Ped5g.s:1422   .debug_str:00000264 .LASF14
C:\Users\Andrea\AppData\Local\Temp\cc5Ped5g.s:1416   .debug_str:0000024f .LASF15
C:\Users\Andrea\AppData\Local\Temp\cc5Ped5g.s:1384   .debug_str:0000011d .LASF16
C:\Users\Andrea\AppData\Local\Temp\cc5Ped5g.s:1376   .debug_str:00000078 .LASF19
C:\Users\Andrea\AppData\Local\Temp\cc5Ped5g.s:37     .text.LIB_GV_SetVLineRef:00000047 .LFE0
C:\Users\Andrea\AppData\Local\Temp\cc5Ped5g.s:1372   .debug_str:00000050 .LASF17
C:\Users\Andrea\AppData\Local\Temp\cc5Ped5g.s:1366   .debug_str:00000039 .LASF18
C:\Users\Andrea\AppData\Local\Temp\cc5Ped5g.s:1428   .debug_str:0000028d .LASF20
C:\Users\Andrea\AppData\Local\Temp\cc5Ped5g.s:118    .text.ManageVLineRefCrossing:0000008a .LFE1
C:\Users\Andrea\AppData\Local\Temp\cc5Ped5g.s:1442   .debug_str:00000337 .LASF21
C:\Users\Andrea\AppData\Local\Temp\cc5Ped5g.s:1195   .debug_loc:00000000 .LLST0
C:\Users\Andrea\AppData\Local\Temp\cc5Ped5g.s:1430   .debug_str:000002a4 .LASF22
C:\Users\Andrea\AppData\Local\Temp\cc5Ped5g.s:130    .text.LIB_GV_ReadVLineCrossing_under_refl:00000009 .LFE2
C:\Users\Andrea\AppData\Local\Temp\cc5Ped5g.s:1374   .debug_str:00000055 .LASF23
C:\Users\Andrea\AppData\Local\Temp\cc5Ped5g.s:142    .text.LIB_GV_ReadVLineCrossing_over_refh:00000009 .LFE3
C:\Users\Andrea\AppData\Local\Temp\cc5Ped5g.s:1448   .debug_str:00000356 .LASF24
C:\Users\Andrea\AppData\Local\Temp\cc5Ped5g.s:155    .text.LIB_GV_SetVLineRefCntInitValueRefL:00000009 .LFE4
C:\Users\Andrea\AppData\Local\Temp\cc5Ped5g.s:1368   .debug_str:0000003e .LASF25
C:\Users\Andrea\AppData\Local\Temp\cc5Ped5g.s:1440   .debug_str:00000314 .LASF26
C:\Users\Andrea\AppData\Local\Temp\cc5Ped5g.s:168    .text.LIB_GV_SetVLineRefCntInitValueRefH:00000009 .LFE5
C:\Users\Andrea\AppData\Local\Temp\cc5Ped5g.s:1402   .debug_str:000001d3 .LASF30
C:\Users\Andrea\AppData\Local\Temp\cc5Ped5g.s:188    .text.LIB_GV_getRMS_Vac:00000012 .LFE6
C:\Users\Andrea\AppData\Local\Temp\cc5Ped5g.s:1426   .debug_str:0000027e .LASF27
C:\Users\Andrea\AppData\Local\Temp\cc5Ped5g.s:1209   .debug_loc:00000021 .LLST1
C:\Users\Andrea\AppData\Local\Temp\cc5Ped5g.s:1404   .debug_str:000001e5 .LASF28
C:\Users\Andrea\AppData\Local\Temp\cc5Ped5g.s:1223   .debug_loc:00000042 .LLST2
C:\Users\Andrea\AppData\Local\Temp\cc5Ped5g.s:1432   .debug_str:000002c8 .LASF29
C:\Users\Andrea\AppData\Local\Temp\cc5Ped5g.s:1243   .debug_loc:00000069 .LLST3
C:\Users\Andrea\AppData\Local\Temp\cc5Ped5g.s:1382   .debug_str:000000f8 .LASF49
C:\Users\Andrea\AppData\Local\Temp\cc5Ped5g.s:212    .text.LIB_GV_InitNominalGridVoltageMeasure:0000002e .LFE7
C:\Users\Andrea\AppData\Local\Temp\cc5Ped5g.s:1406   .debug_str:000001f6 .LASF31
C:\Users\Andrea\AppData\Local\Temp\cc5Ped5g.s:313    .text.LIB_GV_CheckNominalVoltage:000000a0 .LFE8
C:\Users\Andrea\AppData\Local\Temp\cc5Ped5g.s:1358   .debug_str:0000000e .LASF32
C:\Users\Andrea\AppData\Local\Temp\cc5Ped5g.s:1285   .debug_loc:000000a6 .LLST4
C:\Users\Andrea\AppData\Local\Temp\cc5Ped5g.s:1400   .debug_str:000001b6 .LASF33
C:\Users\Andrea\AppData\Local\Temp\cc5Ped5g.s:329    .text.LIB_GV_GetNominalGridVoltage:00000014 .LFE9
C:\Users\Andrea\AppData\Local\Temp\cc5Ped5g.s:1380   .debug_str:000000e4 .LASF34
C:\Users\Andrea\AppData\Local\Temp\cc5Ped5g.s:1414   .debug_str:0000023c .LASF35
C:\Users\Andrea\AppData\Local\Temp\cc5Ped5g.s:1398   .debug_str:000001a8 .LASF36
C:\Users\Andrea\AppData\Local\Temp\cc5Ped5g.s:1360   .debug_str:00000014 .LASF37
C:\Users\Andrea\AppData\Local\Temp\cc5Ped5g.s:1424   .debug_str:0000026d .LASF38
C:\Users\Andrea\AppData\Local\Temp\cc5Ped5g.s:1452   .debug_str:00000385 .LASF39
C:\Users\Andrea\AppData\Local\Temp\cc5Ped5g.s:1390   .debug_str:00000150 .LASF40
C:\Users\Andrea\AppData\Local\Temp\cc5Ped5g.s:1438   .debug_str:000002f6 .LASF41
C:\Users\Andrea\AppData\Local\Temp\cc5Ped5g.s:1434   .debug_str:000002cf .LASF42
C:\Users\Andrea\AppData\Local\Temp\cc5Ped5g.s:1392   .debug_str:00000162 .LASF43
C:\Users\Andrea\AppData\Local\Temp\cc5Ped5g.s:1408   .debug_str:00000211 .LASF44
C:\Users\Andrea\AppData\Local\Temp\cc5Ped5g.s:1410   .debug_str:00000223 .LASF45
C:\Users\Andrea\AppData\Local\Temp\cc5Ped5g.s:1362   .debug_str:00000022 .LASF46
C:\Users\Andrea\AppData\Local\Temp\cc5Ped5g.s:45     .text.ManageVLineRefCrossing:00000000 .LVL1
C:\Users\Andrea\AppData\Local\Temp\cc5Ped5g.s:115    .text.ManageVLineRefCrossing:00000089 .LVL2
C:\Users\Andrea\AppData\Local\Temp\cc5Ped5g.s:176    .text.LIB_GV_getRMS_Vac:00000000 .LVL5
C:\Users\Andrea\AppData\Local\Temp\cc5Ped5g.s:179    .text.LIB_GV_getRMS_Vac:00000002 .LVL6
C:\Users\Andrea\AppData\Local\Temp\cc5Ped5g.s:220    .text.LIB_GV_CheckNominalVoltage:00000000 .LVL7
C:\Users\Andrea\AppData\Local\Temp\cc5Ped5g.s:306    .text.LIB_GV_CheckNominalVoltage:0000009c .LVL8
C:\Users\Andrea\AppData\Local\Temp\cc5Ped5g.s:505    .debug_info:00000000 .Ldebug_info0

NO UNDEFINED SYMBOLS
